LineId,Month,Date,Time,Type,Component,Content,EventId,EventTemplate,ParameterList
1,Mar,9,10:51:43,Client02,kernel,[    0.000000] Linux version 5.0.0-1032-azure (buildd@lcy01-amd64-016) (gcc version 7.4.0 (Ubuntu 7.4.0-1ubuntu1~18.04.1)) #34-Ubuntu SMP Mon Feb 10 19:37:25 UTC 2020 (Ubuntu 5.0.0-1032.34-azure 5.0.21),be94182a,[ <*>.<*>] Linux version <*>.<*>.<*>-<*>-azure (buildd@lcy01-amd64-<*>) (gcc version <*>.<*>.<*> (Ubuntu <*>.<*>.<*>-1ubuntu1~<*>.<*>.<*>)) #<*>-Ubuntu SMP Mon Feb <*> <*>:<*>:<*> UTC <*> (Ubuntu <*>.<*>.<*>-<*>.<*>-azure <*>.<*>.<*>),"['0.000000', '5', '0.0-1032', '016', '7', '4.0', '7', '4.0', '18', '04.1', '34', '10 19', '37:25', '2020', '5', '0', '0-1032.34', '5', '0.21']"
2,Mar,9,10:51:43,Client02,kernel,[    0.000000] Command line: BOOT_IMAGE=/boot/vmlinuz-5.0.0-1032-azure root=UUID=5604f71e-1e5f-443c-a99e-b82bb5c201df ro console=tty1 console=ttyS0 earlyprintk=ttyS0 rootdelay=300,114429ff,[ <*>.<*>] Command line: BOOT_IMAGE=/boot/vmlinuz-<*>.<*>.<*>-<*>-azure root=UUID=5604f71e-1e5f-443c-a99e-b82bb5c201df ro console=tty1 console=ttyS0 earlyprintk=ttyS0 rootdelay=<*>,"['0.000000', '5', '0.0-1032', '300']"
3,Mar,9,10:51:43,Client02,kernel,[    0.000000] KERNEL supported cpus:,965b1ec6,[ <*>.<*>] KERNEL supported cpus:,['0.000000']
4,Mar,9,10:51:43,Client02,kernel,[    0.000000]   Intel GenuineIntel,936b8562,[ <*>.<*>] <*> <*>,"['0.000000', 'Intel GenuineIntel']"
5,Mar,9,10:51:43,Client02,kernel,[    0.000000]   AMD AuthenticAMD,936b8562,[ <*>.<*>] <*> <*>,"['0.000000', 'AMD AuthenticAMD']"
6,Mar,9,10:51:43,Client02,kernel,[    0.000000]   Hygon HygonGenuine,936b8562,[ <*>.<*>] <*> <*>,"['0.000000', 'Hygon HygonGenuine']"
7,Mar,9,10:51:43,Client02,kernel,[    0.000000]   Centaur CentaurHauls,936b8562,[ <*>.<*>] <*> <*>,"['0.000000', 'Centaur CentaurHauls']"
8,Mar,9,10:51:43,Client02,kernel,[    0.000000] x86/fpu: Supporting XSAVE feature 0x001: 'x87 floating point registers',fde341ba,[ <*>.<*>] x86/fpu: Supporting XSAVE feature 0x001: 'x87 floating point registers',['0.000000']
9,Mar,9,10:51:43,Client02,kernel,[    0.000000] x86/fpu: Supporting XSAVE feature 0x002: 'SSE registers',a6660de3,[ <*>.<*>] x86/fpu: Supporting XSAVE feature <*> <*> <*>,"['0.000000', '0x002:', ""'SSE registers'""]"
10,Mar,9,10:51:43,Client02,kernel,[    0.000000] x86/fpu: Supporting XSAVE feature 0x004: 'AVX registers',a6660de3,[ <*>.<*>] x86/fpu: Supporting XSAVE feature <*> <*> <*>,"['0.000000', '0x004:', ""'AVX registers'""]"
11,Mar,9,10:51:43,Client02,kernel,[    0.000000] x86/fpu: Supporting XSAVE feature 0x008: 'MPX bounds registers',21239b8b,[ <*>.<*>] x86/fpu: Supporting XSAVE feature 0x008: 'MPX bounds registers',['0.000000']
12,Mar,9,10:51:43,Client02,kernel,[    0.000000] x86/fpu: Supporting XSAVE feature 0x010: 'MPX CSR',a6660de3,[ <*>.<*>] x86/fpu: Supporting XSAVE feature <*> <*> <*>,"['0.000000', '0x010:', ""'MPX CSR'""]"
13,Mar,9,10:51:43,Client02,kernel,[    0.000000] x86/fpu: Supporting XSAVE feature 0x020: 'AVX-512 opmask',a6660de3,[ <*>.<*>] x86/fpu: Supporting XSAVE feature <*> <*> <*>,"['0.000000', '0x020:', ""'AVX-512 opmask'""]"
14,Mar,9,10:51:43,Client02,kernel,[    0.000000] x86/fpu: Supporting XSAVE feature 0x040: 'AVX-512 Hi256',a6660de3,[ <*>.<*>] x86/fpu: Supporting XSAVE feature <*> <*> <*>,"['0.000000', '0x040:', ""'AVX-512 Hi256'""]"
15,Mar,9,10:51:43,Client02,kernel,[    0.000000] x86/fpu: Supporting XSAVE feature 0x080: 'AVX-512 ZMM_Hi256',a6660de3,[ <*>.<*>] x86/fpu: Supporting XSAVE feature <*> <*> <*>,"['0.000000', '0x080:', ""'AVX-512 ZMM_Hi256'""]"
16,Mar,9,10:51:43,Client02,kernel,"[    0.000000] x86/fpu: xstate_offset[2]:  576, xstate_sizes[2]:  256",94e7a6df,"[ <*>.<*>] x86/fpu: xstate_offset[<*>]: <*>, xstate_sizes[<*>]: <*>","['0.000000', '2', '576', '2', '256']"
17,Mar,9,10:51:43,Client02,kernel,"[    0.000000] x86/fpu: xstate_offset[3]:  832, xstate_sizes[3]:   64",94e7a6df,"[ <*>.<*>] x86/fpu: xstate_offset[<*>]: <*>, xstate_sizes[<*>]: <*>","['0.000000', '3', '832', '3', '64']"
18,Mar,9,10:51:43,Client02,kernel,"[    0.000000] x86/fpu: xstate_offset[4]:  896, xstate_sizes[4]:   64",94e7a6df,"[ <*>.<*>] x86/fpu: xstate_offset[<*>]: <*>, xstate_sizes[<*>]: <*>","['0.000000', '4', '896', '4', '64']"
19,Mar,9,10:51:43,Client02,kernel,"[    0.000000] x86/fpu: xstate_offset[5]:  960, xstate_sizes[5]:   64",94e7a6df,"[ <*>.<*>] x86/fpu: xstate_offset[<*>]: <*>, xstate_sizes[<*>]: <*>","['0.000000', '5', '960', '5', '64']"
20,Mar,9,10:51:43,Client02,kernel,"[    0.000000] x86/fpu: xstate_offset[6]: 1024, xstate_sizes[6]:  512",94e7a6df,"[ <*>.<*>] x86/fpu: xstate_offset[<*>]: <*>, xstate_sizes[<*>]: <*>","['0.000000', '6', '1024', '6', '512']"
21,Mar,9,10:51:43,Client02,kernel,"[    0.000000] x86/fpu: xstate_offset[7]: 1536, xstate_sizes[7]: 1024",94e7a6df,"[ <*>.<*>] x86/fpu: xstate_offset[<*>]: <*>, xstate_sizes[<*>]: <*>","['0.000000', '7', '1536', '7', '1024']"
22,Mar,9,10:51:43,Client02,kernel,"[    0.000000] x86/fpu: Enabled xstate features 0xff, context size is 2560 bytes, using 'compacted' format.",51ae9b48,"[ <*>.<*>] x86/fpu: Enabled xstate features <*> context size is <*> bytes, using <*> format.","['0.000000', '0xff,', '2560', ""'compacted'""]"
23,Mar,9,10:51:43,Client02,kernel,[    0.000000] BIOS-provided physical RAM map:,679f5927,[ <*>.<*>] BIOS-provided physical RAM map:,['0.000000']
24,Mar,9,10:51:43,Client02,kernel,[    0.000000] BIOS-e820: [mem 0x0000000000000000-0x000000000009fbff] usable,d4d60197,[ <*>.<*>] BIOS-e820: [mem <*> <*>,"['0.000000', '0x0000000000000000-0x000000000009fbff] usable']"
25,Mar,9,10:51:43,Client02,kernel,[    0.000000] BIOS-e820: [mem 0x000000000009fc00-0x000000000009ffff] reserved,d4d60197,[ <*>.<*>] BIOS-e820: [mem <*> <*>,"['0.000000', '0x000000000009fc00-0x000000000009ffff] reserved']"
26,Mar,9,10:51:43,Client02,kernel,[    0.000000] BIOS-e820: [mem 0x00000000000e0000-0x00000000000fffff] reserved,d4d60197,[ <*>.<*>] BIOS-e820: [mem <*> <*>,"['0.000000', '0x00000000000e0000-0x00000000000fffff] reserved']"
27,Mar,9,10:51:43,Client02,kernel,[    0.000000] BIOS-e820: [mem 0x0000000000100000-0x000000003ffeffff] usable,d4d60197,[ <*>.<*>] BIOS-e820: [mem <*> <*>,"['0.000000', '0x0000000000100000-0x000000003ffeffff] usable']"
28,Mar,9,10:51:43,Client02,kernel,[    0.000000] BIOS-e820: [mem 0x000000003fff0000-0x000000003fffefff] ACPI data,976560cf,[ <*>.<*>] BIOS-e820: [mem <*> ACPI <*>,"['0.000000', '0x000000003fff0000-0x000000003fffefff]', 'data']"
29,Mar,9,10:51:43,Client02,kernel,[    0.000000] BIOS-e820: [mem 0x000000003ffff000-0x000000003fffffff] ACPI NVS,976560cf,[ <*>.<*>] BIOS-e820: [mem <*> ACPI <*>,"['0.000000', '0x000000003ffff000-0x000000003fffffff]', 'NVS']"
30,Mar,9,10:51:43,Client02,kernel,[    0.000000] BIOS-e820: [mem 0x0000000100000000-0x00000002bfffffff] usable,d4d60197,[ <*>.<*>] BIOS-e820: [mem <*> <*>,"['0.000000', '0x0000000100000000-0x00000002bfffffff] usable']"
31,Mar,9,10:51:43,Client02,kernel,[    0.000000] printk: bootconsole [earlyser0] enabled,8f72dbf6,[ <*>.<*>] <*> <*> <*> enabled,"['0.000000', 'printk:', 'bootconsole [earlyser0]']"
32,Mar,9,10:51:43,Client02,kernel,[    0.000000] NX (Execute Disable) protection: active,a2cd9fdb,[ <*>.<*>] NX (Execute Disable) protection: active,['0.000000']
33,Mar,9,10:51:43,Client02,kernel,[    0.000000] SMBIOS 2.3 present.,271e8bd5,[ <*>.<*>] SMBIOS <*>.<*> present.,"['0.000000', '2.3']"
34,Mar,9,10:51:43,Client02,kernel,"[    0.000000] DMI: Microsoft Corporation Virtual Machine/Virtual Machine, BIOS 090007  06/02/2017",b20e8a2e,"[ <*>.<*>] DMI: Microsoft Corporation Virtual Machine/Virtual Machine, BIOS <*> <*>/<*>/<*>","['0.000000', '090007  06', '02/2017']"
35,Mar,9,10:51:43,Client02,kernel,[    0.000000] Hypervisor detected: Microsoft Hyper-V,91ab13e8,[ <*>.<*>] Hypervisor detected: Microsoft Hyper-V,['0.000000']
36,Mar,9,10:51:43,Client02,kernel,"[    0.000000] Hyper-V: features 0x2e7f, hints 0x44c2c",9d9bfdd0,"[ <*>.<*>] Hyper-V: features 0x2e7f, hints 0x44c2c",['0.000000']
37,Mar,9,10:51:43,Client02,kernel,[    0.000000] Hyper-V Host Build:14393-10.0-0-0.305,e41e7a65,[ <*>.<*>] Hyper-V Host Build:<*>-<*>.<*>-<*>-<*>.<*>,"['0.000000', '14393-10', '0', '0-0.305']"
38,Mar,9,10:51:43,Client02,kernel,[    0.000000] Hyper-V: LAPIC Timer Frequency: 0xc3500,14bf15a5,[ <*>.<*>] Hyper-V: LAPIC Timer Frequency: 0xc<*>,"['0.000000', '3500']"
39,Mar,9,10:51:43,Client02,kernel,[    0.000000] tsc: Marking TSC unstable due to running on Hyper-V,eaf7708b,[ <*>.<*>] tsc: Marking TSC unstable due to running on Hyper-V,['0.000000']
40,Mar,9,10:51:43,Client02,kernel,[    0.000000] Hyper-V: Using hypercall for remote TLB flush,db4f6103,[ <*>.<*>] Hyper-V: Using hypercall for remote TLB flush,['0.000000']
41,Mar,9,10:51:43,Client02,kernel,[    0.000000] tsc: Detected 2095.244 MHz processor,835ab552,[ <*>.<*>] tsc: Detected <*>.<*> MHz processor,"['0.000000', '2095.244']"
42,Mar,9,10:51:43,Client02,kernel,[    0.001345] e820: update [mem 0x00000000-0x00000fff] usable ==> reserved,7f8f754f,[ <*>.<*>] e820: update [mem <*> usable ==> reserved,"['0.001345', '0x00000000-0x00000fff]']"
43,Mar,9,10:51:43,Client02,kernel,[    0.001347] e820: remove [mem 0x000a0000-0x000fffff] usable,1f70e9aa,[ <*>.<*>] e820: remove [mem 0x000a0000-0x000fffff] usable,['0.001347']
44,Mar,9,10:51:43,Client02,kernel,[    0.001350] last_pfn = 0x2c0000 max_arch_pfn = 0x400000000,893b62e4,[ <*>.<*>] last_pfn = <*> max_arch_pfn = 0x<*>,"['0.001350', '0x2c0000', '400000000']"
45,Mar,9,10:51:43,Client02,kernel,[    0.004476] MTRR default type: uncachable,1dbe8e7a,[ <*>.<*>] MTRR <*> <*> <*>,"['0.004476', 'default', 'type: uncachable']"
46,Mar,9,10:51:43,Client02,kernel,[    0.004477] MTRR fixed ranges enabled:,1dbe8e7a,[ <*>.<*>] MTRR <*> <*> <*>,"['0.004477', 'fixed', 'ranges enabled:']"
47,Mar,9,10:51:43,Client02,kernel,[    0.004478]   00000-9FFFF write-back,936b8562,[ <*>.<*>] <*> <*>,"['0.004478', '00000-9FFFF write-back']"
48,Mar,9,10:51:43,Client02,kernel,[    0.004479]   A0000-DFFFF uncachable,936b8562,[ <*>.<*>] <*> <*>,"['0.004479', 'A0000-DFFFF uncachable']"
49,Mar,9,10:51:43,Client02,kernel,[    0.004480]   E0000-FFFFF write-back,936b8562,[ <*>.<*>] <*> <*>,"['0.004480', 'E0000-FFFFF write-back']"
50,Mar,9,10:51:43,Client02,kernel,[    0.004480] MTRR variable ranges enabled:,1dbe8e7a,[ <*>.<*>] MTRR <*> <*> <*>,"['0.004480', 'variable', 'ranges enabled:']"
51,Mar,9,10:51:43,Client02,kernel,[    0.004481]   0 base 00000000000 mask FFFC0000000 write-back,d1b7c0bc,[ <*>.<*>] <*> base <*> mask <*> write-back,"['0.004481', '0', '00000000000', 'FFFC0000000']"
52,Mar,9,10:51:43,Client02,kernel,[    0.004482]   1 base 00100000000 mask FF000000000 write-back,d1b7c0bc,[ <*>.<*>] <*> base <*> mask <*> write-back,"['0.004482', '1', '00100000000', 'FF000000000']"
53,Mar,9,10:51:43,Client02,kernel,[    0.004483]   2 disabled,936b8562,[ <*>.<*>] <*> <*>,"['0.004483', '2 disabled']"
54,Mar,9,10:51:43,Client02,kernel,[    0.004483]   3 disabled,936b8562,[ <*>.<*>] <*> <*>,"['0.004483', '3 disabled']"
55,Mar,9,10:51:43,Client02,kernel,[    0.004484]   4 disabled,936b8562,[ <*>.<*>] <*> <*>,"['0.004484', '4 disabled']"
56,Mar,9,10:51:43,Client02,kernel,[    0.004484]   5 disabled,936b8562,[ <*>.<*>] <*> <*>,"['0.004484', '5 disabled']"
57,Mar,9,10:51:43,Client02,kernel,[    0.004484]   6 disabled,936b8562,[ <*>.<*>] <*> <*>,"['0.004484', '6 disabled']"
58,Mar,9,10:51:43,Client02,kernel,[    0.004485]   7 disabled,936b8562,[ <*>.<*>] <*> <*>,"['0.004485', '7 disabled']"
59,Mar,9,10:51:43,Client02,kernel,[    0.004498] x86/PAT: Configuration [0-7]: WB  WC  UC- UC  WB  WP  UC- WT,5414a551,[ <*>.<*>] x86/PAT: Configuration [<*>-<*>]: WB WC UC- UC WB WP UC- WT,"['0.004498', '0-7']"
60,Mar,9,10:51:43,Client02,kernel,[    0.008613] e820: update [mem 0x40000000-0xffffffff] usable ==> reserved,7f8f754f,[ <*>.<*>] e820: update [mem <*> usable ==> reserved,"['0.008613', '0x40000000-0xffffffff]']"
61,Mar,9,10:51:43,Client02,kernel,[    0.010380] last_pfn = 0x3fff0 max_arch_pfn = 0x400000000,893b62e4,[ <*>.<*>] last_pfn = <*> max_arch_pfn = 0x<*>,"['0.010380', '0x3fff0', '400000000']"
62,Mar,9,10:51:43,Client02,kernel,[    0.022552] found SMP MP-table at [mem 0x000ff780-0x000ff78f],849f346f,[ <*>.<*>] found SMP MP-table at [mem 0x000ff780-0x000ff78f],['0.022552']
63,Mar,9,10:51:43,Client02,kernel,[    0.026545] check: Scanning 1 areas for low memory corruption,5b3d4674,[ <*>.<*>] check: Scanning <*> areas for low memory corruption,"['0.026545', '1']"
64,Mar,9,10:51:43,Client02,kernel,[    0.031241] Using GB pages for direct mapping,f6c22858,[ <*>.<*>] Using GB pages for direct mapping,['0.031241']
65,Mar,9,10:51:43,Client02,kernel,"[    0.034290] BRK [0x141c02000, 0x141c02fff] PGTABLE",bd206d38,[ <*>.<*>] BRK <*> <*> PGTABLE,"['0.034290', '[0x141c02000, 0x141c02fff]']"
66,Mar,9,10:51:43,Client02,kernel,"[    0.034293] BRK [0x141c03000, 0x141c03fff] PGTABLE",bd206d38,[ <*>.<*>] BRK <*> <*> PGTABLE,"['0.034293', '[0x141c03000, 0x141c03fff]']"
67,Mar,9,10:51:43,Client02,kernel,"[    0.034294] BRK [0x141c04000, 0x141c04fff] PGTABLE",bd206d38,[ <*>.<*>] BRK <*> <*> PGTABLE,"['0.034294', '[0x141c04000, 0x141c04fff]']"
68,Mar,9,10:51:43,Client02,kernel,"[    0.034326] BRK [0x141c05000, 0x141c05fff] PGTABLE",bd206d38,[ <*>.<*>] BRK <*> <*> PGTABLE,"['0.034326', '[0x141c05000, 0x141c05fff]']"
69,Mar,9,10:51:43,Client02,kernel,"[    0.034406] BRK [0x141c06000, 0x141c06fff] PGTABLE",bd206d38,[ <*>.<*>] BRK <*> <*> PGTABLE,"['0.034406', '[0x141c06000, 0x141c06fff]']"
70,Mar,9,10:51:43,Client02,kernel,[    0.034444] RAMDISK: [mem 0x3598f000-0x36cbefff],1c598435,[ <*>.<*>] <*> [mem <*>,"['0.034444', 'RAMDISK:', '0x3598f000-0x36cbefff]']"
71,Mar,9,10:51:43,Client02,kernel,[    0.037726] ACPI: Early table checksum verification disabled,5e4615b4,[ <*>.<*>] ACPI: Early table checksum verification disabled,['0.037726']
72,Mar,9,10:51:43,Client02,kernel,[    0.041670] ACPI: RSDP 0x00000000000F5BF0 000014 (v00 ACPIAM),ef90a7c4,[ <*>.<*>] ACPI: RSDP 0x00000000000F5BF0 <*> (v00 ACPIAM),"['0.041670', '000014']"
73,Mar,9,10:51:43,Client02,kernel,[    0.045581] ACPI: RSDT 0x000000003FFF0000 000040 (v01 VRTUAL MICROSFT 06001702 MSFT 00000097),99b568dc,[ <*>.<*>] ACPI: <*> <*> <*> <*> VRTUAL MICROSFT <*> MSFT <*>),"['0.045581', 'RSDT', '0x000000003FFF0000 000040 (v01', '06001702', '00000097']"
74,Mar,9,10:51:43,Client02,kernel,[    0.051147] ACPI: FACP 0x000000003FFF0200 000081 (v02 VRTUAL MICROSFT 06001702 MSFT 00000097),99b568dc,[ <*>.<*>] ACPI: <*> <*> <*> <*> VRTUAL MICROSFT <*> MSFT <*>),"['0.051147', 'FACP', '0x000000003FFF0200 000081 (v02', '06001702', '00000097']"
75,Mar,9,10:51:43,Client02,kernel,[    0.056805] ACPI: DSDT 0x000000003FFF1D24 003CBE (v01 MSFTVM MSFTVM02 00000002 INTL 02002026),55f70f8e,[ <*>.<*>] ACPI: DSDT 0x000000003FFF1D24 003CBE (v01 MSFTVM MSFTVM02 <*> INTL <*>),"['0.056805', '00000002', '02002026']"
76,Mar,9,10:51:43,Client02,kernel,[    0.062434] ACPI: FACS 0x000000003FFFF000 000040,384a7d61,[ <*>.<*>] ACPI: <*> <*> <*>,"['0.062434', 'FACS', '0x000000003FFFF000 000040']"
77,Mar,9,10:51:43,Client02,kernel,[    0.065473] ACPI: WAET 0x000000003FFF1A80 000028 (v01 VRTUAL MICROSFT 06001702 MSFT 00000097),99b568dc,[ <*>.<*>] ACPI: <*> <*> <*> <*> VRTUAL MICROSFT <*> MSFT <*>),"['0.065473', 'WAET', '0x000000003FFF1A80 000028 (v01', '06001702', '00000097']"
78,Mar,9,10:51:43,Client02,kernel,[    0.071056] ACPI: SLIC 0x000000003FFF1AC0 000176 (v01 VRTUAL MICROSFT 06001702 MSFT 00000097),99b568dc,[ <*>.<*>] ACPI: <*> <*> <*> <*> VRTUAL MICROSFT <*> MSFT <*>),"['0.071056', 'SLIC', '0x000000003FFF1AC0 000176 (v01', '06001702', '00000097']"
79,Mar,9,10:51:43,Client02,kernel,[    0.076865] ACPI: OEM0 0x000000003FFF1CC0 000064 (v01 VRTUAL MICROSFT 06001702 MSFT 00000097),99b568dc,[ <*>.<*>] ACPI: <*> <*> <*> <*> VRTUAL MICROSFT <*> MSFT <*>),"['0.076865', 'OEM0', '0x000000003FFF1CC0 000064 (v01', '06001702', '00000097']"
80,Mar,9,10:51:43,Client02,kernel,[    0.082160] ACPI: SRAT 0x000000003FFF0800 000140 (v02 VRTUAL MICROSFT 00000001 MSFT 00000001),99b568dc,[ <*>.<*>] ACPI: <*> <*> <*> <*> VRTUAL MICROSFT <*> MSFT <*>),"['0.082160', 'SRAT', '0x000000003FFF0800 000140 (v02', '00000001', '00000001']"
81,Mar,9,10:51:43,Client02,kernel,[    0.087826] ACPI: APIC 0x000000003FFF0300 000452 (v01 VRTUAL MICROSFT 06001702 MSFT 00000097),99b568dc,[ <*>.<*>] ACPI: <*> <*> <*> <*> VRTUAL MICROSFT <*> MSFT <*>),"['0.087826', 'APIC', '0x000000003FFF0300 000452 (v01', '06001702', '00000097']"
82,Mar,9,10:51:43,Client02,kernel,[    0.093458] ACPI: OEMB 0x000000003FFFF040 000064 (v01 VRTUAL MICROSFT 06001702 MSFT 00000097),99b568dc,[ <*>.<*>] ACPI: <*> <*> <*> <*> VRTUAL MICROSFT <*> MSFT <*>),"['0.093458', 'OEMB', '0x000000003FFFF040 000064 (v01', '06001702', '00000097']"
83,Mar,9,10:51:43,Client02,kernel,[    0.098812] ACPI: Local APIC address 0xfee00000,33c2304b,[ <*>.<*>] ACPI: Local APIC address 0xfee<*>,"['0.098812', '00000']"
84,Mar,9,10:51:43,Client02,kernel,[    0.098858] SRAT: PXM 0 -> APIC 0x00 -> Node 0,3a0052b7,[ <*>.<*>] SRAT: PXM <*> -> APIC <*> -> Node <*>,"['0.098858', '0 ->', '0x00 ->', '0']"
85,Mar,9,10:51:43,Client02,kernel,[    0.101731] SRAT: PXM 0 -> APIC 0x01 -> Node 0,3a0052b7,[ <*>.<*>] SRAT: PXM <*> -> APIC <*> -> Node <*>,"['0.101731', '0 ->', '0x01 ->', '0']"
86,Mar,9,10:51:43,Client02,kernel,[    0.104659] ACPI: SRAT: Node 0 PXM 0 [mem 0x00000000-0x3fffffff] hotplug,59806dab,[ <*>.<*>] ACPI: SRAT: Node <*> PXM <*> [mem <*> hotplug,"['0.104659', '0', '0', '0x00000000-0x3fffffff]']"
87,Mar,9,10:51:43,Client02,kernel,[    0.110373] ACPI: SRAT: Node 0 PXM 0 [mem 0x100000000-0x2bfffffff] hotplug,59806dab,[ <*>.<*>] ACPI: SRAT: Node <*> PXM <*> [mem <*> hotplug,"['0.110373', '0', '0', '0x100000000-0x2bfffffff]']"
88,Mar,9,10:51:43,Client02,kernel,[    0.114849] ACPI: SRAT: Node 0 PXM 0 [mem 0x2c0200000-0xfdfffffff] hotplug,59806dab,[ <*>.<*>] ACPI: SRAT: Node <*> PXM <*> [mem <*> hotplug,"['0.114849', '0', '0', '0x2c0200000-0xfdfffffff]']"
89,Mar,9,10:51:43,Client02,kernel,[    0.119326] ACPI: SRAT: Node 0 PXM 0 [mem 0x1000000000-0xffffffffff] hotplug,59806dab,[ <*>.<*>] ACPI: SRAT: Node <*> PXM <*> [mem <*> hotplug,"['0.119326', '0', '0', '0x1000000000-0xffffffffff]']"
90,Mar,9,10:51:43,Client02,kernel,[    0.124116] ACPI: SRAT: Node 0 PXM 0 [mem 0x10000200000-0x1ffffffffff] hotplug,59806dab,[ <*>.<*>] ACPI: SRAT: Node <*> PXM <*> [mem <*> hotplug,"['0.124116', '0', '0', '0x10000200000-0x1ffffffffff]']"
91,Mar,9,10:51:43,Client02,kernel,[    0.128838] ACPI: SRAT: Node 0 PXM 0 [mem 0x20000200000-0x3ffffffffff] hotplug,59806dab,[ <*>.<*>] ACPI: SRAT: Node <*> PXM <*> [mem <*> hotplug,"['0.128838', '0', '0', '0x20000200000-0x3ffffffffff]']"
92,Mar,9,10:51:43,Client02,kernel,[    0.133311] NUMA: Node 0 [mem 0x00000000-0x3fffffff] + [mem 0x100000000-0x2bfffffff] -> [mem 0x00000000-0x2bfffffff],2149b3b0,[ <*>.<*>] NUMA: Node <*> [mem 0x00000000-0x3fffffff] + [mem 0x100000000-0x2bfffffff] -> [mem 0x00000000-0x2bfffffff],"['0.133311', '0']"
93,Mar,9,10:51:43,Client02,kernel,[    0.140125] NODE_DATA(0) allocated [mem 0x2bffd5000-0x2bfffffff],b6667f9b,[ <*>.<*>] <*> <*> [mem <*>,"['0.140125', 'NODE_DATA(0) allocated', '0x2bffd5000-0x2bfffffff]']"
94,Mar,9,10:51:43,Client02,kernel,[    0.144087] Zone ranges:,936b8562,[ <*>.<*>] <*> <*>,"['0.144087', 'Zone ranges:']"
95,Mar,9,10:51:43,Client02,kernel,[    0.145705]   DMA      [mem 0x0000000000001000-0x0000000000ffffff],1c598435,[ <*>.<*>] <*> [mem <*>,"['0.145705', 'DMA', '0x0000000000001000-0x0000000000ffffff]']"
96,Mar,9,10:51:43,Client02,kernel,[    0.149602]   DMA32    [mem 0x0000000001000000-0x00000000ffffffff],1c598435,[ <*>.<*>] <*> [mem <*>,"['0.149602', 'DMA32', '0x0000000001000000-0x00000000ffffffff]']"
97,Mar,9,10:51:43,Client02,kernel,[    0.153576]   Normal   [mem 0x0000000100000000-0x00000002bfffffff],1c598435,[ <*>.<*>] <*> [mem <*>,"['0.153576', 'Normal', '0x0000000100000000-0x00000002bfffffff]']"
98,Mar,9,10:51:43,Client02,kernel,[    0.157524]   Device   empty,936b8562,[ <*>.<*>] <*> <*>,"['0.157524', 'Device   empty']"
99,Mar,9,10:51:43,Client02,kernel,[    0.159953] Movable zone start for each node,64c52242,[ <*>.<*>] Movable zone start for each node,['0.159953']
100,Mar,9,10:51:43,Client02,kernel,[    0.164522] Early memory node ranges,a091d2c8,[ <*>.<*>] Early memory node ranges,['0.164522']
101,Mar,9,10:51:43,Client02,kernel,[    0.169245]   node   0: [mem 0x0000000000001000-0x000000000009efff],b6667f9b,[ <*>.<*>] <*> <*> [mem <*>,"['0.169245', 'node   0:', '0x0000000000001000-0x000000000009efff]']"
102,Mar,9,10:51:43,Client02,kernel,[    0.173294]   node   0: [mem 0x0000000000100000-0x000000003ffeffff],b6667f9b,[ <*>.<*>] <*> <*> [mem <*>,"['0.173294', 'node   0:', '0x0000000000100000-0x000000003ffeffff]']"
103,Mar,9,10:51:43,Client02,kernel,[    0.177789]   node   0: [mem 0x0000000100000000-0x00000002bfffffff],b6667f9b,[ <*>.<*>] <*> <*> [mem <*>,"['0.177789', 'node   0:', '0x0000000100000000-0x00000002bfffffff]']"
104,Mar,9,10:51:43,Client02,kernel,[    0.181923] Zeroed struct page in unavailable ranges: 114 pages,466785ab,[ <*>.<*>] Zeroed struct page in unavailable ranges: <*> pages,"['0.181923', '114']"
105,Mar,9,10:51:43,Client02,kernel,[    0.181925] Initmem setup node 0 [mem 0x0000000000001000-0x00000002bfffffff],9b9613f5,[ <*>.<*>] Initmem setup node <*> [mem 0x0000000000001000-0x00000002bfffffff],"['0.181925', '0']"
106,Mar,9,10:51:43,Client02,kernel,[    0.190069] On node 0 totalpages: 2097038,6d7e682c,[ <*>.<*>] On node <*> totalpages: <*>,"['0.190069', '0', '2097038']"
107,Mar,9,10:51:43,Client02,kernel,[    0.190070]   DMA zone: 64 pages used for memmap,8f605fdb,[ <*>.<*>] <*> zone: <*> pages used for memmap,"['0.190070', 'DMA', '64']"
108,Mar,9,10:51:43,Client02,kernel,[    0.190071]   DMA zone: 21 pages reserved,4f135b04,[ <*>.<*>] DMA zone: <*> pages reserved,"['0.190071', '21']"
109,Mar,9,10:51:43,Client02,kernel,"[    0.190072]   DMA zone: 3998 pages, LIFO batch:0",c61c09e1,"[ <*>.<*>] <*> zone: <*> pages, LIFO batch:<*>","['0.190072', 'DMA', '3998', '0']"
110,Mar,9,10:51:43,Client02,kernel,[    0.190171]   DMA32 zone: 4032 pages used for memmap,8f605fdb,[ <*>.<*>] <*> zone: <*> pages used for memmap,"['0.190171', 'DMA32', '4032']"
111,Mar,9,10:51:43,Client02,kernel,"[    0.190171]   DMA32 zone: 258032 pages, LIFO batch:63",c61c09e1,"[ <*>.<*>] <*> zone: <*> pages, LIFO batch:<*>","['0.190171', 'DMA32', '258032', '63']"
112,Mar,9,10:51:43,Client02,kernel,[    0.198010]   Normal zone: 28672 pages used for memmap,8f605fdb,[ <*>.<*>] <*> zone: <*> pages used for memmap,"['0.198010', 'Normal', '28672']"
113,Mar,9,10:51:43,Client02,kernel,"[    0.198011]   Normal zone: 1835008 pages, LIFO batch:63",c61c09e1,"[ <*>.<*>] <*> zone: <*> pages, LIFO batch:<*>","['0.198011', 'Normal', '1835008', '63']"
114,Mar,9,10:51:43,Client02,kernel,[    0.243570] ACPI: PM-Timer IO Port: 0x408,b78b9daf,[ <*>.<*>] ACPI: PM-Timer IO Port: 0x<*>,"['0.243570', '408']"
115,Mar,9,10:51:43,Client02,kernel,[    0.246363] ACPI: Local APIC address 0xfee00000,33c2304b,[ <*>.<*>] ACPI: Local APIC address 0xfee<*>,"['0.246363', '00000']"
116,Mar,9,10:51:43,Client02,kernel,[    0.246377] ACPI: LAPIC_NMI (acpi_id[0xff] dfl dfl lint[0x1]),dd7dce95,[ <*>.<*>] ACPI: LAPIC_NMI (acpi_id[0xff] dfl dfl lint[0x1]),['0.246377']
117,Mar,9,10:51:43,Client02,kernel,"[    0.251167] IOAPIC[0]: apic_id 0, version 17, address 0xfec00000, GSI 0-23",a7e15138,"[ <*>.<*>] IOAPIC[<*>]: apic_id <*>, version <*>, address 0xfec00000, GSI <*>-<*>","['0.251167', '0', '0', '17', '0-23']"
118,Mar,9,10:51:43,Client02,kernel,[    0.255801] ACPI: INT_SRC_OVR (bus 0 bus_irq 0 global_irq 2 dfl dfl),14e2150c,[ <*>.<*>] ACPI: INT_SRC_OVR (bus <*> bus_irq <*> global_irq <*> <*> <*>,"['0.255801', '0', '0', '2', 'dfl dfl)']"
119,Mar,9,10:51:43,Client02,kernel,[    0.259909] ACPI: INT_SRC_OVR (bus 0 bus_irq 9 global_irq 9 high level),14e2150c,[ <*>.<*>] ACPI: INT_SRC_OVR (bus <*> bus_irq <*> global_irq <*> <*> <*>,"['0.259909', '0', '9', '9', 'high level)']"
120,Mar,9,10:51:43,Client02,kernel,[    0.264789] ACPI: IRQ0 used by override.,908df579,[ <*>.<*>] ACPI: <*> used by override.,"['0.264789', 'IRQ0']"
121,Mar,9,10:51:43,Client02,kernel,[    0.264790] ACPI: IRQ9 used by override.,908df579,[ <*>.<*>] ACPI: <*> used by override.,"['0.264790', 'IRQ9']"
122,Mar,9,10:51:43,Client02,kernel,[    0.264793] Using ACPI (MADT) for SMP configuration information,2d06faa7,[ <*>.<*>] Using ACPI (MADT) for SMP configuration information,['0.264793']
123,Mar,9,10:51:43,Client02,kernel,"[    0.270783] smpboot: Allowing 128 CPUs, 126 hotplug CPUs",9b8c143d,"[ <*>.<*>] smpboot: Allowing <*> CPUs, <*> hotplug CPUs","['0.270783', '128', '126']"
124,Mar,9,10:51:43,Client02,kernel,[    0.274167] PM: Registered nosave memory: [mem 0x00000000-0x00000fff],adb3b7e0,[ <*>.<*>] PM: Registered nosave memory: [mem <*>,"['0.274167', '0x00000000-0x00000fff]']"
125,Mar,9,10:51:43,Client02,kernel,[    0.278427] PM: Registered nosave memory: [mem 0x0009f000-0x0009ffff],adb3b7e0,[ <*>.<*>] PM: Registered nosave memory: [mem <*>,"['0.278427', '0x0009f000-0x0009ffff]']"
126,Mar,9,10:51:43,Client02,kernel,[    0.282546] PM: Registered nosave memory: [mem 0x000a0000-0x000dffff],adb3b7e0,[ <*>.<*>] PM: Registered nosave memory: [mem <*>,"['0.282546', '0x000a0000-0x000dffff]']"
127,Mar,9,10:51:43,Client02,kernel,[    0.286740] PM: Registered nosave memory: [mem 0x000e0000-0x000fffff],adb3b7e0,[ <*>.<*>] PM: Registered nosave memory: [mem <*>,"['0.286740', '0x000e0000-0x000fffff]']"
128,Mar,9,10:51:43,Client02,kernel,[    0.290884] PM: Registered nosave memory: [mem 0x3fff0000-0x3fffefff],adb3b7e0,[ <*>.<*>] PM: Registered nosave memory: [mem <*>,"['0.290884', '0x3fff0000-0x3fffefff]']"
129,Mar,9,10:51:43,Client02,kernel,[    0.295146] PM: Registered nosave memory: [mem 0x3ffff000-0x3fffffff],adb3b7e0,[ <*>.<*>] PM: Registered nosave memory: [mem <*>,"['0.295146', '0x3ffff000-0x3fffffff]']"
130,Mar,9,10:51:43,Client02,kernel,[    0.299459] PM: Registered nosave memory: [mem 0x40000000-0xffffffff],adb3b7e0,[ <*>.<*>] PM: Registered nosave memory: [mem <*>,"['0.299459', '0x40000000-0xffffffff]']"
131,Mar,9,10:51:43,Client02,kernel,[    0.303889] [mem 0x40000000-0xffffffff] available for PCI devices,3f07a14b,[ <*>.<*>] [mem 0x40000000-0xffffffff] available for PCI devices,['0.303889']
132,Mar,9,10:51:43,Client02,kernel,[    0.307611] Booting paravirtualized kernel on bare hardware,8d50c11c,[ <*>.<*>] Booting paravirtualized kernel on bare hardware,['0.307611']
133,Mar,9,10:51:43,Client02,kernel,"[    0.311308] clocksource: refined-jiffies: mask: 0xffffffff max_cycles: 0xffffffff, max_idle_ns: 7645519600211568 ns",86aa80c1,[ <*>.<*>] clocksource: <*> mask: <*> max_cycles: <*> max_idle_ns: <*> ns,"['0.311308', 'refined-jiffies:', '0xffffffff', '0xffffffff,', '7645519600211568']"
134,Mar,9,10:51:43,Client02,kernel,[    0.317969] random: get_random_bytes called from start_kernel+0x93/0x503 with crng_init=0,443bf847,[ <*>.<*>] random: get_random_bytes called from start_kernel+0x93/0x503 with crng_init=<*>,"['0.317969', '0']"
135,Mar,9,10:51:43,Client02,kernel,[    0.323310] setup_percpu: NR_CPUS:8192 nr_cpumask_bits:128 nr_cpu_ids:128 nr_node_ids:1,179bb8e8,[ <*>.<*>] setup_percpu: NR_CPUS:<*> nr_cpumask_bits:<*> nr_cpu_ids:<*> nr_node_ids:<*>,"['0.323310', '8192', '128', '128', '1']"
136,Mar,9,10:51:43,Client02,kernel,[    0.335830] percpu: Embedded 45 pages/cpu s147456 r8192 d28672 u262144,e239aa8c,[ <*>.<*>] percpu: Embedded <*> pages/cpu s147456 r8192 d28672 u<*>,"['0.335830', '45', '262144']"
137,Mar,9,10:51:43,Client02,kernel,[    0.340876] pcpu-alloc: s147456 r8192 d28672 u262144 alloc=1*2097152,9389e3c2,[ <*>.<*>] pcpu-alloc: s147456 r8192 d28672 u262144 alloc=<*>*<*>,"['0.340876', '1*2097152']"
138,Mar,9,10:51:43,Client02,kernel,[    0.340877] pcpu-alloc: [0] 000 001 002 003 004 005 006 007,30022ec8,[ <*>.<*>] pcpu-alloc: [<*>] <*> <*> <*> <*> <*> <*> <*> <*>,"['0.340877', '0', '000', '001', '002', '003 004 005 006 007']"
139,Mar,9,10:51:43,Client02,kernel,[    0.340879] pcpu-alloc: [0] 008 009 010 011 012 013 014 015,30022ec8,[ <*>.<*>] pcpu-alloc: [<*>] <*> <*> <*> <*> <*> <*> <*> <*>,"['0.340879', '0', '008', '009', '010', '011 012 013 014 015']"
140,Mar,9,10:51:43,Client02,kernel,[    0.340881] pcpu-alloc: [0] 016 017 018 019 020 021 022 023,30022ec8,[ <*>.<*>] pcpu-alloc: [<*>] <*> <*> <*> <*> <*> <*> <*> <*>,"['0.340881', '0', '016', '017', '018', '019 020 021 022 023']"
141,Mar,9,10:51:43,Client02,kernel,[    0.340883] pcpu-alloc: [0] 024 025 026 027 028 029 030 031,30022ec8,[ <*>.<*>] pcpu-alloc: [<*>] <*> <*> <*> <*> <*> <*> <*> <*>,"['0.340883', '0', '024', '025', '026', '027 028 029 030 031']"
142,Mar,9,10:51:43,Client02,kernel,[    0.340885] pcpu-alloc: [0] 032 033 034 035 036 037 038 039,30022ec8,[ <*>.<*>] pcpu-alloc: [<*>] <*> <*> <*> <*> <*> <*> <*> <*>,"['0.340885', '0', '032', '033', '034', '035 036 037 038 039']"
143,Mar,9,10:51:43,Client02,kernel,[    0.340887] pcpu-alloc: [0] 040 041 042 043 044 045 046 047,30022ec8,[ <*>.<*>] pcpu-alloc: [<*>] <*> <*> <*> <*> <*> <*> <*> <*>,"['0.340887', '0', '040', '041', '042', '043 044 045 046 047']"
144,Mar,9,10:51:43,Client02,kernel,[    0.340889] pcpu-alloc: [0] 048 049 050 051 052 053 054 055,30022ec8,[ <*>.<*>] pcpu-alloc: [<*>] <*> <*> <*> <*> <*> <*> <*> <*>,"['0.340889', '0', '048', '049', '050', '051 052 053 054 055']"
145,Mar,9,10:51:43,Client02,kernel,[    0.340890] pcpu-alloc: [0] 056 057 058 059 060 061 062 063,30022ec8,[ <*>.<*>] pcpu-alloc: [<*>] <*> <*> <*> <*> <*> <*> <*> <*>,"['0.340890', '0', '056', '057', '058', '059 060 061 062 063']"
146,Mar,9,10:51:43,Client02,kernel,[    0.340892] pcpu-alloc: [0] 064 065 066 067 068 069 070 071,30022ec8,[ <*>.<*>] pcpu-alloc: [<*>] <*> <*> <*> <*> <*> <*> <*> <*>,"['0.340892', '0', '064', '065', '066', '067 068 069 070 071']"
147,Mar,9,10:51:43,Client02,kernel,[    0.340894] pcpu-alloc: [0] 072 073 074 075 076 077 078 079,30022ec8,[ <*>.<*>] pcpu-alloc: [<*>] <*> <*> <*> <*> <*> <*> <*> <*>,"['0.340894', '0', '072', '073', '074', '075 076 077 078 079']"
148,Mar,9,10:51:43,Client02,kernel,[    0.340896] pcpu-alloc: [0] 080 081 082 083 084 085 086 087,30022ec8,[ <*>.<*>] pcpu-alloc: [<*>] <*> <*> <*> <*> <*> <*> <*> <*>,"['0.340896', '0', '080', '081', '082', '083 084 085 086 087']"
149,Mar,9,10:51:43,Client02,kernel,[    0.340898] pcpu-alloc: [0] 088 089 090 091 092 093 094 095,30022ec8,[ <*>.<*>] pcpu-alloc: [<*>] <*> <*> <*> <*> <*> <*> <*> <*>,"['0.340898', '0', '088', '089', '090', '091 092 093 094 095']"
150,Mar,9,10:51:43,Client02,kernel,[    0.340899] pcpu-alloc: [0] 096 097 098 099 100 101 102 103,30022ec8,[ <*>.<*>] pcpu-alloc: [<*>] <*> <*> <*> <*> <*> <*> <*> <*>,"['0.340899', '0', '096', '097', '098', '099 100 101 102 103']"
151,Mar,9,10:51:43,Client02,kernel,[    0.340901] pcpu-alloc: [0] 104 105 106 107 108 109 110 111,30022ec8,[ <*>.<*>] pcpu-alloc: [<*>] <*> <*> <*> <*> <*> <*> <*> <*>,"['0.340901', '0', '104', '105', '106', '107 108 109 110 111']"
152,Mar,9,10:51:43,Client02,kernel,[    0.340903] pcpu-alloc: [0] 112 113 114 115 116 117 118 119,30022ec8,[ <*>.<*>] pcpu-alloc: [<*>] <*> <*> <*> <*> <*> <*> <*> <*>,"['0.340903', '0', '112', '113', '114', '115 116 117 118 119']"
153,Mar,9,10:51:43,Client02,kernel,[    0.340905] pcpu-alloc: [0] 120 121 122 123 124 125 126 127,30022ec8,[ <*>.<*>] pcpu-alloc: [<*>] <*> <*> <*> <*> <*> <*> <*> <*>,"['0.340905', '0', '120', '121', '122', '123 124 125 126 127']"
154,Mar,9,10:51:43,Client02,kernel,[    0.340935] Hyper-V: PV spinlocks enabled,8f72dbf6,[ <*>.<*>] <*> <*> <*> enabled,"['0.340935', 'Hyper-V:', 'PV spinlocks']"
155,Mar,9,10:51:43,Client02,kernel,"[    0.343602] PV qspinlock hash table entries: 512 (order: 1, 8192 bytes)",e2564448,"[ <*>.<*>] <*> <*> hash table entries: <*> <*> <*>, <*> bytes)","['0.343602', 'PV qspinlock', '512', '(order: 1', '8192']"
156,Mar,9,10:51:43,Client02,kernel,"[    0.347702] Built 1 zonelists, mobility grouping on.  Total pages: 2064249",6111a56b,"[ <*>.<*>] Built <*> zonelists, mobility grouping on. Total pages: <*>","['0.347702', '1', '2064249']"
157,Mar,9,10:51:43,Client02,kernel,[    0.352387] Policy zone: Normal,fea59dea,[ <*>.<*>] Policy zone: Normal,['0.352387']
158,Mar,9,10:51:43,Client02,kernel,[    0.354483] Kernel command line: BOOT_IMAGE=/boot/vmlinuz-5.0.0-1032-azure root=UUID=5604f71e-1e5f-443c-a99e-b82bb5c201df ro console=tty1 console=ttyS0 earlyprintk=ttyS0 rootdelay=300,96f4d3c0,[ <*>.<*>] Kernel command line: BOOT_IMAGE=/boot/vmlinuz-<*>.<*>.<*>-<*>-azure root=UUID=5604f71e-1e5f-443c-a99e-b82bb5c201df ro console=tty1 console=ttyS0 earlyprintk=ttyS0 rootdelay=<*>,"['0.354483', '5', '0.0-1032', '300']"
159,Mar,9,10:51:43,Client02,kernel,[    0.364753] printk: log_buf_len individual max cpu contribution: 4096 bytes,4bf266f9,[ <*>.<*>] printk: log_buf_len individual max cpu contribution: <*> bytes,"['0.364753', '4096']"
160,Mar,9,10:51:43,Client02,kernel,[    0.369145] printk: log_buf_len total cpu_extra contributions: 520192 bytes,eb09db24,[ <*>.<*>] printk: log_buf_len total cpu_extra contributions: <*> bytes,"['0.369145', '520192']"
161,Mar,9,10:51:43,Client02,kernel,[    0.373879] printk: log_buf_len min size: 262144 bytes,87a236f5,[ <*>.<*>] printk: log_buf_len min size: <*> bytes,"['0.373879', '262144']"
162,Mar,9,10:51:43,Client02,kernel,[    0.377729] printk: log_buf_len: 1048576 bytes,ae7520bd,[ <*>.<*>] printk: <*> <*> <*>,"['0.377729', 'log_buf_len:', '1048576 bytes']"
163,Mar,9,10:51:43,Client02,kernel,[    0.380702] printk: early log buf free: 251180(95%),3836433f,[ <*>.<*>] printk: early log buf free: <*>(<*>%),"['0.380702', '251180(95']"
164,Mar,9,10:51:43,Client02,kernel,[    0.396182] Calgary: detecting Calgary via BIOS EBDA area,0ab61629,[ <*>.<*>] Calgary: detecting Calgary via BIOS EBDA area,['0.396182']
165,Mar,9,10:51:43,Client02,kernel,[    0.396183] Calgary: Unable to locate Rio Grande table in EBDA - bailing!,610ef30a,[ <*>.<*>] Calgary: Unable to locate Rio Grande table in EBDA - bailing!,['0.396183']
166,Mar,9,10:51:43,Client02,kernel,"[    0.413914] Memory: 8118156K/8388152K available (12292K kernel code, 2233K rwdata, 3944K rodata, 2360K init, 5524K bss, 269996K reserved, 0K cma-reserved)",892e86b6,"[ <*>.<*>] Memory: 8118156K/8388152K available (12292K kernel code, 2233K rwdata, 3944K rodata, 2360K init, 5524K bss, 269996K reserved, 0K cma-reserved)",['0.413914']
167,Mar,9,10:51:43,Client02,kernel,"[    0.424637] SLUB: HWalign=64, Order=0-3, MinObjects=0, CPUs=128, Nodes=1",0650e733,"[ <*>.<*>] SLUB: HWalign=<*>, Order=<*>-<*>, MinObjects=<*>, CPUs=<*>, Nodes=<*>","['0.424637', '64', '0-3', '0', '128', '1']"
168,Mar,9,10:51:43,Client02,kernel,[    0.428931] Kernel/User page tables isolation: enabled,1c356206,[ <*>.<*>] Kernel/User page tables isolation: enabled,['0.428931']
169,Mar,9,10:51:43,Client02,kernel,[    0.432518] ftrace: allocating 38709 entries in 152 pages,bff63748,[ <*>.<*>] ftrace: allocating <*> entries in <*> pages,"['0.432518', '38709', '152']"
170,Mar,9,10:51:43,Client02,kernel,[    0.452992] rcu: Hierarchical RCU implementation.,a4a8ef32,[ <*>.<*>] rcu: Hierarchical <*> implementation.,"['0.452992', 'RCU']"
171,Mar,9,10:51:43,Client02,kernel,[    0.456590] rcu: 	RCU restricting CPUs from NR_CPUS=8192 to nr_cpu_ids=128.,b21b8830,[ <*>.<*>] rcu: RCU restricting CPUs from NR_CPUS=<*> to nr_cpu_ids=<*>.,"['0.456590', '8192', '128']"
172,Mar,9,10:51:43,Client02,kernel,[    0.461182] 	Tasks RCU enabled.,0b9385e9,[ <*>.<*>] Tasks RCU enabled.,['0.461182']
173,Mar,9,10:51:43,Client02,kernel,[    0.464385] rcu: RCU calculated value of scheduler-enlistment delay is 25 jiffies.,47b028da,[ <*>.<*>] rcu: RCU calculated value of scheduler-enlistment delay is <*> jiffies.,"['0.464385', '25']"
174,Mar,9,10:51:43,Client02,kernel,"[    0.469557] rcu: Adjusting geometry for rcu_fanout_leaf=16, nr_cpu_ids=128",b2110681,"[ <*>.<*>] rcu: Adjusting geometry for rcu_fanout_leaf=<*>, nr_cpu_ids=<*>","['0.469557', '16', '128']"
175,Mar,9,10:51:43,Client02,kernel,"[    0.477125] NR_IRQS: 524544, nr_irqs: 1448, preallocated irqs: 16",448ffa05,"[ <*>.<*>] NR_IRQS: <*>, nr_irqs: <*>, preallocated irqs: <*>","['0.477125', '524544', '1448', '16']"
176,Mar,9,10:51:43,Client02,kernel,[    0.488311] Console: colour VGA+ 80x25,ba5a5b44,[ <*>.<*>] Console: colour VGA+ 80x<*>,"['0.488311', '25']"
177,Mar,9,10:51:43,Client02,kernel,[    1.105569] printk: console [tty1] enabled,8f72dbf6,[ <*>.<*>] <*> <*> <*> enabled,"['1.105569', 'printk:', 'console [tty1]']"
178,Mar,9,10:51:43,Client02,kernel,[    1.109119] printk: console [ttyS0] enabled,8f72dbf6,[ <*>.<*>] <*> <*> <*> enabled,"['1.109119', 'printk:', 'console [ttyS0]']"
179,Mar,9,10:51:43,Client02,kernel,[    1.115206] printk: bootconsole [earlyser0] disabled,ae7520bd,[ <*>.<*>] printk: <*> <*> <*>,"['1.115206', 'bootconsole', '[earlyser0] disabled']"
180,Mar,9,10:51:43,Client02,kernel,[    1.122614] ACPI: Core revision 20181213,384a7d61,[ <*>.<*>] ACPI: <*> <*> <*>,"['1.122614', 'Core', 'revision 20181213']"
181,Mar,9,10:51:43,Client02,kernel,[    1.126287] APIC: Switch to symmetric I/O mode setup,78932e3c,[ <*>.<*>] APIC: Switch to symmetric I/O mode setup,['1.126287']
182,Mar,9,10:51:43,Client02,kernel,[    1.130127] Switched APIC routing to physical flat.,e5c5d87b,[ <*>.<*>] Switched APIC routing to physical flat.,['1.130127']
183,Mar,9,10:51:43,Client02,kernel,[    1.133900] Hyper-V: Using IPI hypercalls,cc148139,[ <*>.<*>] Hyper-V: Using IPI hypercalls,['1.133900']
184,Mar,9,10:51:43,Client02,kernel,[    1.137592] Hyper-V: Using enlightened APIC (xapic mode),ce2a1825,[ <*>.<*>] Hyper-V: Using enlightened APIC (xapic mode),['1.137592']
185,Mar,9,10:51:43,Client02,kernel,"[    1.137600] clocksource: hyperv_clocksource_tsc_page: mask: 0xffffffffffffffff max_cycles: 0x24e6a1710, max_idle_ns: 440795202120 ns",86aa80c1,[ <*>.<*>] clocksource: <*> mask: <*> max_cycles: <*> max_idle_ns: <*> ns,"['1.137600', 'hyperv_clocksource_tsc_page:', '0xffffffffffffffff', '0x24e6a1710,', '440795202120']"
186,Mar,9,10:51:43,Client02,kernel,"[    1.175536] Calibrating delay loop (skipped), value calculated using timer frequency.. 4190.48 BogoMIPS (lpj=8380976)",21d515eb,"[ <*>.<*>] Calibrating delay loop (skipped), value calculated using timer frequency.. <*>.<*> BogoMIPS (lpj=<*>)","['1.175536', '4190.48', '8380976']"
187,Mar,9,10:51:43,Client02,kernel,[    1.179522] pid_max: default: 131072 minimum: 1024,f518058d,[ <*>.<*>] pid_max: default: <*> minimum: <*>,"['1.179522', '131072', '1024']"
188,Mar,9,10:51:43,Client02,kernel,[    1.179522] LSM: Security Framework initializing,4a44d82f,[ <*>.<*>] LSM: Security Framework initializing,['1.179522']
189,Mar,9,10:51:43,Client02,kernel,[    1.179522] Yama: becoming mindful.,2824e23c,[ <*>.<*>] Yama: becoming mindful.,['1.179522']
190,Mar,9,10:51:43,Client02,kernel,[    1.179522] AppArmor: AppArmor initialized,39dbb8e6,[ <*>.<*>] <*> <*> initialized,"['1.179522', 'AppArmor: AppArmor']"
191,Mar,9,10:51:43,Client02,kernel,"[    1.179522] Dentry cache hash table entries: 1048576 (order: 11, 8388608 bytes)",e2564448,"[ <*>.<*>] <*> <*> hash table entries: <*> <*> <*>, <*> bytes)","['1.179522', 'Dentry cache', '1048576', '(order: 11', '8388608']"
192,Mar,9,10:51:43,Client02,kernel,"[    1.179522] Inode-cache hash table entries: 524288 (order: 10, 4194304 bytes)",6a78c96c,"[ <*>.<*>] <*> hash table entries: <*> (order: <*>, <*> bytes)","['1.179522', 'Inode-cache', '524288', '10', '4194304']"
193,Mar,9,10:51:43,Client02,kernel,"[    1.179522] Mount-cache hash table entries: 16384 (order: 5, 131072 bytes)",6a78c96c,"[ <*>.<*>] <*> hash table entries: <*> (order: <*>, <*> bytes)","['1.179522', 'Mount-cache', '16384', '5', '131072']"
194,Mar,9,10:51:43,Client02,kernel,"[    1.179522] Mountpoint-cache hash table entries: 16384 (order: 5, 131072 bytes)",6a78c96c,"[ <*>.<*>] <*> hash table entries: <*> (order: <*>, <*> bytes)","['1.179522', 'Mountpoint-cache', '16384', '5', '131072']"
195,Mar,9,10:51:43,Client02,kernel,"[    1.179522] Last level iTLB entries: 4KB 64, 2MB 8, 4MB 8",fd5fafaf,"[ <*>.<*>] Last level iTLB entries: 4KB <*>, 2MB <*>, 4MB <*>","['1.179522', '64', '8', '8']"
196,Mar,9,10:51:43,Client02,kernel,"[    1.179522] Last level dTLB entries: 4KB 64, 2MB 0, 4MB 0, 1GB 4",7e4285f0,"[ <*>.<*>] Last level dTLB entries: 4KB <*>, 2MB <*>, 4MB <*>, 1GB <*>","['1.179522', '64', '0', '0', '4']"
197,Mar,9,10:51:43,Client02,kernel,[    1.179522] Spectre V1 : Mitigation: usercopy/swapgs barriers and __user pointer sanitization,0a5fefa9,[ <*>.<*>] Spectre V1 : Mitigation: usercopy/swapgs barriers and __user pointer sanitization,['1.179522']
198,Mar,9,10:51:43,Client02,kernel,[    1.179522] Spectre V2 : Mitigation: Full generic retpoline,2b81bf58,[ <*>.<*>] Spectre V2 : Mitigation: Full generic retpoline,['1.179522']
199,Mar,9,10:51:43,Client02,kernel,[    1.179522] Spectre V2 : Spectre v2 / SpectreRSB mitigation: Filling RSB on context switch,0b47a21f,[ <*>.<*>] Spectre V2 : Spectre v2 / SpectreRSB mitigation: Filling RSB on context switch,['1.179522']
200,Mar,9,10:51:43,Client02,kernel,[    1.179522] Speculative Store Bypass: Vulnerable,e996fac8,[ <*>.<*>] Speculative Store Bypass: Vulnerable,['1.179522']
201,Mar,9,10:51:43,Client02,kernel,"[    1.179522] TAA: Vulnerable: Clear CPU buffers attempted, no microcode",3233ab26,"[ <*>.<*>] <*> Vulnerable: Clear CPU buffers attempted, no microcode","['1.179522', 'TAA:']"
202,Mar,9,10:51:43,Client02,kernel,"[    1.179522] MDS: Vulnerable: Clear CPU buffers attempted, no microcode",3233ab26,"[ <*>.<*>] <*> Vulnerable: Clear CPU buffers attempted, no microcode","['1.179522', 'MDS:']"
203,Mar,9,10:51:43,Client02,kernel,[    1.179522] Freeing SMP alternatives memory: 36K,b69059a5,[ <*>.<*>] Freeing <*> <*> memory: <*>,"['1.179522', 'SMP alternatives', '36K']"
204,Mar,9,10:51:43,Client02,kernel,"[    1.179522] smpboot: CPU0: Intel(R) Xeon(R) Platinum 8171M CPU @ 2.60GHz (family: 0x6, model: 0x55, stepping: 0x4)",91c6cedc,"[ <*>.<*>] smpboot: CPU0: Intel(R) Xeon(R) <*> <*> <*> @ <*> (family: 0x6, model: <*> stepping: <*>","['1.179522', 'Platinum', '8171M CPU', '2.60GHz', '0x55,', '0x4)']"
205,Mar,9,10:51:43,Client02,kernel,"[    1.183681] Performance Events: unsupported p6 CPU model 85 no PMU driver, software events only.",af43d4d4,"[ <*>.<*>] Performance Events: unsupported p6 CPU model <*> no PMU driver, software events only.","['1.183681', '85']"
206,Mar,9,10:51:43,Client02,kernel,[    1.187590] rcu: Hierarchical SRCU implementation.,a4a8ef32,[ <*>.<*>] rcu: Hierarchical <*> implementation.,"['1.187590', 'SRCU']"
207,Mar,9,10:51:43,Client02,kernel,[    1.192535] random: crng done (trusting CPU's manufacturer),dcaf4674,[ <*>.<*>] random: crng done (trusting CPU's manufacturer),['1.192535']
208,Mar,9,10:51:43,Client02,kernel,[    1.195560] NMI watchdog: Perf NMI watchdog permanently disabled,5fbc9904,[ <*>.<*>] NMI watchdog: Perf NMI watchdog permanently disabled,['1.195560']
209,Mar,9,10:51:43,Client02,kernel,[    1.200837] smp: Bringing up secondary CPUs ...,b2081125,[ <*>.<*>] smp: Bringing up secondary CPUs ...,['1.200837']
210,Mar,9,10:51:43,Client02,kernel,[    1.203648] x86: Booting SMP configuration:,0a1ec610,[ <*>.<*>] x86: Booting SMP configuration:,['1.203648']
211,Mar,9,10:51:43,Client02,kernel,"[    1.207526] .... node  #0, CPUs:          #1",3388cb84,"[ <*>.<*>] .... node #<*>, CPUs: #<*>","['1.207526', '0', '1']"
212,Mar,9,10:51:43,Client02,kernel,"[    1.211539] MDS CPU bug present and SMT on, data leak possible. See https://www.kernel.org/doc/html/latest/admin-guide/hw-vuln/mds.html for more details.",2e12bf3b,"[ <*>.<*>] <*> CPU bug present and SMT on, data leak possible. See <*> for more details.","['1.211539', 'MDS', 'https://www.kernel.org/doc/html/latest/admin-guide/hw-vuln/mds.html']"
213,Mar,9,10:51:43,Client02,kernel,"[    1.219525] TAA CPU bug present and SMT on, data leak possible. See https://www.kernel.org/doc/html/latest/admin-guide/hw-vuln/tsx_async_abort.html for more details.",2e12bf3b,"[ <*>.<*>] <*> CPU bug present and SMT on, data leak possible. See <*> for more details.","['1.219525', 'TAA', 'https://www.kernel.org/doc/html/latest/admin-guide/hw-vuln/tsx_async_abort.html']"
214,Mar,9,10:51:43,Client02,kernel,"[    1.223528] smp: Brought up 1 node, 2 CPUs",84ff81ae,"[ <*>.<*>] smp: Brought up <*> node, <*> CPUs","['1.223528', '1', '2']"
215,Mar,9,10:51:43,Client02,kernel,[    1.227524] smpboot: Max logical packages: 64,bb2b44d1,[ <*>.<*>] smpboot: Max logical packages: <*>,"['1.227524', '64']"
216,Mar,9,10:51:43,Client02,kernel,[    1.231526] smpboot: Total of 2 processors activated (8380.97 BogoMIPS),674ff42a,[ <*>.<*>] smpboot: Total of <*> processors activated (<*>.<*> BogoMIPS),"['1.231526', '2', '8380.97']"
217,Mar,9,10:51:43,Client02,kernel,[    1.236368] devtmpfs: initialized,936b8562,[ <*>.<*>] <*> <*>,"['1.236368', 'devtmpfs: initialized']"
218,Mar,9,10:51:43,Client02,kernel,[    1.239591] x86/mm: Memory block size: 128MB,515f329c,[ <*>.<*>] x86/mm: Memory block size: 128MB,['1.239591']
219,Mar,9,10:51:43,Client02,kernel,[    1.244256] PM: Registering ACPI NVS region [mem 0x3ffff000-0x3fffffff] (4096 bytes),5360d077,[ <*>.<*>] PM: Registering ACPI NVS region [mem 0x3ffff000-0x3fffffff] (<*> bytes),"['1.244256', '4096']"
220,Mar,9,10:51:43,Client02,kernel,"[    1.251690] clocksource: jiffies: mask: 0xffffffff max_cycles: 0xffffffff, max_idle_ns: 7645041785100000 ns",86aa80c1,[ <*>.<*>] clocksource: <*> mask: <*> max_cycles: <*> max_idle_ns: <*> ns,"['1.251690', 'jiffies:', '0xffffffff', '0xffffffff,', '7645041785100000']"
221,Mar,9,10:51:43,Client02,kernel,"[    1.255606] futex hash table entries: 32768 (order: 9, 2097152 bytes)",6a78c96c,"[ <*>.<*>] <*> hash table entries: <*> (order: <*>, <*> bytes)","['1.255606', 'futex', '32768', '9', '2097152']"
222,Mar,9,10:51:43,Client02,kernel,[    1.264019] pinctrl core: initialized pinctrl subsystem,09628428,[ <*>.<*>] pinctrl core: initialized pinctrl subsystem,['1.264019']
223,Mar,9,10:51:43,Client02,kernel,"[    1.268090] RTC time: 10:50:43, date: 2020-03-09",0b45c280,"[ <*>.<*>] RTC time: <*>:<*>:<*>, date: <*>-<*>-<*>","['1.268090', '10', '50:43', '2020', '03-09']"
224,Mar,9,10:51:43,Client02,kernel,[    1.271834] NET: Registered protocol family 16,87d471e6,[ <*>.<*>] NET: Registered protocol family <*>,"['1.271834', '16']"
225,Mar,9,10:51:43,Client02,kernel,[    1.275617] audit: initializing netlink subsys (disabled),4b0e5b36,[ <*>.<*>] audit: initializing netlink subsys (disabled),['1.275617']
226,Mar,9,10:51:43,Client02,kernel,[    1.279549] audit: type=2000 audit(1583751042.104:1): state=initialized audit_enabled=0 res=1,74417e93,[ <*>.<*>] audit: type=<*> audit(<*>.<*>:<*>): state=initialized audit_enabled=<*> res=<*>,"['1.279549', '2000', '1583751042.104', '1', '0', '1']"
227,Mar,9,10:51:43,Client02,kernel,[    1.279640] EISA bus registered,cd3fa45b,[ <*>.<*>] EISA bus registered,['1.279640']
228,Mar,9,10:51:43,Client02,kernel,[    1.287548] cpuidle: using governor ladder,ebf1d118,[ <*>.<*>] cpuidle: using governor <*>,"['1.287548', 'ladder']"
229,Mar,9,10:51:43,Client02,kernel,[    1.291542] cpuidle: using governor menu,ebf1d118,[ <*>.<*>] cpuidle: using governor <*>,"['1.291542', 'menu']"
230,Mar,9,10:51:43,Client02,kernel,[    1.295614] ACPI: bus type PCI registered,35356d63,[ <*>.<*>] ACPI: bus type PCI registered,['1.295614']
231,Mar,9,10:51:43,Client02,kernel,[    1.299525] acpiphp: ACPI Hot Plug PCI Controller Driver version: 0.5,572a6a6a,[ <*>.<*>] <*> <*> Hot Plug PCI Controller Driver version: <*>.<*>,"['1.299525', 'acpiphp: ACPI', '0.5']"
232,Mar,9,10:51:43,Client02,kernel,[    1.304212] PCI: Using configuration type 1 for base access,4e0fd40b,[ <*>.<*>] PCI: Using configuration type <*> for base access,"['1.304212', '1']"
233,Mar,9,10:51:43,Client02,kernel,"[    1.311746] HugeTLB registered 1.00 GiB page size, pre-allocated 0 pages",ed0c38b8,"[ <*>.<*>] HugeTLB registered <*>.<*> <*> page size, pre-allocated <*> pages","['1.311746', '1.00', 'GiB', '0']"
234,Mar,9,10:51:43,Client02,kernel,"[    1.319535] HugeTLB registered 2.00 MiB page size, pre-allocated 0 pages",ed0c38b8,"[ <*>.<*>] HugeTLB registered <*>.<*> <*> page size, pre-allocated <*> pages","['1.319535', '2.00', 'MiB', '0']"
235,Mar,9,10:51:43,Client02,kernel,[    1.327820] ACPI: Added _OSI(Module Device),384a7d61,[ <*>.<*>] ACPI: <*> <*> <*>,"['1.327820', 'Added', '_OSI(Module Device)']"
236,Mar,9,10:51:43,Client02,kernel,[    1.331533] ACPI: Added _OSI(Processor Device),384a7d61,[ <*>.<*>] ACPI: <*> <*> <*>,"['1.331533', 'Added', '_OSI(Processor Device)']"
237,Mar,9,10:51:43,Client02,kernel,[    1.331533] ACPI: Added _OSI(3.0 _SCP Extensions),382e1fc9,[ <*>.<*>] ACPI: Added <*> <*> <*>,"['1.331533', '_OSI(3.0', '_SCP Extensions)']"
238,Mar,9,10:51:43,Client02,kernel,[    1.335525] ACPI: Added _OSI(Processor Aggregator Device),382e1fc9,[ <*>.<*>] ACPI: Added <*> <*> <*>,"['1.335525', '_OSI(Processor', 'Aggregator Device)']"
239,Mar,9,10:51:43,Client02,kernel,[    1.343526] ACPI: Added _OSI(Linux-Dell-Video),c1870ad0,[ <*>.<*>] ACPI: <*> <*>,"['1.343526', 'Added _OSI(Linux-Dell-Video)']"
240,Mar,9,10:51:43,Client02,kernel,[    1.347524] ACPI: Added _OSI(Linux-Lenovo-NV-HDMI-Audio),c1870ad0,[ <*>.<*>] ACPI: <*> <*>,"['1.347524', 'Added _OSI(Linux-Lenovo-NV-HDMI-Audio)']"
241,Mar,9,10:51:43,Client02,kernel,[    1.351525] ACPI: Added _OSI(Linux-HPI-Hybrid-Graphics),c1870ad0,[ <*>.<*>] ACPI: <*> <*>,"['1.351525', 'Added _OSI(Linux-HPI-Hybrid-Graphics)']"
242,Mar,9,10:51:43,Client02,kernel,[    1.355755] ACPI: 1 ACPI AML tables successfully acquired and loaded,bfc45663,[ <*>.<*>] ACPI: <*> ACPI AML tables successfully acquired and loaded,"['1.355755', '1']"
243,Mar,9,10:51:43,Client02,kernel,[    1.363858] ACPI: Interpreter enabled,c1870ad0,[ <*>.<*>] ACPI: <*> <*>,"['1.363858', 'Interpreter enabled']"
244,Mar,9,10:51:43,Client02,kernel,[    1.371538] ACPI: (supports S0 S5),384a7d61,[ <*>.<*>] ACPI: <*> <*> <*>,"['1.371538', '(supports', 'S0 S5)']"
245,Mar,9,10:51:43,Client02,kernel,[    1.371538] ACPI: Using IOAPIC for interrupt routing,a19890d6,[ <*>.<*>] <*> Using <*> for <*> routing,"['1.371538', 'ACPI:', 'IOAPIC', 'interrupt']"
246,Mar,9,10:51:43,Client02,kernel,"[    1.375553] PCI: Using host bridge windows from ACPI; if necessary, use ""pci=nocrs"" and report a bug",7ca6598a,"[ <*>.<*>] PCI: Using host bridge windows from ACPI; if necessary, use ""pci=nocrs"" and report a bug",['1.375553']
247,Mar,9,10:51:43,Client02,kernel,[    1.383805] ACPI: Enabled 1 GPEs in block 00 to 0F,dd22b4d7,[ <*>.<*>] ACPI: Enabled <*> GPEs in block <*> to 0F,"['1.383805', '1', '00']"
248,Mar,9,10:51:43,Client02,kernel,[    1.405762] ACPI: PCI Root Bridge [PCI0] (domain 0000 [bus 00-ff]),4cc075f1,[ <*>.<*>] ACPI: PCI Root Bridge [PCI0] (domain <*> [bus <*>-ff]),"['1.405762', '0000', '00']"
249,Mar,9,10:51:43,Client02,kernel,[    1.411529] acpi PNP0A03:00: _OSC: OS supports [ASPM ClockPM Segments MSI],6a4e7cff,[ <*>.<*>] acpi PNP0A03:<*>: _OSC: OS supports [ASPM ClockPM Segments MSI],"['1.411529', '00']"
250,Mar,9,10:51:43,Client02,kernel,"[    1.415541] acpi PNP0A03:00: fail to add MMCONFIG information, can't access extended PCI configuration space under this bridge.",cfb932ab,"[ <*>.<*>] acpi PNP0A03:<*>: fail to add MMCONFIG information, can't access extended PCI configuration space under this bridge.","['1.415541', '00']"
251,Mar,9,10:51:43,Client02,kernel,[    1.427709] PCI host bridge to bus 0000:00,7c45b630,[ <*>.<*>] PCI host bridge to bus <*>:<*>,"['1.427709', '0000:00']"
252,Mar,9,10:51:43,Client02,kernel,[    1.431533] pci_bus 0000:00: root bus resource [mem 0xfe0000000-0xfffffffff window],6124e846,[ <*>.<*>] pci_bus <*>:<*>: root bus resource <*> <*> window],"['1.431533', '0000:00', '[mem 0xfe0000000-0xfffffffff']"
253,Mar,9,10:51:43,Client02,kernel,[    1.435525] pci_bus 0000:00: root bus resource [io  0x0000-0x0cf7 window],6124e846,[ <*>.<*>] pci_bus <*>:<*>: root bus resource <*> <*> window],"['1.435525', '0000:00', '[io  0x0000-0x0cf7']"
254,Mar,9,10:51:43,Client02,kernel,[    1.439524] pci_bus 0000:00: root bus resource [io  0x0d00-0xffff window],6124e846,[ <*>.<*>] pci_bus <*>:<*>: root bus resource <*> <*> window],"['1.439524', '0000:00', '[io  0x0d00-0xffff']"
255,Mar,9,10:51:43,Client02,kernel,[    1.443525] pci_bus 0000:00: root bus resource [mem 0x000a0000-0x000bffff window],6124e846,[ <*>.<*>] pci_bus <*>:<*>: root bus resource <*> <*> window],"['1.443525', '0000:00', '[mem 0x000a0000-0x000bffff']"
256,Mar,9,10:51:43,Client02,kernel,[    1.451526] pci_bus 0000:00: root bus resource [mem 0x40000000-0xfffbffff window],6124e846,[ <*>.<*>] pci_bus <*>:<*>: root bus resource <*> <*> window],"['1.451526', '0000:00', '[mem 0x40000000-0xfffbffff']"
257,Mar,9,10:51:43,Client02,kernel,[    1.455526] pci_bus 0000:00: root bus resource [bus 00-ff],5a1ebdfa,[ <*>.<*>] pci_bus <*>:<*>: root bus resource [bus <*>-ff],"['1.455526', '0000:00', '00']"
258,Mar,9,10:51:43,Client02,kernel,[    1.459791] pci 0000:00:00.0: [8086:7192] type 00 class 0x060000,8d015fe4,[ <*>.<*>] pci <*>:<*>:<*>.<*>: [<*>:<*>] type <*> class 0x<*>,"['1.459791', '0000', '00:00.0', '8086:7192', '00', '060000']"
259,Mar,9,10:51:43,Client02,kernel,[    1.465632] pci 0000:00:07.0: [8086:7110] type 00 class 0x060100,8d015fe4,[ <*>.<*>] pci <*>:<*>:<*>.<*>: [<*>:<*>] type <*> class 0x<*>,"['1.465632', '0000', '00:07.0', '8086:7110', '00', '060100']"
260,Mar,9,10:51:43,Client02,kernel,[    1.472089] pci 0000:00:07.1: [8086:7111] type 00 class 0x010180,8d015fe4,[ <*>.<*>] pci <*>:<*>:<*>.<*>: [<*>:<*>] type <*> class 0x<*>,"['1.472089', '0000', '00:07.1', '8086:7111', '00', '010180']"
261,Mar,9,10:51:43,Client02,kernel,[    1.475197] pci 0000:00:07.1: reg 0x20: [io  0xffa0-0xffaf],32a4060e,[ <*>.<*>] pci <*>:<*>:<*>.<*>: <*> <*> <*> <*>,"['1.475197', '0000', '00:07.1', 'reg', '0x20: [io  0xffa0-0xffaf]']"
262,Mar,9,10:51:43,Client02,kernel,[    1.476456] pci 0000:00:07.1: legacy IDE quirk: reg 0x10: [io  0x01f0-0x01f7],181635a5,[ <*>.<*>] pci <*>:<*>:<*>.<*>: legacy IDE quirk: reg <*> [io <*>,"['1.476456', '0000', '00:07.1', '0x10:', '0x01f0-0x01f7]']"
263,Mar,9,10:51:43,Client02,kernel,[    1.483527] pci 0000:00:07.1: legacy IDE quirk: reg 0x14: [io  0x03f6],181635a5,[ <*>.<*>] pci <*>:<*>:<*>.<*>: legacy IDE quirk: reg <*> [io <*>,"['1.483527', '0000', '00:07.1', '0x14:', '0x03f6]']"
264,Mar,9,10:51:43,Client02,kernel,[    1.487524] pci 0000:00:07.1: legacy IDE quirk: reg 0x18: [io  0x0170-0x0177],181635a5,[ <*>.<*>] pci <*>:<*>:<*>.<*>: legacy IDE quirk: reg <*> [io <*>,"['1.487524', '0000', '00:07.1', '0x18:', '0x0170-0x0177]']"
265,Mar,9,10:51:43,Client02,kernel,[    1.495525] pci 0000:00:07.1: legacy IDE quirk: reg 0x1c: [io  0x0376],181635a5,[ <*>.<*>] pci <*>:<*>:<*>.<*>: legacy IDE quirk: reg <*> [io <*>,"['1.495525', '0000', '00:07.1', '0x1c:', '0x0376]']"
266,Mar,9,10:51:43,Client02,kernel,[    1.500312] pci 0000:00:07.3: [8086:7113] type 00 class 0x068000,8d015fe4,[ <*>.<*>] pci <*>:<*>:<*>.<*>: [<*>:<*>] type <*> class 0x<*>,"['1.500312', '0000', '00:07.3', '8086:7113', '00', '068000']"
267,Mar,9,10:51:43,Client02,kernel,"[    1.500376] * Found PM-Timer Bug on the chipset. Due to workarounds for a bug,",8a2b7de3,"[ <*>.<*>] * Found PM-Timer Bug on the chipset. Due to workarounds for a bug,",['1.500376']
268,Mar,9,10:51:43,Client02,kernel,[    1.500376] * this clock source is slow. Consider trying other clock sources,62865f1f,[ <*>.<*>] * this clock source is slow. Consider trying other clock sources,['1.500376']
269,Mar,9,10:51:43,Client02,kernel,[    1.511528] pci 0000:00:07.3: acpi_pm_check_blacklist+0x0/0x40 took 11718 usecs,32a4060e,[ <*>.<*>] pci <*>:<*>:<*>.<*>: <*> <*> <*> <*>,"['1.511528', '0000', '00:07.3', 'acpi_pm_check_blacklist+0x0/0x40', 'took 11718 usecs']"
270,Mar,9,10:51:43,Client02,kernel,[    1.517804] pci 0000:00:07.3: quirk: [io  0x0400-0x043f] claimed by PIIX4 ACPI,41ab7ff6,[ <*>.<*>] pci <*>:<*>:<*>.<*>: quirk: [io 0x0400-0x043f] claimed by PIIX4 ACPI,"['1.517804', '0000', '00:07.3']"
271,Mar,9,10:51:43,Client02,kernel,[    1.525009] pci 0000:00:08.0: [1414:5353] type 00 class 0x030000,8d015fe4,[ <*>.<*>] pci <*>:<*>:<*>.<*>: [<*>:<*>] type <*> class 0x<*>,"['1.525009', '0000', '00:08.0', '1414:5353', '00', '030000']"
272,Mar,9,10:51:43,Client02,kernel,[    1.525806] pci 0000:00:08.0: reg 0x10: [mem 0xf8000000-0xfbffffff],32a4060e,[ <*>.<*>] pci <*>:<*>:<*>.<*>: <*> <*> <*> <*>,"['1.525806', '0000', '00:08.0', 'reg', '0x10: [mem 0xf8000000-0xfbffffff]']"
273,Mar,9,10:51:43,Client02,kernel,[    1.549455] ACPI: PCI Interrupt Link [LNKA] (IRQs 3 4 5 7 9 10 *11 12 14 15),36d5d52a,[ <*>.<*>] ACPI: PCI Interrupt Link [LNKA] (IRQs <*> <*> <*> <*> <*> <*> *<*> <*> <*> <*>),"['1.549455', '3', '4', '5 7 9 10', '11', '12 14 15']"
274,Mar,9,10:51:43,Client02,kernel,"[    1.555722] ACPI: PCI Interrupt Link [LNKB] (IRQs 3 4 5 7 9 10 11 12 14 15) *0, disabled.",314bf718,"[ <*>.<*>] ACPI: PCI Interrupt Link <*> (IRQs <*> <*> <*> <*> <*> <*> <*> <*> <*> <*>) *<*>, disabled.","['1.555722', '[LNKB]', '3', '4', '5', '7', '9 10 11 12 14 15', '0']"
275,Mar,9,10:51:43,Client02,kernel,"[    1.563758] ACPI: PCI Interrupt Link [LNKC] (IRQs 3 4 5 7 9 10 11 12 14 15) *0, disabled.",314bf718,"[ <*>.<*>] ACPI: PCI Interrupt Link <*> (IRQs <*> <*> <*> <*> <*> <*> <*> <*> <*> <*>) *<*>, disabled.","['1.563758', '[LNKC]', '3', '4', '5', '7', '9 10 11 12 14 15', '0']"
276,Mar,9,10:51:43,Client02,kernel,"[    1.571789] ACPI: PCI Interrupt Link [LNKD] (IRQs 3 4 5 7 9 10 11 12 14 15) *0, disabled.",314bf718,"[ <*>.<*>] ACPI: PCI Interrupt Link <*> (IRQs <*> <*> <*> <*> <*> <*> <*> <*> <*> <*>) *<*>, disabled.","['1.571789', '[LNKD]', '3', '4', '5', '7', '9 10 11 12 14 15', '0']"
277,Mar,9,10:51:43,Client02,kernel,[    1.580095] SCSI subsystem initialized,39dbb8e6,[ <*>.<*>] <*> <*> initialized,"['1.580095', 'SCSI subsystem']"
278,Mar,9,10:51:43,Client02,kernel,[    1.583614] libata version 3.00 loaded.,1c5da341,[ <*>.<*>] libata version <*>.<*> loaded.,"['1.583614', '3.00']"
279,Mar,9,10:51:43,Client02,kernel,[    1.583614] pci 0000:00:08.0: vgaarb: setting as boot VGA device,624c855c,[ <*>.<*>] pci <*>:<*>:<*>.<*>: vgaarb: setting as boot VGA device,"['1.583614', '0000', '00:08.0']"
280,Mar,9,10:51:43,Client02,kernel,"[    1.587522] pci 0000:00:08.0: vgaarb: VGA device added: decodes=io+mem,owns=io+mem,locks=none",0c975011,"[ <*>.<*>] pci <*>:<*>:<*>.<*>: vgaarb: VGA device added: decodes=io+mem,owns=io+mem,locks=none","['1.587522', '0000', '00:08.0']"
281,Mar,9,10:51:43,Client02,kernel,[    1.587527] pci 0000:00:08.0: vgaarb: bridge control possible,32a4060e,[ <*>.<*>] pci <*>:<*>:<*>.<*>: <*> <*> <*> <*>,"['1.587527', '0000', '00:08.0', 'vgaarb:', 'bridge control possible']"
282,Mar,9,10:51:43,Client02,kernel,[    1.591525] vgaarb: loaded,936b8562,[ <*>.<*>] <*> <*>,"['1.591525', 'vgaarb: loaded']"
283,Mar,9,10:51:43,Client02,kernel,[    1.594166] pps_core: LinuxPPS API ver. 1 registered,47dded99,[ <*>.<*>] pps_core: LinuxPPS API ver. <*> registered,"['1.594166', '1']"
284,Mar,9,10:51:43,Client02,kernel,[    1.595524] pps_core: Software ver. 5.3.6 - Copyright 2005-2007 Rodolfo Giometti <giometti@linux.it>,5062e8d4,[ <*>.<*>] pps_core: Software ver. <*>.<*>.<*> - Copyright <*>-<*> Rodolfo Giometti <giometti@linux.it>,"['1.595524', '5', '3.6', '2005-2007']"
285,Mar,9,10:51:43,Client02,kernel,[    1.599528] PTP clock support registered,dbd17d1c,[ <*>.<*>] <*> <*> <*> registered,"['1.599528', 'PTP', 'clock support']"
286,Mar,9,10:51:43,Client02,kernel,[    1.603628] EDAC MC: Ver: 3.0.0,d9a4db27,[ <*>.<*>] <*> <*> <*> <*>.<*>.<*>,"['1.603628', 'EDAC', 'MC: Ver: 3', '0.0']"
287,Mar,9,10:51:43,Client02,kernel,[    1.607737] hv_vmbus: Vmbus version:4.0,b4f56b29,[ <*>.<*>] hv_vmbus: Vmbus version:<*>.<*>,"['1.607737', '4.0']"
288,Mar,9,10:51:43,Client02,kernel,[    1.611581] PCI: Using ACPI for IRQ routing,a19890d6,[ <*>.<*>] <*> Using <*> for <*> routing,"['1.611581', 'PCI:', 'ACPI', 'IRQ']"
289,Mar,9,10:51:43,Client02,kernel,[    1.619533] PCI: pci_cache_line_size set to 64 bytes,a5db758e,[ <*>.<*>] PCI: pci_cache_line_size set to <*> bytes,"['1.619533', '64']"
290,Mar,9,10:51:43,Client02,kernel,[    1.620306] e820: reserve RAM buffer [mem 0x0009fc00-0x0009ffff],4790cbc8,[ <*>.<*>] e820: reserve RAM buffer [mem <*>,"['1.620306', '0x0009fc00-0x0009ffff]']"
291,Mar,9,10:51:43,Client02,kernel,[    1.620308] e820: reserve RAM buffer [mem 0x3fff0000-0x3fffffff],4790cbc8,[ <*>.<*>] e820: reserve RAM buffer [mem <*>,"['1.620308', '0x3fff0000-0x3fffffff]']"
292,Mar,9,10:51:43,Client02,kernel,[    1.620517] NetLabel: Initializing,936b8562,[ <*>.<*>] <*> <*>,"['1.620517', 'NetLabel: Initializing']"
293,Mar,9,10:51:43,Client02,kernel,[    1.623527] NetLabel:  domain hash size = 128,47e096b1,[ <*>.<*>] NetLabel: domain hash size = <*>,"['1.623527', '128']"
294,Mar,9,10:51:43,Client02,kernel,[    1.631529] NetLabel:  protocols = UNLABELED CIPSOv4 CALIPSO,e79f8145,[ <*>.<*>] NetLabel: protocols = UNLABELED CIPSOv4 CALIPSO,['1.631529']
295,Mar,9,10:51:43,Client02,kernel,[    1.635548] NetLabel:  unlabeled traffic allowed by default,68b4478a,[ <*>.<*>] NetLabel: unlabeled traffic allowed by default,['1.635548']
296,Mar,9,10:51:43,Client02,kernel,[    1.639615] clocksource: Switched to clocksource hyperv_clocksource_tsc_page,1f32fb91,[ <*>.<*>] clocksource: Switched to clocksource hyperv_clocksource_tsc_page,['1.639615']
297,Mar,9,10:51:43,Client02,kernel,[    1.660986] VFS: Disk quotas dquot_6.6.0,33812074,[ <*>.<*>] VFS: Disk quotas dquot_<*>.<*>.<*>,"['1.660986', '6', '6.0']"
298,Mar,9,10:51:43,Client02,kernel,"[    1.664922] VFS: Dquot-cache hash table entries: 512 (order 0, 4096 bytes)",e2564448,"[ <*>.<*>] <*> <*> hash table entries: <*> <*> <*>, <*> bytes)","['1.664922', 'VFS: Dquot-cache', '512', '(order 0', '4096']"
299,Mar,9,10:51:43,Client02,kernel,[    1.670990] AppArmor: AppArmor Filesystem Enabled,83ce5f94,[ <*>.<*>] AppArmor: AppArmor Filesystem Enabled,['1.670990']
300,Mar,9,10:51:43,Client02,kernel,[    1.675359] pnp: PnP ACPI init,1faaa63f,[ <*>.<*>] pnp: PnP ACPI init,['1.675359']
301,Mar,9,10:51:43,Client02,kernel,"[    1.678652] pnp 00:00: Plug and Play ACPI device, IDs PNP0b00 (active)",bddfdc42,"[ <*>.<*>] <*> <*>:<*>: Plug and Play ACPI device, IDs <*> (active)","['1.678652', 'pnp 00', '00', 'PNP0b00']"
302,Mar,9,10:51:43,Client02,kernel,"[    1.678695] pnp 00:01: Plug and Play ACPI device, IDs PNP0303 PNP030b (active)",3f6b66d2,"[ <*>.<*>] pnp <*>:<*>: Plug and Play ACPI device, IDs <*> <*> (active)","['1.678695', '00:01', 'PNP0303 PNP030b']"
303,Mar,9,10:51:43,Client02,kernel,"[    1.678736] pnp 00:02: Plug and Play ACPI device, IDs PNP0f03 PNP0f13 (active)",3f6b66d2,"[ <*>.<*>] pnp <*>:<*>: Plug and Play ACPI device, IDs <*> <*> (active)","['1.678736', '00:02', 'PNP0f03 PNP0f13']"
304,Mar,9,10:51:43,Client02,kernel,[    1.679598] pnp 00:03: [dma 0 disabled],d7764389,[ <*>.<*>] pnp <*>:<*>: [dma <*> disabled],"['1.679598', '00:03', '0']"
305,Mar,9,10:51:43,Client02,kernel,"[    1.679619] pnp 00:03: Plug and Play ACPI device, IDs PNP0501 (active)",bddfdc42,"[ <*>.<*>] <*> <*>:<*>: Plug and Play ACPI device, IDs <*> (active)","['1.679619', 'pnp 00', '03', 'PNP0501']"
306,Mar,9,10:51:43,Client02,kernel,[    1.680434] pnp 00:04: [dma 0 disabled],d7764389,[ <*>.<*>] pnp <*>:<*>: [dma <*> disabled],"['1.680434', '00:04', '0']"
307,Mar,9,10:51:43,Client02,kernel,"[    1.680451] pnp 00:04: Plug and Play ACPI device, IDs PNP0501 (active)",bddfdc42,"[ <*>.<*>] <*> <*>:<*>: Plug and Play ACPI device, IDs <*> (active)","['1.680451', 'pnp 00', '04', 'PNP0501']"
308,Mar,9,10:51:43,Client02,kernel,[    1.681198] pnp 00:05: [dma 2],0c328929,[ <*>.<*>] pnp <*>:<*>: [dma <*>],"['1.681198', '00:05', '2']"
309,Mar,9,10:51:43,Client02,kernel,"[    1.681223] pnp 00:05: Plug and Play ACPI device, IDs PNP0700 (active)",bddfdc42,"[ <*>.<*>] <*> <*>:<*>: Plug and Play ACPI device, IDs <*> (active)","['1.681223', 'pnp 00', '05', 'PNP0700']"
310,Mar,9,10:51:43,Client02,kernel,[    1.681256] system 00:06: [io  0x01e0-0x01ef] has been reserved,d9819c5a,[ <*>.<*>] system <*>:<*>: <*> <*> has been reserved,"['1.681256', '00:06', '[io  0x01e0-0x01ef]']"
311,Mar,9,10:51:43,Client02,kernel,[    1.686333] system 00:06: [io  0x0160-0x016f] has been reserved,d9819c5a,[ <*>.<*>] system <*>:<*>: <*> <*> has been reserved,"['1.686333', '00:06', '[io  0x0160-0x016f]']"
312,Mar,9,10:51:43,Client02,kernel,[    1.691618] system 00:06: [io  0x0278-0x027f] has been reserved,d9819c5a,[ <*>.<*>] system <*>:<*>: <*> <*> has been reserved,"['1.691618', '00:06', '[io  0x0278-0x027f]']"
313,Mar,9,10:51:43,Client02,kernel,[    1.696564] system 00:06: [io  0x0378-0x037f] has been reserved,d9819c5a,[ <*>.<*>] system <*>:<*>: <*> <*> has been reserved,"['1.696564', '00:06', '[io  0x0378-0x037f]']"
314,Mar,9,10:51:43,Client02,kernel,[    1.701609] system 00:06: [io  0x0678-0x067f] has been reserved,d9819c5a,[ <*>.<*>] system <*>:<*>: <*> <*> has been reserved,"['1.701609', '00:06', '[io  0x0678-0x067f]']"
315,Mar,9,10:51:43,Client02,kernel,[    1.706646] system 00:06: [io  0x0778-0x077f] has been reserved,d9819c5a,[ <*>.<*>] system <*>:<*>: <*> <*> has been reserved,"['1.706646', '00:06', '[io  0x0778-0x077f]']"
316,Mar,9,10:51:43,Client02,kernel,[    1.712064] system 00:06: [io  0x04d0-0x04d1] has been reserved,d9819c5a,[ <*>.<*>] system <*>:<*>: <*> <*> has been reserved,"['1.712064', '00:06', '[io  0x04d0-0x04d1]']"
317,Mar,9,10:51:43,Client02,kernel,"[    1.716914] system 00:06: Plug and Play ACPI device, IDs PNP0c02 (active)",bddfdc42,"[ <*>.<*>] <*> <*>:<*>: Plug and Play ACPI device, IDs <*> (active)","['1.716914', 'system 00', '06', 'PNP0c02']"
318,Mar,9,10:51:43,Client02,kernel,[    1.717057] system 00:07: [io  0x0400-0x043f] has been reserved,d9819c5a,[ <*>.<*>] system <*>:<*>: <*> <*> has been reserved,"['1.717057', '00:07', '[io  0x0400-0x043f]']"
319,Mar,9,10:51:43,Client02,kernel,[    1.721989] system 00:07: [io  0x0370-0x0371] has been reserved,d9819c5a,[ <*>.<*>] system <*>:<*>: <*> <*> has been reserved,"['1.721989', '00:07', '[io  0x0370-0x0371]']"
320,Mar,9,10:51:43,Client02,kernel,[    1.727066] system 00:07: [io  0x0440-0x044f] has been reserved,d9819c5a,[ <*>.<*>] system <*>:<*>: <*> <*> has been reserved,"['1.727066', '00:07', '[io  0x0440-0x044f]']"
321,Mar,9,10:51:43,Client02,kernel,[    1.731963] system 00:07: [mem 0xfec00000-0xfec00fff] could not be reserved,e270d668,[ <*>.<*>] system <*>:<*>: [mem <*> could not be reserved,"['1.731963', '00:07', '0xfec00000-0xfec00fff]']"
322,Mar,9,10:51:43,Client02,kernel,[    1.737574] system 00:07: [mem 0xfee00000-0xfee00fff] has been reserved,d9819c5a,[ <*>.<*>] system <*>:<*>: <*> <*> has been reserved,"['1.737574', '00:07', '[mem 0xfee00000-0xfee00fff]']"
323,Mar,9,10:51:43,Client02,kernel,"[    1.743139] system 00:07: Plug and Play ACPI device, IDs PNP0c02 (active)",bddfdc42,"[ <*>.<*>] <*> <*>:<*>: Plug and Play ACPI device, IDs <*> (active)","['1.743139', 'system 00', '07', 'PNP0c02']"
324,Mar,9,10:51:43,Client02,kernel,[    1.743252] system 00:08: [mem 0x00000000-0x0009ffff] could not be reserved,e270d668,[ <*>.<*>] system <*>:<*>: [mem <*> could not be reserved,"['1.743252', '00:08', '0x00000000-0x0009ffff]']"
325,Mar,9,10:51:43,Client02,kernel,[    1.748926] system 00:08: [mem 0x000c0000-0x000dffff] could not be reserved,e270d668,[ <*>.<*>] system <*>:<*>: [mem <*> could not be reserved,"['1.748926', '00:08', '0x000c0000-0x000dffff]']"
326,Mar,9,10:51:43,Client02,kernel,[    1.754520] system 00:08: [mem 0x000e0000-0x000fffff] could not be reserved,e270d668,[ <*>.<*>] system <*>:<*>: [mem <*> could not be reserved,"['1.754520', '00:08', '0x000e0000-0x000fffff]']"
327,Mar,9,10:51:43,Client02,kernel,[    1.760239] system 00:08: [mem 0x00100000-0x3fffffff] could not be reserved,e270d668,[ <*>.<*>] system <*>:<*>: [mem <*> could not be reserved,"['1.760239', '00:08', '0x00100000-0x3fffffff]']"
328,Mar,9,10:51:43,Client02,kernel,[    1.765637] system 00:08: [mem 0xfffc0000-0xffffffff] has been reserved,d9819c5a,[ <*>.<*>] system <*>:<*>: <*> <*> has been reserved,"['1.765637', '00:08', '[mem 0xfffc0000-0xffffffff]']"
329,Mar,9,10:51:43,Client02,kernel,"[    1.771102] system 00:08: Plug and Play ACPI device, IDs PNP0c01 (active)",bddfdc42,"[ <*>.<*>] <*> <*>:<*>: Plug and Play ACPI device, IDs <*> (active)","['1.771102', 'system 00', '08', 'PNP0c01']"
330,Mar,9,10:51:43,Client02,kernel,[    1.771397] pnp: PnP ACPI: found 9 devices,f89824e6,[ <*>.<*>] pnp: PnP ACPI: found <*> devices,"['1.771397', '9']"
331,Mar,9,10:51:43,Client02,kernel,"[    1.782562] clocksource: acpi_pm: mask: 0xffffff max_cycles: 0xffffff, max_idle_ns: 2085701024 ns",86aa80c1,[ <*>.<*>] clocksource: <*> mask: <*> max_cycles: <*> max_idle_ns: <*> ns,"['1.782562', 'acpi_pm:', '0xffffff', '0xffffff,', '2085701024']"
332,Mar,9,10:51:43,Client02,kernel,[    1.790518] pci_bus 0000:00: resource 4 [mem 0xfe0000000-0xfffffffff window],b390ddbe,[ <*>.<*>] pci_bus <*>:<*>: resource <*> <*> <*> window],"['1.790518', '0000:00', '4', '[mem 0xfe0000000-0xfffffffff']"
333,Mar,9,10:51:43,Client02,kernel,[    1.790520] pci_bus 0000:00: resource 5 [io  0x0000-0x0cf7 window],b390ddbe,[ <*>.<*>] pci_bus <*>:<*>: resource <*> <*> <*> window],"['1.790520', '0000:00', '5', '[io  0x0000-0x0cf7']"
334,Mar,9,10:51:43,Client02,kernel,[    1.790521] pci_bus 0000:00: resource 6 [io  0x0d00-0xffff window],b390ddbe,[ <*>.<*>] pci_bus <*>:<*>: resource <*> <*> <*> window],"['1.790521', '0000:00', '6', '[io  0x0d00-0xffff']"
335,Mar,9,10:51:43,Client02,kernel,[    1.790522] pci_bus 0000:00: resource 7 [mem 0x000a0000-0x000bffff window],b390ddbe,[ <*>.<*>] pci_bus <*>:<*>: resource <*> <*> <*> window],"['1.790522', '0000:00', '7', '[mem 0x000a0000-0x000bffff']"
336,Mar,9,10:51:43,Client02,kernel,[    1.790523] pci_bus 0000:00: resource 8 [mem 0x40000000-0xfffbffff window],b390ddbe,[ <*>.<*>] pci_bus <*>:<*>: resource <*> <*> <*> window],"['1.790523', '0000:00', '8', '[mem 0x40000000-0xfffbffff']"
337,Mar,9,10:51:43,Client02,kernel,[    1.790652] NET: Registered protocol family 2,87d471e6,[ <*>.<*>] NET: Registered protocol family <*>,"['1.790652', '2']"
338,Mar,9,10:51:43,Client02,kernel,"[    1.794810] tcp_listen_portaddr_hash hash table entries: 4096 (order: 4, 65536 bytes)",6a78c96c,"[ <*>.<*>] <*> hash table entries: <*> (order: <*>, <*> bytes)","['1.794810', 'tcp_listen_portaddr_hash', '4096', '4', '65536']"
339,Mar,9,10:51:43,Client02,kernel,"[    1.801441] TCP established hash table entries: 65536 (order: 7, 524288 bytes)",e2564448,"[ <*>.<*>] <*> <*> hash table entries: <*> <*> <*>, <*> bytes)","['1.801441', 'TCP established', '65536', '(order: 7', '524288']"
340,Mar,9,10:51:43,Client02,kernel,"[    1.807631] TCP bind hash table entries: 65536 (order: 8, 1048576 bytes)",e2564448,"[ <*>.<*>] <*> <*> hash table entries: <*> <*> <*>, <*> bytes)","['1.807631', 'TCP bind', '65536', '(order: 8', '1048576']"
341,Mar,9,10:51:43,Client02,kernel,[    1.813484] TCP: Hash tables configured (established 65536 bind 65536),a9c6a646,[ <*>.<*>] TCP: Hash tables configured (established <*> bind <*>),"['1.813484', '65536', '65536']"
342,Mar,9,10:51:43,Client02,kernel,"[    1.819083] UDP hash table entries: 4096 (order: 5, 131072 bytes)",6a78c96c,"[ <*>.<*>] <*> hash table entries: <*> (order: <*>, <*> bytes)","['1.819083', 'UDP', '4096', '5', '131072']"
343,Mar,9,10:51:43,Client02,kernel,"[    1.824361] UDP-Lite hash table entries: 4096 (order: 5, 131072 bytes)",6a78c96c,"[ <*>.<*>] <*> hash table entries: <*> (order: <*>, <*> bytes)","['1.824361', 'UDP-Lite', '4096', '5', '131072']"
344,Mar,9,10:51:43,Client02,kernel,[    1.830027] NET: Registered protocol family 1,87d471e6,[ <*>.<*>] NET: Registered protocol family <*>,"['1.830027', '1']"
345,Mar,9,10:51:43,Client02,kernel,[    1.833963] NET: Registered protocol family 44,87d471e6,[ <*>.<*>] NET: Registered protocol family <*>,"['1.833963', '44']"
346,Mar,9,10:51:43,Client02,kernel,[    1.837504] pci 0000:00:00.0: Limiting direct PCI/PCI transfers,32a4060e,[ <*>.<*>] pci <*>:<*>:<*>.<*>: <*> <*> <*> <*>,"['1.837504', '0000', '00:00.0', 'Limiting', 'direct PCI/PCI transfers']"
347,Mar,9,10:51:43,Client02,kernel,[    1.842758] pci 0000:00:08.0: Video device with shadowed ROM at [mem 0x000c0000-0x000dffff],6f240111,[ <*>.<*>] pci <*>:<*>:<*>.<*>: Video device with shadowed ROM at [mem 0x000c0000-0x000dffff],"['1.842758', '0000', '00:08.0']"
348,Mar,9,10:51:43,Client02,kernel,"[    1.849298] PCI: CLS 0 bytes, default 64",4158f22b,"[ <*>.<*>] PCI: CLS <*> bytes, default <*>","['1.849298', '0', '64']"
349,Mar,9,10:51:43,Client02,kernel,[    1.849338] Unpacking initramfs...,936b8562,[ <*>.<*>] <*> <*>,"['1.849338', 'Unpacking initramfs...']"
350,Mar,9,10:51:43,Client02,kernel,[    2.150414] Freeing initrd memory: 19648K,ccc85473,[ <*>.<*>] Freeing initrd memory: 19648K,['2.150414']
351,Mar,9,10:51:43,Client02,kernel,[    2.154052] PCI-DMA: Using software bounce buffering for IO (SWIOTLB),e5f603b3,[ <*>.<*>] PCI-DMA: Using software bounce buffering for IO (SWIOTLB),['2.154052']
352,Mar,9,10:51:43,Client02,kernel,[    2.159153] software IO TLB: mapped [mem 0x3bff0000-0x3fff0000] (64MB),f8156a21,[ <*>.<*>] software IO TLB: mapped [mem 0x3bff0000-0x3fff0000] (64MB),['2.159153']
353,Mar,9,10:51:43,Client02,kernel,[    2.164692] check: Scanning for low memory corruption every 60 seconds,44ef95da,[ <*>.<*>] check: Scanning for low memory corruption every <*> seconds,"['2.164692', '60']"
354,Mar,9,10:51:43,Client02,kernel,[    2.172048] Initialise system trusted keyrings,21a70e82,[ <*>.<*>] Initialise system trusted keyrings,['2.172048']
355,Mar,9,10:51:43,Client02,kernel,[    2.175961] Key type blacklist registered,dbd17d1c,[ <*>.<*>] <*> <*> <*> registered,"['2.175961', 'Key', 'type blacklist']"
356,Mar,9,10:51:43,Client02,kernel,[    2.179823] workingset: timestamp_bits=36 max_order=21 bucket_order=0,f1c1ebff,[ <*>.<*>] workingset: timestamp_bits=<*> max_order=<*> bucket_order=<*>,"['2.179823', '36', '21', '0']"
357,Mar,9,10:51:43,Client02,kernel,[    2.186327] zbud: loaded,936b8562,[ <*>.<*>] <*> <*>,"['2.186327', 'zbud: loaded']"
358,Mar,9,10:51:43,Client02,kernel,[    2.189893] squashfs: version 4.0 (2009/01/31) Phillip Lougher,f4b6394d,[ <*>.<*>] squashfs: version <*>.<*> (<*>/<*>/<*>) Phillip Lougher,"['2.189893', '4.0', '2009', '01/31']"
359,Mar,9,10:51:43,Client02,kernel,[    2.196399] fuse init (API version 7.28),2d9471a3,[ <*>.<*>] fuse init (API version <*>.<*>),"['2.196399', '7.28']"
360,Mar,9,10:51:43,Client02,kernel,[    2.232511] Key type asymmetric registered,dbd17d1c,[ <*>.<*>] <*> <*> <*> registered,"['2.232511', 'Key', 'type asymmetric']"
361,Mar,9,10:51:43,Client02,kernel,[    2.236526] Asymmetric key parser 'x509' registered,3ecc6026,[ <*>.<*>] Asymmetric key parser 'x509' registered,['2.236526']
362,Mar,9,10:51:43,Client02,kernel,[    2.241091] Block layer SCSI generic (bsg) driver version 0.4 loaded (major 243),669e3ce3,[ <*>.<*>] Block layer SCSI generic (bsg) driver version <*>.<*> loaded (major <*>),"['2.241091', '0.4', '243']"
363,Mar,9,10:51:43,Client02,kernel,[    2.247586] shpchp: Standard Hot Plug PCI Controller Driver version: 0.4,572a6a6a,[ <*>.<*>] <*> <*> Hot Plug PCI Controller Driver version: <*>.<*>,"['2.247586', 'shpchp: Standard', '0.4']"
364,Mar,9,10:51:43,Client02,kernel,[    2.253824] intel_idle: Please enable MWAIT in BIOS SETUP,4b4d22f6,[ <*>.<*>] intel_idle: Please enable MWAIT in BIOS SETUP,['2.253824']
365,Mar,9,10:51:43,Client02,kernel,[    2.253899] input: Power Button as /devices/LNXSYSTM:00/LNXPWRBN:00/input/input0,f2dc1a2f,[ <*>.<*>] input: Power Button as /devices/LNXSYSTM:<*>/LNXPWRBN:<*>/input/input<*>,"['2.253899', '00', '00', '0']"
366,Mar,9,10:51:43,Client02,kernel,[    2.260001] ACPI: Power Button [PWRF],384a7d61,[ <*>.<*>] ACPI: <*> <*> <*>,"['2.260001', 'Power', 'Button [PWRF]']"
367,Mar,9,10:51:43,Client02,kernel,"[    2.263568] Serial: 8250/16550 driver, 32 ports, IRQ sharing enabled",ea64f415,"[ <*>.<*>] Serial: <*>/<*> driver, <*> ports, IRQ sharing enabled","['2.263568', '8250/16550', '32']"
368,Mar,9,10:51:43,Client02,kernel,"[    2.299694] 00:03: ttyS0 at I/O 0x3f8 (irq = 4, base_baud = 115200) is a 16550A",7e28a5dc,"[ <*>.<*>] <*>:<*>: <*> at I/O <*> (irq = <*>, base_baud = <*>) is a 16550A","['2.299694', '00:03', 'ttyS0', '0x3f8', '4', '115200']"
369,Mar,9,10:51:43,Client02,kernel,"[    2.335745] 00:04: ttyS1 at I/O 0x2f8 (irq = 3, base_baud = 115200) is a 16550A",7e28a5dc,"[ <*>.<*>] <*>:<*>: <*> at I/O <*> (irq = <*>, base_baud = <*>) is a 16550A","['2.335745', '00:04', 'ttyS1', '0x2f8', '3', '115200']"
370,Mar,9,10:51:43,Client02,kernel,[    2.343177] Linux agpgart interface v0.103,2614401b,[ <*>.<*>] Linux agpgart interface v0.<*>,"['2.343177', '103']"
371,Mar,9,10:51:43,Client02,kernel,[    2.357099] loop: module loaded,0ae41d87,[ <*>.<*>] loop: module loaded,['2.357099']
372,Mar,9,10:51:43,Client02,kernel,[    2.359868] hv_vmbus: registering driver hv_storvsc,12bef385,[ <*>.<*>] hv_vmbus: registering driver <*>,"['2.359868', 'hv_storvsc']"
373,Mar,9,10:51:43,Client02,kernel,[    2.366393] ata_piix 0000:00:07.1: version 2.13,48f9cb4d,[ <*>.<*>] <*> <*> version <*>,"['2.366393', 'ata_piix 0000:00:07.1:', '2.13']"
374,Mar,9,10:51:43,Client02,kernel,"[    2.366799] ata_piix 0000:00:07.1: Hyper-V Virtual Machine detected, ATA device ignore set",26b1b5d7,"[ <*>.<*>] ata_piix <*>:<*>:<*>.<*>: Hyper-V Virtual Machine detected, ATA device ignore set","['2.366799', '0000', '00:07.1']"
375,Mar,9,10:51:43,Client02,kernel,[    2.375425] scsi host0: storvsc_host_t,9ebf0a1a,[ <*>.<*>] scsi <*> <*>,"['2.375425', 'host0: storvsc_host_t']"
376,Mar,9,10:51:43,Client02,kernel,[    2.376524] scsi host1: ata_piix,9ebf0a1a,[ <*>.<*>] scsi <*> <*>,"['2.376524', 'host1: ata_piix']"
377,Mar,9,10:51:43,Client02,kernel,[    2.386284] scsi host2: ata_piix,9ebf0a1a,[ <*>.<*>] scsi <*> <*>,"['2.386284', 'host2: ata_piix']"
378,Mar,9,10:51:43,Client02,kernel,[    2.389819] scsi 0:0:0:0: Direct-Access     Msft     Virtual Disk     1.0  PQ: 0 ANSI: 5,4920f446,[ <*>.<*>] scsi <*>:<*>:<*>:<*>: <*> Msft Virtual <*> <*>.<*> PQ: <*> ANSI: <*>,"['2.389819', '0', '0:0:0', 'Direct-Access', 'Disk     1', '0', '0', '5']"
379,Mar,9,10:51:43,Client02,kernel,[    2.389877] ata1: PATA max UDMA/33 cmd 0x1f0 ctl 0x3f6 bmdma 0xffa0 irq 14,fa004d8c,[ <*>.<*>] <*> PATA max UDMA/<*> cmd <*> ctl <*> bmdma <*> irq <*>,"['2.389877', 'ata1:', '33', '0x1f0', '0x3f6', '0xffa0', '14']"
380,Mar,9,10:51:43,Client02,kernel,[    2.403013] ata2: PATA max UDMA/33 cmd 0x170 ctl 0x376 bmdma 0xffa8 irq 15,fa004d8c,[ <*>.<*>] <*> PATA max UDMA/<*> cmd <*> ctl <*> bmdma <*> irq <*>,"['2.403013', 'ata2:', '33', '0x170', '0x376', '0xffa8', '15']"
381,Mar,9,10:51:43,Client02,kernel,[    2.408367] libphy: Fixed MDIO Bus: probed,557f1a34,[ <*>.<*>] libphy: Fixed MDIO Bus: probed,['2.408367']
382,Mar,9,10:51:43,Client02,kernel,[    2.413194] sd 0:0:0:0: Attached scsi generic sg0 type 0,7fc4e243,[ <*>.<*>] <*> <*>:<*>:<*>:<*>: Attached scsi generic <*> type <*>,"['2.413194', 'sd 0', '0', '0:0', 'sg0', '0']"
383,Mar,9,10:51:43,Client02,kernel,"[    2.413599] tun: Universal TUN/TAP device driver, 1.6",0a220e22,"[ <*>.<*>] tun: Universal TUN/TAP device driver, <*>.<*>","['2.413599', '1.6']"
384,Mar,9,10:51:43,Client02,kernel,[    2.430722] sd 0:0:0:0: [sda] 62916608 512-byte logical blocks: (32.2 GB/30.0 GiB),9f727691,[ <*>.<*>] sd <*>:<*>:<*>:<*>: <*> <*> <*>-byte logical blocks: (<*>.<*> GB/<*>.<*> GiB),"['2.430722', '0', '0:0:0', '[sda]', '62916608 512', '32.2', '30.0']"
385,Mar,9,10:51:43,Client02,kernel,[    2.436371] PPP generic driver version 2.4.2,0946490e,[ <*>.<*>] PPP generic driver version <*>.<*>.<*>,"['2.436371', '2', '4.2']"
386,Mar,9,10:51:43,Client02,kernel,[    2.444345] sd 0:0:0:0: [sda] 4096-byte physical blocks,bbce10d5,[ <*>.<*>] sd <*>:<*>:<*>:<*>: <*> <*> <*> <*>,"['2.444345', '0', '0:0:0', '[sda]', '4096-byte physical blocks']"
387,Mar,9,10:51:43,Client02,kernel,[    2.444575] sd 0:0:0:0: [sda] Write Protect is off,10c5c754,[ <*>.<*>] sd <*>:<*>:<*>:<*>: <*> Write Protect is off,"['2.444575', '0', '0:0:0', '[sda]']"
388,Mar,9,10:51:43,Client02,kernel,"[    2.449545] i8042: PNP: PS/2 Controller [PNP0303:PS2K,PNP0f03:PS2M] at 0x60,0x64 irq 1,12",4ef74bfa,"[ <*>.<*>] i8042: PNP: PS/<*> Controller [PNP0303:PS2K,PNP0f03:PS2M] at 0x60,0x64 irq <*>,<*>","['2.449545', '2', '1,12']"
389,Mar,9,10:51:43,Client02,kernel,[    2.454562] sd 0:0:0:0: [sda] Mode Sense: 0f 00 10 00,735161ce,[ <*>.<*>] sd <*>:<*>:<*>:<*>: <*> Mode Sense: 0f <*> <*> <*>,"['2.454562', '0', '0:0:0', '[sda]', '00', '10 00']"
390,Mar,9,10:51:43,Client02,kernel,"[    2.472648] serio: i8042 KBD port at 0x60,0x64 irq 1",82ad81cc,"[ <*>.<*>] serio: i8042 <*> port at 0x60,0x64 irq <*>","['2.472648', 'KBD', '1']"
391,Mar,9,10:51:43,Client02,kernel,"[    2.478640] sd 0:0:0:0: [sda] Write cache: enabled, read cache: enabled, supports DPO and FUA",ffdecc77,"[ <*>.<*>] sd <*>:<*>:<*>:<*>: <*> Write cache: <*> read cache: enabled, supports DPO and FUA","['2.478640', '0', '0:0:0', '[sda]', 'enabled,']"
392,Mar,9,10:51:43,Client02,kernel,"[    2.484542] serio: i8042 AUX port at 0x60,0x64 irq 12",82ad81cc,"[ <*>.<*>] serio: i8042 <*> port at 0x60,0x64 irq <*>","['2.484542', 'AUX', '12']"
393,Mar,9,10:51:43,Client02,kernel,[    2.502990] mousedev: PS/2 mouse device common for all mice,dbaeb175,[ <*>.<*>] mousedev: PS/<*> mouse device common for all mice,"['2.502990', '2']"
394,Mar,9,10:51:43,Client02,kernel,[    2.507561] scsi host3: storvsc_host_t,9ebf0a1a,[ <*>.<*>] scsi <*> <*>,"['2.507561', 'host3: storvsc_host_t']"
395,Mar,9,10:51:43,Client02,kernel,[    2.512140] rtc_cmos 00:00: RTC can wake from S4,516bbbf1,[ <*>.<*>] rtc_cmos <*>:<*>: RTC can wake from S<*>,"['2.512140', '00:00', '4']"
396,Mar,9,10:51:43,Client02,kernel,[    2.522776] scsi 3:0:1:0: Direct-Access     Msft     Virtual Disk     1.0  PQ: 0 ANSI: 5,4920f446,[ <*>.<*>] scsi <*>:<*>:<*>:<*>: <*> Msft Virtual <*> <*>.<*> PQ: <*> ANSI: <*>,"['2.522776', '3', '0:1:0', 'Direct-Access', 'Disk     1', '0', '0', '5']"
397,Mar,9,10:51:43,Client02,kernel,[    2.532273] sd 3:0:1:0: Attached scsi generic sg1 type 0,7fc4e243,[ <*>.<*>] <*> <*>:<*>:<*>:<*>: Attached scsi generic <*> type <*>,"['2.532273', 'sd 3', '0', '1:0', 'sg1', '0']"
398,Mar,9,10:51:43,Client02,kernel,[    2.545121] sd 3:0:1:0: [sdb] 33554432 512-byte logical blocks: (17.2 GB/16.0 GiB),9f727691,[ <*>.<*>] sd <*>:<*>:<*>:<*>: <*> <*> <*>-byte logical blocks: (<*>.<*> GB/<*>.<*> GiB),"['2.545121', '3', '0:1:0', '[sdb]', '33554432 512', '17.2', '16.0']"
399,Mar,9,10:51:43,Client02,kernel,[    2.546544] rtc_cmos 00:00: registered as rtc0,fcfaf745,[ <*>.<*>] rtc_cmos <*>:<*>: registered as rtc<*>,"['2.546544', '00:00', '0']"
400,Mar,9,10:51:43,Client02,kernel,[    2.556383] sd 3:0:1:0: [sdb] 4096-byte physical blocks,bbce10d5,[ <*>.<*>] sd <*>:<*>:<*>:<*>: <*> <*> <*> <*>,"['2.556383', '3', '0:1:0', '[sdb]', '4096-byte physical blocks']"
401,Mar,9,10:51:43,Client02,kernel,[    2.556619] sd 3:0:1:0: [sdb] Write Protect is off,10c5c754,[ <*>.<*>] sd <*>:<*>:<*>:<*>: <*> Write Protect is off,"['2.556619', '3', '0:1:0', '[sdb]']"
402,Mar,9,10:51:43,Client02,kernel,[    2.561204] GPT:Primary header thinks Alt. header is not at the end of the disk.,b398e527,[ <*>.<*>] GPT:Primary header thinks Alt. header is not at the end of the disk.,['2.561204']
403,Mar,9,10:51:43,Client02,kernel,[    2.569046] sd 3:0:1:0: [sdb] Mode Sense: 0f 00 10 00,735161ce,[ <*>.<*>] sd <*>:<*>:<*>:<*>: <*> Mode Sense: 0f <*> <*> <*>,"['2.569046', '3', '0:1:0', '[sdb]', '00', '10 00']"
404,Mar,9,10:51:43,Client02,kernel,[    2.584276] GPT:4612095 != 62916607,8a328cfc,[ <*>.<*>] GPT:<*> != <*>,"['2.584276', '4612095', '62916607']"
405,Mar,9,10:51:43,Client02,kernel,"[    2.593025] sd 3:0:1:0: [sdb] Write cache: disabled, read cache: enabled, supports DPO and FUA",ffdecc77,"[ <*>.<*>] sd <*>:<*>:<*>:<*>: <*> Write cache: <*> read cache: enabled, supports DPO and FUA","['2.593025', '3', '0:1:0', '[sdb]', 'disabled,']"
406,Mar,9,10:51:43,Client02,kernel,[    2.598614] GPT:Alternate GPT header not at the end of the disk.,4bac58cc,[ <*>.<*>] GPT:Alternate GPT header not at the end of the disk.,['2.598614']
407,Mar,9,10:51:43,Client02,kernel,[    2.616714] GPT:4612095 != 62916607,8a328cfc,[ <*>.<*>] GPT:<*> != <*>,"['2.616714', '4612095', '62916607']"
408,Mar,9,10:51:43,Client02,kernel,[    2.621368] GPT: Use GNU Parted to correct GPT errors.,dd89679f,[ <*>.<*>] GPT: Use GNU Parted to correct GPT errors.,['2.621368']
409,Mar,9,10:51:43,Client02,kernel,[    2.627752]  sda: sda1 sda14 sda15,909da0e6,[ <*>.<*>] sda: sda1 sda14 sda<*>,"['2.627752', '15']"
410,Mar,9,10:51:43,Client02,kernel,[    2.632605] scsi host4: storvsc_host_t,9ebf0a1a,[ <*>.<*>] scsi <*> <*>,"['2.632605', 'host4: storvsc_host_t']"
411,Mar,9,10:51:43,Client02,kernel,[    2.646829] scsi host5: storvsc_host_t,9ebf0a1a,[ <*>.<*>] scsi <*> <*>,"['2.646829', 'host5: storvsc_host_t']"
412,Mar,9,10:51:43,Client02,kernel,[    2.656466] sd 0:0:0:0: [sda] Attached SCSI disk,bbce10d5,[ <*>.<*>] sd <*>:<*>:<*>:<*>: <*> <*> <*> <*>,"['2.656466', '0', '0:0:0', '[sda]', 'Attached SCSI disk']"
413,Mar,9,10:51:43,Client02,kernel,"[    2.668448] rtc_cmos 00:00: alarms up to one month, 114 bytes nvram",139c403f,"[ <*>.<*>] rtc_cmos <*>:<*>: alarms up to one month, <*> bytes nvram","['2.668448', '00:00', '114']"
414,Mar,9,10:51:43,Client02,kernel,[    2.676839] device-mapper: uevent: version 1.0.3,d9a4db27,[ <*>.<*>] <*> <*> <*> <*>.<*>.<*>,"['2.676839', 'device-mapper:', 'uevent: version 1', '0.3']"
415,Mar,9,10:51:43,Client02,kernel,[    2.682766] device-mapper: ioctl: 4.39.0-ioctl (2018-04-03) initialised: dm-devel@redhat.com,5bb267ad,[ <*>.<*>] device-mapper: ioctl: <*>.<*>.<*>-ioctl (<*>-<*>-<*>) initialised: dm-devel@redhat.com,"['2.682766', '4', '39.0', '2018', '04-03']"
416,Mar,9,10:51:43,Client02,kernel,[    2.692215] platform eisa.0: Probing EISA bus 0,2de64ea0,[ <*>.<*>] platform eisa.<*>: <*> <*> <*> <*>,"['2.692215', '0', 'Probing', 'EISA bus 0']"
417,Mar,9,10:51:43,Client02,kernel,[    2.697798] platform eisa.0: EISA: Cannot allocate resource for mainboard,be358a3d,[ <*>.<*>] platform eisa.<*>: EISA: Cannot allocate resource for mainboard,"['2.697798', '0']"
418,Mar,9,10:51:43,Client02,kernel,[    2.705469] platform eisa.0: Cannot allocate resource for EISA slot 1,0ad8dabf,[ <*>.<*>] platform eisa.<*>: Cannot allocate resource for EISA slot <*>,"['2.705469', '0', '1']"
419,Mar,9,10:51:43,Client02,kernel,[    2.713177] platform eisa.0: Cannot allocate resource for EISA slot 2,0ad8dabf,[ <*>.<*>] platform eisa.<*>: Cannot allocate resource for EISA slot <*>,"['2.713177', '0', '2']"
420,Mar,9,10:51:43,Client02,kernel,[    2.721333] platform eisa.0: Cannot allocate resource for EISA slot 3,0ad8dabf,[ <*>.<*>] platform eisa.<*>: Cannot allocate resource for EISA slot <*>,"['2.721333', '0', '3']"
421,Mar,9,10:51:43,Client02,kernel,[    2.729913] platform eisa.0: Cannot allocate resource for EISA slot 4,0ad8dabf,[ <*>.<*>] platform eisa.<*>: Cannot allocate resource for EISA slot <*>,"['2.729913', '0', '4']"
422,Mar,9,10:51:43,Client02,kernel,[    2.737539] platform eisa.0: Cannot allocate resource for EISA slot 5,0ad8dabf,[ <*>.<*>] platform eisa.<*>: Cannot allocate resource for EISA slot <*>,"['2.737539', '0', '5']"
423,Mar,9,10:51:43,Client02,kernel,[    2.745407] platform eisa.0: Cannot allocate resource for EISA slot 6,0ad8dabf,[ <*>.<*>] platform eisa.<*>: Cannot allocate resource for EISA slot <*>,"['2.745407', '0', '6']"
424,Mar,9,10:51:43,Client02,kernel,[    2.752740] platform eisa.0: Cannot allocate resource for EISA slot 7,0ad8dabf,[ <*>.<*>] platform eisa.<*>: Cannot allocate resource for EISA slot <*>,"['2.752740', '0', '7']"
425,Mar,9,10:51:43,Client02,kernel,[    2.760682] platform eisa.0: Cannot allocate resource for EISA slot 8,0ad8dabf,[ <*>.<*>] platform eisa.<*>: Cannot allocate resource for EISA slot <*>,"['2.760682', '0', '8']"
426,Mar,9,10:51:43,Client02,kernel,[    2.768313] platform eisa.0: EISA: Detected 0 cards,2de64ea0,[ <*>.<*>] platform eisa.<*>: <*> <*> <*> <*>,"['2.768313', '0', 'EISA:', 'Detected 0 cards']"
427,Mar,9,10:51:43,Client02,kernel,[    2.774649] NET: Registered protocol family 10,87d471e6,[ <*>.<*>] NET: Registered protocol family <*>,"['2.774649', '10']"
428,Mar,9,10:51:43,Client02,kernel,[    2.795120] Segment Routing with IPv6,26c4f486,[ <*>.<*>] Segment Routing with IPv<*>,"['2.795120', '6']"
429,Mar,9,10:51:43,Client02,kernel,[    2.799837] NET: Registered protocol family 17,87d471e6,[ <*>.<*>] NET: Registered protocol family <*>,"['2.799837', '17']"
430,Mar,9,10:51:43,Client02,kernel,[    2.805151] Key type dns_resolver registered,dbd17d1c,[ <*>.<*>] <*> <*> <*> registered,"['2.805151', 'Key', 'type dns_resolver']"
431,Mar,9,10:51:43,Client02,kernel,[    2.906133] input: AT Translated Set 2 keyboard as /devices/platform/i8042/serio0/input/input1,d15b796b,[ <*>.<*>] input: AT Translated Set <*> keyboard as <*>,"['2.906133', '2', '/devices/platform/i8042/serio0/input/input1']"
432,Mar,9,10:51:43,Client02,kernel,[    2.908607] mce: Using 1 MCE banks,48176c35,[ <*>.<*>] mce: Using <*> MCE banks,"['2.908607', '1']"
433,Mar,9,10:51:43,Client02,kernel,[    2.918100] ata2.01: NODEV after polling detection,31169089,[ <*>.<*>] ata2.<*>: NODEV after polling detection,"['2.918100', '01']"
434,Mar,9,10:51:43,Client02,kernel,[    2.922658] RAS: Correctable Errors collector initialized.,329258f5,[ <*>.<*>] RAS: Correctable Errors collector initialized.,['2.922658']
435,Mar,9,10:51:43,Client02,kernel,[    2.929984] registered taskstats version 1,48f9cb4d,[ <*>.<*>] <*> <*> version <*>,"['2.929984', 'registered taskstats', '1']"
436,Mar,9,10:51:43,Client02,kernel,[    2.935073] Loading compiled-in X.509 certificates,9a257afa,[ <*>.<*>] Loading compiled-in X.<*> certificates,"['2.935073', '509']"
437,Mar,9,10:51:43,Client02,kernel,[    2.980759] Loaded X.509 cert 'Build time autogenerated kernel key: 9c13c25bb46bb08aadac8fd6055952f30e111a90',e0570adb,[ <*>.<*>] Loaded X.<*> cert 'Build time autogenerated kernel key: 9c13c25bb46bb08aadac8fd6055952f30e111a90',"['2.980759', '509']"
438,Mar,9,10:51:43,Client02,kernel,[    2.991854] zswap: loaded using pool lzo/zbud,18f18ee6,[ <*>.<*>] zswap: loaded using pool lzo/zbud,['2.991854']
439,Mar,9,10:51:43,Client02,kernel,"[    3.028680] ata1.01: host indicates ignore ATA devices, ignored",eaf7c3db,"[ <*>.<*>] ata1.<*>: host indicates ignore ATA devices, ignored","['3.028680', '01']"
440,Mar,9,10:51:43,Client02,kernel,"[    3.030246] ata2.00: ATAPI: Virtual CD, , max MWDMA2",32444bcd,"[ <*>.<*>] ata2.<*>: ATAPI: Virtual CD, , max MWDMA<*>","['3.030246', '00', '2']"
441,Mar,9,10:51:43,Client02,kernel,"[    3.038571] ata1.00: host indicates ignore ATA devices, ignored",eaf7c3db,"[ <*>.<*>] ata1.<*>: host indicates ignore ATA devices, ignored","['3.038571', '00']"
442,Mar,9,10:51:43,Client02,kernel,[    3.043862] scsi: waiting for bus probes to complete ...,87f8c292,[ <*>.<*>] scsi: waiting for bus probes to complete ...,['3.043862']
443,Mar,9,10:51:43,Client02,kernel,[    3.050722]  sdb: sdb1,936b8562,[ <*>.<*>] <*> <*>,"['3.050722', 'sdb: sdb1']"
444,Mar,9,10:51:43,Client02,kernel,[    3.053235] Key type big_key registered,dbd17d1c,[ <*>.<*>] <*> <*> <*> registered,"['3.053235', 'Key', 'type big_key']"
445,Mar,9,10:51:43,Client02,kernel,[    3.063541] Key type trusted registered,dbd17d1c,[ <*>.<*>] <*> <*> <*> registered,"['3.063541', 'Key', 'type trusted']"
446,Mar,9,10:51:43,Client02,kernel,[    3.069679] sd 3:0:1:0: [sdb] Attached SCSI disk,bbce10d5,[ <*>.<*>] sd <*>:<*>:<*>:<*>: <*> <*> <*> <*>,"['3.069679', '3', '0:1:0', '[sdb]', 'Attached SCSI disk']"
447,Mar,9,10:51:43,Client02,kernel,[    3.071244] scsi 2:0:0:0: CD-ROM            Msft     Virtual CD/ROM   1.0  PQ: 0 ANSI: 5,4920f446,[ <*>.<*>] scsi <*>:<*>:<*>:<*>: <*> Msft Virtual <*> <*>.<*> PQ: <*> ANSI: <*>,"['3.071244', '2', '0:0:0', 'CD-ROM', 'CD/ROM   1', '0', '0', '5']"
448,Mar,9,10:51:43,Client02,kernel,[    3.086197] Key type encrypted registered,dbd17d1c,[ <*>.<*>] <*> <*> <*> registered,"['3.086197', 'Key', 'type encrypted']"
449,Mar,9,10:51:43,Client02,kernel,[    3.094314] AppArmor: AppArmor sha1 policy hashing enabled,c9165bad,[ <*>.<*>] AppArmor: AppArmor sha1 policy hashing enabled,['3.094314']
450,Mar,9,10:51:43,Client02,kernel,"[    3.100093] ima: No TPM chip found, activating TPM-bypass!",d7543f09,"[ <*>.<*>] ima: No TPM chip found, activating TPM-bypass!",['3.100093']
451,Mar,9,10:51:43,Client02,kernel,[    3.100094] sr 2:0:0:0: [sr0] scsi3-mmc drive: 0x/0x tray,859df3b2,[ <*>.<*>] sr <*>:<*>:<*>:<*>: [sr0] scsi3-mmc drive: 0x/0x tray,"['3.100094', '2', '0:0:0']"
452,Mar,9,10:51:43,Client02,kernel,[    3.100095] cdrom: Uniform CD-ROM driver Revision: 3.20,3c032de4,[ <*>.<*>] cdrom: Uniform CD-ROM driver Revision: <*>.<*>,"['3.100095', '3.20']"
453,Mar,9,10:51:43,Client02,kernel,[    3.106265] ima: Allocated hash algorithm: sha1,7adc29a9,[ <*>.<*>] ima: Allocated hash algorithm: sha<*>,"['3.106265', '1']"
454,Mar,9,10:51:43,Client02,kernel,[    3.120731] sr 2:0:0:0: Attached scsi CD-ROM sr0,74c6e44a,[ <*>.<*>] sr <*>:<*>:<*>:<*>: Attached scsi CD-ROM sr<*>,"['3.120731', '2', '0:0:0', '0']"
455,Mar,9,10:51:43,Client02,kernel,[    3.128683] No architecture policies found,98199832,[ <*>.<*>] No architecture policies found,['3.128683']
456,Mar,9,10:51:43,Client02,kernel,[    3.134865] sr 2:0:0:0: Attached scsi generic sg2 type 5,7fc4e243,[ <*>.<*>] <*> <*>:<*>:<*>:<*>: Attached scsi generic <*> type <*>,"['3.134865', 'sr 2', '0', '0:0', 'sg2', '5']"
457,Mar,9,10:51:43,Client02,kernel,[    3.145521] evm: Initialising EVM extended attributes:,d0626d7a,[ <*>.<*>] evm: Initialising EVM extended attributes:,['3.145521']
458,Mar,9,10:51:43,Client02,kernel,[    3.155926] evm: security.selinux,936b8562,[ <*>.<*>] <*> <*>,"['3.155926', 'evm: security.selinux']"
459,Mar,9,10:51:43,Client02,kernel,[    3.159167] evm: security.SMACK64,936b8562,[ <*>.<*>] <*> <*>,"['3.159167', 'evm: security.SMACK64']"
460,Mar,9,10:51:43,Client02,kernel,[    3.162416] evm: security.SMACK64EXEC,936b8562,[ <*>.<*>] <*> <*>,"['3.162416', 'evm: security.SMACK64EXEC']"
461,Mar,9,10:51:43,Client02,kernel,[    3.165813] evm: security.SMACK64TRANSMUTE,936b8562,[ <*>.<*>] <*> <*>,"['3.165813', 'evm: security.SMACK64TRANSMUTE']"
462,Mar,9,10:51:43,Client02,kernel,[    3.169511] evm: security.SMACK64MMAP,936b8562,[ <*>.<*>] <*> <*>,"['3.169511', 'evm: security.SMACK64MMAP']"
463,Mar,9,10:51:43,Client02,kernel,[    3.173139] evm: security.apparmor,936b8562,[ <*>.<*>] <*> <*>,"['3.173139', 'evm: security.apparmor']"
464,Mar,9,10:51:43,Client02,kernel,[    3.176586] evm: security.ima,936b8562,[ <*>.<*>] <*> <*>,"['3.176586', 'evm: security.ima']"
465,Mar,9,10:51:43,Client02,kernel,[    3.179644] evm: security.capability,936b8562,[ <*>.<*>] <*> <*>,"['3.179644', 'evm: security.capability']"
466,Mar,9,10:51:43,Client02,kernel,[    3.183095] evm: HMAC attrs: 0x1,b86827a7,[ <*>.<*>] evm: HMAC attrs: 0x<*>,"['3.183095', '1']"
467,Mar,9,10:51:43,Client02,kernel,[    3.186712]   Magic number: 12:503:830,7eec6703,[ <*>.<*>] Magic number: <*>:<*>:<*>,"['3.186712', '12', '503:830']"
468,Mar,9,10:51:43,Client02,kernel,[    3.190844] rtc_cmos 00:00: setting system clock to 2020-03-09T10:50:45 UTC (1583751045),841f29af,[ <*>.<*>] rtc_cmos <*>:<*>: setting system clock to <*> UTC (<*>),"['3.190844', '00:00', '2020-03-09T10:50:45', '1583751045']"
469,Mar,9,10:51:43,Client02,kernel,"[    3.200968] Unstable clock detected, switching default tracing clock to ""global""",efffaa04,"[ <*>.<*>] Unstable clock detected, switching default tracing clock to ""global""",['3.200968']
470,Mar,9,10:51:43,Client02,kernel,"[    3.200968] If you want to keep using the local clock, then add:",50e8f7c1,"[ <*>.<*>] If you want to keep using the local clock, then add:",['3.200968']
471,Mar,9,10:51:43,Client02,kernel,"[    3.200968]   ""trace_clock=local""",4be41c2d,"[ <*>.<*>] ""trace_clock=local""",['3.200968']
472,Mar,9,10:51:43,Client02,kernel,[    3.200968] on the kernel command line,486444a8,[ <*>.<*>] on the kernel command line,['3.200968']
473,Mar,9,10:51:43,Client02,kernel,[    3.218894] Freeing unused decrypted memory: 2040K,b69059a5,[ <*>.<*>] Freeing <*> <*> memory: <*>,"['3.218894', 'unused decrypted', '2040K']"
474,Mar,9,10:51:43,Client02,kernel,[    3.224271] Freeing unused kernel image memory: 2360K,8cde047a,[ <*>.<*>] Freeing unused kernel image memory: <*>,"['3.224271', '2360K']"
475,Mar,9,10:51:43,Client02,kernel,[    3.243605] Write protecting the kernel read-only data: 18432k,19fad870,[ <*>.<*>] Write protecting the kernel read-only data: 18432k,['3.243605']
476,Mar,9,10:51:43,Client02,kernel,[    3.250004] Freeing unused kernel image memory: 2008K,8cde047a,[ <*>.<*>] Freeing unused kernel image memory: <*>,"['3.250004', '2008K']"
477,Mar,9,10:51:43,Client02,kernel,[    3.254920] Freeing unused kernel image memory: 152K,8cde047a,[ <*>.<*>] Freeing unused kernel image memory: <*>,"['3.254920', '152K']"
478,Mar,9,10:51:43,Client02,kernel,"[    3.269616] x86/mm: Checked W+X mappings: passed, no W+X pages found.",0456e59a,"[ <*>.<*>] x86/mm: Checked W+X mappings: passed, no W+X pages found.",['3.269616']
479,Mar,9,10:51:43,Client02,kernel,[    3.274838] x86/mm: Checking user space page tables,03c80a6b,[ <*>.<*>] x86/mm: Checking user space page tables,['3.274838']
480,Mar,9,10:51:43,Client02,kernel,"[    3.289384] x86/mm: Checked W+X mappings: passed, no W+X pages found.",0456e59a,"[ <*>.<*>] x86/mm: Checked W+X mappings: passed, no W+X pages found.",['3.289384']
481,Mar,9,10:51:43,Client02,kernel,[    3.294849] Run /init as init process,40c073a4,[ <*>.<*>] Run /init as init process,['3.294849']
482,Mar,9,10:51:43,Client02,kernel,[    3.407163] hv_utils: Registering HyperV Utility Driver,f3d3b6f6,[ <*>.<*>] hv_utils: Registering HyperV Utility Driver,['3.407163']
483,Mar,9,10:51:43,Client02,kernel,[    3.412705] hv_vmbus: registering driver hv_utils,12bef385,[ <*>.<*>] hv_vmbus: registering driver <*>,"['3.412705', 'hv_utils']"
484,Mar,9,10:51:43,Client02,kernel,[    3.432399] hv_vmbus: registering driver hyperv_keyboard,12bef385,[ <*>.<*>] hv_vmbus: registering driver <*>,"['3.432399', 'hyperv_keyboard']"
485,Mar,9,10:51:43,Client02,kernel,[    3.439309] hidraw: raw HID events driver (C) Jiri Kosina,0b48689c,[ <*>.<*>] hidraw: raw HID events driver (C) Jiri Kosina,['3.439309']
486,Mar,9,10:51:43,Client02,kernel,[    3.445076] hv_vmbus: registering driver hv_netvsc,12bef385,[ <*>.<*>] hv_vmbus: registering driver <*>,"['3.445076', 'hv_netvsc']"
487,Mar,9,10:51:43,Client02,kernel,[    3.450305] hv_vmbus: registering driver hyperv_fb,12bef385,[ <*>.<*>] hv_vmbus: registering driver <*>,"['3.450305', 'hyperv_fb']"
488,Mar,9,10:51:43,Client02,kernel,[    3.456339] hv_utils: Heartbeat IC version 3.0,46912ed2,[ <*>.<*>] hv_utils: <*> IC version <*>.<*>,"['3.456339', 'Heartbeat', '3.0']"
489,Mar,9,10:51:43,Client02,kernel,[    3.456428] input: AT Translated Set 2 keyboard as /devices/LNXSYSTM:00/LNXSYBUS:00/PNP0A03:00/device:07/VMBUS:01/d34b2567-b9b6-42b9-8778-0a4ec0b955bf/serio2/input/input3,d15b796b,[ <*>.<*>] input: AT Translated Set <*> keyboard as <*>,"['3.456428', '2', '/devices/LNXSYSTM:00/LNXSYBUS:00/PNP0A03:00/device:07/VMBUS:01/d34b2567-b9b6-42b9-8778-0a4ec0b955bf/serio2/input/input3']"
490,Mar,9,10:51:43,Client02,kernel,[    3.484906] hv_utils: Shutdown IC version 3.0,46912ed2,[ <*>.<*>] hv_utils: <*> IC version <*>.<*>,"['3.484906', 'Shutdown', '3.0']"
491,Mar,9,10:51:43,Client02,kernel,[    3.491046] hv_utils: TimeSync IC version 4.0,46912ed2,[ <*>.<*>] hv_utils: <*> IC version <*>.<*>,"['3.491046', 'TimeSync', '4.0']"
