LineId,Month,Date,Time,Type,Component,Content,EventId,EventTemplate,ParameterList
1,Mar,9,10:51:43,Client02,keyboard-setup.sh[496],cannot open file /run/tmpkbd.DULnWm,f844a46d,cannot open file /run/tmpkbd.DULnWm,[]
2,Mar,9,10:51:43,Client02,systemd-modules-load[493],Inserted module 'iscsi_tcp',e2d09e15,Inserted module <*>,"[""'iscsi_tcp'""]"
3,Mar,9,10:51:43,Client02,systemd[1],Started Remount Root and Kernel File Systems.,5c9b0447,Started Remount Root and Kernel File Systems.,[]
4,Mar,9,10:51:43,Client02,systemd[1],Starting Load/Save Random Seed...,ba55b8d7,Starting Load/Save Random Seed...,[]
5,Mar,9,10:51:43,Client02,systemd[1],Starting Flush Journal to Persistent Storage...,e1db1317,Starting Flush Journal to Persistent Storage...,[]
6,Mar,9,10:51:43,Client02,systemd[1],Starting Create Static Device Nodes in /dev...,17ce3d3e,Starting Create Static Device Nodes in /dev...,[]
7,Mar,9,10:51:43,Client02,systemd[1],Started Load/Save Random Seed.,cb78deec,Started Load/Save Random Seed.,[]
8,Mar,9,10:51:43,Client02,systemd[1],Started udev Coldplug all Devices.,2ac0e54c,Started udev Coldplug all Devices.,[]
9,Mar,9,10:51:43,Client02,systemd-modules-load[493],Inserted module 'ib_iser',e2d09e15,Inserted module <*>,"[""'ib_iser'""]"
10,Mar,9,10:51:43,Client02,systemd[1],Started Load Kernel Modules.,f95692bb,Started <*> Kernel <*>,"['Load', 'Modules.']"
11,Mar,9,10:51:43,Client02,systemd[1],Starting Apply Kernel Variables...,96c375ea,Starting Apply Kernel Variables...,[]
12,Mar,9,10:51:43,Client02,systemd[1],Mounting Kernel Configuration File System...,40de610b,Mounting <*> <*> File System...,['Kernel Configuration']
13,Mar,9,10:51:43,Client02,systemd[1],Mounting FUSE Control File System...,40de610b,Mounting <*> <*> File System...,['FUSE Control']
14,Mar,9,10:51:43,Client02,systemd[1],Mounted Kernel Configuration File System.,737d7ce7,Mounted <*> <*> File System.,['Kernel Configuration']
15,Mar,9,10:51:43,Client02,systemd[1],Mounted FUSE Control File System.,737d7ce7,Mounted <*> <*> File System.,['FUSE Control']
16,Mar,9,10:51:43,Client02,systemd[1],Started Create Static Device Nodes in /dev.,11aa1702,Started Create Static Device Nodes in /dev.,[]
17,Mar,9,10:51:43,Client02,systemd[1],Started LVM2 metadata daemon.,162521f7,Started LVM2 metadata daemon.,[]
18,Mar,9,10:51:43,Client02,systemd[1],Starting udev Kernel Device Manager...,22110ed5,Starting udev Kernel Device Manager...,[]
19,Mar,9,10:51:43,Client02,systemd[1],Started Flush Journal to Persistent Storage.,7a4412e1,Started Flush Journal to Persistent Storage.,[]
20,Mar,9,10:51:43,Client02,systemd[1],Started Apply Kernel Variables.,f95692bb,Started <*> Kernel <*>,"['Apply', 'Variables.']"
21,Mar,9,10:51:43,Client02,systemd[1],"Started Monitoring of LVM2 mirrors, snapshots etc. using dmeventd or progress polling.",92499399,"Started Monitoring of LVM2 mirrors, snapshots etc. using dmeventd or progress polling.",[]
22,Mar,9,10:51:43,Client02,systemd[1],Started udev Kernel Device Manager.,0964e582,Started udev Kernel Device Manager.,[]
23,Mar,9,10:51:43,Client02,systemd-udevd[562],"link_config: autonegotiation is unset or enabled, the speed and duplex are not writable.",b4c65ba8,"link_config: autonegotiation is unset or enabled, the speed and duplex are not writable.",[]
24,Mar,9,10:51:43,Client02,systemd[1],Found device /dev/ttyS0.,07b8c44b,Found device <*>,['/dev/ttyS0.']
25,Mar,9,10:51:43,Client02,systemd[1],Listening on Load/Save RF Kill Switch Status /dev/rfkill Watch.,5ca53dd5,Listening on Load/Save RF Kill Switch Status /dev/rfkill Watch.,[]
26,Mar,9,10:51:43,Client02,systemd-udevd[561],"link_config: autonegotiation is unset or enabled, the speed and duplex are not writable.",b4c65ba8,"link_config: autonegotiation is unset or enabled, the speed and duplex are not writable.",[]
27,Mar,9,10:51:43,Client02,systemd[1],Found device /sys/devices/virtual/misc/vmbus!hv_kvp.,07b8c44b,Found device <*>,['/sys/devices/virtual/misc/vmbus!hv_kvp.']
28,Mar,9,10:51:43,Client02,systemd[1],Started Hyper-V KVP Protocol Daemon.,af718609,Started Hyper-V <*> Protocol Daemon.,['KVP']
29,Mar,9,10:51:43,Client02,KVP,KVP starting; pid is:587,5c47e00b,KVP starting; pid is:<*>,['587']
30,Mar,9,10:51:43,Client02,KVP,KVP LIC Version: 3.1,ab48c2c2,KVP LIC Version: <*>.<*>,['3.1']
31,Mar,9,10:51:43,Client02,systemd[1],Started Set the console keyboard layout.,046d6255,Started Set the console keyboard layout.,[]
32,Mar,9,10:51:43,Client02,systemd[1],Started Dispatch Password Requests to Console Directory Watch.,2e7c532c,Started Dispatch Password Requests to Console Directory Watch.,[]
33,Mar,9,10:51:43,Client02,systemd[1],Reached target Local Encrypted Volumes.,34b1ff8d,Reached target Local <*> <*>,['Encrypted Volumes.']
34,Mar,9,10:51:43,Client02,systemd[1],Reached target Local File Systems (Pre).,46c291bc,Reached target <*> File Systems (Pre).,['Local']
35,Mar,9,10:51:43,Client02,systemd[1],Found device Virtual_Disk UEFI.,aba829c1,Found device Virtual_Disk <*>,['UEFI.']
36,Mar,9,10:51:43,Client02,systemd[1],Mounting /boot/efi...,4b01651f,Mounting /boot/efi...,[]
37,Mar,9,10:51:43,Client02,systemd[1],Mounted /boot/efi.,eb46e2d7,Mounted /boot/efi.,[]
38,Mar,9,10:51:43,Client02,systemd[1],Reached target Local File Systems.,34b1ff8d,Reached target Local <*> <*>,['File Systems.']
39,Mar,9,10:51:43,Client02,systemd[1],Starting AppArmor initialization...,c28ff93c,Starting AppArmor initialization...,[]
40,Mar,9,10:51:43,Client02,systemd[1],Starting Tell Plymouth To Write Out Runtime Data...,0ef14e86,Starting Tell Plymouth To Write Out Runtime Data...,[]
41,Mar,9,10:51:43,Client02,systemd[1],Starting Create Volatile Files and Directories...,553b6ace,Starting Create Volatile Files and Directories...,[]
42,Mar,9,10:51:43,Client02,systemd[1],Starting Commit a transient machine-id on disk...,46a50284,Starting Commit a transient machine-id on disk...,[]
43,Mar,9,10:51:43,Client02,systemd[1],Starting ebtables ruleset management...,cf714a33,Starting ebtables ruleset management...,[]
44,Mar,9,10:51:43,Client02,systemd[1],Starting Set console font and keymap...,5be8af45,Starting Set console font and keymap...,[]
45,Mar,9,10:51:43,Client02,systemd[1],Started Set console font and keymap.,789c1938,Started Set console font and keymap.,[]
46,Mar,9,10:51:43,Client02,systemd[1],Started Tell Plymouth To Write Out Runtime Data.,6c9f2ba4,Started Tell Plymouth To Write Out Runtime Data.,[]
47,Mar,9,10:51:43,Client02,systemd[1],Started Commit a transient machine-id on disk.,e752b074,Started Commit a transient machine-id on disk.,[]
48,Mar,9,10:51:43,Client02,systemd[1],Started Create Volatile Files and Directories.,0dce4002,Started Create Volatile Files and Directories.,[]
49,Mar,9,10:51:43,Client02,systemd[1],Starting Network Time Synchronization...,efe6c9f1,Starting Network <*> <*>,['Time Synchronization...']
50,Mar,9,10:51:43,Client02,apparmor[713],* Starting AppArmor profiles,5ec4b9d4,* Starting AppArmor profiles,[]
51,Mar,9,10:51:43,Client02,systemd[1],Starting Update UTMP about System Boot/Shutdown...,49f78a1f,Starting Update UTMP about System Boot/Shutdown...,[]
52,Mar,9,10:51:43,Client02,systemd[1],Started Update UTMP about System Boot/Shutdown.,23674c1b,Started Update UTMP about System Boot/Shutdown.,[]
53,Mar,9,10:51:43,Client02,systemd[1],Started ebtables ruleset management.,556c2007,Started ebtables ruleset management.,[]
54,Mar,9,10:51:43,Client02,systemd[1],Started Network Time Synchronization.,19632b36,Started Network <*> <*>,['Time Synchronization.']
55,Mar,9,10:51:43,Client02,systemd[1],Reached target System Time Synchronized.,f1929b07,Reached target System Time Synchronized.,[]
56,Mar,9,10:51:43,Client02,apparmor[713],Skipping profile in /etc/apparmor.d/disable: usr.sbin.rsyslogd,48b736f2,Skipping profile in /etc/apparmor.d/disable: <*>,['usr.sbin.rsyslogd']
57,Mar,9,10:51:43,Client02,apparmor[713],...done.,5917eca7,...done.,[]
58,Mar,9,10:51:43,Client02,systemd[1],Started AppArmor initialization.,0996564c,Started AppArmor initialization.,[]
59,Mar,9,10:51:43,Client02,systemd[1],Starting Initial cloud-init job (pre-networking)...,e78729f5,Starting Initial cloud-init job (pre-networking)...,[]
60,Mar,9,10:51:43,Client02,sh[782],+ [ -e /var/lib/cloud/instance/obj.pkl ],70e76c7a,+ [ -e /var/lib/cloud/instance/obj.pkl ],[]
61,Mar,9,10:51:43,Client02,sh[782],+ exit 0,c5c10621,+ exit <*>,['0']
62,Mar,9,10:51:43,Client02,dhclient[839],Internet Systems Consortium DHCP Client 4.3.5,06949766,Internet Systems Consortium DHCP Client <*>.<*>.<*>,"['4', '3.5']"
63,Mar,9,10:51:43,Client02,dhclient[839],Copyright 2004-2016 Internet Systems Consortium.,bc90b480,Copyright <*>-<*> Internet Systems Consortium.,['2004-2016']
64,Mar,9,10:51:43,Client02,dhclient[839],All rights reserved.,1efc109b,All rights reserved.,[]
65,Mar,9,10:51:43,Client02,dhclient[839],"For info, please visit https://www.isc.org/software/dhcp/",137389d4,"For info, please visit https://www.isc.org/software/dhcp/",[]
66,Mar,9,10:51:43,Client02,dhclient[839],Listening on LPF/eth0/00:0d:3a:ab:58:b4,ac5114e9,Listening on LPF/eth0/<*>:0d:3a:ab:<*>:b<*>,"['00', '58', '4']"
67,Mar,9,10:51:43,Client02,dhclient[839],Sending on   LPF/eth0/00:0d:3a:ab:58:b4,bbadc51a,Sending on <*>,['LPF/eth0/00:0d:3a:ab:58:b4']
68,Mar,9,10:51:43,Client02,dhclient[839],Sending on   Socket/fallback,bbadc51a,Sending on <*>,['Socket/fallback']
69,Mar,9,10:51:43,Client02,dhclient[839],DHCPDISCOVER on eth0 to 255.255.255.255 port 67 interval 3 (xid=0x35e59978),8692bb20,DHCPDISCOVER on eth0 to <*> port <*> interval <*> <*>,"['255.255.255.255', '67', '3 (xid=0x35e59978)']"
70,Mar,9,10:51:43,Client02,dhclient[839],DHCPDISCOVER on eth0 to 255.255.255.255 port 67 interval 6 (xid=0x35e59978),8692bb20,DHCPDISCOVER on eth0 to <*> port <*> interval <*> <*>,"['255.255.255.255', '67', '6 (xid=0x35e59978)']"
71,Mar,9,10:51:43,Client02,dhclient[839],DHCPDISCOVER on eth0 to 255.255.255.255 port 67 interval 10 (xid=0x35e59978),8692bb20,DHCPDISCOVER on eth0 to <*> port <*> interval <*> <*>,"['255.255.255.255', '67', '10 (xid=0x35e59978)']"
72,Mar,9,10:51:43,Client02,dhclient[839],DHCPDISCOVER on eth0 to 255.255.255.255 port 67 interval 11 (xid=0x35e59978),8692bb20,DHCPDISCOVER on eth0 to <*> port <*> interval <*> <*>,"['255.255.255.255', '67', '11 (xid=0x35e59978)']"
73,Mar,9,10:51:43,Client02,dhclient[839],DHCPDISCOVER on eth0 to 255.255.255.255 port 67 interval 14 (xid=0x35e59978),8692bb20,DHCPDISCOVER on eth0 to <*> port <*> interval <*> <*>,"['255.255.255.255', '67', '14 (xid=0x35e59978)']"
74,Mar,9,10:51:43,Client02,dhclient[839],DHCPREQUEST of 10.0.0.12 on eth0 to 255.255.255.255 port 67 (xid=0x7899e535),11199ca5,DHCPREQUEST of <*> on eth0 to <*> port <*> <*>,"['10.0.0.12', '255.255.255.255', '67 (xid=0x7899e535)']"
75,Mar,9,10:51:43,Client02,dhclient[839],DHCPOFFER of 10.0.0.12 from 168.63.129.16,82041fd7,DHCPOFFER of <*> from <*>,"['10.0.0.12', '168.63.129.16']"
76,Mar,9,10:51:43,Client02,dhclient[839],DHCPACK of 10.0.0.12 from 168.63.129.16,151a0778,DHCPACK of <*> from <*>,"['10.0.0.12', '168.63.129.16']"
77,Mar,9,10:51:43,Client02,dhclient[839],bound to 10.0.0.12 -- renewal in 4294967295 seconds.,032e2c6f,bound to <*> -- renewal in <*> seconds.,"['10.0.0.12', '4294967295']"
78,Mar,9,10:51:43,Client02,cloud-init[787],"Cloud-init v. 19.4-33-gbb4131a2-0ubuntu1~18.04.1 running 'init-local' at Mon, 09 Mar 2020 10:50:58 +0000. Up 15.27 seconds.",9719122c,Cloud-init v. <*>.<*>-<*>-gbb4131a2-0ubuntu1~<*>.<*>.<*> running <*> at <*> <*> Mar <*> <*>:<*>:<*> <*>. Up <*>.<*> seconds.,"['19.4', '33', '18', '04.1', ""'init-local'"", 'Mon, 09', '2020 10', '50:58', '+0000', '15.27']"
79,Mar,9,10:51:43,Client02,systemd[1],Started Initial cloud-init job (pre-networking).,4d107eed,Started Initial cloud-init job (pre-networking).,[]
80,Mar,9,10:51:43,Client02,systemd[1],Reached target Network (Pre).,3f508636,Reached target <*> <*>,['Network (Pre).']
81,Mar,9,10:51:43,Client02,systemd[1],Starting Network Service...,2e322db0,Starting <*> Service...,['Network']
82,Mar,9,10:51:43,Client02,systemd-networkd[866],Enumeration completed,d7e5ae8a,Enumeration completed,[]
83,Mar,9,10:51:43,Client02,systemd[1],Started Network Service.,251593e6,Started <*> Service.,['Network']
84,Mar,9,10:51:43,Client02,systemd-networkd[866],eth0: Link UP,f4377478,eth0: Link <*>,['UP']
85,Mar,9,10:51:43,Client02,systemd-networkd[866],eth0: Gained carrier,85e5c000,eth0: Gained <*>,['carrier']
86,Mar,9,10:51:43,Client02,systemd-networkd[866],eth0: Gained IPv6LL,85e5c000,eth0: Gained <*>,['IPv6LL']
87,Mar,9,10:51:43,Client02,systemd-networkd[866],eth0: Link DOWN,f4377478,eth0: Link <*>,['DOWN']
88,Mar,9,10:51:43,Client02,systemd-networkd[866],eth0: Lost carrier,1968e964,eth0: Lost carrier,[]
89,Mar,9,10:51:43,Client02,systemd[1],Starting Wait for Network to be Configured...,29a897b8,Starting Wait for Network to be Configured...,[]
90,Mar,9,10:51:43,Client02,systemd-networkd[866],eth0: IPv6 successfully enabled,48f48d37,eth0: IPv6 successfully enabled,[]
91,Mar,9,10:51:43,Client02,systemd-networkd[866],lo: Link is not managed by us,fda80c60,lo: Link is not managed by us,[]
92,Mar,9,10:51:43,Client02,systemd[1],Starting Network Name Resolution...,efe6c9f1,Starting Network <*> <*>,['Name Resolution...']
93,Mar,9,10:51:43,Client02,systemd-networkd-wait-online[900],ignoring: lo,16786b5a,ignoring: lo,[]
94,Mar,9,10:51:43,Client02,systemd-networkd-wait-online[900],message repeated 2 times: [ ignoring: lo],7fab82ac,message repeated <*> times: [ ignoring: lo],['2']
95,Mar,9,10:51:43,Client02,systemd-networkd[866],eth0: Link UP,f4377478,eth0: Link <*>,['UP']
96,Mar,9,10:51:43,Client02,systemd-networkd-wait-online[900],ignoring: lo,16786b5a,ignoring: lo,[]
97,Mar,9,10:51:43,Client02,systemd-networkd[866],eth0: Gained carrier,85e5c000,eth0: Gained <*>,['carrier']
98,Mar,9,10:51:43,Client02,systemd-networkd-wait-online[900],ignoring: lo,16786b5a,ignoring: lo,[]
99,Mar,9,10:51:43,Client02,systemd-resolved[901],Positive Trust Anchors:,9d5e0649,Positive Trust Anchors:,[]
100,Mar,9,10:51:43,Client02,systemd-resolved[901],. IN DS 19036 8 2 49aac11d7b6f6446702e54a1607371607a1a41855200fd2ce1cdde32f24e8fb5,52252e0a,. IN DS <*> <*> <*> 49aac11d7b6f6446702e54a1607371607a1a41855200fd2ce1cdde32f24e8fb<*>,"['19036', '8 2', '5']"
101,Mar,9,10:51:43,Client02,systemd-resolved[901],. IN DS 20326 8 2 e06d44b80b8f1d39a95c0b0d7c65d08458e880409bbc683457104237c7f8ec8d,feb133fd,. IN DS <*> <*> <*> e06d44b80b8f1d39a95c0b0d7c65d08458e880409bbc683457104237c7f8ec8d,"['20326', '8 2']"
102,Mar,9,10:51:43,Client02,systemd-resolved[901],Negative trust anchors: 10.in-addr.arpa 16.172.in-addr.arpa 17.172.in-addr.arpa 18.172.in-addr.arpa 19.172.in-addr.arpa 20.172.in-addr.arpa 21.172.in-addr.arpa 22.172.in-addr.arpa 23.172.in-addr.arpa 24.172.in-addr.arpa 25.172.in-addr.arpa 26.172.in-addr.arpa 27.172.in-addr.arpa 28.172.in-addr.arpa 29.172.in-addr.arpa 30.172.in-addr.arpa 31.172.in-addr.arpa 168.192.in-addr.arpa d.f.ip6.arpa corp home internal intranet lan local private test,02923d72,Negative trust anchors: <*>.in-addr.arpa <*>.<*>.in-addr.arpa <*>.<*>.in-addr.arpa <*>.<*>.in-addr.arpa <*>.<*>.in-addr.arpa <*>.<*>.in-addr.arpa <*>.<*>.in-addr.arpa <*>.<*>.in-addr.arpa <*>.<*>.in-addr.arpa <*>.<*>.in-addr.arpa <*>.<*>.in-addr.arpa <*>.<*>.in-addr.arpa <*>.<*>.in-addr.arpa <*>.<*>.in-addr.arpa <*>.<*>.in-addr.arpa <*>.<*>.in-addr.arpa <*>.<*>.in-addr.arpa <*>.<*>.in-addr.arpa d.f.ip6.arpa corp home internal intranet lan local private test,"['10', '16.172', '17.172', '18.172', '19.172', '20.172', '21.172', '22.172', '23.172', '24.172', '25.172', '26.172', '27.172', '28.172', '29.172', '30.172', '31.172', '168.192']"
103,Mar,9,10:51:43,Client02,systemd-resolved[901],Using system hostname 'Client02'.,d354f02b,Using system hostname 'Client02'.,[]
104,Mar,9,10:51:43,Client02,systemd[1],Started Network Name Resolution.,19632b36,Started Network <*> <*>,['Name Resolution.']
105,Mar,9,10:51:43,Client02,systemd[1],Reached target Network.,1482f31a,Reached target <*>,['Network.']
106,Mar,9,10:51:43,Client02,systemd[1],Reached target Host and Network Name Lookups.,50ef944c,Reached target Host and Network Name Lookups.,[]
107,Mar,9,10:51:43,Client02,systemd-networkd[866],eth0: DHCPv4 address 10.0.0.12/8 via 10.0.0.1,0de29e31,eth0: DHCPv4 address <*>/<*> via <*>,"['10.0.0.12/8', '10.0.0.1']"
108,Mar,9,10:51:43,Client02,systemd-networkd-wait-online[900],ignoring: lo,16786b5a,ignoring: lo,[]
109,Mar,9,10:51:43,Client02,systemd-timesyncd[736],"Network configuration changed, trying to establish connection.",d4606850,"Network configuration changed, trying to establish connection.",[]
110,Mar,9,10:51:43,Client02,systemd-networkd[866],eth0: Gained IPv6LL,85e5c000,eth0: Gained <*>,['IPv6LL']
111,Mar,9,10:51:43,Client02,systemd-networkd[866],eth0: Configured,97681fc7,eth0: Configured,[]
112,Mar,9,10:51:43,Client02,systemd-timesyncd[736],"Network configuration changed, trying to establish connection.",d4606850,"Network configuration changed, trying to establish connection.",[]
113,Mar,9,10:51:43,Client02,systemd-networkd-wait-online[900],ignoring: lo,16786b5a,ignoring: lo,[]
114,Mar,9,10:51:43,Client02,systemd-networkd-wait-online[900],managing: eth0,02a30c10,managing: eth<*>,['0']
115,Mar,9,10:51:43,Client02,systemd[1],Started Wait for Network to be Configured.,4969deb1,Started Wait for Network to be Configured.,[]
116,Mar,9,10:51:43,Client02,systemd[1],Starting Initial cloud-init job (metadata service crawler)...,cdc459be,Starting Initial cloud-init job (metadata service crawler)...,[]
117,Mar,9,10:51:43,Client02,cloud-init[931],"Cloud-init v. 19.4-33-gbb4131a2-0ubuntu1~18.04.1 running 'init' at Mon, 09 Mar 2020 10:51:33 +0000. Up 49.63 seconds.",9719122c,Cloud-init v. <*>.<*>-<*>-gbb4131a2-0ubuntu1~<*>.<*>.<*> running <*> at <*> <*> Mar <*> <*>:<*>:<*> <*>. Up <*>.<*> seconds.,"['19.4', '33', '18', '04.1', ""'init'"", 'Mon, 09', '2020 10', '51:33', '+0000', '49.63']"
118,Mar,9,10:51:43,Client02,cloud-init[931],ci-info: ++++++++++++++++++++++++++++++++++++Net device info+++++++++++++++++++++++++++++++++++++,6b06146e,ci-info: ++++++++++++++++++++++++++++++++++++Net device info+++++++++++++++++++++++++++++++++++++,[]
119,Mar,9,10:51:43,Client02,cloud-init[931],ci-info: +--------+------+-----------------------------+-----------+--------+-------------------+,08a08cfa,ci-info: <*>,['+--------+------+-----------------------------+-----------+--------+-------------------+']
120,Mar,9,10:51:43,Client02,cloud-init[931],ci-info: | Device |  Up  |           Address           |    Mask   | Scope  |     Hw-Address    |,547d2eda,ci-info: | <*> | <*> | <*> | <*> | <*> | <*> |,"['Device', 'Up', 'Address', 'Mask', 'Scope', 'Hw-Address']"
121,Mar,9,10:51:43,Client02,cloud-init[931],ci-info: +--------+------+-----------------------------+-----------+--------+-------------------+,08a08cfa,ci-info: <*>,['+--------+------+-----------------------------+-----------+--------+-------------------+']
122,Mar,9,10:51:43,Client02,cloud-init[931],ci-info: |  eth0  | True |          10.0.0.12          | 255.0.0.0 | global | 00:0d:3a:ab:58:b4 |,547d2eda,ci-info: | <*> | <*> | <*> | <*> | <*> | <*> |,"['eth0', 'True', '10.0.0.12', '255.0.0.0', 'global', '00:0d:3a:ab:58:b4']"
123,Mar,9,10:51:43,Client02,cloud-init[931],ci-info: |  eth0  | True | fe80::20d:3aff:feab:58b4/64 |     .     |  link  | 00:0d:3a:ab:58:b4 |,547d2eda,ci-info: | <*> | <*> | <*> | <*> | <*> | <*> |,"['eth0', 'True', 'fe80::20d:3aff:feab:58b4/64', '.', 'link', '00:0d:3a:ab:58:b4']"
124,Mar,9,10:51:43,Client02,cloud-init[931],ci-info: |   lo   | True |          127.0.0.1          | 255.0.0.0 |  host  |         .         |,547d2eda,ci-info: | <*> | <*> | <*> | <*> | <*> | <*> |,"['lo', 'True', '127.0.0.1', '255.0.0.0', 'host', '.']"
125,Mar,9,10:51:43,Client02,cloud-init[931],ci-info: |   lo   | True |           ::1/128           |     .     |  host  |         .         |,547d2eda,ci-info: | <*> | <*> | <*> | <*> | <*> | <*> |,"['lo', 'True', '::1/128', '.', 'host', '.']"
126,Mar,9,10:51:43,Client02,cloud-init[931],ci-info: +--------+------+-----------------------------+-----------+--------+-------------------+,08a08cfa,ci-info: <*>,['+--------+------+-----------------------------+-----------+--------+-------------------+']
127,Mar,9,10:51:43,Client02,cloud-init[931],ci-info: ++++++++++++++++++++++++++++++Route IPv4 info+++++++++++++++++++++++++++++++,d12607e6,ci-info: ++++++++++++++++++++++++++++++Route IPv4 info+++++++++++++++++++++++++++++++,[]
128,Mar,9,10:51:43,Client02,cloud-init[931],ci-info: +-------+-----------------+----------+-----------------+-----------+-------+,08a08cfa,ci-info: <*>,['+-------+-----------------+----------+-----------------+-----------+-------+']
129,Mar,9,10:51:43,Client02,cloud-init[931],ci-info: | Route |   Destination   | Gateway  |     Genmask     | Interface | Flags |,547d2eda,ci-info: | <*> | <*> | <*> | <*> | <*> | <*> |,"['Route', 'Destination', 'Gateway', 'Genmask', 'Interface', 'Flags']"
130,Mar,9,10:51:43,Client02,cloud-init[931],ci-info: +-------+-----------------+----------+-----------------+-----------+-------+,08a08cfa,ci-info: <*>,['+-------+-----------------+----------+-----------------+-----------+-------+']
131,Mar,9,10:51:43,Client02,cloud-init[931],ci-info: |   0   |     0.0.0.0     | 10.0.0.1 |     0.0.0.0     |    eth0   |   UG  |,547d2eda,ci-info: | <*> | <*> | <*> | <*> | <*> | <*> |,"['0', '0.0.0.0', '10.0.0.1', '0.0.0.0', 'eth0', 'UG']"
132,Mar,9,10:51:43,Client02,cloud-init[931],ci-info: |   1   |     10.0.0.0    | 0.0.0.0  |    255.0.0.0    |    eth0   |   U   |,547d2eda,ci-info: | <*> | <*> | <*> | <*> | <*> | <*> |,"['1', '10.0.0.0', '0.0.0.0', '255.0.0.0', 'eth0', 'U']"
133,Mar,9,10:51:43,Client02,cloud-init[931],ci-info: |   2   |  168.63.129.16  | 10.0.0.1 | 255.255.255.255 |    eth0   |  UGH  |,547d2eda,ci-info: | <*> | <*> | <*> | <*> | <*> | <*> |,"['2', '168.63.129.16', '10.0.0.1', '255.255.255.255', 'eth0', 'UGH']"
134,Mar,9,10:51:43,Client02,cloud-init[931],ci-info: |   3   | 169.254.169.254 | 10.0.0.1 | 255.255.255.255 |    eth0   |  UGH  |,547d2eda,ci-info: | <*> | <*> | <*> | <*> | <*> | <*> |,"['3', '169.254.169.254', '10.0.0.1', '255.255.255.255', 'eth0', 'UGH']"
135,Mar,9,10:51:43,Client02,cloud-init[931],ci-info: +-------+-----------------+----------+-----------------+-----------+-------+,08a08cfa,ci-info: <*>,['+-------+-----------------+----------+-----------------+-----------+-------+']
136,Mar,9,10:51:43,Client02,cloud-init[931],ci-info: +++++++++++++++++++Route IPv6 info+++++++++++++++++++,18f76c70,ci-info: +++++++++++++++++++Route IPv6 info+++++++++++++++++++,[]
137,Mar,9,10:51:43,Client02,cloud-init[931],ci-info: +-------+-------------+---------+-----------+-------+,08a08cfa,ci-info: <*>,['+-------+-------------+---------+-----------+-------+']
138,Mar,9,10:51:43,Client02,cloud-init[931],ci-info: | Route | Destination | Gateway | Interface | Flags |,f9acf2a5,ci-info: | <*> | <*> | <*> | <*> | <*> |,"['Route', 'Destination', 'Gateway', 'Interface', 'Flags']"
139,Mar,9,10:51:43,Client02,cloud-init[931],ci-info: +-------+-------------+---------+-----------+-------+,08a08cfa,ci-info: <*>,['+-------+-------------+---------+-----------+-------+']
140,Mar,9,10:51:43,Client02,cloud-init[931],ci-info: |   1   |  fe80::/64  |    ::   |    eth0   |   U   |,f9acf2a5,ci-info: | <*> | <*> | <*> | <*> | <*> |,"['1', 'fe80::/64', '::', 'eth0', 'U']"
141,Mar,9,10:51:43,Client02,cloud-init[931],ci-info: |   3   |    local    |    ::   |    eth0   |   U   |,f9acf2a5,ci-info: | <*> | <*> | <*> | <*> | <*> |,"['3', 'local', '::', 'eth0', 'U']"
142,Mar,9,10:51:43,Client02,cloud-init[931],ci-info: |   4   |   ff00::/8  |    ::   |    eth0   |   U   |,f9acf2a5,ci-info: | <*> | <*> | <*> | <*> | <*> |,"['4', 'ff00::/8', '::', 'eth0', 'U']"
143,Mar,9,10:51:43,Client02,cloud-init[931],ci-info: +-------+-------------+---------+-----------+-------+,08a08cfa,ci-info: <*>,['+-------+-------------+---------+-----------+-------+']
144,Mar,9,10:51:43,Client02,ntfs-3g[991],Version 2017.3.23 integrated FUSE 28,9eb84f4a,Version <*>.<*>.<*> integrated FUSE <*>,"['2017', '3.23', '28']"
145,Mar,9,10:51:43,Client02,ntfs-3g[991],"Mounted /dev/sdb1 (Read-Only, label ""Temporary Storage"", NTFS 3.1)",966d1e94,"Mounted /dev/sdb1 (Read-Only, label ""Temporary Storage"", NTFS <*>.<*>)",['3.1']
146,Mar,9,10:51:43,Client02,ntfs-3g[991],Cmdline options: ro,a04e25eb,Cmdline options: ro,[]
147,Mar,9,10:51:43,Client02,ntfs-3g[991],"Mount options: ro,allow_other,nonempty,relatime,fsname=/dev/sdb1,blkdev,blksize=4096",86114c71,"Mount options: ro,allow_other,nonempty,relatime,fsname=/dev/sdb1,blkdev,blksize=<*>",['4096']
148,Mar,9,10:51:43,Client02,ntfs-3g[991],"Ownership and permissions disabled, configuration type 7",3167901f,"Ownership and permissions disabled, configuration type <*>",['7']
149,Mar,9,10:51:43,Client02,ntfs-3g[991],Unmounting /dev/sdb1 (Temporary Storage),9aaebc4f,Unmounting /dev/sdb1 (Temporary Storage),[]
150,Mar,9,10:51:43,Client02,systemd[1],Reloading.,c39f5440,Reloading.,[]
151,Mar,9,10:51:43,Client02,cloud-init[931],Generating public/private rsa key pair.,3b53b44e,Generating public/private <*> key pair.,['rsa']
152,Mar,9,10:51:43,Client02,cloud-init[931],Your identification has been saved in /etc/ssh/ssh_host_rsa_key.,d16be467,Your identification has been saved in <*>,['/etc/ssh/ssh_host_rsa_key.']
153,Mar,9,10:51:43,Client02,cloud-init[931],Your public key has been saved in /etc/ssh/ssh_host_rsa_key.pub.,75d28c0d,Your public key has been saved in <*>,['/etc/ssh/ssh_host_rsa_key.pub.']
154,Mar,9,10:51:43,Client02,cloud-init[931],The key fingerprint is:,e330a02d,The key fingerprint is:,[]
155,Mar,9,10:51:43,Client02,cloud-init[931],SHA256:dMT+nAKBO31dEfy6PNKjiaxFNQ6JDyTSvRisnF8kh4E root@Client02,c784e62e,<*> root@Client<*>,"['SHA256:dMT+nAKBO31dEfy6PNKjiaxFNQ6JDyTSvRisnF8kh4E', '02']"
156,Mar,9,10:51:43,Client02,cloud-init[931],The key's randomart image is:,890114fb,The key's randomart image is:,[]
157,Mar,9,10:51:43,Client02,cloud-init[931],+---[RSA 2048]----+,05a160dc,+---[RSA <*>]----+,['2048']
158,Mar,9,10:51:43,Client02,cloud-init[931],|    .+o=...  .oo |,1f5411c5,| <*> <*> |,['.+o=...  .oo']
159,Mar,9,10:51:43,Client02,cloud-init[931],|    E.Bo=o..  o  |,1f5411c5,| <*> <*> |,['E.Bo=o..  o']
160,Mar,9,10:51:43,Client02,cloud-init[931],|   . o O+++.o. . |,817dd825,| . <*> <*> <*> |,"['o', 'O+++.o. .']"
161,Mar,9,10:51:43,Client02,cloud-init[931],|    + +.=+o+..  .|,2c006643,| + +.=+o+.. .|,[]
162,Mar,9,10:51:43,Client02,cloud-init[931],|     . oSooo.. . |,52bb2854,| <*> <*> . |,['. oSooo..']
163,Mar,9,10:51:43,Client02,cloud-init[931],|      .  .. + .  |,817dd825,| . <*> <*> <*> |,"['..', '+ .']"
164,Mar,9,10:51:43,Client02,cloud-init[931],|          .. o . |,52bb2854,| <*> <*> . |,['.. o']
165,Mar,9,10:51:43,Client02,cloud-init[931],|         o ...*  |,1f5411c5,| <*> <*> |,['o ...*']
166,Mar,9,10:51:43,Client02,cloud-init[931],|        ..o oo o |,1d1e9393,| ..o oo o |,[]
167,Mar,9,10:51:43,Client02,cloud-init[931],+----[SHA256]-----+,d17318ba,+----[SHA256]-----+,[]
168,Mar,9,10:51:43,Client02,cloud-init[931],Generating public/private dsa key pair.,3b53b44e,Generating public/private <*> key pair.,['dsa']
169,Mar,9,10:51:43,Client02,cloud-init[931],Your identification has been saved in /etc/ssh/ssh_host_dsa_key.,d16be467,Your identification has been saved in <*>,['/etc/ssh/ssh_host_dsa_key.']
170,Mar,9,10:51:43,Client02,cloud-init[931],Your public key has been saved in /etc/ssh/ssh_host_dsa_key.pub.,75d28c0d,Your public key has been saved in <*>,['/etc/ssh/ssh_host_dsa_key.pub.']
171,Mar,9,10:51:43,Client02,cloud-init[931],The key fingerprint is:,e330a02d,The key fingerprint is:,[]
172,Mar,9,10:51:43,Client02,cloud-init[931],SHA256:NTX+a82n5BWCN9J1/67o1+wz1UcUH5zZjygXY10ynRI root@Client02,c784e62e,<*> root@Client<*>,"['SHA256:NTX+a82n5BWCN9J1/67o1+wz1UcUH5zZjygXY10ynRI', '02']"
173,Mar,9,10:51:43,Client02,cloud-init[931],The key's randomart image is:,890114fb,The key's randomart image is:,[]
174,Mar,9,10:51:43,Client02,cloud-init[931],+---[DSA 1024]----+,dd21cfec,+---[DSA <*>]----+,['1024']
175,Mar,9,10:51:43,Client02,cloud-init[931],|            oE==B|,9900485a,| <*>,['oE==B|']
176,Mar,9,10:51:43,Client02,cloud-init[931],|           o+o.B*|,9900485a,| <*>,['o+o.B*|']
177,Mar,9,10:51:43,Client02,cloud-init[931],|          o..+.++|,9900485a,| <*>,['o..+.++|']
178,Mar,9,10:51:43,Client02,cloud-init[931],|         ...=.o =|,2da1e2ae,| ...=.o =|,[]
179,Mar,9,10:51:43,Client02,cloud-init[931],|        S  = =.oo|,7a15d636,| S = =.oo|,[]
180,Mar,9,10:51:43,Client02,cloud-init[931],|            o o+*|,3a5df214,| o o+*|,[]
181,Mar,9,10:51:43,Client02,cloud-init[931],|              +oO|,9900485a,| <*>,['+oO|']
182,Mar,9,10:51:43,Client02,cloud-init[931],|             =.*+|,9900485a,| <*>,['=.*+|']
183,Mar,9,10:51:43,Client02,cloud-init[931],|           .o.+o=|,9900485a,| <*>,['.o.+o=|']
184,Mar,9,10:51:43,Client02,cloud-init[931],+----[SHA256]-----+,d17318ba,+----[SHA256]-----+,[]
185,Mar,9,10:51:43,Client02,cloud-init[931],Generating public/private ecdsa key pair.,3b53b44e,Generating public/private <*> key pair.,['ecdsa']
186,Mar,9,10:51:43,Client02,cloud-init[931],Your identification has been saved in /etc/ssh/ssh_host_ecdsa_key.,d16be467,Your identification has been saved in <*>,['/etc/ssh/ssh_host_ecdsa_key.']
187,Mar,9,10:51:43,Client02,cloud-init[931],Your public key has been saved in /etc/ssh/ssh_host_ecdsa_key.pub.,75d28c0d,Your public key has been saved in <*>,['/etc/ssh/ssh_host_ecdsa_key.pub.']
188,Mar,9,10:51:43,Client02,cloud-init[931],The key fingerprint is:,e330a02d,The key fingerprint is:,[]
189,Mar,9,10:51:43,Client02,cloud-init[931],SHA256:0yoFPUJ9EqlZR1v5s6TJQ041oS+SIYxJOvktRgowgIs root@Client02,c784e62e,<*> root@Client<*>,"['SHA256:0yoFPUJ9EqlZR1v5s6TJQ041oS+SIYxJOvktRgowgIs', '02']"
190,Mar,9,10:51:43,Client02,cloud-init[931],The key's randomart image is:,890114fb,The key's randomart image is:,[]
191,Mar,9,10:51:43,Client02,cloud-init[931],+---[ECDSA 256]---+,98d28617,+---[ECDSA <*>]---+,['256']
192,Mar,9,10:51:43,Client02,cloud-init[931],|*     o..+. .... |,b843cbac,|* o..+. .... |,[]
193,Mar,9,10:51:43,Client02,cloud-init[931],|.o   = == oo..o  |,5c1e6a19,|.o = == oo..o |,[]
194,Mar,9,10:51:43,Client02,cloud-init[931],|... + *+=+o .o . |,f10dbe10,|... + *+=+o .o . |,[]
195,Mar,9,10:51:43,Client02,cloud-init[931],|E  . =o+ + oo.+  |,d84f171f,|E . =o+ + oo.+ |,[]
196,Mar,9,10:51:43,Client02,cloud-init[931],|    . + S +=.+.o |,817dd825,| . <*> <*> <*> |,"['+', 'S +=.+.o']"
197,Mar,9,10:51:43,Client02,cloud-init[931],|     . o o .*..  |,817dd825,| . <*> <*> <*> |,"['o', 'o .*..']"
198,Mar,9,10:51:43,Client02,cloud-init[931],|      . .    .   |,52bb2854,| <*> <*> . |,['. .']
199,Mar,9,10:51:43,Client02,cloud-init[931],|       .         |,200498e3,| <*> |,['.']
200,Mar,9,10:51:43,Client02,cloud-init[931],|                 |,9900485a,| <*>,['|']
201,Mar,9,10:51:43,Client02,cloud-init[931],+----[SHA256]-----+,d17318ba,+----[SHA256]-----+,[]
202,Mar,9,10:51:43,Client02,cloud-init[931],Generating public/private ed25519 key pair.,3b53b44e,Generating public/private <*> key pair.,['ed25519']
203,Mar,9,10:51:43,Client02,cloud-init[931],Your identification has been saved in /etc/ssh/ssh_host_ed25519_key.,d16be467,Your identification has been saved in <*>,['/etc/ssh/ssh_host_ed25519_key.']
204,Mar,9,10:51:43,Client02,cloud-init[931],Your public key has been saved in /etc/ssh/ssh_host_ed25519_key.pub.,75d28c0d,Your public key has been saved in <*>,['/etc/ssh/ssh_host_ed25519_key.pub.']
205,Mar,9,10:51:43,Client02,cloud-init[931],The key fingerprint is:,e330a02d,The key fingerprint is:,[]
206,Mar,9,10:51:43,Client02,cloud-init[931],SHA256:v21VsOlnfsweqy06aQtUnppLi9psD0TdmHyOxbg5wQg root@Client02,c784e62e,<*> root@Client<*>,"['SHA256:v21VsOlnfsweqy06aQtUnppLi9psD0TdmHyOxbg5wQg', '02']"
207,Mar,9,10:51:43,Client02,cloud-init[931],The key's randomart image is:,890114fb,The key's randomart image is:,[]
208,Mar,9,10:51:43,Client02,cloud-init[931],+--[ED25519 256]--+,2044903c,+--[ED25519 <*>]--+,['256']
209,Mar,9,10:51:43,Client02,cloud-init[931],|     E           |,200498e3,| <*> |,['E']
210,Mar,9,10:51:43,Client02,cloud-init[931],|      . = *   .  |,817dd825,| . <*> <*> <*> |,"['=', '*   .']"
211,Mar,9,10:51:43,Client02,cloud-init[931],|       o O *   + |,8cd48459,| o O * + |,[]
212,Mar,9,10:51:43,Client02,cloud-init[931],|      .   @ . o .|,c0ed4bf7,| . @ . o .|,[]
213,Mar,9,10:51:43,Client02,cloud-init[931],|       .S* + . . |,c1cebc89,| .S* + . . |,[]
214,Mar,9,10:51:43,Client02,cloud-init[931],|      . ..+   o o|,93cc29d3,| . ..+ o o|,[]
215,Mar,9,10:51:43,Client02,cloud-init[931],|       . =. .. B |,817dd825,| . <*> <*> <*> |,"['=.', '.. B']"
216,Mar,9,10:51:43,Client02,cloud-init[931],|      o.+ +*... B|,6e105162,| o.+ +*... B|,[]
217,Mar,9,10:51:43,Client02,cloud-init[931],|     .o+.+o+=.o+o|,9900485a,| <*>,['.o+.+o+=.o+o|']
218,Mar,9,10:51:43,Client02,systemd[1],Started Initial cloud-init job (metadata service crawler).,7c647ef1,Started Initial cloud-init job (metadata service crawler).,[]
219,Mar,9,10:51:43,Client02,HV_FCOPY,starting; pid is:1144,b46a9c57,starting; pid is:<*>,['1144']
220,Mar,9,10:51:43,Client02,cloud-init[931],+----[SHA256]-----+,d17318ba,+----[SHA256]-----+,[]
221,Mar,9,10:51:43,Client02,systemd[1],Reached target System Initialization.,3f508636,Reached target <*> <*>,['System Initialization.']
222,Mar,9,10:51:43,Client02,HV_FCOPY,open /dev/vmbus/hv_fcopy failed; error: 2 No such file or directory,3b5fac87,open /dev/vmbus/hv_fcopy failed; error: <*> No such file or directory,['2']
223,Mar,9,10:51:43,Client02,systemd[1],Started Daily Cleanup of Temporary Directories.,d3980a7a,Started Daily Cleanup of Temporary Directories.,[]
224,Mar,9,10:51:43,Client02,Hyper-V VSS,VSS starting; pid is:1145,f2ba3844,VSS starting; pid is:<*>,['1145']
225,Mar,9,10:51:43,Client02,systemd[1],Listening on UUID daemon activation socket.,b362abbb,Listening on <*> <*> <*> socket.,"['UUID', 'daemon activation']"
226,Mar,9,10:51:43,Client02,Hyper-V VSS,VSS: kernel module version: 129,c5381bd5,VSS: kernel module version: <*>,['129']
227,Mar,9,10:51:43,Client02,systemd[1],Starting LXD - unix socket.,4c52e87a,Starting LXD - <*> <*>,['unix socket.']
228,Mar,9,10:51:43,Client02,dbus-daemon[1151],[system] AppArmor D-Bus mediation is enabled,0040ef3e,[system] AppArmor D-Bus mediation is enabled,[]
229,Mar,9,10:51:43,Client02,systemd[1],Started Message of the Day.,345a768e,Started Message of the Day.,[]
230,Mar,9,10:51:43,Client02,systemd[1],Listening on D-Bus System Message Bus Socket.,d39a60d5,Listening on D-Bus <*> Message Bus Socket.,['System']
231,Mar,9,10:51:43,Client02,systemd[1],Starting Socket activation for snappy daemon.,8694f3ec,Starting Socket activation for snappy daemon.,[]
232,Mar,9,10:51:43,Client02,systemd[1],Started Daily apt download activities.,43d542ce,Started Daily apt download activities.,[]
233,Mar,9,10:51:43,Client02,systemd[1],Listening on ACPID Listen Socket.,81d45750,Listening on <*> <*> Socket.,['ACPID Listen']
234,Mar,9,10:51:43,Client02,systemd[1],Listening on Open-iSCSI iscsid Socket.,81d45750,Listening on <*> <*> Socket.,['Open-iSCSI iscsid']
235,Mar,9,10:51:43,Client02,systemd[1],Started ACPI Events Check.,29d363e3,Started ACPI Events Check.,[]
236,Mar,9,10:51:43,Client02,systemd[1],Reached target Paths.,1482f31a,Reached target <*>,['Paths.']
237,Mar,9,10:51:43,Client02,systemd[1],Started Discard unused blocks once a week.,f19f71b6,Started Discard unused blocks once a week.,[]
238,Mar,9,10:51:43,Client02,systemd[1],Started Daily apt upgrade and clean activities.,be35dfa1,Started Daily apt upgrade and clean activities.,[]
239,Mar,9,10:51:43,Client02,systemd[1],Reached target Timers.,1482f31a,Reached target <*>,['Timers.']
240,Mar,9,10:51:43,Client02,systemd[1],Reached target Network is Online.,18485d6f,Reached target Network is Online.,[]
241,Mar,9,10:51:43,Client02,systemd[1],Starting Availability of block devices...,53251afc,Starting Availability of block devices...,[]
242,Mar,9,10:51:43,Client02,systemd[1],Reached target Remote File Systems (Pre).,46c291bc,Reached target <*> File Systems (Pre).,['Remote']
243,Mar,9,10:51:43,Client02,systemd[1],Reached target Remote File Systems.,fdfb28e9,Reached target <*> File Systems.,['Remote']
244,Mar,9,10:51:43,Client02,systemd[1],Reached target Cloud-config availability.,3f508636,Reached target <*> <*>,['Cloud-config availability.']
245,Mar,9,10:51:43,Client02,systemd[1],Listening on LXD - unix socket.,b362abbb,Listening on <*> <*> <*> socket.,"['LXD', '- unix']"
246,Mar,9,10:51:43,Client02,systemd[1],Listening on Socket activation for snappy daemon.,fa48fe96,Listening on Socket activation for snappy daemon.,[]
247,Mar,9,10:51:43,Client02,systemd[1],Reached target Sockets.,1482f31a,Reached target <*>,['Sockets.']
248,Mar,9,10:51:43,Client02,systemd[1],Reached target Basic System.,3f508636,Reached target <*> <*>,['Basic System.']
249,Mar,9,10:51:43,Client02,systemd[1],Starting LSB: automatic crash report generation...,c1c8232e,Starting LSB: automatic crash report generation...,[]
250,Mar,9,10:51:43,Client02,systemd[1],Started Azure Linux Agent.,d939bebe,Started Azure Linux Agent.,[]
251,Mar,9,10:51:43,Client02,systemd[1],Started Deferred execution scheduler.,36e71184,Started Deferred execution scheduler.,[]
252,Mar,9,10:51:43,Client02,systemd[1],Started Hyper-V File Copy Protocol Daemon.,179d2b81,Started Hyper-V File Copy Protocol Daemon.,[]
253,Mar,9,10:51:43,Client02,systemd[1],Started Hyper-V VSS Protocol Daemon.,af718609,Started Hyper-V <*> Protocol Daemon.,['VSS']
254,Mar,9,10:51:43,Client02,systemd[1],Starting LXD - container startup/shutdown...,4c52e87a,Starting LXD - <*> <*>,['container startup/shutdown...']
255,Mar,9,10:51:43,Client02,systemd[1],Started D-Bus System Message Bus.,f538b97b,Started D-Bus <*> Message Bus.,['System']
256,Mar,9,10:51:43,Client02,systemd[1],Starting Login Service...,2e322db0,Starting <*> Service...,['Login']
257,Mar,9,10:51:43,Client02,systemd[1],Starting Snappy daemon...,42329515,Starting <*> daemon...,['Snappy']
258,Mar,9,10:51:43,Client02,systemd[1],Started FUSE filesystem for LXC.,b68084b7,Started FUSE filesystem for LXC.,[]
259,Mar,9,10:51:43,Client02,systemd[1],Starting Pollinate to seed the pseudo random number generator...,9c2aca04,Starting Pollinate to seed the pseudo random number generator...,[]
260,Mar,9,10:51:43,Client02,systemd[1],Started Regular background program processing daemon.,0b755803,Started Regular background program processing daemon.,[]
261,Mar,9,10:51:43,Client02,systemd[1],Starting Accounts Service...,2e322db0,Starting <*> Service...,['Accounts']
262,Mar,9,10:51:43,Client02,cron[1193],(CRON) INFO (pidfile fd = 3),0dfcd344,(CRON) INFO (pidfile fd = <*>),['3']
263,Mar,9,10:51:43,Client02,cron[1193],(CRON) INFO (Running @reboot jobs),f73113ee,(CRON) INFO (Running @reboot jobs),[]
264,Mar,9,10:51:43,Client02,systemd[1],Started irqbalance daemon.,5946521f,Started <*> daemon.,['irqbalance']
265,Mar,9,10:51:43,Client02,systemd[1],Starting Permit User Sessions...,fce63473,Starting Permit User Sessions...,[]
266,Mar,9,10:51:43,Client02,systemd[1],Starting LSB: Record successful boot for GRUB...,75ebfe87,Starting LSB: Record successful boot for GRUB...,[]
267,Mar,9,10:51:43,Client02,systemd[1],Starting Dispatcher daemon for systemd-networkd...,ed3143cc,Starting Dispatcher daemon for systemd-networkd...,[]
268,Mar,9,10:51:43,Client02,systemd[1],Starting System Logging Service...,62b65d58,Starting <*> <*> Service...,['System Logging']
269,Mar,9,10:51:43,Client02,systemd[1],Started Availability of block devices.,92b30dcd,Started Availability of block devices.,[]
270,Mar,9,10:51:43,Client02,systemd[1],"hv-fcopy-daemon.service: Main process exited, code=exited, status=1/FAILURE",b7fcb76b,"hv-fcopy-daemon.service: Main process exited, code=exited, status=<*>/FAILURE",['1']
271,Mar,9,10:51:43,Client02,systemd[1],hv-fcopy-daemon.service: Failed with result 'exit-code'.,0206d3ec,hv-fcopy-daemon.service: Failed with result 'exit-code'.,[]
272,Mar,9,10:51:43,Client02,systemd[1],Started Permit User Sessions.,d6957a01,Started Permit User Sessions.,[]
273,Mar,9,10:51:43,Client02,lxcfs[1171],mount namespace: 5,a91f3deb,mount namespace: <*>,['5']
274,Mar,9,10:51:43,Client02,lxcfs[1171],hierarchies:,0590ae93,hierarchies:,[]
275,Mar,9,10:51:43,Client02,lxcfs[1171],0: fd:   6: memory,dbc81913,<*> fd: <*>: <*>,"['0:', '6', 'memory']"
276,Mar,9,10:51:43,Client02,lxcfs[1171],1: fd:   7: devices,dbc81913,<*> fd: <*>: <*>,"['1:', '7', 'devices']"
277,Mar,9,10:51:43,Client02,lxcfs[1171],2: fd:   8: perf_event,dbc81913,<*> fd: <*>: <*>,"['2:', '8', 'perf_event']"
278,Mar,9,10:51:43,Client02,lxcfs[1171],3: fd:   9: freezer,dbc81913,<*> fd: <*>: <*>,"['3:', '9', 'freezer']"
279,Mar,9,10:51:43,Client02,lxcfs[1171],4: fd:  10: blkio,dbc81913,<*> fd: <*>: <*>,"['4:', '10', 'blkio']"
280,Mar,9,10:51:43,Client02,lxcfs[1171],5: fd:  11: pids,dbc81913,<*> fd: <*>: <*>,"['5:', '11', 'pids']"
281,Mar,9,10:51:43,Client02,lxcfs[1171],6: fd:  12: hugetlb,dbc81913,<*> fd: <*>: <*>,"['6:', '12', 'hugetlb']"
282,Mar,9,10:51:43,Client02,lxcfs[1171],"7: fd:  13: net_cls,net_prio",dbc81913,<*> fd: <*>: <*>,"['7:', '13', 'net_cls,net_prio']"
283,Mar,9,10:51:43,Client02,lxcfs[1171],8: fd:  14: cpuset,dbc81913,<*> fd: <*>: <*>,"['8:', '14', 'cpuset']"
284,Mar,9,10:51:43,Client02,lxcfs[1171],9: fd:  15: rdma,dbc81913,<*> fd: <*>: <*>,"['9:', '15', 'rdma']"
285,Mar,9,10:51:43,Client02,lxcfs[1171],"10: fd:  16: cpu,cpuacct",dbc81913,<*> fd: <*>: <*>,"['10:', '16', 'cpu,cpuacct']"
286,Mar,9,10:51:43,Client02,lxcfs[1171],11: fd:  17: name=systemd,dbc81913,<*> fd: <*>: <*>,"['11:', '17', 'name=systemd']"
287,Mar,9,10:51:43,Client02,lxcfs[1171],12: fd:  18: unified,dbc81913,<*> fd: <*>: <*>,"['12:', '18', 'unified']"
288,Mar,9,10:51:43,Client02,systemd[1],Starting Terminate Plymouth Boot Screen...,2e4b9e91,Starting Terminate Plymouth Boot Screen...,[]
289,Mar,9,10:51:43,Client02,apport[1133],* Starting automatic crash report generation: apport,d7beaac3,* Starting automatic crash report generation: apport,[]
290,Mar,9,10:51:43,Client02,systemd[1],Starting Hold until boot process finishes up...,74c403bb,Starting Hold until boot process finishes up...,[]
291,Mar,9,10:51:43,Client02,systemd[1],Started Hold until boot process finishes up.,496c75dc,Started Hold until boot process finishes up.,[]
292,Mar,9,10:51:43,Client02,systemd[1],Started Terminate Plymouth Boot Screen.,0151ab30,Started Terminate Plymouth Boot Screen.,[]
293,Mar,9,10:51:43,Client02,systemd[1],Started Serial Getty on ttyS0.,b2e22f90,Started Serial Getty on ttyS0.,[]
294,Mar,9,10:51:43,Client02,grub-common[1202],* Recording successful boot for GRUB,695db85f,* Recording successful boot for GRUB,[]
295,Mar,9,10:51:43,Client02,apport[1133],...done.,5917eca7,...done.,[]
296,Mar,9,10:51:43,Client02,systemd[1],Starting Set console scheme...,6d9af0fb,Starting Set console scheme...,[]
297,Mar,9,10:51:43,Client02,systemd[1],Started LSB: automatic crash report generation.,c7e62b9e,Started LSB: automatic crash report generation.,[]
298,Mar,9,10:51:43,Client02,systemd[1],Started Login Service.,251593e6,Started <*> Service.,['Login']
299,Mar,9,10:51:43,Client02,systemd[1],Started Unattended Upgrades Shutdown.,d55ac2ff,Started Unattended Upgrades Shutdown.,[]
300,Mar,9,10:51:43,Client02,systemd[1],Started Set console scheme.,442d64d2,Started Set console scheme.,[]
301,Mar,9,10:51:43,Client02,systemd[1],Created slice system-getty.slice.,d50e6330,Created slice system-getty.slice.,[]
302,Mar,9,10:51:43,Client02,pollinate[1179],client sent challenge to [https://entropy.ubuntu.com/],a6e6a839,client sent challenge to [https://entropy.ubuntu.com/],[]
303,Mar,9,10:51:43,Client02,systemd[1],Started Getty on tty1.,74fc2902,Started Getty on tty1.,[]
304,Mar,9,10:51:43,Client02,grub-common[1202],...done.,5917eca7,...done.,[]
305,Mar,9,10:51:43,Client02,systemd[1],Reached target Login Prompts.,3f508636,Reached target <*> <*>,['Login Prompts.']
306,Mar,9,10:51:43,Client02,systemd[1],Started LSB: Record successful boot for GRUB.,b0b3e1bf,Started LSB: Record successful boot for GRUB.,[]
307,Mar,9,10:51:43,Client02,systemd[1],Started System Logging Service.,88b3c0a3,Started <*> <*> Service.,['System Logging']
308,Mar,9,10:51:43,Client02,rsyslogd,imuxsock: Acquired UNIX socket '/run/systemd/journal/syslog' (fd 3) from systemd.  [v8.32.0],211fdedb,imuxsock: Acquired UNIX socket '/run/systemd/journal/syslog' (fd <*>) from systemd. [v8.<*>.<*>],"['3', '32.0']"
309,Mar,9,10:51:43,Client02,rsyslogd,rsyslogd's groupid changed to 106,65151288,rsyslogd's <*> changed to <*>,"['groupid', '106']"
310,Mar,9,10:51:43,Client02,rsyslogd,rsyslogd's userid changed to 102,65151288,rsyslogd's <*> changed to <*>,"['userid', '102']"
311,Mar,9,10:51:43,Client02,rsyslogd,"[origin software=""rsyslogd"" swVersion=""8.32.0"" x-pid=""1207"" x-info=""http://www.rsyslog.com""] start",cf2e3ce8,"[origin software=""rsyslogd"" swVersion=""<*>.<*>.<*>"" x-pid=""<*>"" x-info=""http://www.rsyslog.com""] start","['8', '32.0', '1207']"
312,Mar,9,10:51:43,Client02,kernel,[    0.000000] Linux version 5.0.0-1032-azure (buildd@lcy01-amd64-016) (gcc version 7.4.0 (Ubuntu 7.4.0-1ubuntu1~18.04.1)) #34-Ubuntu SMP Mon Feb 10 19:37:25 UTC 2020 (Ubuntu 5.0.0-1032.34-azure 5.0.21),be94182a,[ <*>.<*>] Linux version <*>.<*>.<*>-<*>-azure (buildd@lcy01-amd64-<*>) (gcc version <*>.<*>.<*> (Ubuntu <*>.<*>.<*>-1ubuntu1~<*>.<*>.<*>)) #<*>-Ubuntu SMP Mon Feb <*> <*>:<*>:<*> UTC <*> (Ubuntu <*>.<*>.<*>-<*>.<*>-azure <*>.<*>.<*>),"['0.000000', '5', '0.0-1032', '016', '7', '4.0', '7', '4.0', '18', '04.1', '34', '10 19', '37:25', '2020', '5', '0', '0-1032.34', '5', '0.21']"
313,Mar,9,10:51:43,Client02,kernel,[    0.000000] Command line: BOOT_IMAGE=/boot/vmlinuz-5.0.0-1032-azure root=UUID=5604f71e-1e5f-443c-a99e-b82bb5c201df ro console=tty1 console=ttyS0 earlyprintk=ttyS0 rootdelay=300,114429ff,[ <*>.<*>] Command line: BOOT_IMAGE=/boot/vmlinuz-<*>.<*>.<*>-<*>-azure root=UUID=5604f71e-1e5f-443c-a99e-b82bb5c201df ro console=tty1 console=ttyS0 earlyprintk=ttyS0 rootdelay=<*>,"['0.000000', '5', '0.0-1032', '300']"
314,Mar,9,10:51:43,Client02,kernel,[    0.000000] KERNEL supported cpus:,965b1ec6,[ <*>.<*>] KERNEL supported cpus:,['0.000000']
315,Mar,9,10:51:43,Client02,kernel,[    0.000000]   Intel GenuineIntel,936b8562,[ <*>.<*>] <*> <*>,"['0.000000', 'Intel GenuineIntel']"
316,Mar,9,10:51:43,Client02,kernel,[    0.000000]   AMD AuthenticAMD,936b8562,[ <*>.<*>] <*> <*>,"['0.000000', 'AMD AuthenticAMD']"
317,Mar,9,10:51:43,Client02,kernel,[    0.000000]   Hygon HygonGenuine,936b8562,[ <*>.<*>] <*> <*>,"['0.000000', 'Hygon HygonGenuine']"
318,Mar,9,10:51:43,Client02,kernel,[    0.000000]   Centaur CentaurHauls,936b8562,[ <*>.<*>] <*> <*>,"['0.000000', 'Centaur CentaurHauls']"
319,Mar,9,10:51:43,Client02,kernel,[    0.000000] x86/fpu: Supporting XSAVE feature 0x001: 'x87 floating point registers',fde341ba,[ <*>.<*>] x86/fpu: Supporting XSAVE feature 0x001: 'x87 floating point registers',['0.000000']
320,Mar,9,10:51:43,Client02,kernel,[    0.000000] x86/fpu: Supporting XSAVE feature 0x002: 'SSE registers',a6660de3,[ <*>.<*>] x86/fpu: Supporting XSAVE feature <*> <*> <*>,"['0.000000', '0x002:', ""'SSE registers'""]"
321,Mar,9,10:51:43,Client02,kernel,[    0.000000] x86/fpu: Supporting XSAVE feature 0x004: 'AVX registers',a6660de3,[ <*>.<*>] x86/fpu: Supporting XSAVE feature <*> <*> <*>,"['0.000000', '0x004:', ""'AVX registers'""]"
322,Mar,9,10:51:43,Client02,kernel,[    0.000000] x86/fpu: Supporting XSAVE feature 0x008: 'MPX bounds registers',21239b8b,[ <*>.<*>] x86/fpu: Supporting XSAVE feature 0x008: 'MPX bounds registers',['0.000000']
323,Mar,9,10:51:43,Client02,kernel,[    0.000000] x86/fpu: Supporting XSAVE feature 0x010: 'MPX CSR',a6660de3,[ <*>.<*>] x86/fpu: Supporting XSAVE feature <*> <*> <*>,"['0.000000', '0x010:', ""'MPX CSR'""]"
324,Mar,9,10:51:43,Client02,kernel,[    0.000000] x86/fpu: Supporting XSAVE feature 0x020: 'AVX-512 opmask',a6660de3,[ <*>.<*>] x86/fpu: Supporting XSAVE feature <*> <*> <*>,"['0.000000', '0x020:', ""'AVX-512 opmask'""]"
325,Mar,9,10:51:43,Client02,kernel,[    0.000000] x86/fpu: Supporting XSAVE feature 0x040: 'AVX-512 Hi256',a6660de3,[ <*>.<*>] x86/fpu: Supporting XSAVE feature <*> <*> <*>,"['0.000000', '0x040:', ""'AVX-512 Hi256'""]"
326,Mar,9,10:51:43,Client02,kernel,[    0.000000] x86/fpu: Supporting XSAVE feature 0x080: 'AVX-512 ZMM_Hi256',a6660de3,[ <*>.<*>] x86/fpu: Supporting XSAVE feature <*> <*> <*>,"['0.000000', '0x080:', ""'AVX-512 ZMM_Hi256'""]"
327,Mar,9,10:51:43,Client02,kernel,"[    0.000000] x86/fpu: xstate_offset[2]:  576, xstate_sizes[2]:  256",94e7a6df,"[ <*>.<*>] x86/fpu: xstate_offset[<*>]: <*>, xstate_sizes[<*>]: <*>","['0.000000', '2', '576', '2', '256']"
328,Mar,9,10:51:43,Client02,kernel,"[    0.000000] x86/fpu: xstate_offset[3]:  832, xstate_sizes[3]:   64",94e7a6df,"[ <*>.<*>] x86/fpu: xstate_offset[<*>]: <*>, xstate_sizes[<*>]: <*>","['0.000000', '3', '832', '3', '64']"
329,Mar,9,10:51:43,Client02,kernel,"[    0.000000] x86/fpu: xstate_offset[4]:  896, xstate_sizes[4]:   64",94e7a6df,"[ <*>.<*>] x86/fpu: xstate_offset[<*>]: <*>, xstate_sizes[<*>]: <*>","['0.000000', '4', '896', '4', '64']"
330,Mar,9,10:51:43,Client02,kernel,"[    0.000000] x86/fpu: xstate_offset[5]:  960, xstate_sizes[5]:   64",94e7a6df,"[ <*>.<*>] x86/fpu: xstate_offset[<*>]: <*>, xstate_sizes[<*>]: <*>","['0.000000', '5', '960', '5', '64']"
331,Mar,9,10:51:43,Client02,kernel,"[    0.000000] x86/fpu: xstate_offset[6]: 1024, xstate_sizes[6]:  512",94e7a6df,"[ <*>.<*>] x86/fpu: xstate_offset[<*>]: <*>, xstate_sizes[<*>]: <*>","['0.000000', '6', '1024', '6', '512']"
332,Mar,9,10:51:43,Client02,kernel,"[    0.000000] x86/fpu: xstate_offset[7]: 1536, xstate_sizes[7]: 1024",94e7a6df,"[ <*>.<*>] x86/fpu: xstate_offset[<*>]: <*>, xstate_sizes[<*>]: <*>","['0.000000', '7', '1536', '7', '1024']"
333,Mar,9,10:51:43,Client02,kernel,"[    0.000000] x86/fpu: Enabled xstate features 0xff, context size is 2560 bytes, using 'compacted' format.",51ae9b48,"[ <*>.<*>] x86/fpu: Enabled xstate features <*> context size is <*> bytes, using <*> format.","['0.000000', '0xff,', '2560', ""'compacted'""]"
334,Mar,9,10:51:43,Client02,kernel,[    0.000000] BIOS-provided physical RAM map:,679f5927,[ <*>.<*>] BIOS-provided physical RAM map:,['0.000000']
335,Mar,9,10:51:43,Client02,kernel,[    0.000000] BIOS-e820: [mem 0x0000000000000000-0x000000000009fbff] usable,d4d60197,[ <*>.<*>] BIOS-e820: [mem <*> <*>,"['0.000000', '0x0000000000000000-0x000000000009fbff] usable']"
336,Mar,9,10:51:43,Client02,kernel,[    0.000000] BIOS-e820: [mem 0x000000000009fc00-0x000000000009ffff] reserved,d4d60197,[ <*>.<*>] BIOS-e820: [mem <*> <*>,"['0.000000', '0x000000000009fc00-0x000000000009ffff] reserved']"
337,Mar,9,10:51:43,Client02,kernel,[    0.000000] BIOS-e820: [mem 0x00000000000e0000-0x00000000000fffff] reserved,d4d60197,[ <*>.<*>] BIOS-e820: [mem <*> <*>,"['0.000000', '0x00000000000e0000-0x00000000000fffff] reserved']"
338,Mar,9,10:51:43,Client02,kernel,[    0.000000] BIOS-e820: [mem 0x0000000000100000-0x000000003ffeffff] usable,d4d60197,[ <*>.<*>] BIOS-e820: [mem <*> <*>,"['0.000000', '0x0000000000100000-0x000000003ffeffff] usable']"
339,Mar,9,10:51:43,Client02,kernel,[    0.000000] BIOS-e820: [mem 0x000000003fff0000-0x000000003fffefff] ACPI data,976560cf,[ <*>.<*>] BIOS-e820: [mem <*> ACPI <*>,"['0.000000', '0x000000003fff0000-0x000000003fffefff]', 'data']"
340,Mar,9,10:51:43,Client02,kernel,[    0.000000] BIOS-e820: [mem 0x000000003ffff000-0x000000003fffffff] ACPI NVS,976560cf,[ <*>.<*>] BIOS-e820: [mem <*> ACPI <*>,"['0.000000', '0x000000003ffff000-0x000000003fffffff]', 'NVS']"
341,Mar,9,10:51:43,Client02,kernel,[    0.000000] BIOS-e820: [mem 0x0000000100000000-0x00000002bfffffff] usable,d4d60197,[ <*>.<*>] BIOS-e820: [mem <*> <*>,"['0.000000', '0x0000000100000000-0x00000002bfffffff] usable']"
342,Mar,9,10:51:43,Client02,kernel,[    0.000000] printk: bootconsole [earlyser0] enabled,8f72dbf6,[ <*>.<*>] <*> <*> <*> enabled,"['0.000000', 'printk:', 'bootconsole [earlyser0]']"
343,Mar,9,10:51:43,Client02,kernel,[    0.000000] NX (Execute Disable) protection: active,a2cd9fdb,[ <*>.<*>] NX (Execute Disable) protection: active,['0.000000']
344,Mar,9,10:51:43,Client02,kernel,[    0.000000] SMBIOS 2.3 present.,271e8bd5,[ <*>.<*>] SMBIOS <*>.<*> present.,"['0.000000', '2.3']"
345,Mar,9,10:51:43,Client02,kernel,"[    0.000000] DMI: Microsoft Corporation Virtual Machine/Virtual Machine, BIOS 090007  06/02/2017",b20e8a2e,"[ <*>.<*>] DMI: Microsoft Corporation Virtual Machine/Virtual Machine, BIOS <*> <*>/<*>/<*>","['0.000000', '090007  06', '02/2017']"
346,Mar,9,10:51:43,Client02,kernel,[    0.000000] Hypervisor detected: Microsoft Hyper-V,91ab13e8,[ <*>.<*>] Hypervisor detected: Microsoft Hyper-V,['0.000000']
347,Mar,9,10:51:43,Client02,kernel,"[    0.000000] Hyper-V: features 0x2e7f, hints 0x44c2c",9d9bfdd0,"[ <*>.<*>] Hyper-V: features 0x2e7f, hints 0x44c2c",['0.000000']
348,Mar,9,10:51:43,Client02,kernel,[    0.000000] Hyper-V Host Build:14393-10.0-0-0.305,e41e7a65,[ <*>.<*>] Hyper-V Host Build:<*>-<*>.<*>-<*>-<*>.<*>,"['0.000000', '14393-10', '0', '0-0.305']"
349,Mar,9,10:51:43,Client02,kernel,[    0.000000] Hyper-V: LAPIC Timer Frequency: 0xc3500,14bf15a5,[ <*>.<*>] Hyper-V: LAPIC Timer Frequency: 0xc<*>,"['0.000000', '3500']"
350,Mar,9,10:51:43,Client02,kernel,[    0.000000] tsc: Marking TSC unstable due to running on Hyper-V,eaf7708b,[ <*>.<*>] tsc: Marking TSC unstable due to running on Hyper-V,['0.000000']
351,Mar,9,10:51:43,Client02,kernel,[    0.000000] Hyper-V: Using hypercall for remote TLB flush,db4f6103,[ <*>.<*>] Hyper-V: Using hypercall for remote TLB flush,['0.000000']
352,Mar,9,10:51:43,Client02,kernel,[    0.000000] tsc: Detected 2095.244 MHz processor,835ab552,[ <*>.<*>] tsc: Detected <*>.<*> MHz processor,"['0.000000', '2095.244']"
353,Mar,9,10:51:43,Client02,kernel,[    0.001345] e820: update [mem 0x00000000-0x00000fff] usable ==> reserved,7f8f754f,[ <*>.<*>] e820: update [mem <*> usable ==> reserved,"['0.001345', '0x00000000-0x00000fff]']"
354,Mar,9,10:51:43,Client02,kernel,[    0.001347] e820: remove [mem 0x000a0000-0x000fffff] usable,1f70e9aa,[ <*>.<*>] e820: remove [mem 0x000a0000-0x000fffff] usable,['0.001347']
355,Mar,9,10:51:43,Client02,kernel,[    0.001350] last_pfn = 0x2c0000 max_arch_pfn = 0x400000000,893b62e4,[ <*>.<*>] last_pfn = <*> max_arch_pfn = 0x<*>,"['0.001350', '0x2c0000', '400000000']"
356,Mar,9,10:51:43,Client02,kernel,[    0.004476] MTRR default type: uncachable,1dbe8e7a,[ <*>.<*>] MTRR <*> <*> <*>,"['0.004476', 'default', 'type: uncachable']"
357,Mar,9,10:51:43,Client02,kernel,[    0.004477] MTRR fixed ranges enabled:,1dbe8e7a,[ <*>.<*>] MTRR <*> <*> <*>,"['0.004477', 'fixed', 'ranges enabled:']"
358,Mar,9,10:51:43,Client02,kernel,[    0.004478]   00000-9FFFF write-back,936b8562,[ <*>.<*>] <*> <*>,"['0.004478', '00000-9FFFF write-back']"
359,Mar,9,10:51:43,Client02,kernel,[    0.004479]   A0000-DFFFF uncachable,936b8562,[ <*>.<*>] <*> <*>,"['0.004479', 'A0000-DFFFF uncachable']"
360,Mar,9,10:51:43,Client02,kernel,[    0.004480]   E0000-FFFFF write-back,936b8562,[ <*>.<*>] <*> <*>,"['0.004480', 'E0000-FFFFF write-back']"
361,Mar,9,10:51:43,Client02,kernel,[    0.004480] MTRR variable ranges enabled:,1dbe8e7a,[ <*>.<*>] MTRR <*> <*> <*>,"['0.004480', 'variable', 'ranges enabled:']"
362,Mar,9,10:51:43,Client02,kernel,[    0.004481]   0 base 00000000000 mask FFFC0000000 write-back,d1b7c0bc,[ <*>.<*>] <*> base <*> mask <*> write-back,"['0.004481', '0', '00000000000', 'FFFC0000000']"
363,Mar,9,10:51:43,Client02,kernel,[    0.004482]   1 base 00100000000 mask FF000000000 write-back,d1b7c0bc,[ <*>.<*>] <*> base <*> mask <*> write-back,"['0.004482', '1', '00100000000', 'FF000000000']"
364,Mar,9,10:51:43,Client02,kernel,[    0.004483]   2 disabled,936b8562,[ <*>.<*>] <*> <*>,"['0.004483', '2 disabled']"
365,Mar,9,10:51:43,Client02,kernel,[    0.004483]   3 disabled,936b8562,[ <*>.<*>] <*> <*>,"['0.004483', '3 disabled']"
366,Mar,9,10:51:43,Client02,kernel,[    0.004484]   4 disabled,936b8562,[ <*>.<*>] <*> <*>,"['0.004484', '4 disabled']"
367,Mar,9,10:51:43,Client02,kernel,[    0.004484]   5 disabled,936b8562,[ <*>.<*>] <*> <*>,"['0.004484', '5 disabled']"
368,Mar,9,10:51:43,Client02,kernel,[    0.004484]   6 disabled,936b8562,[ <*>.<*>] <*> <*>,"['0.004484', '6 disabled']"
369,Mar,9,10:51:43,Client02,kernel,[    0.004485]   7 disabled,936b8562,[ <*>.<*>] <*> <*>,"['0.004485', '7 disabled']"
370,Mar,9,10:51:43,Client02,kernel,[    0.004498] x86/PAT: Configuration [0-7]: WB  WC  UC- UC  WB  WP  UC- WT,5414a551,[ <*>.<*>] x86/PAT: Configuration [<*>-<*>]: WB WC UC- UC WB WP UC- WT,"['0.004498', '0-7']"
371,Mar,9,10:51:43,Client02,kernel,[    0.008613] e820: update [mem 0x40000000-0xffffffff] usable ==> reserved,7f8f754f,[ <*>.<*>] e820: update [mem <*> usable ==> reserved,"['0.008613', '0x40000000-0xffffffff]']"
372,Mar,9,10:51:43,Client02,kernel,[    0.010380] last_pfn = 0x3fff0 max_arch_pfn = 0x400000000,893b62e4,[ <*>.<*>] last_pfn = <*> max_arch_pfn = 0x<*>,"['0.010380', '0x3fff0', '400000000']"
373,Mar,9,10:51:43,Client02,kernel,[    0.022552] found SMP MP-table at [mem 0x000ff780-0x000ff78f],849f346f,[ <*>.<*>] found SMP MP-table at [mem 0x000ff780-0x000ff78f],['0.022552']
374,Mar,9,10:51:43,Client02,kernel,[    0.026545] check: Scanning 1 areas for low memory corruption,5b3d4674,[ <*>.<*>] check: Scanning <*> areas for low memory corruption,"['0.026545', '1']"
375,Mar,9,10:51:43,Client02,kernel,[    0.031241] Using GB pages for direct mapping,f6c22858,[ <*>.<*>] Using GB pages for direct mapping,['0.031241']
376,Mar,9,10:51:43,Client02,kernel,"[    0.034290] BRK [0x141c02000, 0x141c02fff] PGTABLE",bd206d38,[ <*>.<*>] BRK <*> <*> PGTABLE,"['0.034290', '[0x141c02000, 0x141c02fff]']"
377,Mar,9,10:51:43,Client02,kernel,"[    0.034293] BRK [0x141c03000, 0x141c03fff] PGTABLE",bd206d38,[ <*>.<*>] BRK <*> <*> PGTABLE,"['0.034293', '[0x141c03000, 0x141c03fff]']"
378,Mar,9,10:51:43,Client02,kernel,"[    0.034294] BRK [0x141c04000, 0x141c04fff] PGTABLE",bd206d38,[ <*>.<*>] BRK <*> <*> PGTABLE,"['0.034294', '[0x141c04000, 0x141c04fff]']"
379,Mar,9,10:51:43,Client02,kernel,"[    0.034326] BRK [0x141c05000, 0x141c05fff] PGTABLE",bd206d38,[ <*>.<*>] BRK <*> <*> PGTABLE,"['0.034326', '[0x141c05000, 0x141c05fff]']"
380,Mar,9,10:51:43,Client02,kernel,"[    0.034406] BRK [0x141c06000, 0x141c06fff] PGTABLE",bd206d38,[ <*>.<*>] BRK <*> <*> PGTABLE,"['0.034406', '[0x141c06000, 0x141c06fff]']"
381,Mar,9,10:51:43,Client02,kernel,[    0.034444] RAMDISK: [mem 0x3598f000-0x36cbefff],1c598435,[ <*>.<*>] <*> [mem <*>,"['0.034444', 'RAMDISK:', '0x3598f000-0x36cbefff]']"
382,Mar,9,10:51:43,Client02,kernel,[    0.037726] ACPI: Early table checksum verification disabled,5e4615b4,[ <*>.<*>] ACPI: Early table checksum verification disabled,['0.037726']
383,Mar,9,10:51:43,Client02,kernel,[    0.041670] ACPI: RSDP 0x00000000000F5BF0 000014 (v00 ACPIAM),ef90a7c4,[ <*>.<*>] ACPI: RSDP 0x00000000000F5BF0 <*> (v00 ACPIAM),"['0.041670', '000014']"
384,Mar,9,10:51:43,Client02,kernel,[    0.045581] ACPI: RSDT 0x000000003FFF0000 000040 (v01 VRTUAL MICROSFT 06001702 MSFT 00000097),99b568dc,[ <*>.<*>] ACPI: <*> <*> <*> <*> VRTUAL MICROSFT <*> MSFT <*>),"['0.045581', 'RSDT', '0x000000003FFF0000 000040 (v01', '06001702', '00000097']"
385,Mar,9,10:51:43,Client02,kernel,[    0.051147] ACPI: FACP 0x000000003FFF0200 000081 (v02 VRTUAL MICROSFT 06001702 MSFT 00000097),99b568dc,[ <*>.<*>] ACPI: <*> <*> <*> <*> VRTUAL MICROSFT <*> MSFT <*>),"['0.051147', 'FACP', '0x000000003FFF0200 000081 (v02', '06001702', '00000097']"
386,Mar,9,10:51:43,Client02,kernel,[    0.056805] ACPI: DSDT 0x000000003FFF1D24 003CBE (v01 MSFTVM MSFTVM02 00000002 INTL 02002026),55f70f8e,[ <*>.<*>] ACPI: DSDT 0x000000003FFF1D24 003CBE (v01 MSFTVM MSFTVM02 <*> INTL <*>),"['0.056805', '00000002', '02002026']"
387,Mar,9,10:51:43,Client02,kernel,[    0.062434] ACPI: FACS 0x000000003FFFF000 000040,384a7d61,[ <*>.<*>] ACPI: <*> <*> <*>,"['0.062434', 'FACS', '0x000000003FFFF000 000040']"
388,Mar,9,10:51:43,Client02,kernel,[    0.065473] ACPI: WAET 0x000000003FFF1A80 000028 (v01 VRTUAL MICROSFT 06001702 MSFT 00000097),99b568dc,[ <*>.<*>] ACPI: <*> <*> <*> <*> VRTUAL MICROSFT <*> MSFT <*>),"['0.065473', 'WAET', '0x000000003FFF1A80 000028 (v01', '06001702', '00000097']"
389,Mar,9,10:51:43,Client02,kernel,[    0.071056] ACPI: SLIC 0x000000003FFF1AC0 000176 (v01 VRTUAL MICROSFT 06001702 MSFT 00000097),99b568dc,[ <*>.<*>] ACPI: <*> <*> <*> <*> VRTUAL MICROSFT <*> MSFT <*>),"['0.071056', 'SLIC', '0x000000003FFF1AC0 000176 (v01', '06001702', '00000097']"
390,Mar,9,10:51:43,Client02,kernel,[    0.076865] ACPI: OEM0 0x000000003FFF1CC0 000064 (v01 VRTUAL MICROSFT 06001702 MSFT 00000097),99b568dc,[ <*>.<*>] ACPI: <*> <*> <*> <*> VRTUAL MICROSFT <*> MSFT <*>),"['0.076865', 'OEM0', '0x000000003FFF1CC0 000064 (v01', '06001702', '00000097']"
391,Mar,9,10:51:43,Client02,kernel,[    0.082160] ACPI: SRAT 0x000000003FFF0800 000140 (v02 VRTUAL MICROSFT 00000001 MSFT 00000001),99b568dc,[ <*>.<*>] ACPI: <*> <*> <*> <*> VRTUAL MICROSFT <*> MSFT <*>),"['0.082160', 'SRAT', '0x000000003FFF0800 000140 (v02', '00000001', '00000001']"
392,Mar,9,10:51:43,Client02,kernel,[    0.087826] ACPI: APIC 0x000000003FFF0300 000452 (v01 VRTUAL MICROSFT 06001702 MSFT 00000097),99b568dc,[ <*>.<*>] ACPI: <*> <*> <*> <*> VRTUAL MICROSFT <*> MSFT <*>),"['0.087826', 'APIC', '0x000000003FFF0300 000452 (v01', '06001702', '00000097']"
393,Mar,9,10:51:43,Client02,kernel,[    0.093458] ACPI: OEMB 0x000000003FFFF040 000064 (v01 VRTUAL MICROSFT 06001702 MSFT 00000097),99b568dc,[ <*>.<*>] ACPI: <*> <*> <*> <*> VRTUAL MICROSFT <*> MSFT <*>),"['0.093458', 'OEMB', '0x000000003FFFF040 000064 (v01', '06001702', '00000097']"
394,Mar,9,10:51:43,Client02,kernel,[    0.098812] ACPI: Local APIC address 0xfee00000,33c2304b,[ <*>.<*>] ACPI: Local APIC address 0xfee<*>,"['0.098812', '00000']"
395,Mar,9,10:51:43,Client02,kernel,[    0.098858] SRAT: PXM 0 -> APIC 0x00 -> Node 0,3a0052b7,[ <*>.<*>] SRAT: PXM <*> -> APIC <*> -> Node <*>,"['0.098858', '0 ->', '0x00 ->', '0']"
396,Mar,9,10:51:43,Client02,kernel,[    0.101731] SRAT: PXM 0 -> APIC 0x01 -> Node 0,3a0052b7,[ <*>.<*>] SRAT: PXM <*> -> APIC <*> -> Node <*>,"['0.101731', '0 ->', '0x01 ->', '0']"
397,Mar,9,10:51:43,Client02,kernel,[    0.104659] ACPI: SRAT: Node 0 PXM 0 [mem 0x00000000-0x3fffffff] hotplug,59806dab,[ <*>.<*>] ACPI: SRAT: Node <*> PXM <*> [mem <*> hotplug,"['0.104659', '0', '0', '0x00000000-0x3fffffff]']"
398,Mar,9,10:51:43,Client02,kernel,[    0.110373] ACPI: SRAT: Node 0 PXM 0 [mem 0x100000000-0x2bfffffff] hotplug,59806dab,[ <*>.<*>] ACPI: SRAT: Node <*> PXM <*> [mem <*> hotplug,"['0.110373', '0', '0', '0x100000000-0x2bfffffff]']"
399,Mar,9,10:51:43,Client02,kernel,[    0.114849] ACPI: SRAT: Node 0 PXM 0 [mem 0x2c0200000-0xfdfffffff] hotplug,59806dab,[ <*>.<*>] ACPI: SRAT: Node <*> PXM <*> [mem <*> hotplug,"['0.114849', '0', '0', '0x2c0200000-0xfdfffffff]']"
400,Mar,9,10:51:43,Client02,kernel,[    0.119326] ACPI: SRAT: Node 0 PXM 0 [mem 0x1000000000-0xffffffffff] hotplug,59806dab,[ <*>.<*>] ACPI: SRAT: Node <*> PXM <*> [mem <*> hotplug,"['0.119326', '0', '0', '0x1000000000-0xffffffffff]']"
401,Mar,9,10:51:43,Client02,kernel,[    0.124116] ACPI: SRAT: Node 0 PXM 0 [mem 0x10000200000-0x1ffffffffff] hotplug,59806dab,[ <*>.<*>] ACPI: SRAT: Node <*> PXM <*> [mem <*> hotplug,"['0.124116', '0', '0', '0x10000200000-0x1ffffffffff]']"
402,Mar,9,10:51:43,Client02,kernel,[    0.128838] ACPI: SRAT: Node 0 PXM 0 [mem 0x20000200000-0x3ffffffffff] hotplug,59806dab,[ <*>.<*>] ACPI: SRAT: Node <*> PXM <*> [mem <*> hotplug,"['0.128838', '0', '0', '0x20000200000-0x3ffffffffff]']"
403,Mar,9,10:51:43,Client02,kernel,[    0.133311] NUMA: Node 0 [mem 0x00000000-0x3fffffff] + [mem 0x100000000-0x2bfffffff] -> [mem 0x00000000-0x2bfffffff],2149b3b0,[ <*>.<*>] NUMA: Node <*> [mem 0x00000000-0x3fffffff] + [mem 0x100000000-0x2bfffffff] -> [mem 0x00000000-0x2bfffffff],"['0.133311', '0']"
404,Mar,9,10:51:43,Client02,kernel,[    0.140125] NODE_DATA(0) allocated [mem 0x2bffd5000-0x2bfffffff],b6667f9b,[ <*>.<*>] <*> <*> [mem <*>,"['0.140125', 'NODE_DATA(0) allocated', '0x2bffd5000-0x2bfffffff]']"
405,Mar,9,10:51:43,Client02,kernel,[    0.144087] Zone ranges:,936b8562,[ <*>.<*>] <*> <*>,"['0.144087', 'Zone ranges:']"
406,Mar,9,10:51:43,Client02,kernel,[    0.145705]   DMA      [mem 0x0000000000001000-0x0000000000ffffff],1c598435,[ <*>.<*>] <*> [mem <*>,"['0.145705', 'DMA', '0x0000000000001000-0x0000000000ffffff]']"
407,Mar,9,10:51:43,Client02,kernel,[    0.149602]   DMA32    [mem 0x0000000001000000-0x00000000ffffffff],1c598435,[ <*>.<*>] <*> [mem <*>,"['0.149602', 'DMA32', '0x0000000001000000-0x00000000ffffffff]']"
408,Mar,9,10:51:43,Client02,kernel,[    0.153576]   Normal   [mem 0x0000000100000000-0x00000002bfffffff],1c598435,[ <*>.<*>] <*> [mem <*>,"['0.153576', 'Normal', '0x0000000100000000-0x00000002bfffffff]']"
409,Mar,9,10:51:43,Client02,kernel,[    0.157524]   Device   empty,936b8562,[ <*>.<*>] <*> <*>,"['0.157524', 'Device   empty']"
410,Mar,9,10:51:43,Client02,kernel,[    0.159953] Movable zone start for each node,64c52242,[ <*>.<*>] Movable zone start for each node,['0.159953']
411,Mar,9,10:51:43,Client02,kernel,[    0.164522] Early memory node ranges,a091d2c8,[ <*>.<*>] Early memory node ranges,['0.164522']
412,Mar,9,10:51:43,Client02,kernel,[    0.169245]   node   0: [mem 0x0000000000001000-0x000000000009efff],b6667f9b,[ <*>.<*>] <*> <*> [mem <*>,"['0.169245', 'node   0:', '0x0000000000001000-0x000000000009efff]']"
413,Mar,9,10:51:43,Client02,kernel,[    0.173294]   node   0: [mem 0x0000000000100000-0x000000003ffeffff],b6667f9b,[ <*>.<*>] <*> <*> [mem <*>,"['0.173294', 'node   0:', '0x0000000000100000-0x000000003ffeffff]']"
414,Mar,9,10:51:43,Client02,kernel,[    0.177789]   node   0: [mem 0x0000000100000000-0x00000002bfffffff],b6667f9b,[ <*>.<*>] <*> <*> [mem <*>,"['0.177789', 'node   0:', '0x0000000100000000-0x00000002bfffffff]']"
415,Mar,9,10:51:43,Client02,kernel,[    0.181923] Zeroed struct page in unavailable ranges: 114 pages,466785ab,[ <*>.<*>] Zeroed struct page in unavailable ranges: <*> pages,"['0.181923', '114']"
416,Mar,9,10:51:43,Client02,kernel,[    0.181925] Initmem setup node 0 [mem 0x0000000000001000-0x00000002bfffffff],9b9613f5,[ <*>.<*>] Initmem setup node <*> [mem 0x0000000000001000-0x00000002bfffffff],"['0.181925', '0']"
417,Mar,9,10:51:43,Client02,kernel,[    0.190069] On node 0 totalpages: 2097038,6d7e682c,[ <*>.<*>] On node <*> totalpages: <*>,"['0.190069', '0', '2097038']"
418,Mar,9,10:51:43,Client02,kernel,[    0.190070]   DMA zone: 64 pages used for memmap,8f605fdb,[ <*>.<*>] <*> zone: <*> pages used for memmap,"['0.190070', 'DMA', '64']"
419,Mar,9,10:51:43,Client02,kernel,[    0.190071]   DMA zone: 21 pages reserved,4f135b04,[ <*>.<*>] DMA zone: <*> pages reserved,"['0.190071', '21']"
420,Mar,9,10:51:43,Client02,kernel,"[    0.190072]   DMA zone: 3998 pages, LIFO batch:0",c61c09e1,"[ <*>.<*>] <*> zone: <*> pages, LIFO batch:<*>","['0.190072', 'DMA', '3998', '0']"
421,Mar,9,10:51:43,Client02,kernel,[    0.190171]   DMA32 zone: 4032 pages used for memmap,8f605fdb,[ <*>.<*>] <*> zone: <*> pages used for memmap,"['0.190171', 'DMA32', '4032']"
422,Mar,9,10:51:43,Client02,kernel,"[    0.190171]   DMA32 zone: 258032 pages, LIFO batch:63",c61c09e1,"[ <*>.<*>] <*> zone: <*> pages, LIFO batch:<*>","['0.190171', 'DMA32', '258032', '63']"
423,Mar,9,10:51:43,Client02,kernel,[    0.198010]   Normal zone: 28672 pages used for memmap,8f605fdb,[ <*>.<*>] <*> zone: <*> pages used for memmap,"['0.198010', 'Normal', '28672']"
424,Mar,9,10:51:43,Client02,kernel,"[    0.198011]   Normal zone: 1835008 pages, LIFO batch:63",c61c09e1,"[ <*>.<*>] <*> zone: <*> pages, LIFO batch:<*>","['0.198011', 'Normal', '1835008', '63']"
425,Mar,9,10:51:43,Client02,kernel,[    0.243570] ACPI: PM-Timer IO Port: 0x408,b78b9daf,[ <*>.<*>] ACPI: PM-Timer IO Port: 0x<*>,"['0.243570', '408']"
426,Mar,9,10:51:43,Client02,kernel,[    0.246363] ACPI: Local APIC address 0xfee00000,33c2304b,[ <*>.<*>] ACPI: Local APIC address 0xfee<*>,"['0.246363', '00000']"
427,Mar,9,10:51:43,Client02,kernel,[    0.246377] ACPI: LAPIC_NMI (acpi_id[0xff] dfl dfl lint[0x1]),dd7dce95,[ <*>.<*>] ACPI: LAPIC_NMI (acpi_id[0xff] dfl dfl lint[0x1]),['0.246377']
428,Mar,9,10:51:43,Client02,kernel,"[    0.251167] IOAPIC[0]: apic_id 0, version 17, address 0xfec00000, GSI 0-23",a7e15138,"[ <*>.<*>] IOAPIC[<*>]: apic_id <*>, version <*>, address 0xfec00000, GSI <*>-<*>","['0.251167', '0', '0', '17', '0-23']"
429,Mar,9,10:51:43,Client02,kernel,[    0.255801] ACPI: INT_SRC_OVR (bus 0 bus_irq 0 global_irq 2 dfl dfl),14e2150c,[ <*>.<*>] ACPI: INT_SRC_OVR (bus <*> bus_irq <*> global_irq <*> <*> <*>,"['0.255801', '0', '0', '2', 'dfl dfl)']"
430,Mar,9,10:51:43,Client02,kernel,[    0.259909] ACPI: INT_SRC_OVR (bus 0 bus_irq 9 global_irq 9 high level),14e2150c,[ <*>.<*>] ACPI: INT_SRC_OVR (bus <*> bus_irq <*> global_irq <*> <*> <*>,"['0.259909', '0', '9', '9', 'high level)']"
431,Mar,9,10:51:43,Client02,kernel,[    0.264789] ACPI: IRQ0 used by override.,908df579,[ <*>.<*>] ACPI: <*> used by override.,"['0.264789', 'IRQ0']"
432,Mar,9,10:51:43,Client02,kernel,[    0.264790] ACPI: IRQ9 used by override.,908df579,[ <*>.<*>] ACPI: <*> used by override.,"['0.264790', 'IRQ9']"
433,Mar,9,10:51:43,Client02,kernel,[    0.264793] Using ACPI (MADT) for SMP configuration information,2d06faa7,[ <*>.<*>] Using ACPI (MADT) for SMP configuration information,['0.264793']
434,Mar,9,10:51:43,Client02,kernel,"[    0.270783] smpboot: Allowing 128 CPUs, 126 hotplug CPUs",9b8c143d,"[ <*>.<*>] smpboot: Allowing <*> CPUs, <*> hotplug CPUs","['0.270783', '128', '126']"
435,Mar,9,10:51:43,Client02,kernel,[    0.274167] PM: Registered nosave memory: [mem 0x00000000-0x00000fff],adb3b7e0,[ <*>.<*>] PM: Registered nosave memory: [mem <*>,"['0.274167', '0x00000000-0x00000fff]']"
436,Mar,9,10:51:43,Client02,kernel,[    0.278427] PM: Registered nosave memory: [mem 0x0009f000-0x0009ffff],adb3b7e0,[ <*>.<*>] PM: Registered nosave memory: [mem <*>,"['0.278427', '0x0009f000-0x0009ffff]']"
437,Mar,9,10:51:43,Client02,kernel,[    0.282546] PM: Registered nosave memory: [mem 0x000a0000-0x000dffff],adb3b7e0,[ <*>.<*>] PM: Registered nosave memory: [mem <*>,"['0.282546', '0x000a0000-0x000dffff]']"
438,Mar,9,10:51:43,Client02,kernel,[    0.286740] PM: Registered nosave memory: [mem 0x000e0000-0x000fffff],adb3b7e0,[ <*>.<*>] PM: Registered nosave memory: [mem <*>,"['0.286740', '0x000e0000-0x000fffff]']"
439,Mar,9,10:51:43,Client02,kernel,[    0.290884] PM: Registered nosave memory: [mem 0x3fff0000-0x3fffefff],adb3b7e0,[ <*>.<*>] PM: Registered nosave memory: [mem <*>,"['0.290884', '0x3fff0000-0x3fffefff]']"
440,Mar,9,10:51:43,Client02,kernel,[    0.295146] PM: Registered nosave memory: [mem 0x3ffff000-0x3fffffff],adb3b7e0,[ <*>.<*>] PM: Registered nosave memory: [mem <*>,"['0.295146', '0x3ffff000-0x3fffffff]']"
441,Mar,9,10:51:43,Client02,kernel,[    0.299459] PM: Registered nosave memory: [mem 0x40000000-0xffffffff],adb3b7e0,[ <*>.<*>] PM: Registered nosave memory: [mem <*>,"['0.299459', '0x40000000-0xffffffff]']"
442,Mar,9,10:51:43,Client02,kernel,[    0.303889] [mem 0x40000000-0xffffffff] available for PCI devices,3f07a14b,[ <*>.<*>] [mem 0x40000000-0xffffffff] available for PCI devices,['0.303889']
443,Mar,9,10:51:43,Client02,kernel,[    0.307611] Booting paravirtualized kernel on bare hardware,8d50c11c,[ <*>.<*>] Booting paravirtualized kernel on bare hardware,['0.307611']
444,Mar,9,10:51:43,Client02,kernel,"[    0.311308] clocksource: refined-jiffies: mask: 0xffffffff max_cycles: 0xffffffff, max_idle_ns: 7645519600211568 ns",86aa80c1,[ <*>.<*>] clocksource: <*> mask: <*> max_cycles: <*> max_idle_ns: <*> ns,"['0.311308', 'refined-jiffies:', '0xffffffff', '0xffffffff,', '7645519600211568']"
445,Mar,9,10:51:43,Client02,kernel,[    0.317969] random: get_random_bytes called from start_kernel+0x93/0x503 with crng_init=0,443bf847,[ <*>.<*>] random: get_random_bytes called from start_kernel+0x93/0x503 with crng_init=<*>,"['0.317969', '0']"
446,Mar,9,10:51:43,Client02,kernel,[    0.323310] setup_percpu: NR_CPUS:8192 nr_cpumask_bits:128 nr_cpu_ids:128 nr_node_ids:1,179bb8e8,[ <*>.<*>] setup_percpu: NR_CPUS:<*> nr_cpumask_bits:<*> nr_cpu_ids:<*> nr_node_ids:<*>,"['0.323310', '8192', '128', '128', '1']"
447,Mar,9,10:51:43,Client02,kernel,[    0.335830] percpu: Embedded 45 pages/cpu s147456 r8192 d28672 u262144,e239aa8c,[ <*>.<*>] percpu: Embedded <*> pages/cpu s147456 r8192 d28672 u<*>,"['0.335830', '45', '262144']"
448,Mar,9,10:51:43,Client02,kernel,[    0.340876] pcpu-alloc: s147456 r8192 d28672 u262144 alloc=1*2097152,9389e3c2,[ <*>.<*>] pcpu-alloc: s147456 r8192 d28672 u262144 alloc=<*>*<*>,"['0.340876', '1*2097152']"
449,Mar,9,10:51:43,Client02,kernel,[    0.340877] pcpu-alloc: [0] 000 001 002 003 004 005 006 007,30022ec8,[ <*>.<*>] pcpu-alloc: [<*>] <*> <*> <*> <*> <*> <*> <*> <*>,"['0.340877', '0', '000', '001', '002', '003 004 005 006 007']"
450,Mar,9,10:51:43,Client02,kernel,[    0.340879] pcpu-alloc: [0] 008 009 010 011 012 013 014 015,30022ec8,[ <*>.<*>] pcpu-alloc: [<*>] <*> <*> <*> <*> <*> <*> <*> <*>,"['0.340879', '0', '008', '009', '010', '011 012 013 014 015']"
451,Mar,9,10:51:43,Client02,kernel,[    0.340881] pcpu-alloc: [0] 016 017 018 019 020 021 022 023,30022ec8,[ <*>.<*>] pcpu-alloc: [<*>] <*> <*> <*> <*> <*> <*> <*> <*>,"['0.340881', '0', '016', '017', '018', '019 020 021 022 023']"
452,Mar,9,10:51:43,Client02,kernel,[    0.340883] pcpu-alloc: [0] 024 025 026 027 028 029 030 031,30022ec8,[ <*>.<*>] pcpu-alloc: [<*>] <*> <*> <*> <*> <*> <*> <*> <*>,"['0.340883', '0', '024', '025', '026', '027 028 029 030 031']"
453,Mar,9,10:51:43,Client02,kernel,[    0.340885] pcpu-alloc: [0] 032 033 034 035 036 037 038 039,30022ec8,[ <*>.<*>] pcpu-alloc: [<*>] <*> <*> <*> <*> <*> <*> <*> <*>,"['0.340885', '0', '032', '033', '034', '035 036 037 038 039']"
454,Mar,9,10:51:43,Client02,kernel,[    0.340887] pcpu-alloc: [0] 040 041 042 043 044 045 046 047,30022ec8,[ <*>.<*>] pcpu-alloc: [<*>] <*> <*> <*> <*> <*> <*> <*> <*>,"['0.340887', '0', '040', '041', '042', '043 044 045 046 047']"
455,Mar,9,10:51:43,Client02,kernel,[    0.340889] pcpu-alloc: [0] 048 049 050 051 052 053 054 055,30022ec8,[ <*>.<*>] pcpu-alloc: [<*>] <*> <*> <*> <*> <*> <*> <*> <*>,"['0.340889', '0', '048', '049', '050', '051 052 053 054 055']"
456,Mar,9,10:51:43,Client02,kernel,[    0.340890] pcpu-alloc: [0] 056 057 058 059 060 061 062 063,30022ec8,[ <*>.<*>] pcpu-alloc: [<*>] <*> <*> <*> <*> <*> <*> <*> <*>,"['0.340890', '0', '056', '057', '058', '059 060 061 062 063']"
457,Mar,9,10:51:43,Client02,kernel,[    0.340892] pcpu-alloc: [0] 064 065 066 067 068 069 070 071,30022ec8,[ <*>.<*>] pcpu-alloc: [<*>] <*> <*> <*> <*> <*> <*> <*> <*>,"['0.340892', '0', '064', '065', '066', '067 068 069 070 071']"
458,Mar,9,10:51:43,Client02,kernel,[    0.340894] pcpu-alloc: [0] 072 073 074 075 076 077 078 079,30022ec8,[ <*>.<*>] pcpu-alloc: [<*>] <*> <*> <*> <*> <*> <*> <*> <*>,"['0.340894', '0', '072', '073', '074', '075 076 077 078 079']"
459,Mar,9,10:51:43,Client02,kernel,[    0.340896] pcpu-alloc: [0] 080 081 082 083 084 085 086 087,30022ec8,[ <*>.<*>] pcpu-alloc: [<*>] <*> <*> <*> <*> <*> <*> <*> <*>,"['0.340896', '0', '080', '081', '082', '083 084 085 086 087']"
460,Mar,9,10:51:43,Client02,kernel,[    0.340898] pcpu-alloc: [0] 088 089 090 091 092 093 094 095,30022ec8,[ <*>.<*>] pcpu-alloc: [<*>] <*> <*> <*> <*> <*> <*> <*> <*>,"['0.340898', '0', '088', '089', '090', '091 092 093 094 095']"
461,Mar,9,10:51:43,Client02,kernel,[    0.340899] pcpu-alloc: [0] 096 097 098 099 100 101 102 103,30022ec8,[ <*>.<*>] pcpu-alloc: [<*>] <*> <*> <*> <*> <*> <*> <*> <*>,"['0.340899', '0', '096', '097', '098', '099 100 101 102 103']"
462,Mar,9,10:51:43,Client02,kernel,[    0.340901] pcpu-alloc: [0] 104 105 106 107 108 109 110 111,30022ec8,[ <*>.<*>] pcpu-alloc: [<*>] <*> <*> <*> <*> <*> <*> <*> <*>,"['0.340901', '0', '104', '105', '106', '107 108 109 110 111']"
463,Mar,9,10:51:43,Client02,kernel,[    0.340903] pcpu-alloc: [0] 112 113 114 115 116 117 118 119,30022ec8,[ <*>.<*>] pcpu-alloc: [<*>] <*> <*> <*> <*> <*> <*> <*> <*>,"['0.340903', '0', '112', '113', '114', '115 116 117 118 119']"
464,Mar,9,10:51:43,Client02,kernel,[    0.340905] pcpu-alloc: [0] 120 121 122 123 124 125 126 127,30022ec8,[ <*>.<*>] pcpu-alloc: [<*>] <*> <*> <*> <*> <*> <*> <*> <*>,"['0.340905', '0', '120', '121', '122', '123 124 125 126 127']"
465,Mar,9,10:51:43,Client02,kernel,[    0.340935] Hyper-V: PV spinlocks enabled,8f72dbf6,[ <*>.<*>] <*> <*> <*> enabled,"['0.340935', 'Hyper-V:', 'PV spinlocks']"
466,Mar,9,10:51:43,Client02,kernel,"[    0.343602] PV qspinlock hash table entries: 512 (order: 1, 8192 bytes)",e2564448,"[ <*>.<*>] <*> <*> hash table entries: <*> <*> <*>, <*> bytes)","['0.343602', 'PV qspinlock', '512', '(order: 1', '8192']"
467,Mar,9,10:51:43,Client02,kernel,"[    0.347702] Built 1 zonelists, mobility grouping on.  Total pages: 2064249",6111a56b,"[ <*>.<*>] Built <*> zonelists, mobility grouping on. Total pages: <*>","['0.347702', '1', '2064249']"
468,Mar,9,10:51:43,Client02,kernel,[    0.352387] Policy zone: Normal,fea59dea,[ <*>.<*>] Policy zone: Normal,['0.352387']
469,Mar,9,10:51:43,Client02,kernel,[    0.354483] Kernel command line: BOOT_IMAGE=/boot/vmlinuz-5.0.0-1032-azure root=UUID=5604f71e-1e5f-443c-a99e-b82bb5c201df ro console=tty1 console=ttyS0 earlyprintk=ttyS0 rootdelay=300,96f4d3c0,[ <*>.<*>] Kernel command line: BOOT_IMAGE=/boot/vmlinuz-<*>.<*>.<*>-<*>-azure root=UUID=5604f71e-1e5f-443c-a99e-b82bb5c201df ro console=tty1 console=ttyS0 earlyprintk=ttyS0 rootdelay=<*>,"['0.354483', '5', '0.0-1032', '300']"
470,Mar,9,10:51:43,Client02,kernel,[    0.364753] printk: log_buf_len individual max cpu contribution: 4096 bytes,4bf266f9,[ <*>.<*>] printk: log_buf_len individual max cpu contribution: <*> bytes,"['0.364753', '4096']"
471,Mar,9,10:51:43,Client02,kernel,[    0.369145] printk: log_buf_len total cpu_extra contributions: 520192 bytes,eb09db24,[ <*>.<*>] printk: log_buf_len total cpu_extra contributions: <*> bytes,"['0.369145', '520192']"
472,Mar,9,10:51:43,Client02,kernel,[    0.373879] printk: log_buf_len min size: 262144 bytes,87a236f5,[ <*>.<*>] printk: log_buf_len min size: <*> bytes,"['0.373879', '262144']"
473,Mar,9,10:51:43,Client02,kernel,[    0.377729] printk: log_buf_len: 1048576 bytes,ae7520bd,[ <*>.<*>] printk: <*> <*> <*>,"['0.377729', 'log_buf_len:', '1048576 bytes']"
474,Mar,9,10:51:43,Client02,kernel,[    0.380702] printk: early log buf free: 251180(95%),3836433f,[ <*>.<*>] printk: early log buf free: <*>(<*>%),"['0.380702', '251180(95']"
475,Mar,9,10:51:43,Client02,kernel,[    0.396182] Calgary: detecting Calgary via BIOS EBDA area,0ab61629,[ <*>.<*>] Calgary: detecting Calgary via BIOS EBDA area,['0.396182']
476,Mar,9,10:51:43,Client02,kernel,[    0.396183] Calgary: Unable to locate Rio Grande table in EBDA - bailing!,610ef30a,[ <*>.<*>] Calgary: Unable to locate Rio Grande table in EBDA - bailing!,['0.396183']
477,Mar,9,10:51:43,Client02,kernel,"[    0.413914] Memory: 8118156K/8388152K available (12292K kernel code, 2233K rwdata, 3944K rodata, 2360K init, 5524K bss, 269996K reserved, 0K cma-reserved)",892e86b6,"[ <*>.<*>] Memory: 8118156K/8388152K available (12292K kernel code, 2233K rwdata, 3944K rodata, 2360K init, 5524K bss, 269996K reserved, 0K cma-reserved)",['0.413914']
478,Mar,9,10:51:43,Client02,kernel,"[    0.424637] SLUB: HWalign=64, Order=0-3, MinObjects=0, CPUs=128, Nodes=1",0650e733,"[ <*>.<*>] SLUB: HWalign=<*>, Order=<*>-<*>, MinObjects=<*>, CPUs=<*>, Nodes=<*>","['0.424637', '64', '0-3', '0', '128', '1']"
479,Mar,9,10:51:43,Client02,kernel,[    0.428931] Kernel/User page tables isolation: enabled,1c356206,[ <*>.<*>] Kernel/User page tables isolation: enabled,['0.428931']
480,Mar,9,10:51:43,Client02,kernel,[    0.432518] ftrace: allocating 38709 entries in 152 pages,bff63748,[ <*>.<*>] ftrace: allocating <*> entries in <*> pages,"['0.432518', '38709', '152']"
481,Mar,9,10:51:43,Client02,kernel,[    0.452992] rcu: Hierarchical RCU implementation.,a4a8ef32,[ <*>.<*>] rcu: Hierarchical <*> implementation.,"['0.452992', 'RCU']"
482,Mar,9,10:51:43,Client02,kernel,[    0.456590] rcu: 	RCU restricting CPUs from NR_CPUS=8192 to nr_cpu_ids=128.,b21b8830,[ <*>.<*>] rcu: RCU restricting CPUs from NR_CPUS=<*> to nr_cpu_ids=<*>.,"['0.456590', '8192', '128']"
483,Mar,9,10:51:43,Client02,kernel,[    0.461182] 	Tasks RCU enabled.,0b9385e9,[ <*>.<*>] Tasks RCU enabled.,['0.461182']
484,Mar,9,10:51:43,Client02,kernel,[    0.464385] rcu: RCU calculated value of scheduler-enlistment delay is 25 jiffies.,47b028da,[ <*>.<*>] rcu: RCU calculated value of scheduler-enlistment delay is <*> jiffies.,"['0.464385', '25']"
485,Mar,9,10:51:43,Client02,kernel,"[    0.469557] rcu: Adjusting geometry for rcu_fanout_leaf=16, nr_cpu_ids=128",b2110681,"[ <*>.<*>] rcu: Adjusting geometry for rcu_fanout_leaf=<*>, nr_cpu_ids=<*>","['0.469557', '16', '128']"
486,Mar,9,10:51:43,Client02,kernel,"[    0.477125] NR_IRQS: 524544, nr_irqs: 1448, preallocated irqs: 16",448ffa05,"[ <*>.<*>] NR_IRQS: <*>, nr_irqs: <*>, preallocated irqs: <*>","['0.477125', '524544', '1448', '16']"
487,Mar,9,10:51:43,Client02,kernel,[    0.488311] Console: colour VGA+ 80x25,ba5a5b44,[ <*>.<*>] Console: colour VGA+ 80x<*>,"['0.488311', '25']"
488,Mar,9,10:51:43,Client02,kernel,[    1.105569] printk: console [tty1] enabled,8f72dbf6,[ <*>.<*>] <*> <*> <*> enabled,"['1.105569', 'printk:', 'console [tty1]']"
489,Mar,9,10:51:43,Client02,kernel,[    1.109119] printk: console [ttyS0] enabled,8f72dbf6,[ <*>.<*>] <*> <*> <*> enabled,"['1.109119', 'printk:', 'console [ttyS0]']"
490,Mar,9,10:51:43,Client02,kernel,[    1.115206] printk: bootconsole [earlyser0] disabled,ae7520bd,[ <*>.<*>] printk: <*> <*> <*>,"['1.115206', 'bootconsole', '[earlyser0] disabled']"
491,Mar,9,10:51:43,Client02,kernel,[    1.122614] ACPI: Core revision 20181213,384a7d61,[ <*>.<*>] ACPI: <*> <*> <*>,"['1.122614', 'Core', 'revision 20181213']"
492,Mar,9,10:51:43,Client02,kernel,[    1.126287] APIC: Switch to symmetric I/O mode setup,78932e3c,[ <*>.<*>] APIC: Switch to symmetric I/O mode setup,['1.126287']
493,Mar,9,10:51:43,Client02,kernel,[    1.130127] Switched APIC routing to physical flat.,e5c5d87b,[ <*>.<*>] Switched APIC routing to physical flat.,['1.130127']
494,Mar,9,10:51:43,Client02,kernel,[    1.133900] Hyper-V: Using IPI hypercalls,cc148139,[ <*>.<*>] Hyper-V: Using IPI hypercalls,['1.133900']
495,Mar,9,10:51:43,Client02,kernel,[    1.137592] Hyper-V: Using enlightened APIC (xapic mode),ce2a1825,[ <*>.<*>] Hyper-V: Using enlightened APIC (xapic mode),['1.137592']
496,Mar,9,10:51:43,Client02,kernel,"[    1.137600] clocksource: hyperv_clocksource_tsc_page: mask: 0xffffffffffffffff max_cycles: 0x24e6a1710, max_idle_ns: 440795202120 ns",86aa80c1,[ <*>.<*>] clocksource: <*> mask: <*> max_cycles: <*> max_idle_ns: <*> ns,"['1.137600', 'hyperv_clocksource_tsc_page:', '0xffffffffffffffff', '0x24e6a1710,', '440795202120']"
497,Mar,9,10:51:43,Client02,kernel,"[    1.175536] Calibrating delay loop (skipped), value calculated using timer frequency.. 4190.48 BogoMIPS (lpj=8380976)",21d515eb,"[ <*>.<*>] Calibrating delay loop (skipped), value calculated using timer frequency.. <*>.<*> BogoMIPS (lpj=<*>)","['1.175536', '4190.48', '8380976']"
498,Mar,9,10:51:43,Client02,kernel,[    1.179522] pid_max: default: 131072 minimum: 1024,f518058d,[ <*>.<*>] pid_max: default: <*> minimum: <*>,"['1.179522', '131072', '1024']"
499,Mar,9,10:51:43,Client02,kernel,[    1.179522] LSM: Security Framework initializing,4a44d82f,[ <*>.<*>] LSM: Security Framework initializing,['1.179522']
500,Mar,9,10:51:43,Client02,kernel,[    1.179522] Yama: becoming mindful.,2824e23c,[ <*>.<*>] Yama: becoming mindful.,['1.179522']
501,Mar,9,10:51:43,Client02,kernel,[    1.179522] AppArmor: AppArmor initialized,39dbb8e6,[ <*>.<*>] <*> <*> initialized,"['1.179522', 'AppArmor: AppArmor']"
502,Mar,9,10:51:43,Client02,kernel,"[    1.179522] Dentry cache hash table entries: 1048576 (order: 11, 8388608 bytes)",e2564448,"[ <*>.<*>] <*> <*> hash table entries: <*> <*> <*>, <*> bytes)","['1.179522', 'Dentry cache', '1048576', '(order: 11', '8388608']"
503,Mar,9,10:51:43,Client02,kernel,"[    1.179522] Inode-cache hash table entries: 524288 (order: 10, 4194304 bytes)",6a78c96c,"[ <*>.<*>] <*> hash table entries: <*> (order: <*>, <*> bytes)","['1.179522', 'Inode-cache', '524288', '10', '4194304']"
504,Mar,9,10:51:43,Client02,kernel,"[    1.179522] Mount-cache hash table entries: 16384 (order: 5, 131072 bytes)",6a78c96c,"[ <*>.<*>] <*> hash table entries: <*> (order: <*>, <*> bytes)","['1.179522', 'Mount-cache', '16384', '5', '131072']"
505,Mar,9,10:51:43,Client02,kernel,"[    1.179522] Mountpoint-cache hash table entries: 16384 (order: 5, 131072 bytes)",6a78c96c,"[ <*>.<*>] <*> hash table entries: <*> (order: <*>, <*> bytes)","['1.179522', 'Mountpoint-cache', '16384', '5', '131072']"
506,Mar,9,10:51:43,Client02,kernel,"[    1.179522] Last level iTLB entries: 4KB 64, 2MB 8, 4MB 8",fd5fafaf,"[ <*>.<*>] Last level iTLB entries: 4KB <*>, 2MB <*>, 4MB <*>","['1.179522', '64', '8', '8']"
507,Mar,9,10:51:43,Client02,kernel,"[    1.179522] Last level dTLB entries: 4KB 64, 2MB 0, 4MB 0, 1GB 4",7e4285f0,"[ <*>.<*>] Last level dTLB entries: 4KB <*>, 2MB <*>, 4MB <*>, 1GB <*>","['1.179522', '64', '0', '0', '4']"
508,Mar,9,10:51:43,Client02,kernel,[    1.179522] Spectre V1 : Mitigation: usercopy/swapgs barriers and __user pointer sanitization,0a5fefa9,[ <*>.<*>] Spectre V1 : Mitigation: usercopy/swapgs barriers and __user pointer sanitization,['1.179522']
509,Mar,9,10:51:43,Client02,kernel,[    1.179522] Spectre V2 : Mitigation: Full generic retpoline,2b81bf58,[ <*>.<*>] Spectre V2 : Mitigation: Full generic retpoline,['1.179522']
510,Mar,9,10:51:43,Client02,kernel,[    1.179522] Spectre V2 : Spectre v2 / SpectreRSB mitigation: Filling RSB on context switch,0b47a21f,[ <*>.<*>] Spectre V2 : Spectre v2 / SpectreRSB mitigation: Filling RSB on context switch,['1.179522']
511,Mar,9,10:51:43,Client02,kernel,[    1.179522] Speculative Store Bypass: Vulnerable,e996fac8,[ <*>.<*>] Speculative Store Bypass: Vulnerable,['1.179522']
512,Mar,9,10:51:43,Client02,kernel,"[    1.179522] TAA: Vulnerable: Clear CPU buffers attempted, no microcode",3233ab26,"[ <*>.<*>] <*> Vulnerable: Clear CPU buffers attempted, no microcode","['1.179522', 'TAA:']"
513,Mar,9,10:51:43,Client02,kernel,"[    1.179522] MDS: Vulnerable: Clear CPU buffers attempted, no microcode",3233ab26,"[ <*>.<*>] <*> Vulnerable: Clear CPU buffers attempted, no microcode","['1.179522', 'MDS:']"
514,Mar,9,10:51:43,Client02,kernel,[    1.179522] Freeing SMP alternatives memory: 36K,b69059a5,[ <*>.<*>] Freeing <*> <*> memory: <*>,"['1.179522', 'SMP alternatives', '36K']"
515,Mar,9,10:51:43,Client02,kernel,"[    1.179522] smpboot: CPU0: Intel(R) Xeon(R) Platinum 8171M CPU @ 2.60GHz (family: 0x6, model: 0x55, stepping: 0x4)",91c6cedc,"[ <*>.<*>] smpboot: CPU0: Intel(R) Xeon(R) <*> <*> <*> @ <*> (family: 0x6, model: <*> stepping: <*>","['1.179522', 'Platinum', '8171M CPU', '2.60GHz', '0x55,', '0x4)']"
516,Mar,9,10:51:43,Client02,kernel,"[    1.183681] Performance Events: unsupported p6 CPU model 85 no PMU driver, software events only.",af43d4d4,"[ <*>.<*>] Performance Events: unsupported p6 CPU model <*> no PMU driver, software events only.","['1.183681', '85']"
517,Mar,9,10:51:43,Client02,kernel,[    1.187590] rcu: Hierarchical SRCU implementation.,a4a8ef32,[ <*>.<*>] rcu: Hierarchical <*> implementation.,"['1.187590', 'SRCU']"
518,Mar,9,10:51:43,Client02,kernel,[    1.192535] random: crng done (trusting CPU's manufacturer),dcaf4674,[ <*>.<*>] random: crng done (trusting CPU's manufacturer),['1.192535']
519,Mar,9,10:51:43,Client02,kernel,[    1.195560] NMI watchdog: Perf NMI watchdog permanently disabled,5fbc9904,[ <*>.<*>] NMI watchdog: Perf NMI watchdog permanently disabled,['1.195560']
520,Mar,9,10:51:43,Client02,kernel,[    1.200837] smp: Bringing up secondary CPUs ...,b2081125,[ <*>.<*>] smp: Bringing up secondary CPUs ...,['1.200837']
521,Mar,9,10:51:43,Client02,kernel,[    1.203648] x86: Booting SMP configuration:,0a1ec610,[ <*>.<*>] x86: Booting SMP configuration:,['1.203648']
522,Mar,9,10:51:43,Client02,kernel,"[    1.207526] .... node  #0, CPUs:          #1",3388cb84,"[ <*>.<*>] .... node #<*>, CPUs: #<*>","['1.207526', '0', '1']"
523,Mar,9,10:51:43,Client02,kernel,"[    1.211539] MDS CPU bug present and SMT on, data leak possible. See https://www.kernel.org/doc/html/latest/admin-guide/hw-vuln/mds.html for more details.",2e12bf3b,"[ <*>.<*>] <*> CPU bug present and SMT on, data leak possible. See <*> for more details.","['1.211539', 'MDS', 'https://www.kernel.org/doc/html/latest/admin-guide/hw-vuln/mds.html']"
524,Mar,9,10:51:43,Client02,kernel,"[    1.219525] TAA CPU bug present and SMT on, data leak possible. See https://www.kernel.org/doc/html/latest/admin-guide/hw-vuln/tsx_async_abort.html for more details.",2e12bf3b,"[ <*>.<*>] <*> CPU bug present and SMT on, data leak possible. See <*> for more details.","['1.219525', 'TAA', 'https://www.kernel.org/doc/html/latest/admin-guide/hw-vuln/tsx_async_abort.html']"
525,Mar,9,10:51:43,Client02,kernel,"[    1.223528] smp: Brought up 1 node, 2 CPUs",84ff81ae,"[ <*>.<*>] smp: Brought up <*> node, <*> CPUs","['1.223528', '1', '2']"
526,Mar,9,10:51:43,Client02,kernel,[    1.227524] smpboot: Max logical packages: 64,bb2b44d1,[ <*>.<*>] smpboot: Max logical packages: <*>,"['1.227524', '64']"
527,Mar,9,10:51:43,Client02,kernel,[    1.231526] smpboot: Total of 2 processors activated (8380.97 BogoMIPS),674ff42a,[ <*>.<*>] smpboot: Total of <*> processors activated (<*>.<*> BogoMIPS),"['1.231526', '2', '8380.97']"
528,Mar,9,10:51:43,Client02,kernel,[    1.236368] devtmpfs: initialized,936b8562,[ <*>.<*>] <*> <*>,"['1.236368', 'devtmpfs: initialized']"
529,Mar,9,10:51:43,Client02,kernel,[    1.239591] x86/mm: Memory block size: 128MB,515f329c,[ <*>.<*>] x86/mm: Memory block size: 128MB,['1.239591']
530,Mar,9,10:51:43,Client02,kernel,[    1.244256] PM: Registering ACPI NVS region [mem 0x3ffff000-0x3fffffff] (4096 bytes),5360d077,[ <*>.<*>] PM: Registering ACPI NVS region [mem 0x3ffff000-0x3fffffff] (<*> bytes),"['1.244256', '4096']"
531,Mar,9,10:51:43,Client02,kernel,"[    1.251690] clocksource: jiffies: mask: 0xffffffff max_cycles: 0xffffffff, max_idle_ns: 7645041785100000 ns",86aa80c1,[ <*>.<*>] clocksource: <*> mask: <*> max_cycles: <*> max_idle_ns: <*> ns,"['1.251690', 'jiffies:', '0xffffffff', '0xffffffff,', '7645041785100000']"
532,Mar,9,10:51:43,Client02,kernel,"[    1.255606] futex hash table entries: 32768 (order: 9, 2097152 bytes)",6a78c96c,"[ <*>.<*>] <*> hash table entries: <*> (order: <*>, <*> bytes)","['1.255606', 'futex', '32768', '9', '2097152']"
533,Mar,9,10:51:43,Client02,kernel,[    1.264019] pinctrl core: initialized pinctrl subsystem,09628428,[ <*>.<*>] pinctrl core: initialized pinctrl subsystem,['1.264019']
534,Mar,9,10:51:43,Client02,kernel,"[    1.268090] RTC time: 10:50:43, date: 2020-03-09",0b45c280,"[ <*>.<*>] RTC time: <*>:<*>:<*>, date: <*>-<*>-<*>","['1.268090', '10', '50:43', '2020', '03-09']"
535,Mar,9,10:51:43,Client02,kernel,[    1.271834] NET: Registered protocol family 16,87d471e6,[ <*>.<*>] NET: Registered protocol family <*>,"['1.271834', '16']"
536,Mar,9,10:51:43,Client02,kernel,[    1.275617] audit: initializing netlink subsys (disabled),4b0e5b36,[ <*>.<*>] audit: initializing netlink subsys (disabled),['1.275617']
537,Mar,9,10:51:43,Client02,kernel,[    1.279549] audit: type=2000 audit(1583751042.104:1): state=initialized audit_enabled=0 res=1,74417e93,[ <*>.<*>] audit: type=<*> audit(<*>.<*>:<*>): state=initialized audit_enabled=<*> res=<*>,"['1.279549', '2000', '1583751042.104', '1', '0', '1']"
538,Mar,9,10:51:43,Client02,kernel,[    1.279640] EISA bus registered,cd3fa45b,[ <*>.<*>] EISA bus registered,['1.279640']
539,Mar,9,10:51:43,Client02,kernel,[    1.287548] cpuidle: using governor ladder,ebf1d118,[ <*>.<*>] cpuidle: using governor <*>,"['1.287548', 'ladder']"
540,Mar,9,10:51:43,Client02,kernel,[    1.291542] cpuidle: using governor menu,ebf1d118,[ <*>.<*>] cpuidle: using governor <*>,"['1.291542', 'menu']"
541,Mar,9,10:51:43,Client02,kernel,[    1.295614] ACPI: bus type PCI registered,35356d63,[ <*>.<*>] ACPI: bus type PCI registered,['1.295614']
542,Mar,9,10:51:43,Client02,kernel,[    1.299525] acpiphp: ACPI Hot Plug PCI Controller Driver version: 0.5,572a6a6a,[ <*>.<*>] <*> <*> Hot Plug PCI Controller Driver version: <*>.<*>,"['1.299525', 'acpiphp: ACPI', '0.5']"
543,Mar,9,10:51:43,Client02,kernel,[    1.304212] PCI: Using configuration type 1 for base access,4e0fd40b,[ <*>.<*>] PCI: Using configuration type <*> for base access,"['1.304212', '1']"
544,Mar,9,10:51:43,Client02,kernel,"[    1.311746] HugeTLB registered 1.00 GiB page size, pre-allocated 0 pages",ed0c38b8,"[ <*>.<*>] HugeTLB registered <*>.<*> <*> page size, pre-allocated <*> pages","['1.311746', '1.00', 'GiB', '0']"
545,Mar,9,10:51:43,Client02,kernel,"[    1.319535] HugeTLB registered 2.00 MiB page size, pre-allocated 0 pages",ed0c38b8,"[ <*>.<*>] HugeTLB registered <*>.<*> <*> page size, pre-allocated <*> pages","['1.319535', '2.00', 'MiB', '0']"
546,Mar,9,10:51:43,Client02,kernel,[    1.327820] ACPI: Added _OSI(Module Device),384a7d61,[ <*>.<*>] ACPI: <*> <*> <*>,"['1.327820', 'Added', '_OSI(Module Device)']"
547,Mar,9,10:51:43,Client02,kernel,[    1.331533] ACPI: Added _OSI(Processor Device),384a7d61,[ <*>.<*>] ACPI: <*> <*> <*>,"['1.331533', 'Added', '_OSI(Processor Device)']"
548,Mar,9,10:51:43,Client02,kernel,[    1.331533] ACPI: Added _OSI(3.0 _SCP Extensions),382e1fc9,[ <*>.<*>] ACPI: Added <*> <*> <*>,"['1.331533', '_OSI(3.0', '_SCP Extensions)']"
549,Mar,9,10:51:43,Client02,kernel,[    1.335525] ACPI: Added _OSI(Processor Aggregator Device),382e1fc9,[ <*>.<*>] ACPI: Added <*> <*> <*>,"['1.335525', '_OSI(Processor', 'Aggregator Device)']"
550,Mar,9,10:51:43,Client02,kernel,[    1.343526] ACPI: Added _OSI(Linux-Dell-Video),c1870ad0,[ <*>.<*>] ACPI: <*> <*>,"['1.343526', 'Added _OSI(Linux-Dell-Video)']"
551,Mar,9,10:51:43,Client02,kernel,[    1.347524] ACPI: Added _OSI(Linux-Lenovo-NV-HDMI-Audio),c1870ad0,[ <*>.<*>] ACPI: <*> <*>,"['1.347524', 'Added _OSI(Linux-Lenovo-NV-HDMI-Audio)']"
552,Mar,9,10:51:43,Client02,kernel,[    1.351525] ACPI: Added _OSI(Linux-HPI-Hybrid-Graphics),c1870ad0,[ <*>.<*>] ACPI: <*> <*>,"['1.351525', 'Added _OSI(Linux-HPI-Hybrid-Graphics)']"
553,Mar,9,10:51:43,Client02,kernel,[    1.355755] ACPI: 1 ACPI AML tables successfully acquired and loaded,bfc45663,[ <*>.<*>] ACPI: <*> ACPI AML tables successfully acquired and loaded,"['1.355755', '1']"
554,Mar,9,10:51:43,Client02,kernel,[    1.363858] ACPI: Interpreter enabled,c1870ad0,[ <*>.<*>] ACPI: <*> <*>,"['1.363858', 'Interpreter enabled']"
555,Mar,9,10:51:43,Client02,kernel,[    1.371538] ACPI: (supports S0 S5),384a7d61,[ <*>.<*>] ACPI: <*> <*> <*>,"['1.371538', '(supports', 'S0 S5)']"
556,Mar,9,10:51:43,Client02,kernel,[    1.371538] ACPI: Using IOAPIC for interrupt routing,a19890d6,[ <*>.<*>] <*> Using <*> for <*> routing,"['1.371538', 'ACPI:', 'IOAPIC', 'interrupt']"
557,Mar,9,10:51:43,Client02,kernel,"[    1.375553] PCI: Using host bridge windows from ACPI; if necessary, use ""pci=nocrs"" and report a bug",7ca6598a,"[ <*>.<*>] PCI: Using host bridge windows from ACPI; if necessary, use ""pci=nocrs"" and report a bug",['1.375553']
558,Mar,9,10:51:43,Client02,kernel,[    1.383805] ACPI: Enabled 1 GPEs in block 00 to 0F,dd22b4d7,[ <*>.<*>] ACPI: Enabled <*> GPEs in block <*> to 0F,"['1.383805', '1', '00']"
559,Mar,9,10:51:43,Client02,kernel,[    1.405762] ACPI: PCI Root Bridge [PCI0] (domain 0000 [bus 00-ff]),4cc075f1,[ <*>.<*>] ACPI: PCI Root Bridge [PCI0] (domain <*> [bus <*>-ff]),"['1.405762', '0000', '00']"
560,Mar,9,10:51:43,Client02,kernel,[    1.411529] acpi PNP0A03:00: _OSC: OS supports [ASPM ClockPM Segments MSI],6a4e7cff,[ <*>.<*>] acpi PNP0A03:<*>: _OSC: OS supports [ASPM ClockPM Segments MSI],"['1.411529', '00']"
561,Mar,9,10:51:43,Client02,kernel,"[    1.415541] acpi PNP0A03:00: fail to add MMCONFIG information, can't access extended PCI configuration space under this bridge.",cfb932ab,"[ <*>.<*>] acpi PNP0A03:<*>: fail to add MMCONFIG information, can't access extended PCI configuration space under this bridge.","['1.415541', '00']"
562,Mar,9,10:51:43,Client02,kernel,[    1.427709] PCI host bridge to bus 0000:00,7c45b630,[ <*>.<*>] PCI host bridge to bus <*>:<*>,"['1.427709', '0000:00']"
563,Mar,9,10:51:43,Client02,kernel,[    1.431533] pci_bus 0000:00: root bus resource [mem 0xfe0000000-0xfffffffff window],6124e846,[ <*>.<*>] pci_bus <*>:<*>: root bus resource <*> <*> window],"['1.431533', '0000:00', '[mem 0xfe0000000-0xfffffffff']"
564,Mar,9,10:51:43,Client02,kernel,[    1.435525] pci_bus 0000:00: root bus resource [io  0x0000-0x0cf7 window],6124e846,[ <*>.<*>] pci_bus <*>:<*>: root bus resource <*> <*> window],"['1.435525', '0000:00', '[io  0x0000-0x0cf7']"
565,Mar,9,10:51:43,Client02,kernel,[    1.439524] pci_bus 0000:00: root bus resource [io  0x0d00-0xffff window],6124e846,[ <*>.<*>] pci_bus <*>:<*>: root bus resource <*> <*> window],"['1.439524', '0000:00', '[io  0x0d00-0xffff']"
566,Mar,9,10:51:43,Client02,kernel,[    1.443525] pci_bus 0000:00: root bus resource [mem 0x000a0000-0x000bffff window],6124e846,[ <*>.<*>] pci_bus <*>:<*>: root bus resource <*> <*> window],"['1.443525', '0000:00', '[mem 0x000a0000-0x000bffff']"
567,Mar,9,10:51:43,Client02,kernel,[    1.451526] pci_bus 0000:00: root bus resource [mem 0x40000000-0xfffbffff window],6124e846,[ <*>.<*>] pci_bus <*>:<*>: root bus resource <*> <*> window],"['1.451526', '0000:00', '[mem 0x40000000-0xfffbffff']"
568,Mar,9,10:51:43,Client02,kernel,[    1.455526] pci_bus 0000:00: root bus resource [bus 00-ff],5a1ebdfa,[ <*>.<*>] pci_bus <*>:<*>: root bus resource [bus <*>-ff],"['1.455526', '0000:00', '00']"
569,Mar,9,10:51:43,Client02,kernel,[    1.459791] pci 0000:00:00.0: [8086:7192] type 00 class 0x060000,8d015fe4,[ <*>.<*>] pci <*>:<*>:<*>.<*>: [<*>:<*>] type <*> class 0x<*>,"['1.459791', '0000', '00:00.0', '8086:7192', '00', '060000']"
570,Mar,9,10:51:43,Client02,kernel,[    1.465632] pci 0000:00:07.0: [8086:7110] type 00 class 0x060100,8d015fe4,[ <*>.<*>] pci <*>:<*>:<*>.<*>: [<*>:<*>] type <*> class 0x<*>,"['1.465632', '0000', '00:07.0', '8086:7110', '00', '060100']"
571,Mar,9,10:51:43,Client02,kernel,[    1.472089] pci 0000:00:07.1: [8086:7111] type 00 class 0x010180,8d015fe4,[ <*>.<*>] pci <*>:<*>:<*>.<*>: [<*>:<*>] type <*> class 0x<*>,"['1.472089', '0000', '00:07.1', '8086:7111', '00', '010180']"
572,Mar,9,10:51:43,Client02,kernel,[    1.475197] pci 0000:00:07.1: reg 0x20: [io  0xffa0-0xffaf],32a4060e,[ <*>.<*>] pci <*>:<*>:<*>.<*>: <*> <*> <*> <*>,"['1.475197', '0000', '00:07.1', 'reg', '0x20: [io  0xffa0-0xffaf]']"
573,Mar,9,10:51:43,Client02,kernel,[    1.476456] pci 0000:00:07.1: legacy IDE quirk: reg 0x10: [io  0x01f0-0x01f7],181635a5,[ <*>.<*>] pci <*>:<*>:<*>.<*>: legacy IDE quirk: reg <*> [io <*>,"['1.476456', '0000', '00:07.1', '0x10:', '0x01f0-0x01f7]']"
574,Mar,9,10:51:43,Client02,kernel,[    1.483527] pci 0000:00:07.1: legacy IDE quirk: reg 0x14: [io  0x03f6],181635a5,[ <*>.<*>] pci <*>:<*>:<*>.<*>: legacy IDE quirk: reg <*> [io <*>,"['1.483527', '0000', '00:07.1', '0x14:', '0x03f6]']"
575,Mar,9,10:51:43,Client02,kernel,[    1.487524] pci 0000:00:07.1: legacy IDE quirk: reg 0x18: [io  0x0170-0x0177],181635a5,[ <*>.<*>] pci <*>:<*>:<*>.<*>: legacy IDE quirk: reg <*> [io <*>,"['1.487524', '0000', '00:07.1', '0x18:', '0x0170-0x0177]']"
