LineId,Month,Date,Time,Type,Component,Content,EventId,EventTemplate,ParameterList
1,Mar,9,10:43:14,Client03,kernel,[    0.000000] Linux version 5.0.0-1032-azure (buildd@lcy01-amd64-016) (gcc version 7.4.0 (Ubuntu 7.4.0-1ubuntu1~18.04.1)) #34-Ubuntu SMP Mon Feb 10 19:37:25 UTC 2020 (Ubuntu 5.0.0-1032.34-azure 5.0.21),be94182a,[ <*>.<*>] Linux version <*>.<*>.<*>-<*>-azure (buildd@lcy01-amd64-<*>) (gcc version <*>.<*>.<*> (Ubuntu <*>.<*>.<*>-1ubuntu1~<*>.<*>.<*>)) #<*>-Ubuntu SMP Mon Feb <*> <*>:<*>:<*> UTC <*> (Ubuntu <*>.<*>.<*>-<*>.<*>-azure <*>.<*>.<*>),"['0.000000', '5', '0.0-1032', '016', '7', '4.0', '7', '4.0', '18', '04.1', '34', '10 19', '37:25', '2020', '5', '0', '0-1032.34', '5', '0.21']"
2,Mar,9,10:43:14,Client03,kernel,[    0.000000] Command line: BOOT_IMAGE=/boot/vmlinuz-5.0.0-1032-azure root=UUID=5604f71e-1e5f-443c-a99e-b82bb5c201df ro console=tty1 console=ttyS0 earlyprintk=ttyS0 rootdelay=300,114429ff,[ <*>.<*>] Command line: BOOT_IMAGE=/boot/vmlinuz-<*>.<*>.<*>-<*>-azure root=UUID=5604f71e-1e5f-443c-a99e-b82bb5c201df ro console=tty1 console=ttyS0 earlyprintk=ttyS0 rootdelay=<*>,"['0.000000', '5', '0.0-1032', '300']"
3,Mar,9,10:43:14,Client03,kernel,[    0.000000] KERNEL supported cpus:,965b1ec6,[ <*>.<*>] KERNEL supported cpus:,['0.000000']
4,Mar,9,10:43:14,Client03,kernel,[    0.000000]   Intel GenuineIntel,936b8562,[ <*>.<*>] <*> <*>,"['0.000000', 'Intel GenuineIntel']"
5,Mar,9,10:43:14,Client03,kernel,[    0.000000]   AMD AuthenticAMD,936b8562,[ <*>.<*>] <*> <*>,"['0.000000', 'AMD AuthenticAMD']"
6,Mar,9,10:43:14,Client03,kernel,[    0.000000]   Hygon HygonGenuine,936b8562,[ <*>.<*>] <*> <*>,"['0.000000', 'Hygon HygonGenuine']"
7,Mar,9,10:43:14,Client03,kernel,[    0.000000]   Centaur CentaurHauls,936b8562,[ <*>.<*>] <*> <*>,"['0.000000', 'Centaur CentaurHauls']"
8,Mar,9,10:43:14,Client03,kernel,[    0.000000] x86/fpu: Supporting XSAVE feature 0x001: 'x87 floating point registers',fde341ba,[ <*>.<*>] x86/fpu: Supporting XSAVE feature 0x001: 'x87 floating point registers',['0.000000']
9,Mar,9,10:43:14,Client03,kernel,[    0.000000] x86/fpu: Supporting XSAVE feature 0x002: 'SSE registers',c809b8c8,[ <*>.<*>] x86/fpu: Supporting XSAVE feature <*> <*> registers',"['0.000000', ""0x002: 'SSE""]"
10,Mar,9,10:43:14,Client03,kernel,[    0.000000] x86/fpu: Supporting XSAVE feature 0x004: 'AVX registers',c809b8c8,[ <*>.<*>] x86/fpu: Supporting XSAVE feature <*> <*> registers',"['0.000000', ""0x004: 'AVX""]"
11,Mar,9,10:43:14,Client03,kernel,"[    0.000000] x86/fpu: xstate_offset[2]:  576, xstate_sizes[2]:  256",94e7a6df,"[ <*>.<*>] x86/fpu: xstate_offset[<*>]: <*>, xstate_sizes[<*>]: <*>","['0.000000', '2', '576', '2', '256']"
12,Mar,9,10:43:14,Client03,kernel,"[    0.000000] x86/fpu: Enabled xstate features 0x7, context size is 832 bytes, using 'standard' format.",37817a0a,"[ <*>.<*>] x86/fpu: Enabled xstate features 0x7, context size is <*> bytes, using 'standard' format.","['0.000000', '832']"
13,Mar,9,10:43:14,Client03,kernel,[    0.000000] BIOS-provided physical RAM map:,679f5927,[ <*>.<*>] BIOS-provided physical RAM map:,['0.000000']
14,Mar,9,10:43:14,Client03,kernel,[    0.000000] BIOS-e820: [mem 0x0000000000000000-0x000000000009fbff] usable,d4d60197,[ <*>.<*>] BIOS-e820: [mem <*> <*>,"['0.000000', '0x0000000000000000-0x000000000009fbff] usable']"
15,Mar,9,10:43:14,Client03,kernel,[    0.000000] BIOS-e820: [mem 0x000000000009fc00-0x000000000009ffff] reserved,d4d60197,[ <*>.<*>] BIOS-e820: [mem <*> <*>,"['0.000000', '0x000000000009fc00-0x000000000009ffff] reserved']"
16,Mar,9,10:43:14,Client03,kernel,[    0.000000] BIOS-e820: [mem 0x00000000000e0000-0x00000000000fffff] reserved,d4d60197,[ <*>.<*>] BIOS-e820: [mem <*> <*>,"['0.000000', '0x00000000000e0000-0x00000000000fffff] reserved']"
17,Mar,9,10:43:14,Client03,kernel,[    0.000000] BIOS-e820: [mem 0x0000000000100000-0x000000003ffeffff] usable,d4d60197,[ <*>.<*>] BIOS-e820: [mem <*> <*>,"['0.000000', '0x0000000000100000-0x000000003ffeffff] usable']"
18,Mar,9,10:43:14,Client03,kernel,[    0.000000] BIOS-e820: [mem 0x000000003fff0000-0x000000003fffefff] ACPI data,976560cf,[ <*>.<*>] BIOS-e820: [mem <*> ACPI <*>,"['0.000000', '0x000000003fff0000-0x000000003fffefff]', 'data']"
19,Mar,9,10:43:14,Client03,kernel,[    0.000000] BIOS-e820: [mem 0x000000003ffff000-0x000000003fffffff] ACPI NVS,976560cf,[ <*>.<*>] BIOS-e820: [mem <*> ACPI <*>,"['0.000000', '0x000000003ffff000-0x000000003fffffff]', 'NVS']"
20,Mar,9,10:43:14,Client03,kernel,[    0.000000] BIOS-e820: [mem 0x0000000100000000-0x00000002bfffffff] usable,d4d60197,[ <*>.<*>] BIOS-e820: [mem <*> <*>,"['0.000000', '0x0000000100000000-0x00000002bfffffff] usable']"
21,Mar,9,10:43:14,Client03,kernel,[    0.000000] printk: bootconsole [earlyser0] enabled,8f72dbf6,[ <*>.<*>] <*> <*> <*> enabled,"['0.000000', 'printk:', 'bootconsole [earlyser0]']"
22,Mar,9,10:43:14,Client03,kernel,[    0.000000] NX (Execute Disable) protection: active,a2cd9fdb,[ <*>.<*>] NX (Execute Disable) protection: active,['0.000000']
23,Mar,9,10:43:14,Client03,kernel,[    0.000000] SMBIOS 2.3 present.,271e8bd5,[ <*>.<*>] SMBIOS <*>.<*> present.,"['0.000000', '2.3']"
24,Mar,9,10:43:14,Client03,kernel,"[    0.000000] DMI: Microsoft Corporation Virtual Machine/Virtual Machine, BIOS 090007  06/02/2017",b20e8a2e,"[ <*>.<*>] DMI: Microsoft Corporation Virtual Machine/Virtual Machine, BIOS <*> <*>/<*>/<*>","['0.000000', '090007  06', '02/2017']"
25,Mar,9,10:43:14,Client03,kernel,[    0.000000] Hypervisor detected: Microsoft Hyper-V,91ab13e8,[ <*>.<*>] Hypervisor detected: Microsoft Hyper-V,['0.000000']
26,Mar,9,10:43:14,Client03,kernel,"[    0.000000] Hyper-V: features 0x2e7f, hints 0x44c2c",9d9bfdd0,"[ <*>.<*>] Hyper-V: features 0x2e7f, hints 0x44c2c",['0.000000']
27,Mar,9,10:43:14,Client03,kernel,[    0.000000] Hyper-V Host Build:14393-10.0-0-0.305,e41e7a65,[ <*>.<*>] Hyper-V Host Build:<*>-<*>.<*>-<*>-<*>.<*>,"['0.000000', '14393-10', '0', '0-0.305']"
28,Mar,9,10:43:14,Client03,kernel,[    0.000000] Hyper-V: LAPIC Timer Frequency: 0xc3500,14bf15a5,[ <*>.<*>] Hyper-V: LAPIC Timer Frequency: 0xc<*>,"['0.000000', '3500']"
29,Mar,9,10:43:14,Client03,kernel,[    0.000000] tsc: Marking TSC unstable due to running on Hyper-V,eaf7708b,[ <*>.<*>] tsc: Marking TSC unstable due to running on Hyper-V,['0.000000']
30,Mar,9,10:43:14,Client03,kernel,[    0.000000] Hyper-V: Using hypercall for remote TLB flush,db4f6103,[ <*>.<*>] Hyper-V: Using hypercall for remote TLB flush,['0.000000']
31,Mar,9,10:43:14,Client03,kernel,[    0.000000] tsc: Detected 2394.456 MHz processor,835ab552,[ <*>.<*>] tsc: Detected <*>.<*> MHz processor,"['0.000000', '2394.456']"
32,Mar,9,10:43:14,Client03,kernel,[    0.001428] e820: update [mem 0x00000000-0x00000fff] usable ==> reserved,7f8f754f,[ <*>.<*>] e820: update [mem <*> usable ==> reserved,"['0.001428', '0x00000000-0x00000fff]']"
33,Mar,9,10:43:14,Client03,kernel,[    0.001430] e820: remove [mem 0x000a0000-0x000fffff] usable,1f70e9aa,[ <*>.<*>] e820: remove [mem 0x000a0000-0x000fffff] usable,['0.001430']
34,Mar,9,10:43:14,Client03,kernel,[    0.001434] last_pfn = 0x2c0000 max_arch_pfn = 0x400000000,893b62e4,[ <*>.<*>] last_pfn = <*> max_arch_pfn = 0x<*>,"['0.001434', '0x2c0000', '400000000']"
35,Mar,9,10:43:14,Client03,kernel,[    0.004531] MTRR default type: uncachable,1dbe8e7a,[ <*>.<*>] MTRR <*> <*> <*>,"['0.004531', 'default', 'type: uncachable']"
36,Mar,9,10:43:14,Client03,kernel,[    0.004532] MTRR fixed ranges enabled:,1dbe8e7a,[ <*>.<*>] MTRR <*> <*> <*>,"['0.004532', 'fixed', 'ranges enabled:']"
37,Mar,9,10:43:14,Client03,kernel,[    0.004533]   00000-9FFFF write-back,936b8562,[ <*>.<*>] <*> <*>,"['0.004533', '00000-9FFFF write-back']"
38,Mar,9,10:43:14,Client03,kernel,[    0.004534]   A0000-DFFFF uncachable,936b8562,[ <*>.<*>] <*> <*>,"['0.004534', 'A0000-DFFFF uncachable']"
39,Mar,9,10:43:14,Client03,kernel,[    0.004534]   E0000-FFFFF write-back,936b8562,[ <*>.<*>] <*> <*>,"['0.004534', 'E0000-FFFFF write-back']"
40,Mar,9,10:43:14,Client03,kernel,[    0.004535] MTRR variable ranges enabled:,1dbe8e7a,[ <*>.<*>] MTRR <*> <*> <*>,"['0.004535', 'variable', 'ranges enabled:']"
41,Mar,9,10:43:14,Client03,kernel,[    0.004536]   0 base 00000000000 mask FFFC0000000 write-back,d1b7c0bc,[ <*>.<*>] <*> base <*> mask <*> write-back,"['0.004536', '0', '00000000000', 'FFFC0000000']"
42,Mar,9,10:43:14,Client03,kernel,[    0.004537]   1 base 00100000000 mask FF000000000 write-back,d1b7c0bc,[ <*>.<*>] <*> base <*> mask <*> write-back,"['0.004537', '1', '00100000000', 'FF000000000']"
43,Mar,9,10:43:14,Client03,kernel,[    0.004538]   2 disabled,936b8562,[ <*>.<*>] <*> <*>,"['0.004538', '2 disabled']"
44,Mar,9,10:43:14,Client03,kernel,[    0.004538]   3 disabled,936b8562,[ <*>.<*>] <*> <*>,"['0.004538', '3 disabled']"
45,Mar,9,10:43:14,Client03,kernel,[    0.004539]   4 disabled,936b8562,[ <*>.<*>] <*> <*>,"['0.004539', '4 disabled']"
46,Mar,9,10:43:14,Client03,kernel,[    0.004539]   5 disabled,936b8562,[ <*>.<*>] <*> <*>,"['0.004539', '5 disabled']"
47,Mar,9,10:43:14,Client03,kernel,[    0.004539]   6 disabled,936b8562,[ <*>.<*>] <*> <*>,"['0.004539', '6 disabled']"
48,Mar,9,10:43:14,Client03,kernel,[    0.004540]   7 disabled,936b8562,[ <*>.<*>] <*> <*>,"['0.004540', '7 disabled']"
49,Mar,9,10:43:14,Client03,kernel,[    0.004550] x86/PAT: Configuration [0-7]: WB  WC  UC- UC  WB  WP  UC- WT,5414a551,[ <*>.<*>] x86/PAT: Configuration [<*>-<*>]: WB WC UC- UC WB WP UC- WT,"['0.004550', '0-7']"
50,Mar,9,10:43:14,Client03,kernel,[    0.008516] e820: update [mem 0x40000000-0xffffffff] usable ==> reserved,7f8f754f,[ <*>.<*>] e820: update [mem <*> usable ==> reserved,"['0.008516', '0x40000000-0xffffffff]']"
51,Mar,9,10:43:14,Client03,kernel,[    0.010290] last_pfn = 0x3fff0 max_arch_pfn = 0x400000000,893b62e4,[ <*>.<*>] last_pfn = <*> max_arch_pfn = 0x<*>,"['0.010290', '0x3fff0', '400000000']"
52,Mar,9,10:43:14,Client03,kernel,[    0.020843] found SMP MP-table at [mem 0x000ff780-0x000ff78f],849f346f,[ <*>.<*>] found SMP MP-table at [mem 0x000ff780-0x000ff78f],['0.020843']
53,Mar,9,10:43:14,Client03,kernel,[    0.024332] check: Scanning 1 areas for low memory corruption,5b3d4674,[ <*>.<*>] check: Scanning <*> areas for low memory corruption,"['0.024332', '1']"
54,Mar,9,10:43:14,Client03,kernel,[    0.027431] Using GB pages for direct mapping,f6c22858,[ <*>.<*>] Using GB pages for direct mapping,['0.027431']
55,Mar,9,10:43:14,Client03,kernel,"[    0.029956] BRK [0x1cda02000, 0x1cda02fff] PGTABLE",bd206d38,[ <*>.<*>] BRK <*> <*> PGTABLE,"['0.029956', '[0x1cda02000, 0x1cda02fff]']"
56,Mar,9,10:43:14,Client03,kernel,"[    0.029958] BRK [0x1cda03000, 0x1cda03fff] PGTABLE",bd206d38,[ <*>.<*>] BRK <*> <*> PGTABLE,"['0.029958', '[0x1cda03000, 0x1cda03fff]']"
57,Mar,9,10:43:14,Client03,kernel,"[    0.029959] BRK [0x1cda04000, 0x1cda04fff] PGTABLE",bd206d38,[ <*>.<*>] BRK <*> <*> PGTABLE,"['0.029959', '[0x1cda04000, 0x1cda04fff]']"
58,Mar,9,10:43:14,Client03,kernel,"[    0.029981] BRK [0x1cda05000, 0x1cda05fff] PGTABLE",bd206d38,[ <*>.<*>] BRK <*> <*> PGTABLE,"['0.029981', '[0x1cda05000, 0x1cda05fff]']"
59,Mar,9,10:43:14,Client03,kernel,"[    0.030017] BRK [0x1cda06000, 0x1cda06fff] PGTABLE",bd206d38,[ <*>.<*>] BRK <*> <*> PGTABLE,"['0.030017', '[0x1cda06000, 0x1cda06fff]']"
60,Mar,9,10:43:14,Client03,kernel,[    0.030034] RAMDISK: [mem 0x3598f000-0x36cbefff],1c598435,[ <*>.<*>] <*> [mem <*>,"['0.030034', 'RAMDISK:', '0x3598f000-0x36cbefff]']"
61,Mar,9,10:43:14,Client03,kernel,[    0.032757] ACPI: Early table checksum verification disabled,5e4615b4,[ <*>.<*>] ACPI: Early table checksum verification disabled,['0.032757']
62,Mar,9,10:43:14,Client03,kernel,[    0.035898] ACPI: RSDP 0x00000000000F5BF0 000014 (v00 ACPIAM),ef90a7c4,[ <*>.<*>] ACPI: RSDP 0x00000000000F5BF0 <*> (v00 ACPIAM),"['0.035898', '000014']"
63,Mar,9,10:43:14,Client03,kernel,[    0.039120] ACPI: RSDT 0x000000003FFF0000 000040 (v01 VRTUAL MICROSFT 06001702 MSFT 00000097),99b568dc,[ <*>.<*>] ACPI: <*> <*> <*> <*> VRTUAL MICROSFT <*> MSFT <*>),"['0.039120', 'RSDT', '0x000000003FFF0000 000040 (v01', '06001702', '00000097']"
64,Mar,9,10:43:14,Client03,kernel,[    0.046008] ACPI: FACP 0x000000003FFF0200 000081 (v02 VRTUAL MICROSFT 06001702 MSFT 00000097),99b568dc,[ <*>.<*>] ACPI: <*> <*> <*> <*> VRTUAL MICROSFT <*> MSFT <*>),"['0.046008', 'FACP', '0x000000003FFF0200 000081 (v02', '06001702', '00000097']"
65,Mar,9,10:43:14,Client03,kernel,[    0.051272] ACPI: DSDT 0x000000003FFF1D24 003CBE (v01 MSFTVM MSFTVM02 00000002 INTL 02002026),55f70f8e,[ <*>.<*>] ACPI: DSDT 0x000000003FFF1D24 003CBE (v01 MSFTVM MSFTVM02 <*> INTL <*>),"['0.051272', '00000002', '02002026']"
66,Mar,9,10:43:14,Client03,kernel,[    0.056548] ACPI: FACS 0x000000003FFFF000 000040,384a7d61,[ <*>.<*>] ACPI: <*> <*> <*>,"['0.056548', 'FACS', '0x000000003FFFF000 000040']"
67,Mar,9,10:43:14,Client03,kernel,[    0.059278] ACPI: WAET 0x000000003FFF1A80 000028 (v01 VRTUAL MICROSFT 06001702 MSFT 00000097),99b568dc,[ <*>.<*>] ACPI: <*> <*> <*> <*> VRTUAL MICROSFT <*> MSFT <*>),"['0.059278', 'WAET', '0x000000003FFF1A80 000028 (v01', '06001702', '00000097']"
68,Mar,9,10:43:14,Client03,kernel,[    0.064196] ACPI: SLIC 0x000000003FFF1AC0 000176 (v01 VRTUAL MICROSFT 06001702 MSFT 00000097),99b568dc,[ <*>.<*>] ACPI: <*> <*> <*> <*> VRTUAL MICROSFT <*> MSFT <*>),"['0.064196', 'SLIC', '0x000000003FFF1AC0 000176 (v01', '06001702', '00000097']"
69,Mar,9,10:43:14,Client03,kernel,[    0.069008] ACPI: OEM0 0x000000003FFF1CC0 000064 (v01 VRTUAL MICROSFT 06001702 MSFT 00000097),99b568dc,[ <*>.<*>] ACPI: <*> <*> <*> <*> VRTUAL MICROSFT <*> MSFT <*>),"['0.069008', 'OEM0', '0x000000003FFF1CC0 000064 (v01', '06001702', '00000097']"
70,Mar,9,10:43:14,Client03,kernel,[    0.073751] ACPI: SRAT 0x000000003FFF0800 000140 (v02 VRTUAL MICROSFT 00000001 MSFT 00000001),99b568dc,[ <*>.<*>] ACPI: <*> <*> <*> <*> VRTUAL MICROSFT <*> MSFT <*>),"['0.073751', 'SRAT', '0x000000003FFF0800 000140 (v02', '00000001', '00000001']"
71,Mar,9,10:43:14,Client03,kernel,[    0.078470] ACPI: APIC 0x000000003FFF0300 000452 (v01 VRTUAL MICROSFT 06001702 MSFT 00000097),99b568dc,[ <*>.<*>] ACPI: <*> <*> <*> <*> VRTUAL MICROSFT <*> MSFT <*>),"['0.078470', 'APIC', '0x000000003FFF0300 000452 (v01', '06001702', '00000097']"
72,Mar,9,10:43:14,Client03,kernel,[    0.083417] ACPI: OEMB 0x000000003FFFF040 000064 (v01 VRTUAL MICROSFT 06001702 MSFT 00000097),99b568dc,[ <*>.<*>] ACPI: <*> <*> <*> <*> VRTUAL MICROSFT <*> MSFT <*>),"['0.083417', 'OEMB', '0x000000003FFFF040 000064 (v01', '06001702', '00000097']"
73,Mar,9,10:43:14,Client03,kernel,[    0.088705] ACPI: Local APIC address 0xfee00000,33c2304b,[ <*>.<*>] ACPI: Local APIC address 0xfee<*>,"['0.088705', '00000']"
74,Mar,9,10:43:14,Client03,kernel,[    0.088743] SRAT: PXM 0 -> APIC 0x00 -> Node 0,3a0052b7,[ <*>.<*>] SRAT: PXM <*> -> APIC <*> -> Node <*>,"['0.088743', '0 ->', '0x00 ->', '0']"
75,Mar,9,10:43:14,Client03,kernel,[    0.091468] SRAT: PXM 0 -> APIC 0x01 -> Node 0,3a0052b7,[ <*>.<*>] SRAT: PXM <*> -> APIC <*> -> Node <*>,"['0.091468', '0 ->', '0x01 ->', '0']"
76,Mar,9,10:43:14,Client03,kernel,[    0.094447] ACPI: SRAT: Node 0 PXM 0 [mem 0x00000000-0x3fffffff] hotplug,59806dab,[ <*>.<*>] ACPI: SRAT: Node <*> PXM <*> [mem <*> hotplug,"['0.094447', '0', '0', '0x00000000-0x3fffffff]']"
77,Mar,9,10:43:14,Client03,kernel,[    0.098610] ACPI: SRAT: Node 0 PXM 0 [mem 0x100000000-0x2bfffffff] hotplug,59806dab,[ <*>.<*>] ACPI: SRAT: Node <*> PXM <*> [mem <*> hotplug,"['0.098610', '0', '0', '0x100000000-0x2bfffffff]']"
78,Mar,9,10:43:14,Client03,kernel,[    0.107800] ACPI: SRAT: Node 0 PXM 0 [mem 0x2c0200000-0xfdfffffff] hotplug,59806dab,[ <*>.<*>] ACPI: SRAT: Node <*> PXM <*> [mem <*> hotplug,"['0.107800', '0', '0', '0x2c0200000-0xfdfffffff]']"
79,Mar,9,10:43:14,Client03,kernel,[    0.111720] ACPI: SRAT: Node 0 PXM 0 [mem 0x1000000000-0xffffffffff] hotplug,59806dab,[ <*>.<*>] ACPI: SRAT: Node <*> PXM <*> [mem <*> hotplug,"['0.111720', '0', '0', '0x1000000000-0xffffffffff]']"
80,Mar,9,10:43:14,Client03,kernel,[    0.115920] ACPI: SRAT: Node 0 PXM 0 [mem 0x10000200000-0x1ffffffffff] hotplug,59806dab,[ <*>.<*>] ACPI: SRAT: Node <*> PXM <*> [mem <*> hotplug,"['0.115920', '0', '0', '0x10000200000-0x1ffffffffff]']"
81,Mar,9,10:43:14,Client03,kernel,[    0.120473] ACPI: SRAT: Node 0 PXM 0 [mem 0x20000200000-0x3ffffffffff] hotplug,59806dab,[ <*>.<*>] ACPI: SRAT: Node <*> PXM <*> [mem <*> hotplug,"['0.120473', '0', '0', '0x20000200000-0x3ffffffffff]']"
82,Mar,9,10:43:14,Client03,kernel,[    0.125089] NUMA: Node 0 [mem 0x00000000-0x3fffffff] + [mem 0x100000000-0x2bfffffff] -> [mem 0x00000000-0x2bfffffff],2149b3b0,[ <*>.<*>] NUMA: Node <*> [mem 0x00000000-0x3fffffff] + [mem 0x100000000-0x2bfffffff] -> [mem 0x00000000-0x2bfffffff],"['0.125089', '0']"
83,Mar,9,10:43:14,Client03,kernel,[    0.131971] NODE_DATA(0) allocated [mem 0x2bffd5000-0x2bfffffff],b6667f9b,[ <*>.<*>] <*> <*> [mem <*>,"['0.131971', 'NODE_DATA(0) allocated', '0x2bffd5000-0x2bfffffff]']"
84,Mar,9,10:43:14,Client03,kernel,[    0.136167] Zone ranges:,936b8562,[ <*>.<*>] <*> <*>,"['0.136167', 'Zone ranges:']"
85,Mar,9,10:43:14,Client03,kernel,[    0.137964]   DMA      [mem 0x0000000000001000-0x0000000000ffffff],1c598435,[ <*>.<*>] <*> [mem <*>,"['0.137964', 'DMA', '0x0000000000001000-0x0000000000ffffff]']"
86,Mar,9,10:43:14,Client03,kernel,[    0.142025]   DMA32    [mem 0x0000000001000000-0x00000000ffffffff],1c598435,[ <*>.<*>] <*> [mem <*>,"['0.142025', 'DMA32', '0x0000000001000000-0x00000000ffffffff]']"
87,Mar,9,10:43:14,Client03,kernel,[    0.145689]   Normal   [mem 0x0000000100000000-0x00000002bfffffff],1c598435,[ <*>.<*>] <*> [mem <*>,"['0.145689', 'Normal', '0x0000000100000000-0x00000002bfffffff]']"
88,Mar,9,10:43:14,Client03,kernel,[    0.153572]   Device   empty,936b8562,[ <*>.<*>] <*> <*>,"['0.153572', 'Device   empty']"
89,Mar,9,10:43:14,Client03,kernel,[    0.155232] Movable zone start for each node,64c52242,[ <*>.<*>] Movable zone start for each node,['0.155232']
90,Mar,9,10:43:14,Client03,kernel,[    0.157883] Early memory node ranges,a091d2c8,[ <*>.<*>] Early memory node ranges,['0.157883']
91,Mar,9,10:43:14,Client03,kernel,[    0.160120]   node   0: [mem 0x0000000000001000-0x000000000009efff],b6667f9b,[ <*>.<*>] <*> <*> [mem <*>,"['0.160120', 'node   0:', '0x0000000000001000-0x000000000009efff]']"
92,Mar,9,10:43:14,Client03,kernel,[    0.164077]   node   0: [mem 0x0000000000100000-0x000000003ffeffff],b6667f9b,[ <*>.<*>] <*> <*> [mem <*>,"['0.164077', 'node   0:', '0x0000000000100000-0x000000003ffeffff]']"
93,Mar,9,10:43:14,Client03,kernel,[    0.168219]   node   0: [mem 0x0000000100000000-0x00000002bfffffff],b6667f9b,[ <*>.<*>] <*> <*> [mem <*>,"['0.168219', 'node   0:', '0x0000000100000000-0x00000002bfffffff]']"
94,Mar,9,10:43:14,Client03,kernel,[    0.172079] Zeroed struct page in unavailable ranges: 114 pages,466785ab,[ <*>.<*>] Zeroed struct page in unavailable ranges: <*> pages,"['0.172079', '114']"
95,Mar,9,10:43:14,Client03,kernel,[    0.172081] Initmem setup node 0 [mem 0x0000000000001000-0x00000002bfffffff],9b9613f5,[ <*>.<*>] Initmem setup node <*> [mem 0x0000000000001000-0x00000002bfffffff],"['0.172081', '0']"
96,Mar,9,10:43:14,Client03,kernel,[    0.177730] On node 0 totalpages: 2097038,6d7e682c,[ <*>.<*>] On node <*> totalpages: <*>,"['0.177730', '0', '2097038']"
97,Mar,9,10:43:14,Client03,kernel,[    0.177732]   DMA zone: 64 pages used for memmap,8f605fdb,[ <*>.<*>] <*> zone: <*> pages used for memmap,"['0.177732', 'DMA', '64']"
98,Mar,9,10:43:14,Client03,kernel,[    0.177733]   DMA zone: 21 pages reserved,4f135b04,[ <*>.<*>] DMA zone: <*> pages reserved,"['0.177733', '21']"
99,Mar,9,10:43:14,Client03,kernel,"[    0.177734]   DMA zone: 3998 pages, LIFO batch:0",c61c09e1,"[ <*>.<*>] <*> zone: <*> pages, LIFO batch:<*>","['0.177734', 'DMA', '3998', '0']"
100,Mar,9,10:43:14,Client03,kernel,[    0.177874]   DMA32 zone: 4032 pages used for memmap,8f605fdb,[ <*>.<*>] <*> zone: <*> pages used for memmap,"['0.177874', 'DMA32', '4032']"
101,Mar,9,10:43:14,Client03,kernel,"[    0.177875]   DMA32 zone: 258032 pages, LIFO batch:63",c61c09e1,"[ <*>.<*>] <*> zone: <*> pages, LIFO batch:<*>","['0.177875', 'DMA32', '258032', '63']"
102,Mar,9,10:43:14,Client03,kernel,[    0.186426]   Normal zone: 28672 pages used for memmap,8f605fdb,[ <*>.<*>] <*> zone: <*> pages used for memmap,"['0.186426', 'Normal', '28672']"
103,Mar,9,10:43:14,Client03,kernel,"[    0.186427]   Normal zone: 1835008 pages, LIFO batch:63",c61c09e1,"[ <*>.<*>] <*> zone: <*> pages, LIFO batch:<*>","['0.186427', 'Normal', '1835008', '63']"
104,Mar,9,10:43:14,Client03,kernel,[    0.231267] ACPI: PM-Timer IO Port: 0x408,b78b9daf,[ <*>.<*>] ACPI: PM-Timer IO Port: 0x<*>,"['0.231267', '408']"
105,Mar,9,10:43:14,Client03,kernel,[    0.232702] ACPI: Local APIC address 0xfee00000,33c2304b,[ <*>.<*>] ACPI: Local APIC address 0xfee<*>,"['0.232702', '00000']"
106,Mar,9,10:43:14,Client03,kernel,[    0.232712] ACPI: LAPIC_NMI (acpi_id[0xff] dfl dfl lint[0x1]),dd7dce95,[ <*>.<*>] ACPI: LAPIC_NMI (acpi_id[0xff] dfl dfl lint[0x1]),['0.232712']
107,Mar,9,10:43:14,Client03,kernel,"[    0.235988] IOAPIC[0]: apic_id 0, version 17, address 0xfec00000, GSI 0-23",a7e15138,"[ <*>.<*>] IOAPIC[<*>]: apic_id <*>, version <*>, address 0xfec00000, GSI <*>-<*>","['0.235988', '0', '0', '17', '0-23']"
108,Mar,9,10:43:14,Client03,kernel,[    0.239240] ACPI: INT_SRC_OVR (bus 0 bus_irq 0 global_irq 2 dfl dfl),14e2150c,[ <*>.<*>] ACPI: INT_SRC_OVR (bus <*> bus_irq <*> global_irq <*> <*> <*>,"['0.239240', '0', '0', '2', 'dfl dfl)']"
109,Mar,9,10:43:14,Client03,kernel,[    0.243166] ACPI: INT_SRC_OVR (bus 0 bus_irq 9 global_irq 9 high level),14e2150c,[ <*>.<*>] ACPI: INT_SRC_OVR (bus <*> bus_irq <*> global_irq <*> <*> <*>,"['0.243166', '0', '9', '9', 'high level)']"
110,Mar,9,10:43:14,Client03,kernel,[    0.247412] ACPI: IRQ0 used by override.,908df579,[ <*>.<*>] ACPI: <*> used by override.,"['0.247412', 'IRQ0']"
111,Mar,9,10:43:14,Client03,kernel,[    0.247413] ACPI: IRQ9 used by override.,908df579,[ <*>.<*>] ACPI: <*> used by override.,"['0.247413', 'IRQ9']"
112,Mar,9,10:43:14,Client03,kernel,[    0.247416] Using ACPI (MADT) for SMP configuration information,2d06faa7,[ <*>.<*>] Using ACPI (MADT) for SMP configuration information,['0.247416']
113,Mar,9,10:43:14,Client03,kernel,"[    0.251045] smpboot: Allowing 128 CPUs, 126 hotplug CPUs",9b8c143d,"[ <*>.<*>] smpboot: Allowing <*> CPUs, <*> hotplug CPUs","['0.251045', '128', '126']"
114,Mar,9,10:43:14,Client03,kernel,[    0.254167] PM: Registered nosave memory: [mem 0x00000000-0x00000fff],adb3b7e0,[ <*>.<*>] PM: Registered nosave memory: [mem <*>,"['0.254167', '0x00000000-0x00000fff]']"
115,Mar,9,10:43:14,Client03,kernel,[    0.257507] PM: Registered nosave memory: [mem 0x0009f000-0x0009ffff],adb3b7e0,[ <*>.<*>] PM: Registered nosave memory: [mem <*>,"['0.257507', '0x0009f000-0x0009ffff]']"
116,Mar,9,10:43:14,Client03,kernel,[    0.261772] PM: Registered nosave memory: [mem 0x000a0000-0x000dffff],adb3b7e0,[ <*>.<*>] PM: Registered nosave memory: [mem <*>,"['0.261772', '0x000a0000-0x000dffff]']"
117,Mar,9,10:43:14,Client03,kernel,[    0.265838] PM: Registered nosave memory: [mem 0x000e0000-0x000fffff],adb3b7e0,[ <*>.<*>] PM: Registered nosave memory: [mem <*>,"['0.265838', '0x000e0000-0x000fffff]']"
118,Mar,9,10:43:14,Client03,kernel,[    0.269801] PM: Registered nosave memory: [mem 0x3fff0000-0x3fffefff],adb3b7e0,[ <*>.<*>] PM: Registered nosave memory: [mem <*>,"['0.269801', '0x3fff0000-0x3fffefff]']"
119,Mar,9,10:43:14,Client03,kernel,[    0.273787] PM: Registered nosave memory: [mem 0x3ffff000-0x3fffffff],adb3b7e0,[ <*>.<*>] PM: Registered nosave memory: [mem <*>,"['0.273787', '0x3ffff000-0x3fffffff]']"
120,Mar,9,10:43:14,Client03,kernel,[    0.277979] PM: Registered nosave memory: [mem 0x40000000-0xffffffff],adb3b7e0,[ <*>.<*>] PM: Registered nosave memory: [mem <*>,"['0.277979', '0x40000000-0xffffffff]']"
121,Mar,9,10:43:14,Client03,kernel,[    0.282432] [mem 0x40000000-0xffffffff] available for PCI devices,3f07a14b,[ <*>.<*>] [mem 0x40000000-0xffffffff] available for PCI devices,['0.282432']
122,Mar,9,10:43:14,Client03,kernel,[    0.286307] Booting paravirtualized kernel on bare hardware,8d50c11c,[ <*>.<*>] Booting paravirtualized kernel on bare hardware,['0.286307']
123,Mar,9,10:43:14,Client03,kernel,"[    0.289886] clocksource: refined-jiffies: mask: 0xffffffff max_cycles: 0xffffffff, max_idle_ns: 7645519600211568 ns",86aa80c1,[ <*>.<*>] clocksource: <*> mask: <*> max_cycles: <*> max_idle_ns: <*> ns,"['0.289886', 'refined-jiffies:', '0xffffffff', '0xffffffff,', '7645519600211568']"
124,Mar,9,10:43:14,Client03,kernel,[    0.296541] random: get_random_bytes called from start_kernel+0x93/0x503 with crng_init=0,443bf847,[ <*>.<*>] random: get_random_bytes called from start_kernel+0x93/0x503 with crng_init=<*>,"['0.296541', '0']"
125,Mar,9,10:43:14,Client03,kernel,[    0.301574] setup_percpu: NR_CPUS:8192 nr_cpumask_bits:128 nr_cpu_ids:128 nr_node_ids:1,179bb8e8,[ <*>.<*>] setup_percpu: NR_CPUS:<*> nr_cpumask_bits:<*> nr_cpu_ids:<*> nr_node_ids:<*>,"['0.301574', '8192', '128', '128', '1']"
126,Mar,9,10:43:14,Client03,kernel,[    0.314212] percpu: Embedded 45 pages/cpu s147456 r8192 d28672 u262144,e239aa8c,[ <*>.<*>] percpu: Embedded <*> pages/cpu s147456 r8192 d28672 u<*>,"['0.314212', '45', '262144']"
127,Mar,9,10:43:14,Client03,kernel,[    0.316917] pcpu-alloc: s147456 r8192 d28672 u262144 alloc=1*2097152,9389e3c2,[ <*>.<*>] pcpu-alloc: s147456 r8192 d28672 u262144 alloc=<*>*<*>,"['0.316917', '1*2097152']"
128,Mar,9,10:43:14,Client03,kernel,[    0.316918] pcpu-alloc: [0] 000 001 002 003 004 005 006 007,30022ec8,[ <*>.<*>] pcpu-alloc: [<*>] <*> <*> <*> <*> <*> <*> <*> <*>,"['0.316918', '0', '000', '001', '002', '003 004 005 006 007']"
129,Mar,9,10:43:14,Client03,kernel,[    0.316920] pcpu-alloc: [0] 008 009 010 011 012 013 014 015,30022ec8,[ <*>.<*>] pcpu-alloc: [<*>] <*> <*> <*> <*> <*> <*> <*> <*>,"['0.316920', '0', '008', '009', '010', '011 012 013 014 015']"
130,Mar,9,10:43:14,Client03,kernel,[    0.316922] pcpu-alloc: [0] 016 017 018 019 020 021 022 023,30022ec8,[ <*>.<*>] pcpu-alloc: [<*>] <*> <*> <*> <*> <*> <*> <*> <*>,"['0.316922', '0', '016', '017', '018', '019 020 021 022 023']"
131,Mar,9,10:43:14,Client03,kernel,[    0.316924] pcpu-alloc: [0] 024 025 026 027 028 029 030 031,30022ec8,[ <*>.<*>] pcpu-alloc: [<*>] <*> <*> <*> <*> <*> <*> <*> <*>,"['0.316924', '0', '024', '025', '026', '027 028 029 030 031']"
132,Mar,9,10:43:14,Client03,kernel,[    0.316926] pcpu-alloc: [0] 032 033 034 035 036 037 038 039,30022ec8,[ <*>.<*>] pcpu-alloc: [<*>] <*> <*> <*> <*> <*> <*> <*> <*>,"['0.316926', '0', '032', '033', '034', '035 036 037 038 039']"
133,Mar,9,10:43:14,Client03,kernel,[    0.316927] pcpu-alloc: [0] 040 041 042 043 044 045 046 047,30022ec8,[ <*>.<*>] pcpu-alloc: [<*>] <*> <*> <*> <*> <*> <*> <*> <*>,"['0.316927', '0', '040', '041', '042', '043 044 045 046 047']"
134,Mar,9,10:43:14,Client03,kernel,[    0.316929] pcpu-alloc: [0] 048 049 050 051 052 053 054 055,30022ec8,[ <*>.<*>] pcpu-alloc: [<*>] <*> <*> <*> <*> <*> <*> <*> <*>,"['0.316929', '0', '048', '049', '050', '051 052 053 054 055']"
135,Mar,9,10:43:14,Client03,kernel,[    0.316931] pcpu-alloc: [0] 056 057 058 059 060 061 062 063,30022ec8,[ <*>.<*>] pcpu-alloc: [<*>] <*> <*> <*> <*> <*> <*> <*> <*>,"['0.316931', '0', '056', '057', '058', '059 060 061 062 063']"
136,Mar,9,10:43:14,Client03,kernel,[    0.316932] pcpu-alloc: [0] 064 065 066 067 068 069 070 071,30022ec8,[ <*>.<*>] pcpu-alloc: [<*>] <*> <*> <*> <*> <*> <*> <*> <*>,"['0.316932', '0', '064', '065', '066', '067 068 069 070 071']"
137,Mar,9,10:43:14,Client03,kernel,[    0.316934] pcpu-alloc: [0] 072 073 074 075 076 077 078 079,30022ec8,[ <*>.<*>] pcpu-alloc: [<*>] <*> <*> <*> <*> <*> <*> <*> <*>,"['0.316934', '0', '072', '073', '074', '075 076 077 078 079']"
138,Mar,9,10:43:14,Client03,kernel,[    0.316936] pcpu-alloc: [0] 080 081 082 083 084 085 086 087,30022ec8,[ <*>.<*>] pcpu-alloc: [<*>] <*> <*> <*> <*> <*> <*> <*> <*>,"['0.316936', '0', '080', '081', '082', '083 084 085 086 087']"
139,Mar,9,10:43:14,Client03,kernel,[    0.316937] pcpu-alloc: [0] 088 089 090 091 092 093 094 095,30022ec8,[ <*>.<*>] pcpu-alloc: [<*>] <*> <*> <*> <*> <*> <*> <*> <*>,"['0.316937', '0', '088', '089', '090', '091 092 093 094 095']"
140,Mar,9,10:43:14,Client03,kernel,[    0.316939] pcpu-alloc: [0] 096 097 098 099 100 101 102 103,30022ec8,[ <*>.<*>] pcpu-alloc: [<*>] <*> <*> <*> <*> <*> <*> <*> <*>,"['0.316939', '0', '096', '097', '098', '099 100 101 102 103']"
141,Mar,9,10:43:14,Client03,kernel,[    0.316941] pcpu-alloc: [0] 104 105 106 107 108 109 110 111,30022ec8,[ <*>.<*>] pcpu-alloc: [<*>] <*> <*> <*> <*> <*> <*> <*> <*>,"['0.316941', '0', '104', '105', '106', '107 108 109 110 111']"
142,Mar,9,10:43:14,Client03,kernel,[    0.316943] pcpu-alloc: [0] 112 113 114 115 116 117 118 119,30022ec8,[ <*>.<*>] pcpu-alloc: [<*>] <*> <*> <*> <*> <*> <*> <*> <*>,"['0.316943', '0', '112', '113', '114', '115 116 117 118 119']"
143,Mar,9,10:43:14,Client03,kernel,[    0.316944] pcpu-alloc: [0] 120 121 122 123 124 125 126 127,30022ec8,[ <*>.<*>] pcpu-alloc: [<*>] <*> <*> <*> <*> <*> <*> <*> <*>,"['0.316944', '0', '120', '121', '122', '123 124 125 126 127']"
144,Mar,9,10:43:14,Client03,kernel,[    0.316980] Hyper-V: PV spinlocks enabled,8f72dbf6,[ <*>.<*>] <*> <*> <*> enabled,"['0.316980', 'Hyper-V:', 'PV spinlocks']"
145,Mar,9,10:43:14,Client03,kernel,"[    0.318658] PV qspinlock hash table entries: 512 (order: 1, 8192 bytes)",e2564448,"[ <*>.<*>] <*> <*> hash table entries: <*> <*> <*>, <*> bytes)","['0.318658', 'PV qspinlock', '512', '(order: 1', '8192']"
146,Mar,9,10:43:14,Client03,kernel,"[    0.322318] Built 1 zonelists, mobility grouping on.  Total pages: 2064249",6111a56b,"[ <*>.<*>] Built <*> zonelists, mobility grouping on. Total pages: <*>","['0.322318', '1', '2064249']"
147,Mar,9,10:43:14,Client03,kernel,[    0.325960] Policy zone: Normal,fea59dea,[ <*>.<*>] Policy zone: Normal,['0.325960']
148,Mar,9,10:43:14,Client03,kernel,[    0.327532] Kernel command line: BOOT_IMAGE=/boot/vmlinuz-5.0.0-1032-azure root=UUID=5604f71e-1e5f-443c-a99e-b82bb5c201df ro console=tty1 console=ttyS0 earlyprintk=ttyS0 rootdelay=300,96f4d3c0,[ <*>.<*>] Kernel command line: BOOT_IMAGE=/boot/vmlinuz-<*>.<*>.<*>-<*>-azure root=UUID=5604f71e-1e5f-443c-a99e-b82bb5c201df ro console=tty1 console=ttyS0 earlyprintk=ttyS0 rootdelay=<*>,"['0.327532', '5', '0.0-1032', '300']"
149,Mar,9,10:43:14,Client03,kernel,[    0.337102] printk: log_buf_len individual max cpu contribution: 4096 bytes,4bf266f9,[ <*>.<*>] printk: log_buf_len individual max cpu contribution: <*> bytes,"['0.337102', '4096']"
150,Mar,9,10:43:14,Client03,kernel,[    0.341484] printk: log_buf_len total cpu_extra contributions: 520192 bytes,eb09db24,[ <*>.<*>] printk: log_buf_len total cpu_extra contributions: <*> bytes,"['0.341484', '520192']"
151,Mar,9,10:43:14,Client03,kernel,[    0.345963] printk: log_buf_len min size: 262144 bytes,87a236f5,[ <*>.<*>] printk: log_buf_len min size: <*> bytes,"['0.345963', '262144']"
152,Mar,9,10:43:14,Client03,kernel,[    0.349321] printk: log_buf_len: 1048576 bytes,ae7520bd,[ <*>.<*>] printk: <*> <*> <*>,"['0.349321', 'log_buf_len:', '1048576 bytes']"
153,Mar,9,10:43:14,Client03,kernel,[    0.352129] printk: early log buf free: 251912(96%),3836433f,[ <*>.<*>] printk: early log buf free: <*>(<*>%),"['0.352129', '251912(96']"
154,Mar,9,10:43:14,Client03,kernel,[    0.376130] Calgary: detecting Calgary via BIOS EBDA area,0ab61629,[ <*>.<*>] Calgary: detecting Calgary via BIOS EBDA area,['0.376130']
155,Mar,9,10:43:14,Client03,kernel,[    0.376133] Calgary: Unable to locate Rio Grande table in EBDA - bailing!,610ef30a,[ <*>.<*>] Calgary: Unable to locate Rio Grande table in EBDA - bailing!,['0.376133']
156,Mar,9,10:43:14,Client03,kernel,"[    0.399000] Memory: 8118156K/8388152K available (12292K kernel code, 2233K rwdata, 3944K rodata, 2360K init, 5524K bss, 269996K reserved, 0K cma-reserved)",cebb4727,"[ <*>.<*>] Memory: <*> available (12292K kernel code, 2233K rwdata, 3944K rodata, 2360K init, 5524K bss, <*> reserved, 0K cma-reserved)","['0.399000', '8118156K/8388152K', '269996K']"
157,Mar,9,10:43:14,Client03,kernel,"[    0.405119] SLUB: HWalign=64, Order=0-3, MinObjects=0, CPUs=128, Nodes=1",0650e733,"[ <*>.<*>] SLUB: HWalign=<*>, Order=<*>-<*>, MinObjects=<*>, CPUs=<*>, Nodes=<*>","['0.405119', '64', '0-3', '0', '128', '1']"
158,Mar,9,10:43:14,Client03,kernel,[    0.407779] Kernel/User page tables isolation: enabled,1c356206,[ <*>.<*>] Kernel/User page tables isolation: enabled,['0.407779']
159,Mar,9,10:43:14,Client03,kernel,[    0.413511] ftrace: allocating 38709 entries in 152 pages,bff63748,[ <*>.<*>] ftrace: allocating <*> entries in <*> pages,"['0.413511', '38709', '152']"
160,Mar,9,10:43:14,Client03,kernel,[    0.433774] rcu: Hierarchical RCU implementation.,a4a8ef32,[ <*>.<*>] rcu: Hierarchical <*> implementation.,"['0.433774', 'RCU']"
161,Mar,9,10:43:14,Client03,kernel,[    0.436139] rcu: 	RCU restricting CPUs from NR_CPUS=8192 to nr_cpu_ids=128.,b21b8830,[ <*>.<*>] rcu: RCU restricting CPUs from NR_CPUS=<*> to nr_cpu_ids=<*>.,"['0.436139', '8192', '128']"
162,Mar,9,10:43:14,Client03,kernel,[    0.439366] 	Tasks RCU enabled.,0b9385e9,[ <*>.<*>] Tasks RCU enabled.,['0.439366']
163,Mar,9,10:43:14,Client03,kernel,[    0.440578] rcu: RCU calculated value of scheduler-enlistment delay is 25 jiffies.,47b028da,[ <*>.<*>] rcu: RCU calculated value of scheduler-enlistment delay is <*> jiffies.,"['0.440578', '25']"
164,Mar,9,10:43:14,Client03,kernel,"[    0.443652] rcu: Adjusting geometry for rcu_fanout_leaf=16, nr_cpu_ids=128",b2110681,"[ <*>.<*>] rcu: Adjusting geometry for rcu_fanout_leaf=<*>, nr_cpu_ids=<*>","['0.443652', '16', '128']"
165,Mar,9,10:43:14,Client03,kernel,"[    0.449731] NR_IRQS: 524544, nr_irqs: 1448, preallocated irqs: 16",448ffa05,"[ <*>.<*>] NR_IRQS: <*>, nr_irqs: <*>, preallocated irqs: <*>","['0.449731', '524544', '1448', '16']"
166,Mar,9,10:43:14,Client03,kernel,[    0.457557] Console: colour VGA+ 80x25,ba5a5b44,[ <*>.<*>] Console: colour VGA+ 80x<*>,"['0.457557', '25']"
167,Mar,9,10:43:14,Client03,kernel,[    1.001812] printk: console [tty1] enabled,8f72dbf6,[ <*>.<*>] <*> <*> <*> enabled,"['1.001812', 'printk:', 'console [tty1]']"
168,Mar,9,10:43:14,Client03,kernel,[    1.004970] printk: console [ttyS0] enabled,8f72dbf6,[ <*>.<*>] <*> <*> <*> enabled,"['1.004970', 'printk:', 'console [ttyS0]']"
169,Mar,9,10:43:14,Client03,kernel,[    1.010369] printk: bootconsole [earlyser0] disabled,ae7520bd,[ <*>.<*>] printk: <*> <*> <*>,"['1.010369', 'bootconsole', '[earlyser0] disabled']"
170,Mar,9,10:43:14,Client03,kernel,[    1.016490] ACPI: Core revision 20181213,384a7d61,[ <*>.<*>] ACPI: <*> <*> <*>,"['1.016490', 'Core', 'revision 20181213']"
171,Mar,9,10:43:14,Client03,kernel,[    1.019302] APIC: Switch to symmetric I/O mode setup,78932e3c,[ <*>.<*>] APIC: Switch to symmetric I/O mode setup,['1.019302']
172,Mar,9,10:43:14,Client03,kernel,[    1.022543] Switched APIC routing to physical flat.,e5c5d87b,[ <*>.<*>] Switched APIC routing to physical flat.,['1.022543']
173,Mar,9,10:43:14,Client03,kernel,[    1.025777] Hyper-V: Using IPI hypercalls,cc148139,[ <*>.<*>] Hyper-V: Using IPI hypercalls,['1.025777']
174,Mar,9,10:43:14,Client03,kernel,[    1.028453] Hyper-V: Using enlightened APIC (xapic mode),ce2a1825,[ <*>.<*>] Hyper-V: Using enlightened APIC (xapic mode),['1.028453']
175,Mar,9,10:43:14,Client03,kernel,"[    1.028460] clocksource: hyperv_clocksource_tsc_page: mask: 0xffffffffffffffff max_cycles: 0x24e6a1710, max_idle_ns: 440795202120 ns",86aa80c1,[ <*>.<*>] clocksource: <*> mask: <*> max_cycles: <*> max_idle_ns: <*> ns,"['1.028460', 'hyperv_clocksource_tsc_page:', '0xffffffffffffffff', '0x24e6a1710,', '440795202120']"
176,Mar,9,10:43:14,Client03,kernel,"[    1.058266] Calibrating delay loop (skipped), value calculated using timer frequency.. 4788.91 BogoMIPS (lpj=9577824)",21d515eb,"[ <*>.<*>] Calibrating delay loop (skipped), value calculated using timer frequency.. <*>.<*> BogoMIPS (lpj=<*>)","['1.058266', '4788.91', '9577824']"
177,Mar,9,10:43:14,Client03,kernel,[    1.062252] pid_max: default: 131072 minimum: 1024,f518058d,[ <*>.<*>] pid_max: default: <*> minimum: <*>,"['1.062252', '131072', '1024']"
178,Mar,9,10:43:14,Client03,kernel,[    1.062252] LSM: Security Framework initializing,4a44d82f,[ <*>.<*>] LSM: Security Framework initializing,['1.062252']
179,Mar,9,10:43:14,Client03,kernel,[    1.062252] Yama: becoming mindful.,2824e23c,[ <*>.<*>] Yama: becoming mindful.,['1.062252']
180,Mar,9,10:43:14,Client03,kernel,[    1.062252] AppArmor: AppArmor initialized,39dbb8e6,[ <*>.<*>] <*> <*> initialized,"['1.062252', 'AppArmor: AppArmor']"
181,Mar,9,10:43:14,Client03,kernel,"[    1.062252] Dentry cache hash table entries: 1048576 (order: 11, 8388608 bytes)",e2564448,"[ <*>.<*>] <*> <*> hash table entries: <*> <*> <*>, <*> bytes)","['1.062252', 'Dentry cache', '1048576', '(order: 11', '8388608']"
182,Mar,9,10:43:14,Client03,kernel,"[    1.062252] Inode-cache hash table entries: 524288 (order: 10, 4194304 bytes)",6a78c96c,"[ <*>.<*>] <*> hash table entries: <*> (order: <*>, <*> bytes)","['1.062252', 'Inode-cache', '524288', '10', '4194304']"
183,Mar,9,10:43:14,Client03,kernel,"[    1.062252] Mount-cache hash table entries: 16384 (order: 5, 131072 bytes)",6a78c96c,"[ <*>.<*>] <*> hash table entries: <*> (order: <*>, <*> bytes)","['1.062252', 'Mount-cache', '16384', '5', '131072']"
184,Mar,9,10:43:14,Client03,kernel,"[    1.062252] Mountpoint-cache hash table entries: 16384 (order: 5, 131072 bytes)",6a78c96c,"[ <*>.<*>] <*> hash table entries: <*> (order: <*>, <*> bytes)","['1.062252', 'Mountpoint-cache', '16384', '5', '131072']"
185,Mar,9,10:43:14,Client03,kernel,"[    1.062252] Last level iTLB entries: 4KB 1024, 2MB 1024, 4MB 1024",fd5fafaf,"[ <*>.<*>] Last level iTLB entries: 4KB <*>, 2MB <*>, 4MB <*>","['1.062252', '1024', '1024', '1024']"
186,Mar,9,10:43:14,Client03,kernel,"[    1.062252] Last level dTLB entries: 4KB 1024, 2MB 1024, 4MB 1024, 1GB 4",7e4285f0,"[ <*>.<*>] Last level dTLB entries: 4KB <*>, 2MB <*>, 4MB <*>, 1GB <*>","['1.062252', '1024', '1024', '1024', '4']"
187,Mar,9,10:43:14,Client03,kernel,[    1.062252] Spectre V1 : Mitigation: usercopy/swapgs barriers and __user pointer sanitization,0a5fefa9,[ <*>.<*>] Spectre V1 : Mitigation: usercopy/swapgs barriers and __user pointer sanitization,['1.062252']
188,Mar,9,10:43:14,Client03,kernel,[    1.062252] Spectre V2 : Mitigation: Full generic retpoline,2b81bf58,[ <*>.<*>] Spectre V2 : Mitigation: Full generic retpoline,['1.062252']
189,Mar,9,10:43:14,Client03,kernel,[    1.062252] Spectre V2 : Spectre v2 / SpectreRSB mitigation: Filling RSB on context switch,0b47a21f,[ <*>.<*>] Spectre V2 : Spectre v2 / SpectreRSB mitigation: Filling RSB on context switch,['1.062252']
190,Mar,9,10:43:14,Client03,kernel,[    1.062252] Speculative Store Bypass: Vulnerable,e996fac8,[ <*>.<*>] Speculative Store Bypass: Vulnerable,['1.062252']
191,Mar,9,10:43:14,Client03,kernel,[    1.062252] MDS: Mitigation: Clear CPU buffers,c336bf06,[ <*>.<*>] <*> Mitigation: Clear CPU buffers,"['1.062252', 'MDS:']"
192,Mar,9,10:43:14,Client03,kernel,[    1.062252] Freeing SMP alternatives memory: 36K,b69059a5,[ <*>.<*>] Freeing <*> <*> memory: <*>,"['1.062252', 'SMP alternatives', '36K']"
193,Mar,9,10:43:14,Client03,kernel,"[    1.062252] smpboot: CPU0: Intel(R) Xeon(R) CPU E5-2673 v3 @ 2.40GHz (family: 0x6, model: 0x3f, stepping: 0x2)",fdef78f3,"[ <*>.<*>] smpboot: CPU0: Intel(R) Xeon(R) CPU E5-<*> <*> @ <*> (family: 0x6, model: <*> stepping: <*>","['1.062252', '2673 v3', '2.40GHz', '0x3f,', '0x2)']"
194,Mar,9,10:43:14,Client03,kernel,"[    1.062445] Performance Events: unsupported p6 CPU model 63 no PMU driver, software events only.",af43d4d4,"[ <*>.<*>] Performance Events: unsupported p6 CPU model <*> no PMU driver, software events only.","['1.062445', '63']"
195,Mar,9,10:43:14,Client03,kernel,[    1.066300] rcu: Hierarchical SRCU implementation.,a4a8ef32,[ <*>.<*>] rcu: Hierarchical <*> implementation.,"['1.066300', 'SRCU']"
196,Mar,9,10:43:14,Client03,kernel,[    1.070627] random: crng done (trusting CPU's manufacturer),dcaf4674,[ <*>.<*>] random: crng done (trusting CPU's manufacturer),['1.070627']
197,Mar,9,10:43:14,Client03,kernel,[    1.074295] NMI watchdog: Perf NMI watchdog permanently disabled,5fbc9904,[ <*>.<*>] NMI watchdog: Perf NMI watchdog permanently disabled,['1.074295']
198,Mar,9,10:43:14,Client03,kernel,[    1.079620] smp: Bringing up secondary CPUs ...,b2081125,[ <*>.<*>] smp: Bringing up secondary CPUs ...,['1.079620']
199,Mar,9,10:43:14,Client03,kernel,[    1.082394] x86: Booting SMP configuration:,0a1ec610,[ <*>.<*>] x86: Booting SMP configuration:,['1.082394']
200,Mar,9,10:43:14,Client03,kernel,"[    1.086261] .... node  #0, CPUs:          #1",3388cb84,"[ <*>.<*>] .... node #<*>, CPUs: #<*>","['1.086261', '0', '1']"
201,Mar,9,10:43:14,Client03,kernel,"[    1.090672] MDS CPU bug present and SMT on, data leak possible. See https://www.kernel.org/doc/html/latest/admin-guide/hw-vuln/mds.html for more details.",2e12bf3b,"[ <*>.<*>] <*> CPU bug present and SMT on, data leak possible. See <*> for more details.","['1.090672', 'MDS', 'https://www.kernel.org/doc/html/latest/admin-guide/hw-vuln/mds.html']"
202,Mar,9,10:43:14,Client03,kernel,"[    1.098264] smp: Brought up 1 node, 2 CPUs",84ff81ae,"[ <*>.<*>] smp: Brought up <*> node, <*> CPUs","['1.098264', '1', '2']"
203,Mar,9,10:43:14,Client03,kernel,[    1.102258] smpboot: Max logical packages: 64,bb2b44d1,[ <*>.<*>] smpboot: Max logical packages: <*>,"['1.102258', '64']"
204,Mar,9,10:43:14,Client03,kernel,[    1.105249] smpboot: Total of 2 processors activated (9577.82 BogoMIPS),674ff42a,[ <*>.<*>] smpboot: Total of <*> processors activated (<*>.<*> BogoMIPS),"['1.105249', '2', '9577.82']"
205,Mar,9,10:43:14,Client03,kernel,[    1.107012] devtmpfs: initialized,936b8562,[ <*>.<*>] <*> <*>,"['1.107012', 'devtmpfs: initialized']"
206,Mar,9,10:43:14,Client03,kernel,[    1.107012] x86/mm: Memory block size: 128MB,515f329c,[ <*>.<*>] x86/mm: Memory block size: 128MB,['1.107012']
207,Mar,9,10:43:14,Client03,kernel,[    1.111000] PM: Registering ACPI NVS region [mem 0x3ffff000-0x3fffffff] (4096 bytes),5360d077,[ <*>.<*>] PM: Registering ACPI NVS region [mem 0x3ffff000-0x3fffffff] (<*> bytes),"['1.111000', '4096']"
208,Mar,9,10:43:14,Client03,kernel,"[    1.118397] clocksource: jiffies: mask: 0xffffffff max_cycles: 0xffffffff, max_idle_ns: 7645041785100000 ns",86aa80c1,[ <*>.<*>] clocksource: <*> mask: <*> max_cycles: <*> max_idle_ns: <*> ns,"['1.118397', 'jiffies:', '0xffffffff', '0xffffffff,', '7645041785100000']"
209,Mar,9,10:43:14,Client03,kernel,"[    1.122334] futex hash table entries: 32768 (order: 9, 2097152 bytes)",6a78c96c,"[ <*>.<*>] <*> hash table entries: <*> (order: <*>, <*> bytes)","['1.122334', 'futex', '32768', '9', '2097152']"
210,Mar,9,10:43:14,Client03,kernel,[    1.126859] pinctrl core: initialized pinctrl subsystem,09628428,[ <*>.<*>] pinctrl core: initialized pinctrl subsystem,['1.126859']
211,Mar,9,10:43:14,Client03,kernel,"[    1.130716] RTC time: 10:40:38, date: 2020-03-09",0b45c280,"[ <*>.<*>] RTC time: <*>:<*>:<*>, date: <*>-<*>-<*>","['1.130716', '10', '40:38', '2020', '03-09']"
212,Mar,9,10:43:14,Client03,kernel,[    1.134550] NET: Registered protocol family 16,87d471e6,[ <*>.<*>] NET: Registered protocol family <*>,"['1.134550', '16']"
213,Mar,9,10:43:14,Client03,kernel,[    1.138359] audit: initializing netlink subsys (disabled),4b0e5b36,[ <*>.<*>] audit: initializing netlink subsys (disabled),['1.138359']
214,Mar,9,10:43:14,Client03,kernel,[    1.142280] audit: type=2000 audit(1583750437.084:1): state=initialized audit_enabled=0 res=1,74417e93,[ <*>.<*>] audit: type=<*> audit(<*>.<*>:<*>): state=initialized audit_enabled=<*> res=<*>,"['1.142280', '2000', '1583750437.084', '1', '0', '1']"
215,Mar,9,10:43:14,Client03,kernel,[    1.142392] EISA bus registered,cd3fa45b,[ <*>.<*>] EISA bus registered,['1.142392']
216,Mar,9,10:43:14,Client03,kernel,[    1.150273] cpuidle: using governor ladder,ebf1d118,[ <*>.<*>] cpuidle: using governor <*>,"['1.150273', 'ladder']"
217,Mar,9,10:43:14,Client03,kernel,[    1.153586] cpuidle: using governor menu,ebf1d118,[ <*>.<*>] cpuidle: using governor <*>,"['1.153586', 'menu']"
218,Mar,9,10:43:14,Client03,kernel,[    1.154333] ACPI: bus type PCI registered,35356d63,[ <*>.<*>] ACPI: bus type PCI registered,['1.154333']
219,Mar,9,10:43:14,Client03,kernel,[    1.158254] acpiphp: ACPI Hot Plug PCI Controller Driver version: 0.5,572a6a6a,[ <*>.<*>] <*> <*> Hot Plug PCI Controller Driver version: <*>.<*>,"['1.158254', 'acpiphp: ACPI', '0.5']"
220,Mar,9,10:43:14,Client03,kernel,[    1.162799] PCI: Using configuration type 1 for base access,4e0fd40b,[ <*>.<*>] PCI: Using configuration type <*> for base access,"['1.162799', '1']"
221,Mar,9,10:43:14,Client03,kernel,"[    1.170373] HugeTLB registered 1.00 GiB page size, pre-allocated 0 pages",ed0c38b8,"[ <*>.<*>] HugeTLB registered <*>.<*> <*> page size, pre-allocated <*> pages","['1.170373', '1.00', 'GiB', '0']"
222,Mar,9,10:43:14,Client03,kernel,"[    1.174257] HugeTLB registered 2.00 MiB page size, pre-allocated 0 pages",ed0c38b8,"[ <*>.<*>] HugeTLB registered <*>.<*> <*> page size, pre-allocated <*> pages","['1.174257', '2.00', 'MiB', '0']"
223,Mar,9,10:43:14,Client03,kernel,[    1.182282] ACPI: Added _OSI(Module Device),384a7d61,[ <*>.<*>] ACPI: <*> <*> <*>,"['1.182282', 'Added', '_OSI(Module Device)']"
224,Mar,9,10:43:14,Client03,kernel,[    1.186262] ACPI: Added _OSI(Processor Device),384a7d61,[ <*>.<*>] ACPI: <*> <*> <*>,"['1.186262', 'Added', '_OSI(Processor Device)']"
225,Mar,9,10:43:14,Client03,kernel,[    1.190256] ACPI: Added _OSI(3.0 _SCP Extensions),382e1fc9,[ <*>.<*>] ACPI: Added <*> <*> <*>,"['1.190256', '_OSI(3.0', '_SCP Extensions)']"
226,Mar,9,10:43:14,Client03,kernel,[    1.198256] ACPI: Added _OSI(Processor Aggregator Device),382e1fc9,[ <*>.<*>] ACPI: Added <*> <*> <*>,"['1.198256', '_OSI(Processor', 'Aggregator Device)']"
227,Mar,9,10:43:14,Client03,kernel,[    1.206257] ACPI: Added _OSI(Linux-Dell-Video),c1870ad0,[ <*>.<*>] ACPI: <*> <*>,"['1.206257', 'Added _OSI(Linux-Dell-Video)']"
228,Mar,9,10:43:14,Client03,kernel,[    1.210256] ACPI: Added _OSI(Linux-Lenovo-NV-HDMI-Audio),c1870ad0,[ <*>.<*>] ACPI: <*> <*>,"['1.210256', 'Added _OSI(Linux-Lenovo-NV-HDMI-Audio)']"
229,Mar,9,10:43:14,Client03,kernel,[    1.214256] ACPI: Added _OSI(Linux-HPI-Hybrid-Graphics),c1870ad0,[ <*>.<*>] ACPI: <*> <*>,"['1.214256', 'Added _OSI(Linux-HPI-Hybrid-Graphics)']"
230,Mar,9,10:43:14,Client03,kernel,[    1.219751] ACPI: 1 ACPI AML tables successfully acquired and loaded,bfc45663,[ <*>.<*>] ACPI: <*> ACPI AML tables successfully acquired and loaded,"['1.219751', '1']"
231,Mar,9,10:43:14,Client03,kernel,[    1.227737] ACPI: Interpreter enabled,c1870ad0,[ <*>.<*>] ACPI: <*> <*>,"['1.227737', 'Interpreter enabled']"
232,Mar,9,10:43:14,Client03,kernel,[    1.230267] ACPI: (supports S0 S5),384a7d61,[ <*>.<*>] ACPI: <*> <*> <*>,"['1.230267', '(supports', 'S0 S5)']"
233,Mar,9,10:43:14,Client03,kernel,[    1.232958] ACPI: Using IOAPIC for interrupt routing,a19890d6,[ <*>.<*>] <*> Using <*> for <*> routing,"['1.232958', 'ACPI:', 'IOAPIC', 'interrupt']"
234,Mar,9,10:43:14,Client03,kernel,"[    1.238284] PCI: Using host bridge windows from ACPI; if necessary, use ""pci=nocrs"" and report a bug",7ca6598a,"[ <*>.<*>] PCI: Using host bridge windows from ACPI; if necessary, use ""pci=nocrs"" and report a bug",['1.238284']
235,Mar,9,10:43:14,Client03,kernel,[    1.242697] ACPI: Enabled 1 GPEs in block 00 to 0F,dd22b4d7,[ <*>.<*>] ACPI: Enabled <*> GPEs in block <*> to 0F,"['1.242697', '1', '00']"
236,Mar,9,10:43:14,Client03,kernel,[    1.266019] ACPI: PCI Root Bridge [PCI0] (domain 0000 [bus 00-ff]),4cc075f1,[ <*>.<*>] ACPI: PCI Root Bridge [PCI0] (domain <*> [bus <*>-ff]),"['1.266019', '0000', '00']"
237,Mar,9,10:43:14,Client03,kernel,[    1.270259] acpi PNP0A03:00: _OSC: OS supports [ASPM ClockPM Segments MSI],6a4e7cff,[ <*>.<*>] acpi PNP0A03:<*>: _OSC: OS supports [ASPM ClockPM Segments MSI],"['1.270259', '00']"
238,Mar,9,10:43:14,Client03,kernel,"[    1.274268] acpi PNP0A03:00: fail to add MMCONFIG information, can't access extended PCI configuration space under this bridge.",cfb932ab,"[ <*>.<*>] acpi PNP0A03:<*>: fail to add MMCONFIG information, can't access extended PCI configuration space under this bridge.","['1.274268', '00']"
239,Mar,9,10:43:14,Client03,kernel,[    1.282396] PCI host bridge to bus 0000:00,7c45b630,[ <*>.<*>] PCI host bridge to bus <*>:<*>,"['1.282396', '0000:00']"
240,Mar,9,10:43:14,Client03,kernel,[    1.282396] pci_bus 0000:00: root bus resource [mem 0xfe0000000-0xfffffffff window],6124e846,[ <*>.<*>] pci_bus <*>:<*>: root bus resource <*> <*> window],"['1.282396', '0000:00', '[mem 0xfe0000000-0xfffffffff']"
241,Mar,9,10:43:14,Client03,kernel,[    1.290256] pci_bus 0000:00: root bus resource [io  0x0000-0x0cf7 window],6124e846,[ <*>.<*>] pci_bus <*>:<*>: root bus resource <*> <*> window],"['1.290256', '0000:00', '[io  0x0000-0x0cf7']"
242,Mar,9,10:43:14,Client03,kernel,[    1.294262] pci_bus 0000:00: root bus resource [io  0x0d00-0xffff window],6124e846,[ <*>.<*>] pci_bus <*>:<*>: root bus resource <*> <*> window],"['1.294262', '0000:00', '[io  0x0d00-0xffff']"
243,Mar,9,10:43:14,Client03,kernel,[    1.298256] pci_bus 0000:00: root bus resource [mem 0x000a0000-0x000bffff window],6124e846,[ <*>.<*>] pci_bus <*>:<*>: root bus resource <*> <*> window],"['1.298256', '0000:00', '[mem 0x000a0000-0x000bffff']"
244,Mar,9,10:43:14,Client03,kernel,[    1.302254] pci_bus 0000:00: root bus resource [mem 0x40000000-0xfffbffff window],6124e846,[ <*>.<*>] pci_bus <*>:<*>: root bus resource <*> <*> window],"['1.302254', '0000:00', '[mem 0x40000000-0xfffbffff']"
245,Mar,9,10:43:14,Client03,kernel,[    1.310256] pci_bus 0000:00: root bus resource [bus 00-ff],5a1ebdfa,[ <*>.<*>] pci_bus <*>:<*>: root bus resource [bus <*>-ff],"['1.310256', '0000:00', '00']"
246,Mar,9,10:43:14,Client03,kernel,[    1.314432] pci 0000:00:00.0: [8086:7192] type 00 class 0x060000,8d015fe4,[ <*>.<*>] pci <*>:<*>:<*>.<*>: [<*>:<*>] type <*> class 0x<*>,"['1.314432', '0000', '00:00.0', '8086:7192', '00', '060000']"
247,Mar,9,10:43:14,Client03,kernel,[    1.316154] pci 0000:00:07.0: [8086:7110] type 00 class 0x060100,8d015fe4,[ <*>.<*>] pci <*>:<*>:<*>.<*>: [<*>:<*>] type <*> class 0x<*>,"['1.316154', '0000', '00:07.0', '8086:7110', '00', '060100']"
248,Mar,9,10:43:14,Client03,kernel,[    1.318231] pci 0000:00:07.1: [8086:7111] type 00 class 0x010180,8d015fe4,[ <*>.<*>] pci <*>:<*>:<*>.<*>: [<*>:<*>] type <*> class 0x<*>,"['1.318231', '0000', '00:07.1', '8086:7111', '00', '010180']"
249,Mar,9,10:43:14,Client03,kernel,[    1.320216] pci 0000:00:07.1: reg 0x20: [io  0xffa0-0xffaf],32a4060e,[ <*>.<*>] pci <*>:<*>:<*>.<*>: <*> <*> <*> <*>,"['1.320216', '0000', '00:07.1', 'reg', '0x20: [io  0xffa0-0xffaf]']"
250,Mar,9,10:43:14,Client03,kernel,[    1.320889] pci 0000:00:07.1: legacy IDE quirk: reg 0x10: [io  0x01f0-0x01f7],181635a5,[ <*>.<*>] pci <*>:<*>:<*>.<*>: legacy IDE quirk: reg <*> [io <*>,"['1.320889', '0000', '00:07.1', '0x10:', '0x01f0-0x01f7]']"
251,Mar,9,10:43:14,Client03,kernel,[    1.326256] pci 0000:00:07.1: legacy IDE quirk: reg 0x14: [io  0x03f6],181635a5,[ <*>.<*>] pci <*>:<*>:<*>.<*>: legacy IDE quirk: reg <*> [io <*>,"['1.326256', '0000', '00:07.1', '0x14:', '0x03f6]']"
252,Mar,9,10:43:14,Client03,kernel,[    1.330255] pci 0000:00:07.1: legacy IDE quirk: reg 0x18: [io  0x0170-0x0177],181635a5,[ <*>.<*>] pci <*>:<*>:<*>.<*>: legacy IDE quirk: reg <*> [io <*>,"['1.330255', '0000', '00:07.1', '0x18:', '0x0170-0x0177]']"
253,Mar,9,10:43:14,Client03,kernel,[    1.334255] pci 0000:00:07.1: legacy IDE quirk: reg 0x1c: [io  0x0376],181635a5,[ <*>.<*>] pci <*>:<*>:<*>.<*>: legacy IDE quirk: reg <*> [io <*>,"['1.334255', '0000', '00:07.1', '0x1c:', '0x0376]']"
254,Mar,9,10:43:14,Client03,kernel,[    1.338948] pci 0000:00:07.3: [8086:7113] type 00 class 0x068000,8d015fe4,[ <*>.<*>] pci <*>:<*>:<*>.<*>: [<*>:<*>] type <*> class 0x<*>,"['1.338948', '0000', '00:07.3', '8086:7113', '00', '068000']"
255,Mar,9,10:43:14,Client03,kernel,"[    1.338993] * Found PM-Timer Bug on the chipset. Due to workarounds for a bug,",8a2b7de3,"[ <*>.<*>] * Found PM-Timer Bug on the chipset. Due to workarounds for a bug,",['1.338993']
256,Mar,9,10:43:14,Client03,kernel,[    1.338993] * this clock source is slow. Consider trying other clock sources,62865f1f,[ <*>.<*>] * this clock source is slow. Consider trying other clock sources,['1.338993']
257,Mar,9,10:43:14,Client03,kernel,[    1.354260] pci 0000:00:07.3: acpi_pm_check_blacklist+0x0/0x40 took 15625 usecs,32a4060e,[ <*>.<*>] pci <*>:<*>:<*>.<*>: <*> <*> <*> <*>,"['1.354260', '0000', '00:07.3', 'acpi_pm_check_blacklist+0x0/0x40', 'took 15625 usecs']"
258,Mar,9,10:43:14,Client03,kernel,[    1.360172] pci 0000:00:07.3: quirk: [io  0x0400-0x043f] claimed by PIIX4 ACPI,41ab7ff6,[ <*>.<*>] pci <*>:<*>:<*>.<*>: quirk: [io 0x0400-0x043f] claimed by PIIX4 ACPI,"['1.360172', '0000', '00:07.3']"
259,Mar,9,10:43:14,Client03,kernel,[    1.367153] pci 0000:00:08.0: [1414:5353] type 00 class 0x030000,8d015fe4,[ <*>.<*>] pci <*>:<*>:<*>.<*>: [<*>:<*>] type <*> class 0x<*>,"['1.367153', '0000', '00:08.0', '1414:5353', '00', '030000']"
260,Mar,9,10:43:14,Client03,kernel,[    1.367708] pci 0000:00:08.0: reg 0x10: [mem 0xf8000000-0xfbffffff],32a4060e,[ <*>.<*>] pci <*>:<*>:<*>.<*>: <*> <*> <*> <*>,"['1.367708', '0000', '00:08.0', 'reg', '0x10: [mem 0xf8000000-0xfbffffff]']"
261,Mar,9,10:43:14,Client03,kernel,[    1.384639] ACPI: PCI Interrupt Link [LNKA] (IRQs 3 4 5 7 9 10 *11 12 14 15),36d5d52a,[ <*>.<*>] ACPI: PCI Interrupt Link [LNKA] (IRQs <*> <*> <*> <*> <*> <*> *<*> <*> <*> <*>),"['1.384639', '3', '4', '5 7 9 10', '11', '12 14 15']"
262,Mar,9,10:43:14,Client03,kernel,"[    1.390473] ACPI: PCI Interrupt Link [LNKB] (IRQs 3 4 5 7 9 10 11 12 14 15) *0, disabled.",314bf718,"[ <*>.<*>] ACPI: PCI Interrupt Link <*> (IRQs <*> <*> <*> <*> <*> <*> <*> <*> <*> <*>) *<*>, disabled.","['1.390473', '[LNKB]', '3', '4', '5', '7', '9 10 11 12 14 15', '0']"
263,Mar,9,10:43:14,Client03,kernel,"[    1.394529] ACPI: PCI Interrupt Link [LNKC] (IRQs 3 4 5 7 9 10 11 12 14 15) *0, disabled.",314bf718,"[ <*>.<*>] ACPI: PCI Interrupt Link <*> (IRQs <*> <*> <*> <*> <*> <*> <*> <*> <*> <*>) *<*>, disabled.","['1.394529', '[LNKC]', '3', '4', '5', '7', '9 10 11 12 14 15', '0']"
264,Mar,9,10:43:14,Client03,kernel,"[    1.402474] ACPI: PCI Interrupt Link [LNKD] (IRQs 3 4 5 7 9 10 11 12 14 15) *0, disabled.",314bf718,"[ <*>.<*>] ACPI: PCI Interrupt Link <*> (IRQs <*> <*> <*> <*> <*> <*> <*> <*> <*> <*>) *<*>, disabled.","['1.402474', '[LNKD]', '3', '4', '5', '7', '9 10 11 12 14 15', '0']"
265,Mar,9,10:43:14,Client03,kernel,[    1.406612] SCSI subsystem initialized,39dbb8e6,[ <*>.<*>] <*> <*> initialized,"['1.406612', 'SCSI subsystem']"
266,Mar,9,10:43:14,Client03,kernel,[    1.410272] libata version 3.00 loaded.,1c5da341,[ <*>.<*>] libata version <*>.<*> loaded.,"['1.410272', '3.00']"
267,Mar,9,10:43:14,Client03,kernel,[    1.410372] pci 0000:00:08.0: vgaarb: setting as boot VGA device,624c855c,[ <*>.<*>] pci <*>:<*>:<*>.<*>: vgaarb: setting as boot VGA device,"['1.410372', '0000', '00:08.0']"
268,Mar,9,10:43:14,Client03,kernel,"[    1.414252] pci 0000:00:08.0: vgaarb: VGA device added: decodes=io+mem,owns=io+mem,locks=none",0c975011,"[ <*>.<*>] pci <*>:<*>:<*>.<*>: vgaarb: VGA device added: decodes=io+mem,owns=io+mem,locks=none","['1.414252', '0000', '00:08.0']"
269,Mar,9,10:43:14,Client03,kernel,[    1.414256] pci 0000:00:08.0: vgaarb: bridge control possible,32a4060e,[ <*>.<*>] pci <*>:<*>:<*>.<*>: <*> <*> <*> <*>,"['1.414256', '0000', '00:08.0', 'vgaarb:', 'bridge control possible']"
270,Mar,9,10:43:14,Client03,kernel,[    1.418255] vgaarb: loaded,936b8562,[ <*>.<*>] <*> <*>,"['1.418255', 'vgaarb: loaded']"
271,Mar,9,10:43:14,Client03,kernel,[    1.420599] pps_core: LinuxPPS API ver. 1 registered,47dded99,[ <*>.<*>] pps_core: LinuxPPS API ver. <*> registered,"['1.420599', '1']"
272,Mar,9,10:43:14,Client03,kernel,[    1.422254] pps_core: Software ver. 5.3.6 - Copyright 2005-2007 Rodolfo Giometti <giometti@linux.it>,5062e8d4,[ <*>.<*>] pps_core: Software ver. <*>.<*>.<*> - Copyright <*>-<*> Rodolfo Giometti <giometti@linux.it>,"['1.422254', '5', '3.6', '2005-2007']"
273,Mar,9,10:43:14,Client03,kernel,[    1.426260] PTP clock support registered,dbd17d1c,[ <*>.<*>] <*> <*> <*> registered,"['1.426260', 'PTP', 'clock support']"
274,Mar,9,10:43:14,Client03,kernel,[    1.430330] EDAC MC: Ver: 3.0.0,d9a4db27,[ <*>.<*>] <*> <*> <*> <*>.<*>.<*>,"['1.430330', 'EDAC', 'MC: Ver: 3', '0.0']"
275,Mar,9,10:43:14,Client03,kernel,[    1.526264] hv_vmbus: Vmbus version:4.0,b4f56b29,[ <*>.<*>] hv_vmbus: Vmbus version:<*>.<*>,"['1.526264', '4.0']"
276,Mar,9,10:43:14,Client03,kernel,[    1.530833] PCI: Using ACPI for IRQ routing,a19890d6,[ <*>.<*>] <*> Using <*> for <*> routing,"['1.530833', 'PCI:', 'ACPI', 'IRQ']"
277,Mar,9,10:43:14,Client03,kernel,[    1.533710] PCI: pci_cache_line_size set to 64 bytes,a5db758e,[ <*>.<*>] PCI: pci_cache_line_size set to <*> bytes,"['1.533710', '64']"
278,Mar,9,10:43:14,Client03,kernel,[    1.534187] e820: reserve RAM buffer [mem 0x0009fc00-0x0009ffff],4790cbc8,[ <*>.<*>] e820: reserve RAM buffer [mem <*>,"['1.534187', '0x0009fc00-0x0009ffff]']"
279,Mar,9,10:43:14,Client03,kernel,[    1.534189] e820: reserve RAM buffer [mem 0x3fff0000-0x3fffffff],4790cbc8,[ <*>.<*>] e820: reserve RAM buffer [mem <*>,"['1.534189', '0x3fff0000-0x3fffffff]']"
280,Mar,9,10:43:14,Client03,kernel,[    1.534258] NetLabel: Initializing,936b8562,[ <*>.<*>] <*> <*>,"['1.534258', 'NetLabel: Initializing']"
281,Mar,9,10:43:14,Client03,kernel,[    1.534258] NetLabel:  domain hash size = 128,47e096b1,[ <*>.<*>] NetLabel: domain hash size = <*>,"['1.534258', '128']"
282,Mar,9,10:43:14,Client03,kernel,[    1.537704] NetLabel:  protocols = UNLABELED CIPSOv4 CALIPSO,e79f8145,[ <*>.<*>] NetLabel: protocols = UNLABELED CIPSOv4 CALIPSO,['1.537704']
283,Mar,9,10:43:14,Client03,kernel,[    1.542281] NetLabel:  unlabeled traffic allowed by default,68b4478a,[ <*>.<*>] NetLabel: unlabeled traffic allowed by default,['1.542281']
284,Mar,9,10:43:14,Client03,kernel,[    1.546344] clocksource: Switched to clocksource hyperv_clocksource_tsc_page,1f32fb91,[ <*>.<*>] clocksource: Switched to clocksource hyperv_clocksource_tsc_page,['1.546344']
285,Mar,9,10:43:14,Client03,kernel,[    1.570019] VFS: Disk quotas dquot_6.6.0,33812074,[ <*>.<*>] VFS: Disk quotas dquot_<*>.<*>.<*>,"['1.570019', '6', '6.0']"
286,Mar,9,10:43:14,Client03,kernel,"[    1.578007] VFS: Dquot-cache hash table entries: 512 (order 0, 4096 bytes)",e2564448,"[ <*>.<*>] <*> <*> hash table entries: <*> <*> <*>, <*> bytes)","['1.578007', 'VFS: Dquot-cache', '512', '(order 0', '4096']"
287,Mar,9,10:43:14,Client03,kernel,[    1.583133] AppArmor: AppArmor Filesystem Enabled,83ce5f94,[ <*>.<*>] AppArmor: AppArmor Filesystem Enabled,['1.583133']
288,Mar,9,10:43:14,Client03,kernel,[    1.586738] pnp: PnP ACPI init,1faaa63f,[ <*>.<*>] pnp: PnP ACPI init,['1.586738']
289,Mar,9,10:43:14,Client03,kernel,"[    1.591632] pnp 00:00: Plug and Play ACPI device, IDs PNP0b00 (active)",bddfdc42,"[ <*>.<*>] <*> <*>:<*>: Plug and Play ACPI device, IDs <*> (active)","['1.591632', 'pnp 00', '00', 'PNP0b00']"
290,Mar,9,10:43:14,Client03,kernel,"[    1.591691] pnp 00:01: Plug and Play ACPI device, IDs PNP0303 PNP030b (active)",3f6b66d2,"[ <*>.<*>] pnp <*>:<*>: Plug and Play ACPI device, IDs <*> <*> (active)","['1.591691', '00:01', 'PNP0303 PNP030b']"
291,Mar,9,10:43:14,Client03,kernel,"[    1.591729] pnp 00:02: Plug and Play ACPI device, IDs PNP0f03 PNP0f13 (active)",3f6b66d2,"[ <*>.<*>] pnp <*>:<*>: Plug and Play ACPI device, IDs <*> <*> (active)","['1.591729', '00:02', 'PNP0f03 PNP0f13']"
292,Mar,9,10:43:14,Client03,kernel,[    1.592430] pnp 00:03: [dma 0 disabled],d7764389,[ <*>.<*>] pnp <*>:<*>: [dma <*> disabled],"['1.592430', '00:03', '0']"
293,Mar,9,10:43:14,Client03,kernel,"[    1.592460] pnp 00:03: Plug and Play ACPI device, IDs PNP0501 (active)",bddfdc42,"[ <*>.<*>] <*> <*>:<*>: Plug and Play ACPI device, IDs <*> (active)","['1.592460', 'pnp 00', '03', 'PNP0501']"
294,Mar,9,10:43:14,Client03,kernel,[    1.593148] pnp 00:04: [dma 0 disabled],d7764389,[ <*>.<*>] pnp <*>:<*>: [dma <*> disabled],"['1.593148', '00:04', '0']"
295,Mar,9,10:43:14,Client03,kernel,"[    1.593180] pnp 00:04: Plug and Play ACPI device, IDs PNP0501 (active)",bddfdc42,"[ <*>.<*>] <*> <*>:<*>: Plug and Play ACPI device, IDs <*> (active)","['1.593180', 'pnp 00', '04', 'PNP0501']"
296,Mar,9,10:43:14,Client03,kernel,[    1.593840] pnp 00:05: [dma 2],0c328929,[ <*>.<*>] pnp <*>:<*>: [dma <*>],"['1.593840', '00:05', '2']"
297,Mar,9,10:43:14,Client03,kernel,"[    1.593874] pnp 00:05: Plug and Play ACPI device, IDs PNP0700 (active)",bddfdc42,"[ <*>.<*>] <*> <*>:<*>: Plug and Play ACPI device, IDs <*> (active)","['1.593874', 'pnp 00', '05', 'PNP0700']"
298,Mar,9,10:43:14,Client03,kernel,[    1.593919] system 00:06: [io  0x01e0-0x01ef] has been reserved,d9819c5a,[ <*>.<*>] system <*>:<*>: <*> <*> has been reserved,"['1.593919', '00:06', '[io  0x01e0-0x01ef]']"
299,Mar,9,10:43:14,Client03,kernel,[    1.597718] system 00:06: [io  0x0160-0x016f] has been reserved,d9819c5a,[ <*>.<*>] system <*>:<*>: <*> <*> has been reserved,"['1.597718', '00:06', '[io  0x0160-0x016f]']"
300,Mar,9,10:43:14,Client03,kernel,[    1.602616] system 00:06: [io  0x0278-0x027f] has been reserved,d9819c5a,[ <*>.<*>] system <*>:<*>: <*> <*> has been reserved,"['1.602616', '00:06', '[io  0x0278-0x027f]']"
301,Mar,9,10:43:14,Client03,kernel,[    1.606413] system 00:06: [io  0x0378-0x037f] has been reserved,d9819c5a,[ <*>.<*>] system <*>:<*>: <*> <*> has been reserved,"['1.606413', '00:06', '[io  0x0378-0x037f]']"
302,Mar,9,10:43:14,Client03,kernel,[    1.610214] system 00:06: [io  0x0678-0x067f] has been reserved,d9819c5a,[ <*>.<*>] system <*>:<*>: <*> <*> has been reserved,"['1.610214', '00:06', '[io  0x0678-0x067f]']"
303,Mar,9,10:43:14,Client03,kernel,[    1.614679] system 00:06: [io  0x0778-0x077f] has been reserved,d9819c5a,[ <*>.<*>] system <*>:<*>: <*> <*> has been reserved,"['1.614679', '00:06', '[io  0x0778-0x077f]']"
304,Mar,9,10:43:14,Client03,kernel,[    1.619002] system 00:06: [io  0x04d0-0x04d1] has been reserved,d9819c5a,[ <*>.<*>] system <*>:<*>: <*> <*> has been reserved,"['1.619002', '00:06', '[io  0x04d0-0x04d1]']"
305,Mar,9,10:43:14,Client03,kernel,"[    1.623132] system 00:06: Plug and Play ACPI device, IDs PNP0c02 (active)",bddfdc42,"[ <*>.<*>] <*> <*>:<*>: Plug and Play ACPI device, IDs <*> (active)","['1.623132', 'system 00', '06', 'PNP0c02']"
306,Mar,9,10:43:14,Client03,kernel,[    1.623293] system 00:07: [io  0x0400-0x043f] has been reserved,d9819c5a,[ <*>.<*>] system <*>:<*>: <*> <*> has been reserved,"['1.623293', '00:07', '[io  0x0400-0x043f]']"
307,Mar,9,10:43:14,Client03,kernel,[    1.627484] system 00:07: [io  0x0370-0x0371] has been reserved,d9819c5a,[ <*>.<*>] system <*>:<*>: <*> <*> has been reserved,"['1.627484', '00:07', '[io  0x0370-0x0371]']"
308,Mar,9,10:43:14,Client03,kernel,[    1.631964] system 00:07: [io  0x0440-0x044f] has been reserved,d9819c5a,[ <*>.<*>] system <*>:<*>: <*> <*> has been reserved,"['1.631964', '00:07', '[io  0x0440-0x044f]']"
309,Mar,9,10:43:14,Client03,kernel,[    1.636291] system 00:07: [mem 0xfec00000-0xfec00fff] could not be reserved,e270d668,[ <*>.<*>] system <*>:<*>: [mem <*> could not be reserved,"['1.636291', '00:07', '0xfec00000-0xfec00fff]']"
310,Mar,9,10:43:14,Client03,kernel,[    1.641276] system 00:07: [mem 0xfee00000-0xfee00fff] has been reserved,d9819c5a,[ <*>.<*>] system <*>:<*>: <*> <*> has been reserved,"['1.641276', '00:07', '[mem 0xfee00000-0xfee00fff]']"
311,Mar,9,10:43:14,Client03,kernel,"[    1.645248] system 00:07: Plug and Play ACPI device, IDs PNP0c02 (active)",bddfdc42,"[ <*>.<*>] <*> <*>:<*>: Plug and Play ACPI device, IDs <*> (active)","['1.645248', 'system 00', '07', 'PNP0c02']"
312,Mar,9,10:43:14,Client03,kernel,[    1.645363] system 00:08: [mem 0x00000000-0x0009ffff] could not be reserved,e270d668,[ <*>.<*>] system <*>:<*>: [mem <*> could not be reserved,"['1.645363', '00:08', '0x00000000-0x0009ffff]']"
313,Mar,9,10:43:14,Client03,kernel,[    1.657229] system 00:08: [mem 0x000c0000-0x000dffff] could not be reserved,e270d668,[ <*>.<*>] system <*>:<*>: [mem <*> could not be reserved,"['1.657229', '00:08', '0x000c0000-0x000dffff]']"
314,Mar,9,10:43:14,Client03,kernel,[    1.662371] system 00:08: [mem 0x000e0000-0x000fffff] could not be reserved,e270d668,[ <*>.<*>] system <*>:<*>: [mem <*> could not be reserved,"['1.662371', '00:08', '0x000e0000-0x000fffff]']"
315,Mar,9,10:43:14,Client03,kernel,[    1.676785] system 00:08: [mem 0x00100000-0x3fffffff] could not be reserved,e270d668,[ <*>.<*>] system <*>:<*>: [mem <*> could not be reserved,"['1.676785', '00:08', '0x00100000-0x3fffffff]']"
316,Mar,9,10:43:14,Client03,kernel,[    1.682092] system 00:08: [mem 0xfffc0000-0xffffffff] has been reserved,d9819c5a,[ <*>.<*>] system <*>:<*>: <*> <*> has been reserved,"['1.682092', '00:08', '[mem 0xfffc0000-0xffffffff]']"
317,Mar,9,10:43:14,Client03,kernel,"[    1.687826] system 00:08: Plug and Play ACPI device, IDs PNP0c01 (active)",bddfdc42,"[ <*>.<*>] <*> <*>:<*>: Plug and Play ACPI device, IDs <*> (active)","['1.687826', 'system 00', '08', 'PNP0c01']"
318,Mar,9,10:43:14,Client03,kernel,[    1.688107] pnp: PnP ACPI: found 9 devices,f89824e6,[ <*>.<*>] pnp: PnP ACPI: found <*> devices,"['1.688107', '9']"
319,Mar,9,10:43:14,Client03,kernel,"[    1.699033] clocksource: acpi_pm: mask: 0xffffff max_cycles: 0xffffff, max_idle_ns: 2085701024 ns",86aa80c1,[ <*>.<*>] clocksource: <*> mask: <*> max_cycles: <*> max_idle_ns: <*> ns,"['1.699033', 'acpi_pm:', '0xffffff', '0xffffff,', '2085701024']"
320,Mar,9,10:43:14,Client03,kernel,[    1.705312] pci_bus 0000:00: resource 4 [mem 0xfe0000000-0xfffffffff window],b390ddbe,[ <*>.<*>] pci_bus <*>:<*>: resource <*> <*> <*> window],"['1.705312', '0000:00', '4', '[mem 0xfe0000000-0xfffffffff']"
321,Mar,9,10:43:14,Client03,kernel,[    1.705313] pci_bus 0000:00: resource 5 [io  0x0000-0x0cf7 window],b390ddbe,[ <*>.<*>] pci_bus <*>:<*>: resource <*> <*> <*> window],"['1.705313', '0000:00', '5', '[io  0x0000-0x0cf7']"
322,Mar,9,10:43:14,Client03,kernel,[    1.705315] pci_bus 0000:00: resource 6 [io  0x0d00-0xffff window],b390ddbe,[ <*>.<*>] pci_bus <*>:<*>: resource <*> <*> <*> window],"['1.705315', '0000:00', '6', '[io  0x0d00-0xffff']"
323,Mar,9,10:43:14,Client03,kernel,[    1.705316] pci_bus 0000:00: resource 7 [mem 0x000a0000-0x000bffff window],b390ddbe,[ <*>.<*>] pci_bus <*>:<*>: resource <*> <*> <*> window],"['1.705316', '0000:00', '7', '[mem 0x000a0000-0x000bffff']"
324,Mar,9,10:43:14,Client03,kernel,[    1.705317] pci_bus 0000:00: resource 8 [mem 0x40000000-0xfffbffff window],b390ddbe,[ <*>.<*>] pci_bus <*>:<*>: resource <*> <*> <*> window],"['1.705317', '0000:00', '8', '[mem 0x40000000-0xfffbffff']"
325,Mar,9,10:43:14,Client03,kernel,[    1.705445] NET: Registered protocol family 2,87d471e6,[ <*>.<*>] NET: Registered protocol family <*>,"['1.705445', '2']"
326,Mar,9,10:43:14,Client03,kernel,"[    1.708807] tcp_listen_portaddr_hash hash table entries: 4096 (order: 4, 65536 bytes)",6a78c96c,"[ <*>.<*>] <*> hash table entries: <*> (order: <*>, <*> bytes)","['1.708807', 'tcp_listen_portaddr_hash', '4096', '4', '65536']"
327,Mar,9,10:43:14,Client03,kernel,"[    1.718541] TCP established hash table entries: 65536 (order: 7, 524288 bytes)",e2564448,"[ <*>.<*>] <*> <*> hash table entries: <*> <*> <*>, <*> bytes)","['1.718541', 'TCP established', '65536', '(order: 7', '524288']"
328,Mar,9,10:43:14,Client03,kernel,"[    1.724520] TCP bind hash table entries: 65536 (order: 8, 1048576 bytes)",e2564448,"[ <*>.<*>] <*> <*> hash table entries: <*> <*> <*>, <*> bytes)","['1.724520', 'TCP bind', '65536', '(order: 8', '1048576']"
329,Mar,9,10:43:14,Client03,kernel,[    1.730110] TCP: Hash tables configured (established 65536 bind 65536),a9c6a646,[ <*>.<*>] TCP: Hash tables configured (established <*> bind <*>),"['1.730110', '65536', '65536']"
330,Mar,9,10:43:14,Client03,kernel,"[    1.735041] UDP hash table entries: 4096 (order: 5, 131072 bytes)",6a78c96c,"[ <*>.<*>] <*> hash table entries: <*> (order: <*>, <*> bytes)","['1.735041', 'UDP', '4096', '5', '131072']"
331,Mar,9,10:43:14,Client03,kernel,"[    1.740891] UDP-Lite hash table entries: 4096 (order: 5, 131072 bytes)",6a78c96c,"[ <*>.<*>] <*> hash table entries: <*> (order: <*>, <*> bytes)","['1.740891', 'UDP-Lite', '4096', '5', '131072']"
332,Mar,9,10:43:14,Client03,kernel,[    1.746327] NET: Registered protocol family 1,87d471e6,[ <*>.<*>] NET: Registered protocol family <*>,"['1.746327', '1']"
333,Mar,9,10:43:14,Client03,kernel,[    1.749603] NET: Registered protocol family 44,87d471e6,[ <*>.<*>] NET: Registered protocol family <*>,"['1.749603', '44']"
334,Mar,9,10:43:14,Client03,kernel,[    1.753036] pci 0000:00:00.0: Limiting direct PCI/PCI transfers,32a4060e,[ <*>.<*>] pci <*>:<*>:<*>.<*>: <*> <*> <*> <*>,"['1.753036', '0000', '00:00.0', 'Limiting', 'direct PCI/PCI transfers']"
335,Mar,9,10:43:14,Client03,kernel,[    1.757953] pci 0000:00:08.0: Video device with shadowed ROM at [mem 0x000c0000-0x000dffff],6f240111,[ <*>.<*>] pci <*>:<*>:<*>.<*>: Video device with shadowed ROM at [mem 0x000c0000-0x000dffff],"['1.757953', '0000', '00:08.0']"
336,Mar,9,10:43:14,Client03,kernel,"[    1.764189] PCI: CLS 0 bytes, default 64",4158f22b,"[ <*>.<*>] PCI: CLS <*> bytes, default <*>","['1.764189', '0', '64']"
337,Mar,9,10:43:14,Client03,kernel,[    1.764228] Unpacking initramfs...,936b8562,[ <*>.<*>] <*> <*>,"['1.764228', 'Unpacking initramfs...']"
338,Mar,9,10:43:14,Client03,kernel,[    2.076982] Freeing initrd memory: 19648K,76917a1e,[ <*>.<*>] Freeing initrd memory: <*>,"['2.076982', '19648K']"
339,Mar,9,10:43:14,Client03,kernel,[    2.080111] PCI-DMA: Using software bounce buffering for IO (SWIOTLB),e5f603b3,[ <*>.<*>] PCI-DMA: Using software bounce buffering for IO (SWIOTLB),['2.080111']
340,Mar,9,10:43:14,Client03,kernel,[    2.087197] software IO TLB: mapped [mem 0x3bff0000-0x3fff0000] (64MB),f8156a21,[ <*>.<*>] software IO TLB: mapped [mem 0x3bff0000-0x3fff0000] (64MB),['2.087197']
341,Mar,9,10:43:14,Client03,kernel,[    2.092890] check: Scanning for low memory corruption every 60 seconds,44ef95da,[ <*>.<*>] check: Scanning for low memory corruption every <*> seconds,"['2.092890', '60']"
342,Mar,9,10:43:14,Client03,kernel,[    2.099893] Initialise system trusted keyrings,21a70e82,[ <*>.<*>] Initialise system trusted keyrings,['2.099893']
343,Mar,9,10:43:14,Client03,kernel,[    2.103817] Key type blacklist registered,dbd17d1c,[ <*>.<*>] <*> <*> <*> registered,"['2.103817', 'Key', 'type blacklist']"
344,Mar,9,10:43:14,Client03,kernel,[    2.107066] workingset: timestamp_bits=36 max_order=21 bucket_order=0,f1c1ebff,[ <*>.<*>] workingset: timestamp_bits=<*> max_order=<*> bucket_order=<*>,"['2.107066', '36', '21', '0']"
345,Mar,9,10:43:14,Client03,kernel,[    2.113156] zbud: loaded,936b8562,[ <*>.<*>] <*> <*>,"['2.113156', 'zbud: loaded']"
346,Mar,9,10:43:14,Client03,kernel,[    2.115955] squashfs: version 4.0 (2009/01/31) Phillip Lougher,f4b6394d,[ <*>.<*>] squashfs: version <*>.<*> (<*>/<*>/<*>) Phillip Lougher,"['2.115955', '4.0', '2009', '01/31']"
347,Mar,9,10:43:14,Client03,kernel,[    2.120217] fuse init (API version 7.28),2d9471a3,[ <*>.<*>] fuse init (API version <*>.<*>),"['2.120217', '7.28']"
348,Mar,9,10:43:14,Client03,kernel,[    2.158969] Key type asymmetric registered,dbd17d1c,[ <*>.<*>] <*> <*> <*> registered,"['2.158969', 'Key', 'type asymmetric']"
349,Mar,9,10:43:14,Client03,kernel,[    2.161331] Asymmetric key parser 'x509' registered,3ecc6026,[ <*>.<*>] Asymmetric key parser 'x509' registered,['2.161331']
350,Mar,9,10:43:14,Client03,kernel,[    2.165694] Block layer SCSI generic (bsg) driver version 0.4 loaded (major 243),669e3ce3,[ <*>.<*>] Block layer SCSI generic (bsg) driver version <*>.<*> loaded (major <*>),"['2.165694', '0.4', '243']"
351,Mar,9,10:43:14,Client03,kernel,[    2.179788] shpchp: Standard Hot Plug PCI Controller Driver version: 0.4,572a6a6a,[ <*>.<*>] <*> <*> Hot Plug PCI Controller Driver version: <*>.<*>,"['2.179788', 'shpchp: Standard', '0.4']"
352,Mar,9,10:43:14,Client03,kernel,[    2.183391] intel_idle: Please enable MWAIT in BIOS SETUP,4b4d22f6,[ <*>.<*>] intel_idle: Please enable MWAIT in BIOS SETUP,['2.183391']
353,Mar,9,10:43:14,Client03,kernel,[    2.183468] input: Power Button as /devices/LNXSYSTM:00/LNXPWRBN:00/input/input0,f2dc1a2f,[ <*>.<*>] input: Power Button as /devices/LNXSYSTM:<*>/LNXPWRBN:<*>/input/input<*>,"['2.183468', '00', '00', '0']"
354,Mar,9,10:43:14,Client03,kernel,[    2.187546] ACPI: Power Button [PWRF],384a7d61,[ <*>.<*>] ACPI: <*> <*> <*>,"['2.187546', 'Power', 'Button [PWRF]']"
355,Mar,9,10:43:14,Client03,kernel,"[    2.189951] Serial: 8250/16550 driver, 32 ports, IRQ sharing enabled",ea64f415,"[ <*>.<*>] Serial: <*>/<*> driver, <*> ports, IRQ sharing enabled","['2.189951', '8250/16550', '32']"
356,Mar,9,10:43:14,Client03,kernel,"[    2.219274] 00:03: ttyS0 at I/O 0x3f8 (irq = 4, base_baud = 115200) is a 16550A",7e28a5dc,"[ <*>.<*>] <*>:<*>: <*> at I/O <*> (irq = <*>, base_baud = <*>) is a 16550A","['2.219274', '00:03', 'ttyS0', '0x3f8', '4', '115200']"
357,Mar,9,10:43:14,Client03,kernel,"[    2.250889] 00:04: ttyS1 at I/O 0x2f8 (irq = 3, base_baud = 115200) is a 16550A",7e28a5dc,"[ <*>.<*>] <*>:<*>: <*> at I/O <*> (irq = <*>, base_baud = <*>) is a 16550A","['2.250889', '00:04', 'ttyS1', '0x2f8', '3', '115200']"
358,Mar,9,10:43:14,Client03,kernel,[    2.256922] Linux agpgart interface v0.103,2614401b,[ <*>.<*>] Linux agpgart interface v0.<*>,"['2.256922', '103']"
359,Mar,9,10:43:14,Client03,kernel,[    2.270411] loop: module loaded,0ae41d87,[ <*>.<*>] loop: module loaded,['2.270411']
360,Mar,9,10:43:14,Client03,kernel,[    2.272899] hv_vmbus: registering driver hv_storvsc,12bef385,[ <*>.<*>] hv_vmbus: registering driver <*>,"['2.272899', 'hv_storvsc']"
361,Mar,9,10:43:14,Client03,kernel,[    2.276669] ata_piix 0000:00:07.1: version 2.13,48f9cb4d,[ <*>.<*>] <*> <*> version <*>,"['2.276669', 'ata_piix 0000:00:07.1:', '2.13']"
362,Mar,9,10:43:14,Client03,kernel,"[    2.276955] ata_piix 0000:00:07.1: Hyper-V Virtual Machine detected, ATA device ignore set",26b1b5d7,"[ <*>.<*>] ata_piix <*>:<*>:<*>.<*>: Hyper-V Virtual Machine detected, ATA device ignore set","['2.276955', '0000', '00:07.1']"
363,Mar,9,10:43:14,Client03,kernel,[    2.277280] scsi host0: storvsc_host_t,9ebf0a1a,[ <*>.<*>] scsi <*> <*>,"['2.277280', 'host0: storvsc_host_t']"
364,Mar,9,10:43:14,Client03,kernel,[    2.296736] scsi host1: ata_piix,9ebf0a1a,[ <*>.<*>] scsi <*> <*>,"['2.296736', 'host1: ata_piix']"
365,Mar,9,10:43:14,Client03,kernel,[    2.299794] scsi host2: ata_piix,9ebf0a1a,[ <*>.<*>] scsi <*> <*>,"['2.299794', 'host2: ata_piix']"
366,Mar,9,10:43:14,Client03,kernel,[    2.302698] ata1: PATA max UDMA/33 cmd 0x1f0 ctl 0x3f6 bmdma 0xffa0 irq 14,fa004d8c,[ <*>.<*>] <*> PATA max UDMA/<*> cmd <*> ctl <*> bmdma <*> irq <*>,"['2.302698', 'ata1:', '33', '0x1f0', '0x3f6', '0xffa0', '14']"
367,Mar,9,10:43:14,Client03,kernel,[    2.302851] scsi 0:0:0:0: Direct-Access     Msft     Virtual Disk     1.0  PQ: 0 ANSI: 5,4920f446,[ <*>.<*>] scsi <*>:<*>:<*>:<*>: <*> Msft Virtual <*> <*>.<*> PQ: <*> ANSI: <*>,"['2.302851', '0', '0:0:0', 'Direct-Access', 'Disk     1', '0', '0', '5']"
368,Mar,9,10:43:14,Client03,kernel,[    2.308641] ata2: PATA max UDMA/33 cmd 0x170 ctl 0x376 bmdma 0xffa8 irq 15,fa004d8c,[ <*>.<*>] <*> PATA max UDMA/<*> cmd <*> ctl <*> bmdma <*> irq <*>,"['2.308641', 'ata2:', '33', '0x170', '0x376', '0xffa8', '15']"
369,Mar,9,10:43:14,Client03,kernel,[    2.308840] libphy: Fixed MDIO Bus: probed,557f1a34,[ <*>.<*>] libphy: Fixed MDIO Bus: probed,['2.308840']
370,Mar,9,10:43:14,Client03,kernel,[    2.315413] sd 0:0:0:0: Attached scsi generic sg0 type 0,7fc4e243,[ <*>.<*>] <*> <*>:<*>:<*>:<*>: Attached scsi generic <*> type <*>,"['2.315413', 'sd 0', '0', '0:0', 'sg0', '0']"
371,Mar,9,10:43:14,Client03,kernel,"[    2.331839] tun: Universal TUN/TAP device driver, 1.6",0a220e22,"[ <*>.<*>] tun: Universal TUN/TAP device driver, <*>.<*>","['2.331839', '1.6']"
372,Mar,9,10:43:14,Client03,kernel,[    2.344269] sd 0:0:0:0: [sda] 62916608 512-byte logical blocks: (32.2 GB/30.0 GiB),9f727691,[ <*>.<*>] sd <*>:<*>:<*>:<*>: <*> <*> <*>-byte logical blocks: (<*>.<*> GB/<*>.<*> GiB),"['2.344269', '0', '0:0:0', '[sda]', '62916608 512', '32.2', '30.0']"
373,Mar,9,10:43:14,Client03,kernel,[    2.350607] PPP generic driver version 2.4.2,0946490e,[ <*>.<*>] PPP generic driver version <*>.<*>.<*>,"['2.350607', '2', '4.2']"
374,Mar,9,10:43:14,Client03,kernel,[    2.351478] sd 0:0:0:0: [sda] 4096-byte physical blocks,bbce10d5,[ <*>.<*>] sd <*>:<*>:<*>:<*>: <*> <*> <*> <*>,"['2.351478', '0', '0:0:0', '[sda]', '4096-byte physical blocks']"
375,Mar,9,10:43:14,Client03,kernel,"[    2.358625] i8042: PNP: PS/2 Controller [PNP0303:PS2K,PNP0f03:PS2M] at 0x60,0x64 irq 1,12",4ef74bfa,"[ <*>.<*>] i8042: PNP: PS/<*> Controller [PNP0303:PS2K,PNP0f03:PS2M] at 0x60,0x64 irq <*>,<*>","['2.358625', '2', '1,12']"
376,Mar,9,10:43:14,Client03,kernel,[    2.361986] sd 0:0:0:0: [sda] Write Protect is off,10c5c754,[ <*>.<*>] sd <*>:<*>:<*>:<*>: <*> Write Protect is off,"['2.361986', '0', '0:0:0', '[sda]']"
377,Mar,9,10:43:14,Client03,kernel,"[    2.372039] serio: i8042 KBD port at 0x60,0x64 irq 1",82ad81cc,"[ <*>.<*>] serio: i8042 <*> port at 0x60,0x64 irq <*>","['2.372039', 'KBD', '1']"
378,Mar,9,10:43:14,Client03,kernel,[    2.373059] sd 0:0:0:0: [sda] Mode Sense: 0f 00 10 00,735161ce,[ <*>.<*>] sd <*>:<*>:<*>:<*>: <*> Mode Sense: 0f <*> <*> <*>,"['2.373059', '0', '0:0:0', '[sda]', '00', '10 00']"
379,Mar,9,10:43:14,Client03,kernel,"[    2.376822] serio: i8042 AUX port at 0x60,0x64 irq 12",82ad81cc,"[ <*>.<*>] serio: i8042 <*> port at 0x60,0x64 irq <*>","['2.376822', 'AUX', '12']"
380,Mar,9,10:43:14,Client03,kernel,"[    2.380953] sd 0:0:0:0: [sda] Write cache: enabled, read cache: enabled, supports DPO and FUA",ffdecc77,"[ <*>.<*>] sd <*>:<*>:<*>:<*>: <*> Write cache: <*> read cache: enabled, supports DPO and FUA","['2.380953', '0', '0:0:0', '[sda]', 'enabled,']"
381,Mar,9,10:43:14,Client03,kernel,[    2.384950] mousedev: PS/2 mouse device common for all mice,dbaeb175,[ <*>.<*>] mousedev: PS/<*> mouse device common for all mice,"['2.384950', '2']"
382,Mar,9,10:43:14,Client03,kernel,[    2.395910] rtc_cmos 00:00: RTC can wake from S4,516bbbf1,[ <*>.<*>] rtc_cmos <*>:<*>: RTC can wake from S<*>,"['2.395910', '00:00', '4']"
383,Mar,9,10:43:14,Client03,kernel,[    2.398276] scsi host3: storvsc_host_t,9ebf0a1a,[ <*>.<*>] scsi <*> <*>,"['2.398276', 'host3: storvsc_host_t']"
384,Mar,9,10:43:14,Client03,kernel,[    2.424601] scsi 3:0:1:0: Direct-Access     Msft     Virtual Disk     1.0  PQ: 0 ANSI: 5,4920f446,[ <*>.<*>] scsi <*>:<*>:<*>:<*>: <*> Msft Virtual <*> <*>.<*> PQ: <*> ANSI: <*>,"['2.424601', '3', '0:1:0', 'Direct-Access', 'Disk     1', '0', '0', '5']"
385,Mar,9,10:43:14,Client03,kernel,[    2.431290] rtc_cmos 00:00: registered as rtc0,fcfaf745,[ <*>.<*>] rtc_cmos <*>:<*>: registered as rtc<*>,"['2.431290', '00:00', '0']"
386,Mar,9,10:43:14,Client03,kernel,[    2.431884] sd 3:0:1:0: Attached scsi generic sg1 type 0,7fc4e243,[ <*>.<*>] <*> <*>:<*>:<*>:<*>: Attached scsi generic <*> type <*>,"['2.431884', 'sd 3', '0', '1:0', 'sg1', '0']"
387,Mar,9,10:43:14,Client03,kernel,"[    2.435186] rtc_cmos 00:00: alarms up to one month, 114 bytes nvram",139c403f,"[ <*>.<*>] rtc_cmos <*>:<*>: alarms up to one month, <*> bytes nvram","['2.435186', '00:00', '114']"
388,Mar,9,10:43:14,Client03,kernel,[    2.442727] sd 3:0:1:0: [sdb] 33554432 512-byte logical blocks: (17.2 GB/16.0 GiB),9f727691,[ <*>.<*>] sd <*>:<*>:<*>:<*>: <*> <*> <*>-byte logical blocks: (<*>.<*> GB/<*>.<*> GiB),"['2.442727', '3', '0:1:0', '[sdb]', '33554432 512', '17.2', '16.0']"
389,Mar,9,10:43:14,Client03,kernel,[    2.446440] device-mapper: uevent: version 1.0.3,d9a4db27,[ <*>.<*>] <*> <*> <*> <*>.<*>.<*>,"['2.446440', 'device-mapper:', 'uevent: version 1', '0.3']"
390,Mar,9,10:43:14,Client03,kernel,[    2.451694] sd 3:0:1:0: [sdb] 4096-byte physical blocks,bbce10d5,[ <*>.<*>] sd <*>:<*>:<*>:<*>: <*> <*> <*> <*>,"['2.451694', '3', '0:1:0', '[sdb]', '4096-byte physical blocks']"
391,Mar,9,10:43:14,Client03,kernel,[    2.455748] device-mapper: ioctl: 4.39.0-ioctl (2018-04-03) initialised: dm-devel@redhat.com,5bb267ad,[ <*>.<*>] device-mapper: ioctl: <*>.<*>.<*>-ioctl (<*>-<*>-<*>) initialised: dm-devel@redhat.com,"['2.455748', '4', '39.0', '2018', '04-03']"
392,Mar,9,10:43:14,Client03,kernel,[    2.460022] sd 3:0:1:0: [sdb] Write Protect is off,10c5c754,[ <*>.<*>] sd <*>:<*>:<*>:<*>: <*> Write Protect is off,"['2.460022', '3', '0:1:0', '[sdb]']"
393,Mar,9,10:43:14,Client03,kernel,[    2.471738] platform eisa.0: Probing EISA bus 0,2de64ea0,[ <*>.<*>] platform eisa.<*>: <*> <*> <*> <*>,"['2.471738', '0', 'Probing', 'EISA bus 0']"
394,Mar,9,10:43:14,Client03,kernel,[    2.476616] sd 3:0:1:0: [sdb] Mode Sense: 0f 00 10 00,735161ce,[ <*>.<*>] sd <*>:<*>:<*>:<*>: <*> Mode Sense: 0f <*> <*> <*>,"['2.476616', '3', '0:1:0', '[sdb]', '00', '10 00']"
395,Mar,9,10:43:14,Client03,kernel,[    2.480515] GPT:Primary header thinks Alt. header is not at the end of the disk.,b398e527,[ <*>.<*>] GPT:Primary header thinks Alt. header is not at the end of the disk.,['2.480515']
396,Mar,9,10:43:14,Client03,kernel,[    2.480800] scsi host4: storvsc_host_t,9ebf0a1a,[ <*>.<*>] scsi <*> <*>,"['2.480800', 'host4: storvsc_host_t']"
397,Mar,9,10:43:14,Client03,kernel,[    2.486305] GPT:4612095 != 62916607,8a328cfc,[ <*>.<*>] GPT:<*> != <*>,"['2.486305', '4612095', '62916607']"
398,Mar,9,10:43:14,Client03,kernel,"[    2.502629] sd 3:0:1:0: [sdb] Write cache: disabled, read cache: enabled, supports DPO and FUA",ffdecc77,"[ <*>.<*>] sd <*>:<*>:<*>:<*>: <*> Write cache: <*> read cache: enabled, supports DPO and FUA","['2.502629', '3', '0:1:0', '[sdb]', 'disabled,']"
399,Mar,9,10:43:14,Client03,kernel,[    2.506752] GPT:Alternate GPT header not at the end of the disk.,4bac58cc,[ <*>.<*>] GPT:Alternate GPT header not at the end of the disk.,['2.506752']
400,Mar,9,10:43:14,Client03,kernel,[    2.520873] GPT:4612095 != 62916607,8a328cfc,[ <*>.<*>] GPT:<*> != <*>,"['2.520873', '4612095', '62916607']"
401,Mar,9,10:43:14,Client03,kernel,[    2.524434] GPT: Use GNU Parted to correct GPT errors.,dd89679f,[ <*>.<*>] GPT: Use GNU Parted to correct GPT errors.,['2.524434']
402,Mar,9,10:43:14,Client03,kernel,[    2.528800]  sda: sda1 sda14 sda15,909da0e6,[ <*>.<*>] sda: sda1 sda14 sda<*>,"['2.528800', '15']"
403,Mar,9,10:43:14,Client03,kernel,[    2.537973] platform eisa.0: EISA: Cannot allocate resource for mainboard,be358a3d,[ <*>.<*>] platform eisa.<*>: EISA: Cannot allocate resource for mainboard,"['2.537973', '0']"
404,Mar,9,10:43:14,Client03,kernel,[    2.544675] platform eisa.0: Cannot allocate resource for EISA slot 1,0ad8dabf,[ <*>.<*>] platform eisa.<*>: Cannot allocate resource for EISA slot <*>,"['2.544675', '0', '1']"
405,Mar,9,10:43:14,Client03,kernel,[    2.550112] platform eisa.0: Cannot allocate resource for EISA slot 2,0ad8dabf,[ <*>.<*>] platform eisa.<*>: Cannot allocate resource for EISA slot <*>,"['2.550112', '0', '2']"
406,Mar,9,10:43:14,Client03,kernel,[    2.556184] platform eisa.0: Cannot allocate resource for EISA slot 3,0ad8dabf,[ <*>.<*>] platform eisa.<*>: Cannot allocate resource for EISA slot <*>,"['2.556184', '0', '3']"
407,Mar,9,10:43:14,Client03,kernel,[    2.562348] platform eisa.0: Cannot allocate resource for EISA slot 4,0ad8dabf,[ <*>.<*>] platform eisa.<*>: Cannot allocate resource for EISA slot <*>,"['2.562348', '0', '4']"
408,Mar,9,10:43:14,Client03,kernel,[    2.568254] platform eisa.0: Cannot allocate resource for EISA slot 5,0ad8dabf,[ <*>.<*>] platform eisa.<*>: Cannot allocate resource for EISA slot <*>,"['2.568254', '0', '5']"
409,Mar,9,10:43:14,Client03,kernel,[    2.573865] platform eisa.0: Cannot allocate resource for EISA slot 6,0ad8dabf,[ <*>.<*>] platform eisa.<*>: Cannot allocate resource for EISA slot <*>,"['2.573865', '0', '6']"
410,Mar,9,10:43:14,Client03,kernel,[    2.578885] platform eisa.0: Cannot allocate resource for EISA slot 7,0ad8dabf,[ <*>.<*>] platform eisa.<*>: Cannot allocate resource for EISA slot <*>,"['2.578885', '0', '7']"
411,Mar,9,10:43:14,Client03,kernel,[    2.584164] platform eisa.0: Cannot allocate resource for EISA slot 8,0ad8dabf,[ <*>.<*>] platform eisa.<*>: Cannot allocate resource for EISA slot <*>,"['2.584164', '0', '8']"
412,Mar,9,10:43:14,Client03,kernel,[    2.589703] platform eisa.0: EISA: Detected 0 cards,2de64ea0,[ <*>.<*>] platform eisa.<*>: <*> <*> <*> <*>,"['2.589703', '0', 'EISA:', 'Detected 0 cards']"
413,Mar,9,10:43:14,Client03,kernel,[    2.596612] NET: Registered protocol family 10,87d471e6,[ <*>.<*>] NET: Registered protocol family <*>,"['2.596612', '10']"
414,Mar,9,10:43:14,Client03,kernel,[    2.601619] sd 0:0:0:0: [sda] Attached SCSI disk,bbce10d5,[ <*>.<*>] sd <*>:<*>:<*>:<*>: <*> <*> <*> <*>,"['2.601619', '0', '0:0:0', '[sda]', 'Attached SCSI disk']"
415,Mar,9,10:43:14,Client03,kernel,[    2.613906] Segment Routing with IPv6,26c4f486,[ <*>.<*>] Segment Routing with IPv<*>,"['2.613906', '6']"
416,Mar,9,10:43:14,Client03,kernel,[    2.617528] NET: Registered protocol family 17,87d471e6,[ <*>.<*>] NET: Registered protocol family <*>,"['2.617528', '17']"
417,Mar,9,10:43:14,Client03,kernel,[    2.621788] Key type dns_resolver registered,dbd17d1c,[ <*>.<*>] <*> <*> <*> registered,"['2.621788', 'Key', 'type dns_resolver']"
418,Mar,9,10:43:14,Client03,kernel,[    2.632336] scsi host5: storvsc_host_t,9ebf0a1a,[ <*>.<*>] scsi <*> <*>,"['2.632336', 'host5: storvsc_host_t']"
419,Mar,9,10:43:14,Client03,kernel,[    2.698236] mce: Using 1 MCE banks,48176c35,[ <*>.<*>] mce: Using <*> MCE banks,"['2.698236', '1']"
420,Mar,9,10:43:14,Client03,kernel,[    2.698827] input: AT Translated Set 2 keyboard as /devices/platform/i8042/serio0/input/input1,d15b796b,[ <*>.<*>] input: AT Translated Set <*> keyboard as <*>,"['2.698827', '2', '/devices/platform/i8042/serio0/input/input1']"
421,Mar,9,10:43:14,Client03,kernel,[    2.704844] RAS: Correctable Errors collector initialized.,329258f5,[ <*>.<*>] RAS: Correctable Errors collector initialized.,['2.704844']
422,Mar,9,10:43:14,Client03,kernel,"[    2.710079] ata1.01: host indicates ignore ATA devices, ignored",eaf7c3db,"[ <*>.<*>] ata1.<*>: host indicates ignore ATA devices, ignored","['2.710079', '01']"
423,Mar,9,10:43:14,Client03,kernel,[    2.718237] registered taskstats version 1,48f9cb4d,[ <*>.<*>] <*> <*> version <*>,"['2.718237', 'registered taskstats', '1']"
424,Mar,9,10:43:14,Client03,kernel,[    2.721551] Loading compiled-in X.509 certificates,9a257afa,[ <*>.<*>] Loading compiled-in X.<*> certificates,"['2.721551', '509']"
425,Mar,9,10:43:14,Client03,kernel,[    2.734658] Loaded X.509 cert 'Build time autogenerated kernel key: 9c13c25bb46bb08aadac8fd6055952f30e111a90',e0570adb,[ <*>.<*>] Loaded X.<*> cert 'Build time autogenerated kernel key: 9c13c25bb46bb08aadac8fd6055952f30e111a90',"['2.734658', '509']"
426,Mar,9,10:43:14,Client03,kernel,[    2.748317] zswap: loaded using pool lzo/zbud,18f18ee6,[ <*>.<*>] zswap: loaded using pool lzo/zbud,['2.748317']
427,Mar,9,10:43:14,Client03,kernel,[    2.772554] ata2.01: NODEV after polling detection,31169089,[ <*>.<*>] ata2.<*>: NODEV after polling detection,"['2.772554', '01']"
428,Mar,9,10:43:14,Client03,kernel,"[    2.864379] ata1.00: host indicates ignore ATA devices, ignored",eaf7c3db,"[ <*>.<*>] ata1.<*>: host indicates ignore ATA devices, ignored","['2.864379', '00']"
429,Mar,9,10:43:14,Client03,kernel,"[    2.865128] ata2.00: ATAPI: Virtual CD, , max MWDMA2",32444bcd,"[ <*>.<*>] ata2.<*>: ATAPI: Virtual CD, , max MWDMA<*>","['2.865128', '00', '2']"
430,Mar,9,10:43:14,Client03,kernel,[    2.873242] Key type big_key registered,dbd17d1c,[ <*>.<*>] <*> <*> <*> registered,"['2.873242', 'Key', 'type big_key']"
431,Mar,9,10:43:14,Client03,kernel,[    2.875636]  sdb: sdb1,936b8562,[ <*>.<*>] <*> <*>,"['2.875636', 'sdb: sdb1']"
432,Mar,9,10:43:14,Client03,kernel,[    2.879779] Key type trusted registered,dbd17d1c,[ <*>.<*>] <*> <*> <*> registered,"['2.879779', 'Key', 'type trusted']"
433,Mar,9,10:43:14,Client03,kernel,[    2.880840] scsi: waiting for bus probes to complete ...,87f8c292,[ <*>.<*>] scsi: waiting for bus probes to complete ...,['2.880840']
434,Mar,9,10:43:14,Client03,kernel,[    2.890854] Key type encrypted registered,dbd17d1c,[ <*>.<*>] <*> <*> <*> registered,"['2.890854', 'Key', 'type encrypted']"
435,Mar,9,10:43:14,Client03,kernel,[    2.891699] sd 3:0:1:0: [sdb] Attached SCSI disk,bbce10d5,[ <*>.<*>] sd <*>:<*>:<*>:<*>: <*> <*> <*> <*>,"['2.891699', '3', '0:1:0', '[sdb]', 'Attached SCSI disk']"
436,Mar,9,10:43:14,Client03,kernel,[    2.894383] AppArmor: AppArmor sha1 policy hashing enabled,c9165bad,[ <*>.<*>] AppArmor: AppArmor sha1 policy hashing enabled,['2.894383']
437,Mar,9,10:43:14,Client03,kernel,"[    2.906116] ima: No TPM chip found, activating TPM-bypass!",d7543f09,"[ <*>.<*>] ima: No TPM chip found, activating TPM-bypass!",['2.906116']
438,Mar,9,10:43:14,Client03,kernel,[    2.911290] ima: Allocated hash algorithm: sha1,7adc29a9,[ <*>.<*>] ima: Allocated hash algorithm: sha<*>,"['2.911290', '1']"
439,Mar,9,10:43:14,Client03,kernel,[    2.915549] No architecture policies found,98199832,[ <*>.<*>] No architecture policies found,['2.915549']
440,Mar,9,10:43:14,Client03,kernel,[    2.915555] scsi 2:0:0:0: CD-ROM            Msft     Virtual CD/ROM   1.0  PQ: 0 ANSI: 5,4920f446,[ <*>.<*>] scsi <*>:<*>:<*>:<*>: <*> Msft Virtual <*> <*>.<*> PQ: <*> ANSI: <*>,"['2.915555', '2', '0:0:0', 'CD-ROM', 'CD/ROM   1', '0', '0', '5']"
441,Mar,9,10:43:14,Client03,kernel,[    2.920223] evm: Initialising EVM extended attributes:,d0626d7a,[ <*>.<*>] evm: Initialising EVM extended attributes:,['2.920223']
442,Mar,9,10:43:14,Client03,kernel,[    2.920224] evm: security.selinux,936b8562,[ <*>.<*>] <*> <*>,"['2.920224', 'evm: security.selinux']"
443,Mar,9,10:43:14,Client03,kernel,[    2.920225] evm: security.SMACK64,936b8562,[ <*>.<*>] <*> <*>,"['2.920225', 'evm: security.SMACK64']"
444,Mar,9,10:43:14,Client03,kernel,[    2.920226] evm: security.SMACK64EXEC,936b8562,[ <*>.<*>] <*> <*>,"['2.920226', 'evm: security.SMACK64EXEC']"
445,Mar,9,10:43:14,Client03,kernel,[    2.920226] evm: security.SMACK64TRANSMUTE,936b8562,[ <*>.<*>] <*> <*>,"['2.920226', 'evm: security.SMACK64TRANSMUTE']"
446,Mar,9,10:43:14,Client03,kernel,[    2.920227] evm: security.SMACK64MMAP,936b8562,[ <*>.<*>] <*> <*>,"['2.920227', 'evm: security.SMACK64MMAP']"
447,Mar,9,10:43:14,Client03,kernel,[    2.920227] evm: security.apparmor,936b8562,[ <*>.<*>] <*> <*>,"['2.920227', 'evm: security.apparmor']"
448,Mar,9,10:43:14,Client03,kernel,[    2.920228] evm: security.ima,936b8562,[ <*>.<*>] <*> <*>,"['2.920228', 'evm: security.ima']"
449,Mar,9,10:43:14,Client03,kernel,[    2.920228] evm: security.capability,936b8562,[ <*>.<*>] <*> <*>,"['2.920228', 'evm: security.capability']"
450,Mar,9,10:43:14,Client03,kernel,[    2.920230] evm: HMAC attrs: 0x1,b86827a7,[ <*>.<*>] evm: HMAC attrs: 0x<*>,"['2.920230', '1']"
451,Mar,9,10:43:14,Client03,kernel,[    2.939009] sr 2:0:0:0: [sr0] scsi3-mmc drive: 0x/0x tray,859df3b2,[ <*>.<*>] sr <*>:<*>:<*>:<*>: [sr0] scsi3-mmc drive: 0x/0x tray,"['2.939009', '2', '0:0:0']"
452,Mar,9,10:43:14,Client03,kernel,[    2.943411]   Magic number: 12:847:678,7eec6703,[ <*>.<*>] Magic number: <*>:<*>:<*>,"['2.943411', '12', '847:678']"
453,Mar,9,10:43:14,Client03,kernel,[    2.945831] cdrom: Uniform CD-ROM driver Revision: 3.20,3c032de4,[ <*>.<*>] cdrom: Uniform CD-ROM driver Revision: <*>.<*>,"['2.945831', '3.20']"
454,Mar,9,10:43:14,Client03,kernel,[    2.952558] acpi LNXCPU:23: hash matches,9f29b756,[ <*>.<*>] <*> <*> hash matches,"['2.952558', 'acpi LNXCPU:23:']"
455,Mar,9,10:43:14,Client03,kernel,[    2.983190] sr 2:0:0:0: Attached scsi CD-ROM sr0,74c6e44a,[ <*>.<*>] sr <*>:<*>:<*>:<*>: Attached scsi CD-ROM sr<*>,"['2.983190', '2', '0:0:0', '0']"
456,Mar,9,10:43:14,Client03,kernel,[    2.983267] sr 2:0:0:0: Attached scsi generic sg2 type 5,7fc4e243,[ <*>.<*>] <*> <*>:<*>:<*>:<*>: Attached scsi generic <*> type <*>,"['2.983267', 'sr 2', '0', '0:0', 'sg2', '5']"
457,Mar,9,10:43:14,Client03,kernel,[    2.994992] rtc_cmos 00:00: setting system clock to 2020-03-09T10:40:40 UTC (1583750440),841f29af,[ <*>.<*>] rtc_cmos <*>:<*>: setting system clock to <*> UTC (<*>),"['2.994992', '00:00', '2020-03-09T10:40:40', '1583750440']"
458,Mar,9,10:43:14,Client03,kernel,"[    2.996724] Unstable clock detected, switching default tracing clock to ""global""",efffaa04,"[ <*>.<*>] Unstable clock detected, switching default tracing clock to ""global""",['2.996724']
459,Mar,9,10:43:14,Client03,kernel,"[    2.996724] If you want to keep using the local clock, then add:",50e8f7c1,"[ <*>.<*>] If you want to keep using the local clock, then add:",['2.996724']
460,Mar,9,10:43:14,Client03,kernel,"[    2.996724]   ""trace_clock=local""",4be41c2d,"[ <*>.<*>] ""trace_clock=local""",['2.996724']
461,Mar,9,10:43:14,Client03,kernel,[    2.996724] on the kernel command line,486444a8,[ <*>.<*>] on the kernel command line,['2.996724']
462,Mar,9,10:43:14,Client03,kernel,[    3.017966] Freeing unused decrypted memory: 2040K,b69059a5,[ <*>.<*>] Freeing <*> <*> memory: <*>,"['3.017966', 'unused decrypted', '2040K']"
463,Mar,9,10:43:14,Client03,kernel,[    3.023660] Freeing unused kernel image memory: 2360K,8cde047a,[ <*>.<*>] Freeing unused kernel image memory: <*>,"['3.023660', '2360K']"
464,Mar,9,10:43:14,Client03,kernel,[    3.034304] Write protecting the kernel read-only data: 18432k,19fad870,[ <*>.<*>] Write protecting the kernel read-only data: 18432k,['3.034304']
465,Mar,9,10:43:14,Client03,kernel,[    3.039514] Freeing unused kernel image memory: 2008K,8cde047a,[ <*>.<*>] Freeing unused kernel image memory: <*>,"['3.039514', '2008K']"
466,Mar,9,10:43:14,Client03,kernel,[    3.043623] Freeing unused kernel image memory: 152K,8cde047a,[ <*>.<*>] Freeing unused kernel image memory: <*>,"['3.043623', '152K']"
467,Mar,9,10:43:14,Client03,kernel,"[    3.066991] x86/mm: Checked W+X mappings: passed, no W+X pages found.",0456e59a,"[ <*>.<*>] x86/mm: Checked W+X mappings: passed, no W+X pages found.",['3.066991']
468,Mar,9,10:43:14,Client03,kernel,[    3.071983] x86/mm: Checking user space page tables,03c80a6b,[ <*>.<*>] x86/mm: Checking user space page tables,['3.071983']
469,Mar,9,10:43:14,Client03,kernel,"[    3.086767] x86/mm: Checked W+X mappings: passed, no W+X pages found.",0456e59a,"[ <*>.<*>] x86/mm: Checked W+X mappings: passed, no W+X pages found.",['3.086767']
470,Mar,9,10:43:14,Client03,kernel,[    3.091926] Run /init as init process,40c073a4,[ <*>.<*>] Run /init as init process,['3.091926']
471,Mar,9,10:43:14,Client03,kernel,[    3.246851] hv_vmbus: registering driver hyperv_fb,12bef385,[ <*>.<*>] hv_vmbus: registering driver <*>,"['3.246851', 'hyperv_fb']"
472,Mar,9,10:43:14,Client03,kernel,[    3.259468] hv_vmbus: registering driver hv_netvsc,12bef385,[ <*>.<*>] hv_vmbus: registering driver <*>,"['3.259468', 'hv_netvsc']"
473,Mar,9,10:43:14,Client03,kernel,"[    3.262696] hyperv_fb: Screen resolution: 1152x864, Color depth: 32",e4ecf407,"[ <*>.<*>] hyperv_fb: Screen resolution: 1152x864, Color depth: <*>","['3.262696', '32']"
474,Mar,9,10:43:14,Client03,kernel,[    3.271345] Console: switching to colour frame buffer device 144x54,68ea4992,[ <*>.<*>] Console: switching to colour frame buffer device 144x<*>,"['3.271345', '54']"
475,Mar,9,10:43:14,Client03,kernel,[    3.281017] hv_utils: Registering HyperV Utility Driver,f3d3b6f6,[ <*>.<*>] hv_utils: Registering HyperV Utility Driver,['3.281017']
476,Mar,9,10:43:14,Client03,kernel,[    3.281018] hv_vmbus: registering driver hv_utils,12bef385,[ <*>.<*>] hv_vmbus: registering driver <*>,"['3.281018', 'hv_utils']"
477,Mar,9,10:43:14,Client03,kernel,[    3.281372] hv_utils: Heartbeat IC version 3.0,46912ed2,[ <*>.<*>] hv_utils: <*> IC version <*>.<*>,"['3.281372', 'Heartbeat', '3.0']"
478,Mar,9,10:43:14,Client03,kernel,[    3.292345] hv_utils: Shutdown IC version 3.0,46912ed2,[ <*>.<*>] hv_utils: <*> IC version <*>.<*>,"['3.292345', 'Shutdown', '3.0']"
479,Mar,9,10:43:14,Client03,kernel,[    3.298542] hv_vmbus: registering driver hyperv_keyboard,12bef385,[ <*>.<*>] hv_vmbus: registering driver <*>,"['3.298542', 'hyperv_keyboard']"
480,Mar,9,10:43:14,Client03,kernel,[    3.298740] hv_utils: TimeSync IC version 4.0,46912ed2,[ <*>.<*>] hv_utils: <*> IC version <*>.<*>,"['3.298740', 'TimeSync', '4.0']"
481,Mar,9,10:43:14,Client03,kernel,[    3.318677] hv_utils: VSS IC version 5.0,46912ed2,[ <*>.<*>] hv_utils: <*> IC version <*>.<*>,"['3.318677', 'VSS', '5.0']"
482,Mar,9,10:43:14,Client03,kernel,[    3.321493] input: AT Translated Set 2 keyboard as /devices/LNXSYSTM:00/LNXSYBUS:00/PNP0A03:00/device:07/VMBUS:01/d34b2567-b9b6-42b9-8778-0a4ec0b955bf/serio2/input/input3,d15b796b,[ <*>.<*>] input: AT Translated Set <*> keyboard as <*>,"['3.321493', '2', '/devices/LNXSYSTM:00/LNXSYBUS:00/PNP0A03:00/device:07/VMBUS:01/d34b2567-b9b6-42b9-8778-0a4ec0b955bf/serio2/input/input3']"
483,Mar,9,10:43:14,Client03,kernel,[    3.323127] hidraw: raw HID events driver (C) Jiri Kosina,0b48689c,[ <*>.<*>] hidraw: raw HID events driver (C) Jiri Kosina,['3.323127']
484,Mar,9,10:43:14,Client03,kernel,[    3.359846] hv_vmbus: registering driver hid_hyperv,12bef385,[ <*>.<*>] hv_vmbus: registering driver <*>,"['3.359846', 'hid_hyperv']"
485,Mar,9,10:43:14,Client03,kernel,[    3.377998] input: Microsoft Vmbus HID-compliant Mouse as /devices/0006:045E:0621.0001/input/input4,e5d797dd,[ <*>.<*>] input: Microsoft Vmbus HID-compliant Mouse as /devices/<*>:045E:<*>.<*>/input/input<*>,"['3.377998', '0006', '0621.0001', '4']"
486,Mar,9,10:43:14,Client03,kernel,[    3.387102] hid 0006:045E:0621.0001: input: <UNKNOWN> HID v0.01 Mouse [Microsoft Vmbus HID-compliant Mouse] on,4287df7a,[ <*>.<*>] hid <*>:045E:<*>.<*>: input: <UNKNOWN> HID v0.<*> Mouse [Microsoft Vmbus HID-compliant Mouse] on,"['3.387102', '0006', '0621.0001', '01']"
487,Mar,9,10:43:14,Client03,kernel,[    3.413969] cryptd: max_cpu_qlen set to 1000,b55ab964,[ <*>.<*>] cryptd: max_cpu_qlen set to <*>,"['3.413969', '1000']"
488,Mar,9,10:43:14,Client03,kernel,[    3.454931] AVX2 version of gcm_enc/dec engaged.,652d384b,[ <*>.<*>] AVX2 version of gcm_enc/dec engaged.,['3.454931']
489,Mar,9,10:43:14,Client03,kernel,[    3.457271] AES CTR mode by8 optimization enabled,5efd1941,[ <*>.<*>] AES CTR mode by8 optimization enabled,['3.457271']
490,Mar,9,10:43:14,Client03,kernel,[    5.758265] raid6: avx2x4   gen() 23054 MB/s,7c1956f1,[ <*>.<*>] raid6: <*> <*> <*> MB/s,"['5.758265', 'avx2x4', 'gen() 23054']"
491,Mar,9,10:43:14,Client03,kernel,[    5.806272] raid6: avx2x4   xor() 14696 MB/s,7c1956f1,[ <*>.<*>] raid6: <*> <*> <*> MB/s,"['5.806272', 'avx2x4', 'xor() 14696']"
492,Mar,9,10:43:14,Client03,kernel,[    5.854265] raid6: avx2x2   gen() 20877 MB/s,7c1956f1,[ <*>.<*>] raid6: <*> <*> <*> MB/s,"['5.854265', 'avx2x2', 'gen() 20877']"
493,Mar,9,10:43:14,Client03,kernel,[    5.902272] raid6: avx2x2   xor() 12503 MB/s,7c1956f1,[ <*>.<*>] raid6: <*> <*> <*> MB/s,"['5.902272', 'avx2x2', 'xor() 12503']"
494,Mar,9,10:43:14,Client03,kernel,[    5.950263] raid6: avx2x1   gen() 17248 MB/s,7c1956f1,[ <*>.<*>] raid6: <*> <*> <*> MB/s,"['5.950263', 'avx2x1', 'gen() 17248']"
