LineId,Month,Date,Time,Type,Component,Content,EventId,EventTemplate,ParameterList
1,Mar,9,10:43:14,Client03,keyboard-setup.sh[494],cannot open file /run/tmpkbd.DULnWm,f844a46d,cannot open file /run/tmpkbd.DULnWm,[]
2,Mar,9,10:43:14,Client03,systemd[1],Starting Flush Journal to Persistent Storage...,e1db1317,Starting Flush Journal to Persistent Storage...,[]
3,Mar,9,10:43:14,Client03,systemd[1],Started udev Coldplug all Devices.,2ac0e54c,Started udev Coldplug all Devices.,[]
4,Mar,9,10:43:14,Client03,systemd[1],Started Create Static Device Nodes in /dev.,11aa1702,Started Create Static Device Nodes in /dev.,[]
5,Mar,9,10:43:14,Client03,systemd[1],Starting udev Kernel Device Manager...,22110ed5,Starting udev Kernel Device Manager...,[]
6,Mar,9,10:43:14,Client03,systemd-modules-load[500],Inserted module 'iscsi_tcp',e2d09e15,Inserted module <*>,"[""'iscsi_tcp'""]"
7,Mar,9,10:43:14,Client03,systemd[1],Started Flush Journal to Persistent Storage.,7a4412e1,Started Flush Journal to Persistent Storage.,[]
8,Mar,9,10:43:14,Client03,systemd-modules-load[500],Inserted module 'ib_iser',e2d09e15,Inserted module <*>,"[""'ib_iser'""]"
9,Mar,9,10:43:14,Client03,systemd[1],Started Load Kernel Modules.,f95692bb,Started <*> Kernel <*>,"['Load', 'Modules.']"
10,Mar,9,10:43:14,Client03,systemd[1],Mounting FUSE Control File System...,40de610b,Mounting <*> <*> File System...,['FUSE Control']
11,Mar,9,10:43:14,Client03,systemd[1],Starting Apply Kernel Variables...,96c375ea,Starting Apply Kernel Variables...,[]
12,Mar,9,10:43:14,Client03,systemd[1],Mounting Kernel Configuration File System...,40de610b,Mounting <*> <*> File System...,['Kernel Configuration']
13,Mar,9,10:43:14,Client03,systemd[1],Mounted FUSE Control File System.,737d7ce7,Mounted <*> <*> File System.,['FUSE Control']
14,Mar,9,10:43:14,Client03,systemd[1],Mounted Kernel Configuration File System.,737d7ce7,Mounted <*> <*> File System.,['Kernel Configuration']
15,Mar,9,10:43:14,Client03,systemd[1],Started LVM2 metadata daemon.,162521f7,Started LVM2 metadata daemon.,[]
16,Mar,9,10:43:14,Client03,systemd[1],Started Apply Kernel Variables.,f95692bb,Started <*> Kernel <*>,"['Apply', 'Variables.']"
17,Mar,9,10:43:14,Client03,systemd[1],Started udev Kernel Device Manager.,0964e582,Started udev Kernel Device Manager.,[]
18,Mar,9,10:43:14,Client03,systemd[1],"Started Monitoring of LVM2 mirrors, snapshots etc. using dmeventd or progress polling.",92499399,"Started Monitoring of LVM2 mirrors, snapshots etc. using dmeventd or progress polling.",[]
19,Mar,9,10:43:14,Client03,systemd[1],Found device /dev/ttyS0.,07b8c44b,Found device <*>,['/dev/ttyS0.']
20,Mar,9,10:43:14,Client03,systemd-udevd[548],"link_config: autonegotiation is unset or enabled, the speed and duplex are not writable.",b4c65ba8,"link_config: autonegotiation is unset or enabled, the speed and duplex are not writable.",[]
21,Mar,9,10:43:14,Client03,systemd[1],Listening on Load/Save RF Kill Switch Status /dev/rfkill Watch.,5ca53dd5,Listening on Load/Save RF Kill Switch Status /dev/rfkill Watch.,[]
22,Mar,9,10:43:14,Client03,systemd[1],Found device /sys/devices/virtual/misc/vmbus!hv_kvp.,07b8c44b,Found device <*>,['/sys/devices/virtual/misc/vmbus!hv_kvp.']
23,Mar,9,10:43:14,Client03,systemd-udevd[550],"link_config: autonegotiation is unset or enabled, the speed and duplex are not writable.",b4c65ba8,"link_config: autonegotiation is unset or enabled, the speed and duplex are not writable.",[]
24,Mar,9,10:43:14,Client03,systemd[1],Started Hyper-V KVP Protocol Daemon.,af718609,Started Hyper-V <*> Protocol Daemon.,['KVP']
25,Mar,9,10:43:14,Client03,KVP,KVP starting; pid is:580,5c47e00b,KVP starting; pid is:<*>,['580']
26,Mar,9,10:43:14,Client03,KVP,KVP LIC Version: 3.1,ab48c2c2,KVP LIC Version: <*>.<*>,['3.1']
27,Mar,9,10:43:14,Client03,systemd[1],Started Set the console keyboard layout.,046d6255,Started Set the console keyboard layout.,[]
28,Mar,9,10:43:14,Client03,systemd[1],Started Dispatch Password Requests to Console Directory Watch.,2e7c532c,Started Dispatch Password Requests to Console Directory Watch.,[]
29,Mar,9,10:43:14,Client03,systemd[1],Reached target Local Encrypted Volumes.,34b1ff8d,Reached target Local <*> <*>,['Encrypted Volumes.']
30,Mar,9,10:43:14,Client03,systemd[1],Reached target Local File Systems (Pre).,46c291bc,Reached target <*> File Systems (Pre).,['Local']
31,Mar,9,10:43:14,Client03,systemd[1],Found device Virtual_Disk UEFI.,aba829c1,Found device Virtual_Disk <*>,['UEFI.']
32,Mar,9,10:43:14,Client03,systemd[1],Mounting /boot/efi...,c85290aa,Mounting <*>,['/boot/efi...']
33,Mar,9,10:43:14,Client03,systemd[1],Mounted /boot/efi.,43d9f872,Mounted <*>,['/boot/efi.']
34,Mar,9,10:43:14,Client03,systemd[1],Reached target Local File Systems.,34b1ff8d,Reached target Local <*> <*>,['File Systems.']
35,Mar,9,10:43:14,Client03,systemd[1],Starting Tell Plymouth To Write Out Runtime Data...,0ef14e86,Starting Tell Plymouth To Write Out Runtime Data...,[]
36,Mar,9,10:43:14,Client03,systemd[1],Starting ebtables ruleset management...,cf714a33,Starting ebtables ruleset management...,[]
37,Mar,9,10:43:14,Client03,systemd[1],Starting Commit a transient machine-id on disk...,46a50284,Starting Commit a transient machine-id on disk...,[]
38,Mar,9,10:43:14,Client03,systemd[1],Starting Set console font and keymap...,5be8af45,Starting Set console font and keymap...,[]
39,Mar,9,10:43:14,Client03,systemd[1],Starting AppArmor initialization...,c28ff93c,Starting AppArmor initialization...,[]
40,Mar,9,10:43:14,Client03,systemd[1],Starting Create Volatile Files and Directories...,553b6ace,Starting Create Volatile Files and Directories...,[]
41,Mar,9,10:43:14,Client03,systemd[1],Started Set console font and keymap.,789c1938,Started Set console font and keymap.,[]
42,Mar,9,10:43:14,Client03,systemd[1],Started Tell Plymouth To Write Out Runtime Data.,6c9f2ba4,Started Tell Plymouth To Write Out Runtime Data.,[]
43,Mar,9,10:43:14,Client03,systemd[1],Started Commit a transient machine-id on disk.,e752b074,Started Commit a transient machine-id on disk.,[]
44,Mar,9,10:43:14,Client03,systemd[1],Started Create Volatile Files and Directories.,0dce4002,Started Create Volatile Files and Directories.,[]
45,Mar,9,10:43:14,Client03,systemd[1],Starting Network Time Synchronization...,efe6c9f1,Starting Network <*> <*>,['Time Synchronization...']
46,Mar,9,10:43:14,Client03,systemd[1],Starting Update UTMP about System Boot/Shutdown...,49f78a1f,Starting Update UTMP about System Boot/Shutdown...,[]
47,Mar,9,10:43:14,Client03,systemd[1],Started ebtables ruleset management.,556c2007,Started ebtables ruleset management.,[]
48,Mar,9,10:43:14,Client03,systemd[1],Started Update UTMP about System Boot/Shutdown.,23674c1b,Started Update UTMP about System Boot/Shutdown.,[]
49,Mar,9,10:43:14,Client03,apparmor[747],* Starting AppArmor profiles,5ec4b9d4,* Starting AppArmor profiles,[]
50,Mar,9,10:43:14,Client03,systemd[1],Started Network Time Synchronization.,19632b36,Started Network <*> <*>,['Time Synchronization.']
51,Mar,9,10:43:14,Client03,systemd[1],Reached target System Time Synchronized.,f1929b07,Reached target System Time Synchronized.,[]
52,Mar,9,10:43:14,Client03,apparmor[747],Skipping profile in /etc/apparmor.d/disable: usr.sbin.rsyslogd,48b736f2,Skipping profile in /etc/apparmor.d/disable: <*>,['usr.sbin.rsyslogd']
53,Mar,9,10:43:14,Client03,apparmor[747],...done.,5917eca7,...done.,[]
54,Mar,9,10:43:14,Client03,systemd[1],Started AppArmor initialization.,0996564c,Started AppArmor initialization.,[]
55,Mar,9,10:43:14,Client03,systemd[1],Starting Initial cloud-init job (pre-networking)...,e78729f5,Starting Initial cloud-init job (pre-networking)...,[]
56,Mar,9,10:43:14,Client03,sh[859],+ [ -e /var/lib/cloud/instance/obj.pkl ],70e76c7a,+ [ -e /var/lib/cloud/instance/obj.pkl ],[]
57,Mar,9,10:43:14,Client03,sh[859],+ exit 0,c5c10621,+ exit <*>,['0']
58,Mar,9,10:43:14,Client03,dhclient[924],Internet Systems Consortium DHCP Client 4.3.5,06949766,Internet Systems Consortium DHCP Client <*>.<*>.<*>,"['4', '3.5']"
59,Mar,9,10:43:14,Client03,dhclient[924],Copyright 2004-2016 Internet Systems Consortium.,bc90b480,Copyright <*>-<*> Internet Systems Consortium.,['2004-2016']
60,Mar,9,10:43:14,Client03,dhclient[924],All rights reserved.,1efc109b,All rights reserved.,[]
61,Mar,9,10:43:14,Client03,dhclient[924],"For info, please visit https://www.isc.org/software/dhcp/",137389d4,"For info, please visit https://www.isc.org/software/dhcp/",[]
62,Mar,9,10:43:14,Client03,dhclient[924],Listening on LPF/eth0/00:0d:3a:20:d5:af,30801e1f,Listening on LPF/eth0/<*>:0d:3a:<*>:d5:af,"['00', '20']"
63,Mar,9,10:43:14,Client03,dhclient[924],Sending on   LPF/eth0/00:0d:3a:20:d5:af,bbadc51a,Sending on <*>,['LPF/eth0/00:0d:3a:20:d5:af']
64,Mar,9,10:43:14,Client03,dhclient[924],Sending on   Socket/fallback,bbadc51a,Sending on <*>,['Socket/fallback']
65,Mar,9,10:43:14,Client03,dhclient[924],DHCPDISCOVER on eth0 to 255.255.255.255 port 67 interval 3 (xid=0x6063c703),8692bb20,DHCPDISCOVER on eth0 to <*> port <*> interval <*> <*>,"['255.255.255.255', '67', '3 (xid=0x6063c703)']"
66,Mar,9,10:43:14,Client03,dhclient[924],DHCPREQUEST of 10.0.0.4 on eth0 to 255.255.255.255 port 67 (xid=0x3c76360),11199ca5,DHCPREQUEST of <*> on eth0 to <*> port <*> <*>,"['10.0.0.4', '255.255.255.255', '67 (xid=0x3c76360)']"
67,Mar,9,10:43:14,Client03,dhclient[924],DHCPOFFER of 10.0.0.4 from 168.63.129.16,82041fd7,DHCPOFFER of <*> from <*>,"['10.0.0.4', '168.63.129.16']"
68,Mar,9,10:43:14,Client03,dhclient[924],DHCPACK of 10.0.0.4 from 168.63.129.16,151a0778,DHCPACK of <*> from <*>,"['10.0.0.4', '168.63.129.16']"
69,Mar,9,10:43:14,Client03,dhclient[924],bound to 10.0.0.4 -- renewal in 4294967295 seconds.,032e2c6f,bound to <*> -- renewal in <*> seconds.,"['10.0.0.4', '4294967295']"
70,Mar,9,10:43:14,Client03,dhclient[951],Internet Systems Consortium DHCP Client 4.3.5,06949766,Internet Systems Consortium DHCP Client <*>.<*>.<*>,"['4', '3.5']"
71,Mar,9,10:43:14,Client03,dhclient[951],Copyright 2004-2016 Internet Systems Consortium.,bc90b480,Copyright <*>-<*> Internet Systems Consortium.,['2004-2016']
72,Mar,9,10:43:14,Client03,dhclient[951],All rights reserved.,1efc109b,All rights reserved.,[]
73,Mar,9,10:43:14,Client03,dhclient[951],"For info, please visit https://www.isc.org/software/dhcp/",137389d4,"For info, please visit https://www.isc.org/software/dhcp/",[]
74,Mar,9,10:43:14,Client03,dhclient[951],Listening on LPF/eth0/00:0d:3a:20:d5:af,30801e1f,Listening on LPF/eth0/<*>:0d:3a:<*>:d5:af,"['00', '20']"
75,Mar,9,10:43:14,Client03,dhclient[951],Sending on   LPF/eth0/00:0d:3a:20:d5:af,bbadc51a,Sending on <*>,['LPF/eth0/00:0d:3a:20:d5:af']
76,Mar,9,10:43:14,Client03,dhclient[951],Sending on   Socket/fallback,bbadc51a,Sending on <*>,['Socket/fallback']
77,Mar,9,10:43:14,Client03,dhclient[951],DHCPDISCOVER on eth0 to 255.255.255.255 port 67 interval 3 (xid=0x47e97c19),8692bb20,DHCPDISCOVER on eth0 to <*> port <*> interval <*> <*>,"['255.255.255.255', '67', '3 (xid=0x47e97c19)']"
78,Mar,9,10:43:14,Client03,dhclient[951],DHCPREQUEST of 10.0.0.9 on eth0 to 255.255.255.255 port 67 (xid=0x197ce947),11199ca5,DHCPREQUEST of <*> on eth0 to <*> port <*> <*>,"['10.0.0.9', '255.255.255.255', '67 (xid=0x197ce947)']"
79,Mar,9,10:43:14,Client03,dhclient[951],DHCPOFFER of 10.0.0.9 from 168.63.129.16,82041fd7,DHCPOFFER of <*> from <*>,"['10.0.0.9', '168.63.129.16']"
80,Mar,9,10:43:14,Client03,dhclient[951],DHCPACK of 10.0.0.9 from 168.63.129.16,151a0778,DHCPACK of <*> from <*>,"['10.0.0.9', '168.63.129.16']"
81,Mar,9,10:43:14,Client03,dhclient[951],bound to 10.0.0.9 -- renewal in 4294967295 seconds.,032e2c6f,bound to <*> -- renewal in <*> seconds.,"['10.0.0.9', '4294967295']"
82,Mar,9,10:43:14,Client03,cloud-init[868],"Cloud-init v. 19.4-33-gbb4131a2-0ubuntu1~18.04.1 running 'init-local' at Mon, 09 Mar 2020 10:41:03 +0000. Up 24.49 seconds.",9719122c,Cloud-init v. <*>.<*>-<*>-gbb4131a2-0ubuntu1~<*>.<*>.<*> running <*> at <*> <*> Mar <*> <*>:<*>:<*> <*>. Up <*>.<*> seconds.,"['19.4', '33', '18', '04.1', ""'init-local'"", 'Mon, 09', '2020 10', '41:03', '+0000', '24.49']"
83,Mar,9,10:43:14,Client03,systemd[1],Started Initial cloud-init job (pre-networking).,4d107eed,Started Initial cloud-init job (pre-networking).,[]
84,Mar,9,10:43:14,Client03,systemd[1],Reached target Network (Pre).,3f508636,Reached target <*> <*>,['Network (Pre).']
85,Mar,9,10:43:14,Client03,systemd[1],Starting Network Service...,2e322db0,Starting <*> Service...,['Network']
86,Mar,9,10:43:14,Client03,systemd-networkd[979],Enumeration completed,d7e5ae8a,Enumeration completed,[]
87,Mar,9,10:43:14,Client03,systemd[1],Started Network Service.,251593e6,Started <*> Service.,['Network']
88,Mar,9,10:43:14,Client03,systemd[1],Starting Network Name Resolution...,efe6c9f1,Starting Network <*> <*>,['Name Resolution...']
89,Mar,9,10:43:14,Client03,systemd-networkd[979],eth0: Link UP,f4377478,eth0: Link <*>,['UP']
90,Mar,9,10:43:14,Client03,systemd-networkd[979],eth0: Gained carrier,85e5c000,eth0: Gained <*>,['carrier']
91,Mar,9,10:43:14,Client03,systemd-networkd[979],eth0: Gained IPv6LL,85e5c000,eth0: Gained <*>,['IPv6LL']
92,Mar,9,10:43:14,Client03,systemd-networkd[979],eth0: Lost carrier,1968e964,eth0: Lost carrier,[]
93,Mar,9,10:43:14,Client03,systemd-networkd[979],eth0: Gained carrier,85e5c000,eth0: Gained <*>,['carrier']
94,Mar,9,10:43:14,Client03,systemd-timesyncd[801],"Network configuration changed, trying to establish connection.",d4606850,"Network configuration changed, trying to establish connection.",[]
95,Mar,9,10:43:14,Client03,systemd-networkd[979],eth0: Link DOWN,f4377478,eth0: Link <*>,['DOWN']
96,Mar,9,10:43:14,Client03,systemd-networkd[979],eth0: Lost carrier,1968e964,eth0: Lost carrier,[]
97,Mar,9,10:43:14,Client03,systemd-networkd[979],eth0: Link UP,f4377478,eth0: Link <*>,['UP']
98,Mar,9,10:43:14,Client03,systemd-networkd[979],eth0: Gained carrier,85e5c000,eth0: Gained <*>,['carrier']
99,Mar,9,10:43:14,Client03,systemd-networkd[979],eth0: Link DOWN,f4377478,eth0: Link <*>,['DOWN']
100,Mar,9,10:43:14,Client03,systemd-networkd[979],eth0: Lost carrier,1968e964,eth0: Lost carrier,[]
101,Mar,9,10:43:14,Client03,systemd-timesyncd[801],"Network configuration changed, trying to establish connection.",d4606850,"Network configuration changed, trying to establish connection.",[]
102,Mar,9,10:43:14,Client03,systemd-networkd[979],"eth0: Removing non-existent address: fe80::20d:3aff:fe20:d5af/64 (valid forever), ignoring",1a01111f,"eth0: Removing non-existent address: fe80::20d:3aff:fe20:d5af/<*> (valid forever), ignoring",['64']
103,Mar,9,10:43:14,Client03,systemd[1],Starting Wait for Network to be Configured...,29a897b8,Starting Wait for Network to be Configured...,[]
104,Mar,9,10:43:14,Client03,systemd-networkd-wait-online[1021],ignoring: lo,16786b5a,ignoring: lo,[]
105,Mar,9,10:43:14,Client03,systemd-networkd[979],eth0: IPv6 successfully enabled,48f48d37,eth0: IPv6 successfully enabled,[]
106,Mar,9,10:43:14,Client03,systemd-networkd[979],lo: Link is not managed by us,fda80c60,lo: Link is not managed by us,[]
107,Mar,9,10:43:14,Client03,systemd-networkd-wait-online[1021],ignoring: lo,16786b5a,ignoring: lo,[]
108,Mar,9,10:43:14,Client03,systemd-networkd-wait-online[1021],message repeated 3 times: [ ignoring: lo],7fab82ac,message repeated <*> times: [ ignoring: lo],['3']
109,Mar,9,10:43:14,Client03,systemd-networkd[979],eth0: Link UP,f4377478,eth0: Link <*>,['UP']
110,Mar,9,10:43:14,Client03,systemd-networkd[979],eth0: Gained carrier,85e5c000,eth0: Gained <*>,['carrier']
111,Mar,9,10:43:14,Client03,systemd-networkd-wait-online[1021],ignoring: lo,16786b5a,ignoring: lo,[]
112,Mar,9,10:43:14,Client03,systemd-resolved[1008],Positive Trust Anchors:,9d5e0649,Positive Trust Anchors:,[]
113,Mar,9,10:43:14,Client03,systemd-resolved[1008],. IN DS 19036 8 2 49aac11d7b6f6446702e54a1607371607a1a41855200fd2ce1cdde32f24e8fb5,52252e0a,. IN DS <*> <*> <*> 49aac11d7b6f6446702e54a1607371607a1a41855200fd2ce1cdde32f24e8fb<*>,"['19036', '8 2', '5']"
114,Mar,9,10:43:14,Client03,systemd-resolved[1008],. IN DS 20326 8 2 e06d44b80b8f1d39a95c0b0d7c65d08458e880409bbc683457104237c7f8ec8d,feb133fd,. IN DS <*> <*> <*> e06d44b80b8f1d39a95c0b0d7c65d08458e880409bbc683457104237c7f8ec8d,"['20326', '8 2']"
115,Mar,9,10:43:14,Client03,kernel,[    0.000000] Linux version 5.0.0-1032-azure (buildd@lcy01-amd64-016) (gcc version 7.4.0 (Ubuntu 7.4.0-1ubuntu1~18.04.1)) #34-Ubuntu SMP Mon Feb 10 19:37:25 UTC 2020 (Ubuntu 5.0.0-1032.34-azure 5.0.21),be94182a,[ <*>.<*>] Linux version <*>.<*>.<*>-<*>-azure (buildd@lcy01-amd64-<*>) (gcc version <*>.<*>.<*> (Ubuntu <*>.<*>.<*>-1ubuntu1~<*>.<*>.<*>)) #<*>-Ubuntu SMP Mon Feb <*> <*>:<*>:<*> UTC <*> (Ubuntu <*>.<*>.<*>-<*>.<*>-azure <*>.<*>.<*>),"['0.000000', '5', '0.0-1032', '016', '7', '4.0', '7', '4.0', '18', '04.1', '34', '10 19', '37:25', '2020', '5', '0', '0-1032.34', '5', '0.21']"
116,Mar,9,10:43:14,Client03,kernel,[    0.000000] Command line: BOOT_IMAGE=/boot/vmlinuz-5.0.0-1032-azure root=UUID=5604f71e-1e5f-443c-a99e-b82bb5c201df ro console=tty1 console=ttyS0 earlyprintk=ttyS0 rootdelay=300,114429ff,[ <*>.<*>] Command line: BOOT_IMAGE=/boot/vmlinuz-<*>.<*>.<*>-<*>-azure root=UUID=5604f71e-1e5f-443c-a99e-b82bb5c201df ro console=tty1 console=ttyS0 earlyprintk=ttyS0 rootdelay=<*>,"['0.000000', '5', '0.0-1032', '300']"
117,Mar,9,10:43:14,Client03,kernel,[    0.000000] KERNEL supported cpus:,965b1ec6,[ <*>.<*>] KERNEL supported cpus:,['0.000000']
118,Mar,9,10:43:14,Client03,systemd-resolved[1008],Negative trust anchors: 10.in-addr.arpa 16.172.in-addr.arpa 17.172.in-addr.arpa 18.172.in-addr.arpa 19.172.in-addr.arpa 20.172.in-addr.arpa 21.172.in-addr.arpa 22.172.in-addr.arpa 23.172.in-addr.arpa 24.172.in-addr.arpa 25.172.in-addr.arpa 26.172.in-addr.arpa 27.172.in-addr.arpa 28.172.in-addr.arpa 29.172.in-addr.arpa 30.172.in-addr.arpa 31.172.in-addr.arpa 168.192.in-addr.arpa d.f.ip6.arpa corp home internal intranet lan local private test,02923d72,Negative trust anchors: <*>.in-addr.arpa <*>.<*>.in-addr.arpa <*>.<*>.in-addr.arpa <*>.<*>.in-addr.arpa <*>.<*>.in-addr.arpa <*>.<*>.in-addr.arpa <*>.<*>.in-addr.arpa <*>.<*>.in-addr.arpa <*>.<*>.in-addr.arpa <*>.<*>.in-addr.arpa <*>.<*>.in-addr.arpa <*>.<*>.in-addr.arpa <*>.<*>.in-addr.arpa <*>.<*>.in-addr.arpa <*>.<*>.in-addr.arpa <*>.<*>.in-addr.arpa <*>.<*>.in-addr.arpa <*>.<*>.in-addr.arpa d.f.ip6.arpa corp home internal intranet lan local private test,"['10', '16.172', '17.172', '18.172', '19.172', '20.172', '21.172', '22.172', '23.172', '24.172', '25.172', '26.172', '27.172', '28.172', '29.172', '30.172', '31.172', '168.192']"
119,Mar,9,10:43:14,Client03,systemd-resolved[1008],Using system hostname 'Client03'.,272c99d1,Using system hostname 'Client03'.,[]
120,Mar,9,10:43:14,Client03,systemd[1],Started Network Name Resolution.,19632b36,Started Network <*> <*>,['Name Resolution.']
121,Mar,9,10:43:14,Client03,systemd[1],Reached target Host and Network Name Lookups.,50ef944c,Reached target Host and Network Name Lookups.,[]
122,Mar,9,10:43:14,Client03,systemd[1],Reached target Network.,1482f31a,Reached target <*>,['Network.']
123,Mar,9,10:43:14,Client03,systemd-networkd[979],eth0: DHCPv4 address 10.0.0.9/8 via 10.0.0.1,0de29e31,eth0: DHCPv4 address <*>/<*> via <*>,"['10.0.0.9/8', '10.0.0.1']"
124,Mar,9,10:43:14,Client03,systemd-timesyncd[801],"Network configuration changed, trying to establish connection.",d4606850,"Network configuration changed, trying to establish connection.",[]
125,Mar,9,10:43:14,Client03,systemd-networkd-wait-online[1021],ignoring: lo,16786b5a,ignoring: lo,[]
126,Mar,9,10:43:14,Client03,systemd-networkd[979],eth0: Gained IPv6LL,85e5c000,eth0: Gained <*>,['IPv6LL']
127,Mar,9,10:43:14,Client03,systemd-networkd[979],eth0: Configured,97681fc7,eth0: Configured,[]
128,Mar,9,10:43:14,Client03,systemd-timesyncd[801],"Network configuration changed, trying to establish connection.",d4606850,"Network configuration changed, trying to establish connection.",[]
129,Mar,9,10:43:14,Client03,systemd-networkd-wait-online[1021],ignoring: lo,16786b5a,ignoring: lo,[]
130,Mar,9,10:43:14,Client03,systemd-networkd-wait-online[1021],managing: eth0,02a30c10,managing: eth<*>,['0']
131,Mar,9,10:43:14,Client03,systemd[1],Started Wait for Network to be Configured.,4969deb1,Started Wait for Network to be Configured.,[]
132,Mar,9,10:43:14,Client03,systemd[1],Starting Initial cloud-init job (metadata service crawler)...,cdc459be,Starting Initial cloud-init job (metadata service crawler)...,[]
133,Mar,9,10:43:14,Client03,cloud-init[1039],"Cloud-init v. 19.4-33-gbb4131a2-0ubuntu1~18.04.1 running 'init' at Mon, 09 Mar 2020 10:43:02 +0000. Up 143.80 seconds.",9719122c,Cloud-init v. <*>.<*>-<*>-gbb4131a2-0ubuntu1~<*>.<*>.<*> running <*> at <*> <*> Mar <*> <*>:<*>:<*> <*>. Up <*>.<*> seconds.,"['19.4', '33', '18', '04.1', ""'init'"", 'Mon, 09', '2020 10', '43:02', '+0000', '143.80']"
134,Mar,9,10:43:14,Client03,cloud-init[1039],ci-info: ++++++++++++++++++++++++++++++++++++Net device info+++++++++++++++++++++++++++++++++++++,6b06146e,ci-info: ++++++++++++++++++++++++++++++++++++Net device info+++++++++++++++++++++++++++++++++++++,[]
135,Mar,9,10:43:14,Client03,cloud-init[1039],ci-info: +--------+------+-----------------------------+-----------+--------+-------------------+,08a08cfa,ci-info: <*>,['+--------+------+-----------------------------+-----------+--------+-------------------+']
136,Mar,9,10:43:14,Client03,cloud-init[1039],ci-info: | Device |  Up  |           Address           |    Mask   | Scope  |     Hw-Address    |,547d2eda,ci-info: | <*> | <*> | <*> | <*> | <*> | <*> |,"['Device', 'Up', 'Address', 'Mask', 'Scope', 'Hw-Address']"
137,Mar,9,10:43:14,Client03,cloud-init[1039],ci-info: +--------+------+-----------------------------+-----------+--------+-------------------+,08a08cfa,ci-info: <*>,['+--------+------+-----------------------------+-----------+--------+-------------------+']
138,Mar,9,10:43:14,Client03,cloud-init[1039],ci-info: |  eth0  | True |           10.0.0.9          | 255.0.0.0 | global | 00:0d:3a:20:d5:af |,547d2eda,ci-info: | <*> | <*> | <*> | <*> | <*> | <*> |,"['eth0', 'True', '10.0.0.9', '255.0.0.0', 'global', '00:0d:3a:20:d5:af']"
139,Mar,9,10:43:14,Client03,cloud-init[1039],ci-info: |  eth0  | True | fe80::20d:3aff:fe20:d5af/64 |     .     |  link  | 00:0d:3a:20:d5:af |,547d2eda,ci-info: | <*> | <*> | <*> | <*> | <*> | <*> |,"['eth0', 'True', 'fe80::20d:3aff:fe20:d5af/64', '.', 'link', '00:0d:3a:20:d5:af']"
140,Mar,9,10:43:14,Client03,cloud-init[1039],ci-info: |   lo   | True |          127.0.0.1          | 255.0.0.0 |  host  |         .         |,547d2eda,ci-info: | <*> | <*> | <*> | <*> | <*> | <*> |,"['lo', 'True', '127.0.0.1', '255.0.0.0', 'host', '.']"
141,Mar,9,10:43:14,Client03,cloud-init[1039],ci-info: |   lo   | True |           ::1/128           |     .     |  host  |         .         |,547d2eda,ci-info: | <*> | <*> | <*> | <*> | <*> | <*> |,"['lo', 'True', '::1/128', '.', 'host', '.']"
142,Mar,9,10:43:14,Client03,cloud-init[1039],ci-info: +--------+------+-----------------------------+-----------+--------+-------------------+,08a08cfa,ci-info: <*>,['+--------+------+-----------------------------+-----------+--------+-------------------+']
143,Mar,9,10:43:14,Client03,cloud-init[1039],ci-info: ++++++++++++++++++++++++++++++Route IPv4 info+++++++++++++++++++++++++++++++,d12607e6,ci-info: ++++++++++++++++++++++++++++++Route IPv4 info+++++++++++++++++++++++++++++++,[]
144,Mar,9,10:43:14,Client03,cloud-init[1039],ci-info: +-------+-----------------+----------+-----------------+-----------+-------+,08a08cfa,ci-info: <*>,['+-------+-----------------+----------+-----------------+-----------+-------+']
145,Mar,9,10:43:14,Client03,cloud-init[1039],ci-info: | Route |   Destination   | Gateway  |     Genmask     | Interface | Flags |,547d2eda,ci-info: | <*> | <*> | <*> | <*> | <*> | <*> |,"['Route', 'Destination', 'Gateway', 'Genmask', 'Interface', 'Flags']"
146,Mar,9,10:43:14,Client03,cloud-init[1039],ci-info: +-------+-----------------+----------+-----------------+-----------+-------+,08a08cfa,ci-info: <*>,['+-------+-----------------+----------+-----------------+-----------+-------+']
147,Mar,9,10:43:14,Client03,cloud-init[1039],ci-info: |   0   |     0.0.0.0     | 10.0.0.1 |     0.0.0.0     |    eth0   |   UG  |,547d2eda,ci-info: | <*> | <*> | <*> | <*> | <*> | <*> |,"['0', '0.0.0.0', '10.0.0.1', '0.0.0.0', 'eth0', 'UG']"
148,Mar,9,10:43:14,Client03,cloud-init[1039],ci-info: |   1   |     10.0.0.0    | 0.0.0.0  |    255.0.0.0    |    eth0   |   U   |,547d2eda,ci-info: | <*> | <*> | <*> | <*> | <*> | <*> |,"['1', '10.0.0.0', '0.0.0.0', '255.0.0.0', 'eth0', 'U']"
149,Mar,9,10:43:14,Client03,cloud-init[1039],ci-info: |   2   |  168.63.129.16  | 10.0.0.1 | 255.255.255.255 |    eth0   |  UGH  |,547d2eda,ci-info: | <*> | <*> | <*> | <*> | <*> | <*> |,"['2', '168.63.129.16', '10.0.0.1', '255.255.255.255', 'eth0', 'UGH']"
150,Mar,9,10:43:14,Client03,cloud-init[1039],ci-info: |   3   | 169.254.169.254 | 10.0.0.1 | 255.255.255.255 |    eth0   |  UGH  |,547d2eda,ci-info: | <*> | <*> | <*> | <*> | <*> | <*> |,"['3', '169.254.169.254', '10.0.0.1', '255.255.255.255', 'eth0', 'UGH']"
151,Mar,9,10:43:14,Client03,kernel,[    0.000000]   Intel GenuineIntel,936b8562,[ <*>.<*>] <*> <*>,"['0.000000', 'Intel GenuineIntel']"
152,Mar,9,10:43:14,Client03,kernel,[    0.000000]   AMD AuthenticAMD,936b8562,[ <*>.<*>] <*> <*>,"['0.000000', 'AMD AuthenticAMD']"
153,Mar,9,10:43:14,Client03,cloud-init[1039],ci-info: +-------+-----------------+----------+-----------------+-----------+-------+,08a08cfa,ci-info: <*>,['+-------+-----------------+----------+-----------------+-----------+-------+']
154,Mar,9,10:43:14,Client03,cloud-init[1039],ci-info: +++++++++++++++++++Route IPv6 info+++++++++++++++++++,18f76c70,ci-info: +++++++++++++++++++Route IPv6 info+++++++++++++++++++,[]
155,Mar,9,10:43:14,Client03,cloud-init[1039],ci-info: +-------+-------------+---------+-----------+-------+,08a08cfa,ci-info: <*>,['+-------+-------------+---------+-----------+-------+']
156,Mar,9,10:43:14,Client03,cloud-init[1039],ci-info: | Route | Destination | Gateway | Interface | Flags |,f9acf2a5,ci-info: | <*> | <*> | <*> | <*> | <*> |,"['Route', 'Destination', 'Gateway', 'Interface', 'Flags']"
157,Mar,9,10:43:14,Client03,cloud-init[1039],ci-info: +-------+-------------+---------+-----------+-------+,08a08cfa,ci-info: <*>,['+-------+-------------+---------+-----------+-------+']
158,Mar,9,10:43:14,Client03,cloud-init[1039],ci-info: |   1   |  fe80::/64  |    ::   |    eth0   |   U   |,f9acf2a5,ci-info: | <*> | <*> | <*> | <*> | <*> |,"['1', 'fe80::/64', '::', 'eth0', 'U']"
159,Mar,9,10:43:14,Client03,cloud-init[1039],ci-info: |   3   |    local    |    ::   |    eth0   |   U   |,f9acf2a5,ci-info: | <*> | <*> | <*> | <*> | <*> |,"['3', 'local', '::', 'eth0', 'U']"
160,Mar,9,10:43:14,Client03,cloud-init[1039],ci-info: |   4   |   ff00::/8  |    ::   |    eth0   |   U   |,f9acf2a5,ci-info: | <*> | <*> | <*> | <*> | <*> |,"['4', 'ff00::/8', '::', 'eth0', 'U']"
161,Mar,9,10:43:14,Client03,cloud-init[1039],ci-info: +-------+-------------+---------+-----------+-------+,08a08cfa,ci-info: <*>,['+-------+-------------+---------+-----------+-------+']
162,Mar,9,10:43:14,Client03,ntfs-3g[1104],Version 2017.3.23 integrated FUSE 28,9eb84f4a,Version <*>.<*>.<*> integrated FUSE <*>,"['2017', '3.23', '28']"
163,Mar,9,10:43:14,Client03,ntfs-3g[1104],"Mounted /dev/sdb1 (Read-Only, label ""Temporary Storage"", NTFS 3.1)",966d1e94,"Mounted /dev/sdb1 (Read-Only, label ""Temporary Storage"", NTFS <*>.<*>)",['3.1']
164,Mar,9,10:43:14,Client03,ntfs-3g[1104],Cmdline options: ro,a04e25eb,Cmdline options: ro,[]
165,Mar,9,10:43:14,Client03,ntfs-3g[1104],"Mount options: ro,allow_other,nonempty,relatime,fsname=/dev/sdb1,blkdev,blksize=4096",86114c71,"Mount options: ro,allow_other,nonempty,relatime,fsname=/dev/sdb1,blkdev,blksize=<*>",['4096']
166,Mar,9,10:43:14,Client03,ntfs-3g[1104],"Ownership and permissions disabled, configuration type 7",3167901f,"Ownership and permissions disabled, configuration type <*>",['7']
167,Mar,9,10:43:14,Client03,ntfs-3g[1104],Unmounting /dev/sdb1 (Temporary Storage),9aaebc4f,Unmounting /dev/sdb1 (Temporary Storage),[]
168,Mar,9,10:43:14,Client03,systemd[1],Reloading.,c39f5440,Reloading.,[]
169,Mar,9,10:43:14,Client03,cloud-init[1039],Generating public/private rsa key pair.,3b53b44e,Generating public/private <*> key pair.,['rsa']
170,Mar,9,10:43:14,Client03,cloud-init[1039],Your identification has been saved in /etc/ssh/ssh_host_rsa_key.,d16be467,Your identification has been saved in <*>,['/etc/ssh/ssh_host_rsa_key.']
171,Mar,9,10:43:14,Client03,cloud-init[1039],Your public key has been saved in /etc/ssh/ssh_host_rsa_key.pub.,75d28c0d,Your public key has been saved in <*>,['/etc/ssh/ssh_host_rsa_key.pub.']
172,Mar,9,10:43:14,Client03,cloud-init[1039],The key fingerprint is:,e330a02d,The key fingerprint is:,[]
173,Mar,9,10:43:14,Client03,cloud-init[1039],SHA256:SwJTaOhkuFDWCpuoSvPbtxLIS96ymdjN7ZJ/usn11wQ root@Client03,c784e62e,<*> root@Client<*>,"['SHA256:SwJTaOhkuFDWCpuoSvPbtxLIS96ymdjN7ZJ/usn11wQ', '03']"
174,Mar,9,10:43:14,Client03,cloud-init[1039],The key's randomart image is:,890114fb,The key's randomart image is:,[]
175,Mar,9,10:43:14,Client03,cloud-init[1039],+---[RSA 2048]----+,05a160dc,+---[RSA <*>]----+,['2048']
176,Mar,9,10:43:14,Client03,cloud-init[1039],| ooo ..          |,1f5411c5,| <*> <*> |,['ooo ..']
177,Mar,9,10:43:14,Client03,cloud-init[1039],|+.+ +.           |,9e2d93ad,|+.+ +. |,[]
178,Mar,9,10:43:14,Client03,cloud-init[1039],|oO oo            |,f2008f11,|oO oo |,[]
179,Mar,9,10:43:14,Client03,cloud-init[1039],|= o  o       E   |,901d1654,|= o o E |,[]
180,Mar,9,10:43:14,Client03,cloud-init[1039],|. . . . S     .  |,f1f88995,|. . . . S . |,[]
181,Mar,9,10:43:14,Client03,cloud-init[1039],|.o + . o .     . |,af12919d,|.o + . o . . |,[]
182,Mar,9,10:43:14,Client03,cloud-init[1039],|o = o o ..    o  |,aeb41103,|o = o o .. o |,[]
183,Mar,9,10:43:14,Client03,cloud-init[1039],|. o=*=o.o..  . . |,e46b0e5a,|. o=*=o.o.. . . |,[]
184,Mar,9,10:43:14,Client03,cloud-init[1039],| . *++*X=  ..    |,0367e66d,| <*> <*> .. |,['. *++*X=']
185,Mar,9,10:43:14,Client03,cloud-init[1039],+----[SHA256]-----+,d17318ba,+----[SHA256]-----+,[]
186,Mar,9,10:43:14,Client03,cloud-init[1039],Generating public/private dsa key pair.,3b53b44e,Generating public/private <*> key pair.,['dsa']
187,Mar,9,10:43:14,Client03,cloud-init[1039],Your identification has been saved in /etc/ssh/ssh_host_dsa_key.,d16be467,Your identification has been saved in <*>,['/etc/ssh/ssh_host_dsa_key.']
188,Mar,9,10:43:14,Client03,cloud-init[1039],Your public key has been saved in /etc/ssh/ssh_host_dsa_key.pub.,75d28c0d,Your public key has been saved in <*>,['/etc/ssh/ssh_host_dsa_key.pub.']
189,Mar,9,10:43:14,Client03,cloud-init[1039],The key fingerprint is:,e330a02d,The key fingerprint is:,[]
190,Mar,9,10:43:14,Client03,cloud-init[1039],SHA256:R9YtQZBWQkohOiRjc9jZ38P0Ul7tl0q0qqvBReXcxpU root@Client03,c784e62e,<*> root@Client<*>,"['SHA256:R9YtQZBWQkohOiRjc9jZ38P0Ul7tl0q0qqvBReXcxpU', '03']"
191,Mar,9,10:43:14,Client03,cloud-init[1039],The key's randomart image is:,890114fb,The key's randomart image is:,[]
192,Mar,9,10:43:14,Client03,cloud-init[1039],+---[DSA 1024]----+,dd21cfec,+---[DSA <*>]----+,['1024']
193,Mar,9,10:43:14,Client03,cloud-init[1039],|  =ooo. oo+*+  o.|,ac6809bb,| =ooo. oo+*+ o.|,[]
194,Mar,9,10:43:14,Client03,cloud-init[1039],| ..*o..o .Bo++oE.|,4624c061,| ..*o..o .Bo++oE.|,[]
195,Mar,9,10:43:14,Client03,cloud-init[1039],|    o  ..*o*+=o..|,7d347917,| o ..*o*+=o..|,[]
196,Mar,9,10:43:14,Client03,cloud-init[1039],|     .  oo= ++ .o|,b1efce1f,| . oo= ++ .o|,[]
197,Mar,9,10:43:14,Client03,cloud-init[1039],|        S..oo . .|,412887fd,| S..oo . .|,[]
198,Mar,9,10:43:14,Client03,cloud-init[1039],|      . .. . .   |,1a87b914,| <*> <*> . <*> |,"['. ..', '.']"
199,Mar,9,10:43:14,Client03,cloud-init[1039],|       o  .      |,1f5411c5,| <*> <*> |,['o  .']
200,Mar,9,10:43:14,Client03,cloud-init[1039],|        ..       |,200498e3,| <*> |,['..']
201,Mar,9,10:43:14,Client03,cloud-init[1039],|       ....      |,200498e3,| <*> |,['....']
202,Mar,9,10:43:14,Client03,cloud-init[1039],+----[SHA256]-----+,d17318ba,+----[SHA256]-----+,[]
203,Mar,9,10:43:14,Client03,cloud-init[1039],Generating public/private ecdsa key pair.,3b53b44e,Generating public/private <*> key pair.,['ecdsa']
204,Mar,9,10:43:14,Client03,cloud-init[1039],Your identification has been saved in /etc/ssh/ssh_host_ecdsa_key.,d16be467,Your identification has been saved in <*>,['/etc/ssh/ssh_host_ecdsa_key.']
205,Mar,9,10:43:14,Client03,cloud-init[1039],Your public key has been saved in /etc/ssh/ssh_host_ecdsa_key.pub.,75d28c0d,Your public key has been saved in <*>,['/etc/ssh/ssh_host_ecdsa_key.pub.']
206,Mar,9,10:43:14,Client03,cloud-init[1039],The key fingerprint is:,e330a02d,The key fingerprint is:,[]
207,Mar,9,10:43:14,Client03,cloud-init[1039],SHA256:QkYEsiBxeFi32nrcWd4sjoTzRIvos4XkhsC3wY7a4+c root@Client03,c784e62e,<*> root@Client<*>,"['SHA256:QkYEsiBxeFi32nrcWd4sjoTzRIvos4XkhsC3wY7a4+c', '03']"
208,Mar,9,10:43:14,Client03,cloud-init[1039],The key's randomart image is:,890114fb,The key's randomart image is:,[]
209,Mar,9,10:43:14,Client03,cloud-init[1039],+---[ECDSA 256]---+,98d28617,+---[ECDSA <*>]---+,['256']
210,Mar,9,10:43:14,Client03,cloud-init[1039],|+=+ ooo          |,24f17471,|+=+ ooo |,[]
211,Mar,9,10:43:14,Client03,cloud-init[1039],|+o.+ o           |,14b0be3e,|+o.+ o |,[]
212,Mar,9,10:43:14,Client03,cloud-init[1039],| .. . o          |,e2d2dfa0,| .. . o |,[]
213,Mar,9,10:43:14,Client03,cloud-init[1039],|. .o o           |,ed78edfc,|. .o o |,[]
214,Mar,9,10:43:14,Client03,cloud-init[1039],|..o+. o S        |,9827bce5,|..o+. o S |,[]
215,Mar,9,10:43:14,Client03,cloud-init[1039],|.++=o= * o       |,61fb15ff,|.++=o= * o |,[]
216,Mar,9,10:43:14,Client03,cloud-init[1039],|..*oB * o o      |,58a1813f,|..*oB * o o |,[]
217,Mar,9,10:43:14,Client03,cloud-init[1039],|.+oo.= o .       |,0370a7c5,|.+oo.= o . |,[]
218,Mar,9,10:43:14,Client03,cloud-init[1039],|..=*E o .        |,18ff2f8a,|..=*E o . |,[]
219,Mar,9,10:43:14,Client03,cloud-init[1039],+----[SHA256]-----+,d17318ba,+----[SHA256]-----+,[]
220,Mar,9,10:43:14,Client03,cloud-init[1039],Generating public/private ed25519 key pair.,3b53b44e,Generating public/private <*> key pair.,['ed25519']
221,Mar,9,10:43:14,Client03,cloud-init[1039],Your identification has been saved in /etc/ssh/ssh_host_ed25519_key.,d16be467,Your identification has been saved in <*>,['/etc/ssh/ssh_host_ed25519_key.']
222,Mar,9,10:43:14,Client03,cloud-init[1039],Your public key has been saved in /etc/ssh/ssh_host_ed25519_key.pub.,75d28c0d,Your public key has been saved in <*>,['/etc/ssh/ssh_host_ed25519_key.pub.']
223,Mar,9,10:43:14,Client03,cloud-init[1039],The key fingerprint is:,e330a02d,The key fingerprint is:,[]
224,Mar,9,10:43:14,Client03,cloud-init[1039],SHA256:sGEXZz6n+DoIIyVTMOaVznIvVHU2X+jMIYalU8tJWLk root@Client03,c784e62e,<*> root@Client<*>,"['SHA256:sGEXZz6n+DoIIyVTMOaVznIvVHU2X+jMIYalU8tJWLk', '03']"
225,Mar,9,10:43:14,Client03,cloud-init[1039],The key's randomart image is:,890114fb,The key's randomart image is:,[]
226,Mar,9,10:43:14,Client03,cloud-init[1039],+--[ED25519 256]--+,2044903c,+--[ED25519 <*>]--+,['256']
227,Mar,9,10:43:14,Client03,cloud-init[1039],|  +... .o=@. ..  |,0367e66d,| <*> <*> .. |,['+... .o=@.']
228,Mar,9,10:43:14,Client03,cloud-init[1039],| o oo . o%+=o.   |,1a87b914,| <*> <*> . <*> |,"['o oo', 'o%+=o.']"
229,Mar,9,10:43:14,Client03,cloud-init[1039],|  .+ .+ +.**o.   |,5d67291d,| .+ .+ +.**o. |,[]
230,Mar,9,10:43:14,Client03,cloud-init[1039],|  + *. = oE++    |,76659f78,| + *. = oE++ |,[]
231,Mar,9,10:43:14,Client03,cloud-init[1039],|   B .. S .      |,726f6d3d,| B .. S . |,[]
232,Mar,9,10:43:14,Client03,cloud-init[1039],|  . + .  .       |,1a87b914,| <*> <*> . <*> |,"['. +', '.']"
233,Mar,9,10:43:14,Client03,cloud-init[1039],|   . + .  .      |,1a87b914,| <*> <*> . <*> |,"['. +', '.']"
234,Mar,9,10:43:14,Client03,cloud-init[1039],|      . ..       |,1f5411c5,| <*> <*> |,['. ..']
235,Mar,9,10:43:14,Client03,cloud-init[1039],|        ..       |,200498e3,| <*> |,['..']
236,Mar,9,10:43:14,Client03,cloud-init[1039],+----[SHA256]-----+,d17318ba,+----[SHA256]-----+,[]
237,Mar,9,10:43:14,Client03,systemd[1],Started Initial cloud-init job (metadata service crawler).,7c647ef1,Started Initial cloud-init job (metadata service crawler).,[]
238,Mar,9,10:43:14,Client03,systemd[1],Reached target Cloud-config availability.,3f508636,Reached target <*> <*>,['Cloud-config availability.']
239,Mar,9,10:43:14,Client03,systemd[1],Reached target Network is Online.,18485d6f,Reached target Network is Online.,[]
240,Mar,9,10:43:14,Client03,systemd[1],Reached target Remote File Systems (Pre).,46c291bc,Reached target <*> File Systems (Pre).,['Remote']
241,Mar,9,10:43:14,Client03,systemd[1],Reached target Remote File Systems.,fdfb28e9,Reached target <*> File Systems.,['Remote']
242,Mar,9,10:43:14,Client03,systemd[1],Starting Availability of block devices...,53251afc,Starting Availability of block devices...,[]
243,Mar,9,10:43:14,Client03,systemd[1],Reached target System Initialization.,3f508636,Reached target <*> <*>,['System Initialization.']
244,Mar,9,10:43:14,Client03,systemd[1],Started ACPI Events Check.,29d363e3,Started ACPI Events Check.,[]
245,Mar,9,10:43:14,Client03,systemd[1],Listening on UUID daemon activation socket.,b362abbb,Listening on <*> <*> <*> socket.,"['UUID', 'daemon activation']"
246,Mar,9,10:43:14,Client03,systemd[1],Listening on D-Bus System Message Bus Socket.,d39a60d5,Listening on D-Bus <*> Message Bus Socket.,['System']
247,Mar,9,10:43:14,Client03,systemd[1],Starting Socket activation for snappy daemon.,8694f3ec,Starting Socket activation for snappy daemon.,[]
248,Mar,9,10:43:14,Client03,systemd[1],Started Daily Cleanup of Temporary Directories.,d3980a7a,Started Daily Cleanup of Temporary Directories.,[]
249,Mar,9,10:43:14,Client03,systemd[1],Reached target Paths.,1482f31a,Reached target <*>,['Paths.']
250,Mar,9,10:43:14,Client03,systemd[1],Starting LXD - unix socket.,4c52e87a,Starting LXD - <*> <*>,['unix socket.']
251,Mar,9,10:43:14,Client03,systemd[1],Started Daily apt download activities.,43d542ce,Started Daily apt download activities.,[]
252,Mar,9,10:43:14,Client03,systemd[1],Started Daily apt upgrade and clean activities.,be35dfa1,Started Daily apt upgrade and clean activities.,[]
253,Mar,9,10:43:14,Client03,systemd[1],Listening on ACPID Listen Socket.,81d45750,Listening on <*> <*> Socket.,['ACPID Listen']
254,Mar,9,10:43:14,Client03,systemd[1],Started Discard unused blocks once a week.,f19f71b6,Started Discard unused blocks once a week.,[]
255,Mar,9,10:43:14,Client03,systemd[1],Started Message of the Day.,345a768e,Started Message of the Day.,[]
256,Mar,9,10:43:14,Client03,systemd[1],Reached target Timers.,1482f31a,Reached target <*>,['Timers.']
257,Mar,9,10:43:14,Client03,systemd[1],Listening on Open-iSCSI iscsid Socket.,81d45750,Listening on <*> <*> Socket.,['Open-iSCSI iscsid']
258,Mar,9,10:43:14,Client03,systemd[1],Started Availability of block devices.,92b30dcd,Started Availability of block devices.,[]
259,Mar,9,10:43:14,Client03,systemd[1],Listening on Socket activation for snappy daemon.,fa48fe96,Listening on Socket activation for snappy daemon.,[]
260,Mar,9,10:43:14,Client03,systemd[1],Listening on LXD - unix socket.,b362abbb,Listening on <*> <*> <*> socket.,"['LXD', '- unix']"
261,Mar,9,10:43:14,Client03,systemd[1],Reached target Sockets.,1482f31a,Reached target <*>,['Sockets.']
262,Mar,9,10:43:14,Client03,systemd[1],Reached target Basic System.,3f508636,Reached target <*> <*>,['Basic System.']
263,Mar,9,10:43:14,Client03,systemd[1],Started FUSE filesystem for LXC.,b68084b7,Started FUSE filesystem for LXC.,[]
264,Mar,9,10:43:14,Client03,systemd[1],Starting Pollinate to seed the pseudo random number generator...,9c2aca04,Starting Pollinate to seed the pseudo random number generator...,[]
265,Mar,9,10:43:14,Client03,systemd[1],Starting LSB: Record successful boot for GRUB...,75ebfe87,Starting LSB: Record successful boot for GRUB...,[]
266,Mar,9,10:43:14,Client03,systemd[1],Starting LXD - container startup/shutdown...,4c52e87a,Starting LXD - <*> <*>,['container startup/shutdown...']
267,Mar,9,10:43:14,Client03,systemd[1],Starting Login Service...,2e322db0,Starting <*> Service...,['Login']
268,Mar,9,10:43:14,Client03,systemd[1],Starting Dispatcher daemon for systemd-networkd...,ed3143cc,Starting Dispatcher daemon for systemd-networkd...,[]
269,Mar,9,10:43:14,Client03,systemd[1],Started Deferred execution scheduler.,36e71184,Started Deferred execution scheduler.,[]
270,Mar,9,10:43:14,Client03,systemd[1],Started Regular background program processing daemon.,0b755803,Started Regular background program processing daemon.,[]
271,Mar,9,10:43:14,Client03,systemd[1],Started Azure Linux Agent.,d939bebe,Started Azure Linux Agent.,[]
272,Mar,9,10:43:14,Client03,systemd[1],Starting LSB: automatic crash report generation...,c1c8232e,Starting LSB: automatic crash report generation...,[]
273,Mar,9,10:43:14,Client03,systemd[1],Started irqbalance daemon.,5946521f,Started <*> daemon.,['irqbalance']
274,Mar,9,10:43:14,Client03,systemd[1],Started Hyper-V VSS Protocol Daemon.,af718609,Started Hyper-V <*> Protocol Daemon.,['VSS']
275,Mar,9,10:43:14,Client03,systemd[1],Starting Accounts Service...,2e322db0,Starting <*> Service...,['Accounts']
276,Mar,9,10:43:14,Client03,systemd[1],Started D-Bus System Message Bus.,f538b97b,Started D-Bus <*> Message Bus.,['System']
277,Mar,9,10:43:14,Client03,Hyper-V VSS,VSS starting; pid is:1281,f2ba3844,VSS starting; pid is:<*>,['1281']
278,Mar,9,10:43:14,Client03,Hyper-V VSS,VSS: kernel module version: 129,c5381bd5,VSS: kernel module version: <*>,['129']
279,Mar,9,10:43:14,Client03,cron[1272],(CRON) INFO (pidfile fd = 3),0dfcd344,(CRON) INFO (pidfile fd = <*>),['3']
280,Mar,9,10:43:14,Client03,lxcfs[1243],mount namespace: 5,a91f3deb,mount namespace: <*>,['5']
281,Mar,9,10:43:14,Client03,lxcfs[1243],hierarchies:,0590ae93,hierarchies:,[]
282,Mar,9,10:43:14,Client03,lxcfs[1243],0: fd:   6: freezer,dbc81913,<*> fd: <*>: <*>,"['0:', '6', 'freezer']"
283,Mar,9,10:43:14,Client03,lxcfs[1243],"1: fd:   7: cpu,cpuacct",dbc81913,<*> fd: <*>: <*>,"['1:', '7', 'cpu,cpuacct']"
284,Mar,9,10:43:14,Client03,lxcfs[1243],2: fd:   8: memory,dbc81913,<*> fd: <*>: <*>,"['2:', '8', 'memory']"
285,Mar,9,10:43:14,Client03,lxcfs[1243],3: fd:   9: pids,dbc81913,<*> fd: <*>: <*>,"['3:', '9', 'pids']"
286,Mar,9,10:43:14,Client03,lxcfs[1243],4: fd:  10: devices,dbc81913,<*> fd: <*>: <*>,"['4:', '10', 'devices']"
287,Mar,9,10:43:14,Client03,lxcfs[1243],5: fd:  11: hugetlb,dbc81913,<*> fd: <*>: <*>,"['5:', '11', 'hugetlb']"
288,Mar,9,10:43:14,Client03,lxcfs[1243],6: fd:  12: cpuset,dbc81913,<*> fd: <*>: <*>,"['6:', '12', 'cpuset']"
289,Mar,9,10:43:14,Client03,lxcfs[1243],7: fd:  13: rdma,dbc81913,<*> fd: <*>: <*>,"['7:', '13', 'rdma']"
290,Mar,9,10:43:14,Client03,lxcfs[1243],"8: fd:  14: net_cls,net_prio",dbc81913,<*> fd: <*>: <*>,"['8:', '14', 'net_cls,net_prio']"
291,Mar,9,10:43:14,Client03,lxcfs[1243],9: fd:  15: blkio,dbc81913,<*> fd: <*>: <*>,"['9:', '15', 'blkio']"
292,Mar,9,10:43:14,Client03,lxcfs[1243],10: fd:  16: perf_event,dbc81913,<*> fd: <*>: <*>,"['10:', '16', 'perf_event']"
293,Mar,9,10:43:14,Client03,lxcfs[1243],11: fd:  17: name=systemd,dbc81913,<*> fd: <*>: <*>,"['11:', '17', 'name=systemd']"
294,Mar,9,10:43:14,Client03,lxcfs[1243],12: fd:  18: unified,dbc81913,<*> fd: <*>: <*>,"['12:', '18', 'unified']"
295,Mar,9,10:43:14,Client03,pollinate[1253],client sent challenge to [https://entropy.ubuntu.com/],a6e6a839,client sent challenge to [https://entropy.ubuntu.com/],[]
296,Mar,9,10:43:14,Client03,cron[1272],(CRON) INFO (Running @reboot jobs),f73113ee,(CRON) INFO (Running @reboot jobs),[]
297,Mar,9,10:43:14,Client03,dbus-daemon[1283],[system] AppArmor D-Bus mediation is enabled,0040ef3e,[system] AppArmor D-Bus mediation is enabled,[]
298,Mar,9,10:43:14,Client03,systemd[1],Started Hyper-V File Copy Protocol Daemon.,179d2b81,Started Hyper-V File Copy Protocol Daemon.,[]
299,Mar,9,10:43:14,Client03,systemd[1],Starting System Logging Service...,62b65d58,Starting <*> <*> Service...,['System Logging']
300,Mar,9,10:43:14,Client03,systemd[1],Starting Permit User Sessions...,fce63473,Starting Permit User Sessions...,[]
301,Mar,9,10:43:14,Client03,HV_FCOPY,starting; pid is:1349,b46a9c57,starting; pid is:<*>,['1349']
302,Mar,9,10:43:14,Client03,HV_FCOPY,open /dev/vmbus/hv_fcopy failed; error: 2 No such file or directory,3b5fac87,open /dev/vmbus/hv_fcopy failed; error: <*> No such file or directory,['2']
303,Mar,9,10:43:14,Client03,systemd[1],Starting Snappy daemon...,42329515,Starting <*> daemon...,['Snappy']
304,Mar,9,10:43:14,Client03,systemd[1],"hv-fcopy-daemon.service: Main process exited, code=exited, status=1/FAILURE",b7fcb76b,"hv-fcopy-daemon.service: Main process exited, code=exited, status=<*>/FAILURE",['1']
305,Mar,9,10:43:14,Client03,systemd[1],hv-fcopy-daemon.service: Failed with result 'exit-code'.,0206d3ec,hv-fcopy-daemon.service: Failed with result 'exit-code'.,[]
306,Mar,9,10:43:14,Client03,systemd[1],Started Permit User Sessions.,d6957a01,Started Permit User Sessions.,[]
307,Mar,9,10:43:14,Client03,dbus-daemon[1283],"[system] Activating via systemd: service name='org.freedesktop.PolicyKit1' unit='polkit.service' requested by ':1.4' (uid=0 pid=1282 comm=""/usr/lib/accountsservice/accounts-daemon "" label=""unconfined"")",f30401bc,"[system] Activating via systemd: service <*> <*> requested by ':<*>.<*>' (uid=<*> pid=<*> <*> "" label=""unconfined"")","[""name='org.freedesktop.PolicyKit1' unit='polkit.service'"", '1.4', '0', '1282 comm=""/usr/lib/accountsservice/accounts-daemon']"
308,Mar,9,10:43:14,Client03,systemd[1],Started Login Service.,251593e6,Started <*> Service.,['Login']
309,Mar,9,10:43:14,Client03,grub-common[1255],* Recording successful boot for GRUB,695db85f,* Recording successful boot for GRUB,[]
310,Mar,9,10:43:14,Client03,systemd[1],Starting Authorization Manager...,81a51bcf,Starting <*> Manager...,['Authorization']
311,Mar,9,10:43:14,Client03,apport[1279],* Starting automatic crash report generation: apport,d7beaac3,* Starting automatic crash report generation: apport,[]
312,Mar,9,10:43:14,Client03,systemd[1],Started Unattended Upgrades Shutdown.,d55ac2ff,Started Unattended Upgrades Shutdown.,[]
313,Mar,9,10:43:14,Client03,systemd[1],Starting Hold until boot process finishes up...,74c403bb,Starting Hold until boot process finishes up...,[]
314,Mar,9,10:43:14,Client03,apport[1279],...done.,5917eca7,...done.,[]
315,Mar,9,10:43:14,Client03,systemd[1],Starting Terminate Plymouth Boot Screen...,2e4b9e91,Starting Terminate Plymouth Boot Screen...,[]
316,Mar,9,10:43:14,Client03,systemd[1],Started LSB: automatic crash report generation.,c7e62b9e,Started LSB: automatic crash report generation.,[]
317,Mar,9,10:43:14,Client03,systemd[1],Started Hold until boot process finishes up.,496c75dc,Started Hold until boot process finishes up.,[]
318,Mar,9,10:43:14,Client03,systemd[1],Started Terminate Plymouth Boot Screen.,0151ab30,Started Terminate Plymouth Boot Screen.,[]
319,Mar,9,10:43:14,Client03,systemd[1],Starting Set console scheme...,6d9af0fb,Starting Set console scheme...,[]
320,Mar,9,10:43:14,Client03,systemd[1],Started Serial Getty on ttyS0.,b2e22f90,Started Serial Getty on ttyS0.,[]
321,Mar,9,10:43:14,Client03,systemd[1],Started Set console scheme.,442d64d2,Started Set console scheme.,[]
322,Mar,9,10:43:14,Client03,systemd[1],Created slice system-getty.slice.,d50e6330,Created slice system-getty.slice.,[]
323,Mar,9,10:43:14,Client03,systemd[1],Started Getty on tty1.,74fc2902,Started Getty on tty1.,[]
324,Mar,9,10:43:14,Client03,systemd[1],Reached target Login Prompts.,3f508636,Reached target <*> <*>,['Login Prompts.']
325,Mar,9,10:43:14,Client03,grub-common[1255],...done.,5917eca7,...done.,[]
326,Mar,9,10:43:14,Client03,systemd[1],Started LSB: Record successful boot for GRUB.,b0b3e1bf,Started LSB: Record successful boot for GRUB.,[]
327,Mar,9,10:43:14,Client03,polkitd[1382],started daemon version 0.105 using authority implementation `local' version `0.105',197eb60b,started daemon version <*>.<*> using authority implementation `local' version `<*>.<*>',"['0.105', '0.105']"
328,Mar,9,10:43:14,Client03,dbus-daemon[1283],[system] Successfully activated service 'org.freedesktop.PolicyKit1',de230850,[system] Successfully activated service <*>,"[""'org.freedesktop.PolicyKit1'""]"
329,Mar,9,10:43:14,Client03,systemd[1],Started Authorization Manager.,1e4ccd56,Started <*> Manager.,['Authorization']
330,Mar,9,10:43:14,Client03,accounts-daemon[1282],started daemon version 0.6.45,3d3aa139,started daemon version <*>.<*>.<*>,"['0', '6.45']"
331,Mar,9,10:43:14,Client03,systemd[1],Started Accounts Service.,251593e6,Started <*> Service.,['Accounts']
332,Mar,9,10:43:14,Client03,networkd-dispatcher[1269],No valid path found for iwconfig,f673f85d,No valid path found for <*>,['iwconfig']
333,Mar,9,10:43:14,Client03,networkd-dispatcher[1269],No valid path found for iw,f673f85d,No valid path found for <*>,['iw']
334,Mar,9,10:43:14,Client03,systemd[1],Started Dispatcher daemon for systemd-networkd.,d943e338,Started Dispatcher daemon for systemd-networkd.,[]
335,Mar,9,10:43:14,Client03,systemd[1],Started System Logging Service.,88b3c0a3,Started <*> <*> Service.,['System Logging']
336,Mar,9,10:43:14,Client03,rsyslogd,imuxsock: Acquired UNIX socket '/run/systemd/journal/syslog' (fd 3) from systemd.  [v8.32.0],211fdedb,imuxsock: Acquired UNIX socket '/run/systemd/journal/syslog' (fd <*>) from systemd. [v8.<*>.<*>],"['3', '32.0']"
337,Mar,9,10:43:14,Client03,rsyslogd,rsyslogd's groupid changed to 106,65151288,rsyslogd's <*> changed to <*>,"['groupid', '106']"
338,Mar,9,10:43:14,Client03,rsyslogd,rsyslogd's userid changed to 102,65151288,rsyslogd's <*> changed to <*>,"['userid', '102']"
339,Mar,9,10:43:14,Client03,rsyslogd,"[origin software=""rsyslogd"" swVersion=""8.32.0"" x-pid=""1350"" x-info=""http://www.rsyslog.com""] start",cf2e3ce8,"[origin software=""rsyslogd"" swVersion=""<*>.<*>.<*>"" x-pid=""<*>"" x-info=""http://www.rsyslog.com""] start","['8', '32.0', '1350']"
340,Mar,9,10:43:14,Client03,kernel,[    0.000000]   Hygon HygonGenuine,936b8562,[ <*>.<*>] <*> <*>,"['0.000000', 'Hygon HygonGenuine']"
341,Mar,9,10:43:14,Client03,kernel,[    0.000000]   Centaur CentaurHauls,936b8562,[ <*>.<*>] <*> <*>,"['0.000000', 'Centaur CentaurHauls']"
342,Mar,9,10:43:14,Client03,kernel,[    0.000000] x86/fpu: Supporting XSAVE feature 0x001: 'x87 floating point registers',fde341ba,[ <*>.<*>] x86/fpu: Supporting XSAVE feature 0x001: 'x87 floating point registers',['0.000000']
343,Mar,9,10:43:14,Client03,kernel,[    0.000000] x86/fpu: Supporting XSAVE feature 0x002: 'SSE registers',c809b8c8,[ <*>.<*>] x86/fpu: Supporting XSAVE feature <*> <*> registers',"['0.000000', ""0x002: 'SSE""]"
344,Mar,9,10:43:14,Client03,kernel,[    0.000000] x86/fpu: Supporting XSAVE feature 0x004: 'AVX registers',c809b8c8,[ <*>.<*>] x86/fpu: Supporting XSAVE feature <*> <*> registers',"['0.000000', ""0x004: 'AVX""]"
345,Mar,9,10:43:14,Client03,kernel,"[    0.000000] x86/fpu: xstate_offset[2]:  576, xstate_sizes[2]:  256",94e7a6df,"[ <*>.<*>] x86/fpu: xstate_offset[<*>]: <*>, xstate_sizes[<*>]: <*>","['0.000000', '2', '576', '2', '256']"
346,Mar,9,10:43:14,Client03,kernel,"[    0.000000] x86/fpu: Enabled xstate features 0x7, context size is 832 bytes, using 'standard' format.",37817a0a,"[ <*>.<*>] x86/fpu: Enabled xstate features 0x7, context size is <*> bytes, using 'standard' format.","['0.000000', '832']"
347,Mar,9,10:43:14,Client03,kernel,[    0.000000] BIOS-provided physical RAM map:,679f5927,[ <*>.<*>] BIOS-provided physical RAM map:,['0.000000']
348,Mar,9,10:43:14,Client03,kernel,[    0.000000] BIOS-e820: [mem 0x0000000000000000-0x000000000009fbff] usable,d4d60197,[ <*>.<*>] BIOS-e820: [mem <*> <*>,"['0.000000', '0x0000000000000000-0x000000000009fbff] usable']"
349,Mar,9,10:43:14,Client03,kernel,[    0.000000] BIOS-e820: [mem 0x000000000009fc00-0x000000000009ffff] reserved,d4d60197,[ <*>.<*>] BIOS-e820: [mem <*> <*>,"['0.000000', '0x000000000009fc00-0x000000000009ffff] reserved']"
350,Mar,9,10:43:14,Client03,kernel,[    0.000000] BIOS-e820: [mem 0x00000000000e0000-0x00000000000fffff] reserved,d4d60197,[ <*>.<*>] BIOS-e820: [mem <*> <*>,"['0.000000', '0x00000000000e0000-0x00000000000fffff] reserved']"
351,Mar,9,10:43:14,Client03,kernel,[    0.000000] BIOS-e820: [mem 0x0000000000100000-0x000000003ffeffff] usable,d4d60197,[ <*>.<*>] BIOS-e820: [mem <*> <*>,"['0.000000', '0x0000000000100000-0x000000003ffeffff] usable']"
352,Mar,9,10:43:14,Client03,kernel,[    0.000000] BIOS-e820: [mem 0x000000003fff0000-0x000000003fffefff] ACPI data,976560cf,[ <*>.<*>] BIOS-e820: [mem <*> ACPI <*>,"['0.000000', '0x000000003fff0000-0x000000003fffefff]', 'data']"
353,Mar,9,10:43:14,Client03,kernel,[    0.000000] BIOS-e820: [mem 0x000000003ffff000-0x000000003fffffff] ACPI NVS,976560cf,[ <*>.<*>] BIOS-e820: [mem <*> ACPI <*>,"['0.000000', '0x000000003ffff000-0x000000003fffffff]', 'NVS']"
354,Mar,9,10:43:14,Client03,kernel,[    0.000000] BIOS-e820: [mem 0x0000000100000000-0x00000002bfffffff] usable,d4d60197,[ <*>.<*>] BIOS-e820: [mem <*> <*>,"['0.000000', '0x0000000100000000-0x00000002bfffffff] usable']"
355,Mar,9,10:43:14,Client03,kernel,[    0.000000] printk: bootconsole [earlyser0] enabled,8f72dbf6,[ <*>.<*>] <*> <*> <*> enabled,"['0.000000', 'printk:', 'bootconsole [earlyser0]']"
356,Mar,9,10:43:14,Client03,kernel,[    0.000000] NX (Execute Disable) protection: active,a2cd9fdb,[ <*>.<*>] NX (Execute Disable) protection: active,['0.000000']
357,Mar,9,10:43:14,Client03,kernel,[    0.000000] SMBIOS 2.3 present.,271e8bd5,[ <*>.<*>] SMBIOS <*>.<*> present.,"['0.000000', '2.3']"
358,Mar,9,10:43:14,Client03,kernel,"[    0.000000] DMI: Microsoft Corporation Virtual Machine/Virtual Machine, BIOS 090007  06/02/2017",b20e8a2e,"[ <*>.<*>] DMI: Microsoft Corporation Virtual Machine/Virtual Machine, BIOS <*> <*>/<*>/<*>","['0.000000', '090007  06', '02/2017']"
359,Mar,9,10:43:14,Client03,kernel,[    0.000000] Hypervisor detected: Microsoft Hyper-V,91ab13e8,[ <*>.<*>] Hypervisor detected: Microsoft Hyper-V,['0.000000']
360,Mar,9,10:43:14,Client03,kernel,"[    0.000000] Hyper-V: features 0x2e7f, hints 0x44c2c",9d9bfdd0,"[ <*>.<*>] Hyper-V: features 0x2e7f, hints 0x44c2c",['0.000000']
361,Mar,9,10:43:14,Client03,kernel,[    0.000000] Hyper-V Host Build:14393-10.0-0-0.305,e41e7a65,[ <*>.<*>] Hyper-V Host Build:<*>-<*>.<*>-<*>-<*>.<*>,"['0.000000', '14393-10', '0', '0-0.305']"
362,Mar,9,10:43:14,Client03,kernel,[    0.000000] Hyper-V: LAPIC Timer Frequency: 0xc3500,14bf15a5,[ <*>.<*>] Hyper-V: LAPIC Timer Frequency: 0xc<*>,"['0.000000', '3500']"
363,Mar,9,10:43:14,Client03,kernel,[    0.000000] tsc: Marking TSC unstable due to running on Hyper-V,eaf7708b,[ <*>.<*>] tsc: Marking TSC unstable due to running on Hyper-V,['0.000000']
364,Mar,9,10:43:14,Client03,kernel,[    0.000000] Hyper-V: Using hypercall for remote TLB flush,db4f6103,[ <*>.<*>] Hyper-V: Using hypercall for remote TLB flush,['0.000000']
365,Mar,9,10:43:14,Client03,kernel,[    0.000000] tsc: Detected 2394.456 MHz processor,835ab552,[ <*>.<*>] tsc: Detected <*>.<*> MHz processor,"['0.000000', '2394.456']"
366,Mar,9,10:43:14,Client03,kernel,[    0.001428] e820: update [mem 0x00000000-0x00000fff] usable ==> reserved,7f8f754f,[ <*>.<*>] e820: update [mem <*> usable ==> reserved,"['0.001428', '0x00000000-0x00000fff]']"
367,Mar,9,10:43:14,Client03,kernel,[    0.001430] e820: remove [mem 0x000a0000-0x000fffff] usable,1f70e9aa,[ <*>.<*>] e820: remove [mem 0x000a0000-0x000fffff] usable,['0.001430']
368,Mar,9,10:43:14,Client03,kernel,[    0.001434] last_pfn = 0x2c0000 max_arch_pfn = 0x400000000,893b62e4,[ <*>.<*>] last_pfn = <*> max_arch_pfn = 0x<*>,"['0.001434', '0x2c0000', '400000000']"
369,Mar,9,10:43:14,Client03,kernel,[    0.004531] MTRR default type: uncachable,1dbe8e7a,[ <*>.<*>] MTRR <*> <*> <*>,"['0.004531', 'default', 'type: uncachable']"
370,Mar,9,10:43:14,Client03,kernel,[    0.004532] MTRR fixed ranges enabled:,1dbe8e7a,[ <*>.<*>] MTRR <*> <*> <*>,"['0.004532', 'fixed', 'ranges enabled:']"
371,Mar,9,10:43:14,Client03,kernel,[    0.004533]   00000-9FFFF write-back,936b8562,[ <*>.<*>] <*> <*>,"['0.004533', '00000-9FFFF write-back']"
372,Mar,9,10:43:14,Client03,kernel,[    0.004534]   A0000-DFFFF uncachable,936b8562,[ <*>.<*>] <*> <*>,"['0.004534', 'A0000-DFFFF uncachable']"
373,Mar,9,10:43:14,Client03,kernel,[    0.004534]   E0000-FFFFF write-back,936b8562,[ <*>.<*>] <*> <*>,"['0.004534', 'E0000-FFFFF write-back']"
374,Mar,9,10:43:14,Client03,kernel,[    0.004535] MTRR variable ranges enabled:,1dbe8e7a,[ <*>.<*>] MTRR <*> <*> <*>,"['0.004535', 'variable', 'ranges enabled:']"
375,Mar,9,10:43:14,Client03,kernel,[    0.004536]   0 base 00000000000 mask FFFC0000000 write-back,d1b7c0bc,[ <*>.<*>] <*> base <*> mask <*> write-back,"['0.004536', '0', '00000000000', 'FFFC0000000']"
376,Mar,9,10:43:14,Client03,kernel,[    0.004537]   1 base 00100000000 mask FF000000000 write-back,d1b7c0bc,[ <*>.<*>] <*> base <*> mask <*> write-back,"['0.004537', '1', '00100000000', 'FF000000000']"
377,Mar,9,10:43:14,Client03,kernel,[    0.004538]   2 disabled,936b8562,[ <*>.<*>] <*> <*>,"['0.004538', '2 disabled']"
378,Mar,9,10:43:14,Client03,kernel,[    0.004538]   3 disabled,936b8562,[ <*>.<*>] <*> <*>,"['0.004538', '3 disabled']"
379,Mar,9,10:43:14,Client03,kernel,[    0.004539]   4 disabled,936b8562,[ <*>.<*>] <*> <*>,"['0.004539', '4 disabled']"
380,Mar,9,10:43:14,Client03,kernel,[    0.004539]   5 disabled,936b8562,[ <*>.<*>] <*> <*>,"['0.004539', '5 disabled']"
381,Mar,9,10:43:14,Client03,kernel,[    0.004539]   6 disabled,936b8562,[ <*>.<*>] <*> <*>,"['0.004539', '6 disabled']"
382,Mar,9,10:43:14,Client03,kernel,[    0.004540]   7 disabled,936b8562,[ <*>.<*>] <*> <*>,"['0.004540', '7 disabled']"
383,Mar,9,10:43:14,Client03,kernel,[    0.004550] x86/PAT: Configuration [0-7]: WB  WC  UC- UC  WB  WP  UC- WT,5414a551,[ <*>.<*>] x86/PAT: Configuration [<*>-<*>]: WB WC UC- UC WB WP UC- WT,"['0.004550', '0-7']"
384,Mar,9,10:43:14,Client03,kernel,[    0.008516] e820: update [mem 0x40000000-0xffffffff] usable ==> reserved,7f8f754f,[ <*>.<*>] e820: update [mem <*> usable ==> reserved,"['0.008516', '0x40000000-0xffffffff]']"
385,Mar,9,10:43:14,Client03,kernel,[    0.010290] last_pfn = 0x3fff0 max_arch_pfn = 0x400000000,893b62e4,[ <*>.<*>] last_pfn = <*> max_arch_pfn = 0x<*>,"['0.010290', '0x3fff0', '400000000']"
386,Mar,9,10:43:14,Client03,kernel,[    0.020843] found SMP MP-table at [mem 0x000ff780-0x000ff78f],849f346f,[ <*>.<*>] found SMP MP-table at [mem 0x000ff780-0x000ff78f],['0.020843']
387,Mar,9,10:43:14,Client03,kernel,[    0.024332] check: Scanning 1 areas for low memory corruption,5b3d4674,[ <*>.<*>] check: Scanning <*> areas for low memory corruption,"['0.024332', '1']"
388,Mar,9,10:43:14,Client03,kernel,[    0.027431] Using GB pages for direct mapping,f6c22858,[ <*>.<*>] Using GB pages for direct mapping,['0.027431']
389,Mar,9,10:43:14,Client03,kernel,"[    0.029956] BRK [0x1cda02000, 0x1cda02fff] PGTABLE",bd206d38,[ <*>.<*>] BRK <*> <*> PGTABLE,"['0.029956', '[0x1cda02000, 0x1cda02fff]']"
390,Mar,9,10:43:14,Client03,kernel,"[    0.029958] BRK [0x1cda03000, 0x1cda03fff] PGTABLE",bd206d38,[ <*>.<*>] BRK <*> <*> PGTABLE,"['0.029958', '[0x1cda03000, 0x1cda03fff]']"
391,Mar,9,10:43:14,Client03,kernel,"[    0.029959] BRK [0x1cda04000, 0x1cda04fff] PGTABLE",bd206d38,[ <*>.<*>] BRK <*> <*> PGTABLE,"['0.029959', '[0x1cda04000, 0x1cda04fff]']"
392,Mar,9,10:43:14,Client03,kernel,"[    0.029981] BRK [0x1cda05000, 0x1cda05fff] PGTABLE",bd206d38,[ <*>.<*>] BRK <*> <*> PGTABLE,"['0.029981', '[0x1cda05000, 0x1cda05fff]']"
393,Mar,9,10:43:14,Client03,kernel,"[    0.030017] BRK [0x1cda06000, 0x1cda06fff] PGTABLE",bd206d38,[ <*>.<*>] BRK <*> <*> PGTABLE,"['0.030017', '[0x1cda06000, 0x1cda06fff]']"
394,Mar,9,10:43:14,Client03,kernel,[    0.030034] RAMDISK: [mem 0x3598f000-0x36cbefff],1c598435,[ <*>.<*>] <*> [mem <*>,"['0.030034', 'RAMDISK:', '0x3598f000-0x36cbefff]']"
395,Mar,9,10:43:14,Client03,kernel,[    0.032757] ACPI: Early table checksum verification disabled,5e4615b4,[ <*>.<*>] ACPI: Early table checksum verification disabled,['0.032757']
396,Mar,9,10:43:14,Client03,kernel,[    0.035898] ACPI: RSDP 0x00000000000F5BF0 000014 (v00 ACPIAM),ef90a7c4,[ <*>.<*>] ACPI: RSDP 0x00000000000F5BF0 <*> (v00 ACPIAM),"['0.035898', '000014']"
397,Mar,9,10:43:14,Client03,kernel,[    0.039120] ACPI: RSDT 0x000000003FFF0000 000040 (v01 VRTUAL MICROSFT 06001702 MSFT 00000097),99b568dc,[ <*>.<*>] ACPI: <*> <*> <*> <*> VRTUAL MICROSFT <*> MSFT <*>),"['0.039120', 'RSDT', '0x000000003FFF0000 000040 (v01', '06001702', '00000097']"
398,Mar,9,10:43:14,Client03,kernel,[    0.046008] ACPI: FACP 0x000000003FFF0200 000081 (v02 VRTUAL MICROSFT 06001702 MSFT 00000097),99b568dc,[ <*>.<*>] ACPI: <*> <*> <*> <*> VRTUAL MICROSFT <*> MSFT <*>),"['0.046008', 'FACP', '0x000000003FFF0200 000081 (v02', '06001702', '00000097']"
399,Mar,9,10:43:14,Client03,kernel,[    0.051272] ACPI: DSDT 0x000000003FFF1D24 003CBE (v01 MSFTVM MSFTVM02 00000002 INTL 02002026),55f70f8e,[ <*>.<*>] ACPI: DSDT 0x000000003FFF1D24 003CBE (v01 MSFTVM MSFTVM02 <*> INTL <*>),"['0.051272', '00000002', '02002026']"
400,Mar,9,10:43:14,Client03,kernel,[    0.056548] ACPI: FACS 0x000000003FFFF000 000040,384a7d61,[ <*>.<*>] ACPI: <*> <*> <*>,"['0.056548', 'FACS', '0x000000003FFFF000 000040']"
401,Mar,9,10:43:14,Client03,kernel,[    0.059278] ACPI: WAET 0x000000003FFF1A80 000028 (v01 VRTUAL MICROSFT 06001702 MSFT 00000097),99b568dc,[ <*>.<*>] ACPI: <*> <*> <*> <*> VRTUAL MICROSFT <*> MSFT <*>),"['0.059278', 'WAET', '0x000000003FFF1A80 000028 (v01', '06001702', '00000097']"
402,Mar,9,10:43:14,Client03,kernel,[    0.064196] ACPI: SLIC 0x000000003FFF1AC0 000176 (v01 VRTUAL MICROSFT 06001702 MSFT 00000097),99b568dc,[ <*>.<*>] ACPI: <*> <*> <*> <*> VRTUAL MICROSFT <*> MSFT <*>),"['0.064196', 'SLIC', '0x000000003FFF1AC0 000176 (v01', '06001702', '00000097']"
403,Mar,9,10:43:14,Client03,kernel,[    0.069008] ACPI: OEM0 0x000000003FFF1CC0 000064 (v01 VRTUAL MICROSFT 06001702 MSFT 00000097),99b568dc,[ <*>.<*>] ACPI: <*> <*> <*> <*> VRTUAL MICROSFT <*> MSFT <*>),"['0.069008', 'OEM0', '0x000000003FFF1CC0 000064 (v01', '06001702', '00000097']"
404,Mar,9,10:43:14,Client03,kernel,[    0.073751] ACPI: SRAT 0x000000003FFF0800 000140 (v02 VRTUAL MICROSFT 00000001 MSFT 00000001),99b568dc,[ <*>.<*>] ACPI: <*> <*> <*> <*> VRTUAL MICROSFT <*> MSFT <*>),"['0.073751', 'SRAT', '0x000000003FFF0800 000140 (v02', '00000001', '00000001']"
405,Mar,9,10:43:14,Client03,kernel,[    0.078470] ACPI: APIC 0x000000003FFF0300 000452 (v01 VRTUAL MICROSFT 06001702 MSFT 00000097),99b568dc,[ <*>.<*>] ACPI: <*> <*> <*> <*> VRTUAL MICROSFT <*> MSFT <*>),"['0.078470', 'APIC', '0x000000003FFF0300 000452 (v01', '06001702', '00000097']"
406,Mar,9,10:43:14,Client03,kernel,[    0.083417] ACPI: OEMB 0x000000003FFFF040 000064 (v01 VRTUAL MICROSFT 06001702 MSFT 00000097),99b568dc,[ <*>.<*>] ACPI: <*> <*> <*> <*> VRTUAL MICROSFT <*> MSFT <*>),"['0.083417', 'OEMB', '0x000000003FFFF040 000064 (v01', '06001702', '00000097']"
407,Mar,9,10:43:14,Client03,kernel,[    0.088705] ACPI: Local APIC address 0xfee00000,33c2304b,[ <*>.<*>] ACPI: Local APIC address 0xfee<*>,"['0.088705', '00000']"
408,Mar,9,10:43:14,Client03,kernel,[    0.088743] SRAT: PXM 0 -> APIC 0x00 -> Node 0,3a0052b7,[ <*>.<*>] SRAT: PXM <*> -> APIC <*> -> Node <*>,"['0.088743', '0 ->', '0x00 ->', '0']"
409,Mar,9,10:43:14,Client03,kernel,[    0.091468] SRAT: PXM 0 -> APIC 0x01 -> Node 0,3a0052b7,[ <*>.<*>] SRAT: PXM <*> -> APIC <*> -> Node <*>,"['0.091468', '0 ->', '0x01 ->', '0']"
410,Mar,9,10:43:14,Client03,kernel,[    0.094447] ACPI: SRAT: Node 0 PXM 0 [mem 0x00000000-0x3fffffff] hotplug,59806dab,[ <*>.<*>] ACPI: SRAT: Node <*> PXM <*> [mem <*> hotplug,"['0.094447', '0', '0', '0x00000000-0x3fffffff]']"
411,Mar,9,10:43:14,Client03,kernel,[    0.098610] ACPI: SRAT: Node 0 PXM 0 [mem 0x100000000-0x2bfffffff] hotplug,59806dab,[ <*>.<*>] ACPI: SRAT: Node <*> PXM <*> [mem <*> hotplug,"['0.098610', '0', '0', '0x100000000-0x2bfffffff]']"
412,Mar,9,10:43:14,Client03,kernel,[    0.107800] ACPI: SRAT: Node 0 PXM 0 [mem 0x2c0200000-0xfdfffffff] hotplug,59806dab,[ <*>.<*>] ACPI: SRAT: Node <*> PXM <*> [mem <*> hotplug,"['0.107800', '0', '0', '0x2c0200000-0xfdfffffff]']"
413,Mar,9,10:43:14,Client03,kernel,[    0.111720] ACPI: SRAT: Node 0 PXM 0 [mem 0x1000000000-0xffffffffff] hotplug,59806dab,[ <*>.<*>] ACPI: SRAT: Node <*> PXM <*> [mem <*> hotplug,"['0.111720', '0', '0', '0x1000000000-0xffffffffff]']"
414,Mar,9,10:43:14,Client03,kernel,[    0.115920] ACPI: SRAT: Node 0 PXM 0 [mem 0x10000200000-0x1ffffffffff] hotplug,59806dab,[ <*>.<*>] ACPI: SRAT: Node <*> PXM <*> [mem <*> hotplug,"['0.115920', '0', '0', '0x10000200000-0x1ffffffffff]']"
415,Mar,9,10:43:14,Client03,kernel,[    0.120473] ACPI: SRAT: Node 0 PXM 0 [mem 0x20000200000-0x3ffffffffff] hotplug,59806dab,[ <*>.<*>] ACPI: SRAT: Node <*> PXM <*> [mem <*> hotplug,"['0.120473', '0', '0', '0x20000200000-0x3ffffffffff]']"
416,Mar,9,10:43:14,Client03,kernel,[    0.125089] NUMA: Node 0 [mem 0x00000000-0x3fffffff] + [mem 0x100000000-0x2bfffffff] -> [mem 0x00000000-0x2bfffffff],2149b3b0,[ <*>.<*>] NUMA: Node <*> [mem 0x00000000-0x3fffffff] + [mem 0x100000000-0x2bfffffff] -> [mem 0x00000000-0x2bfffffff],"['0.125089', '0']"
417,Mar,9,10:43:14,Client03,kernel,[    0.131971] NODE_DATA(0) allocated [mem 0x2bffd5000-0x2bfffffff],b6667f9b,[ <*>.<*>] <*> <*> [mem <*>,"['0.131971', 'NODE_DATA(0) allocated', '0x2bffd5000-0x2bfffffff]']"
418,Mar,9,10:43:14,Client03,kernel,[    0.136167] Zone ranges:,936b8562,[ <*>.<*>] <*> <*>,"['0.136167', 'Zone ranges:']"
419,Mar,9,10:43:14,Client03,kernel,[    0.137964]   DMA      [mem 0x0000000000001000-0x0000000000ffffff],1c598435,[ <*>.<*>] <*> [mem <*>,"['0.137964', 'DMA', '0x0000000000001000-0x0000000000ffffff]']"
420,Mar,9,10:43:14,Client03,kernel,[    0.142025]   DMA32    [mem 0x0000000001000000-0x00000000ffffffff],1c598435,[ <*>.<*>] <*> [mem <*>,"['0.142025', 'DMA32', '0x0000000001000000-0x00000000ffffffff]']"
421,Mar,9,10:43:14,Client03,kernel,[    0.145689]   Normal   [mem 0x0000000100000000-0x00000002bfffffff],1c598435,[ <*>.<*>] <*> [mem <*>,"['0.145689', 'Normal', '0x0000000100000000-0x00000002bfffffff]']"
422,Mar,9,10:43:14,Client03,kernel,[    0.153572]   Device   empty,936b8562,[ <*>.<*>] <*> <*>,"['0.153572', 'Device   empty']"
423,Mar,9,10:43:14,Client03,kernel,[    0.155232] Movable zone start for each node,64c52242,[ <*>.<*>] Movable zone start for each node,['0.155232']
424,Mar,9,10:43:14,Client03,kernel,[    0.157883] Early memory node ranges,a091d2c8,[ <*>.<*>] Early memory node ranges,['0.157883']
425,Mar,9,10:43:14,Client03,kernel,[    0.160120]   node   0: [mem 0x0000000000001000-0x000000000009efff],b6667f9b,[ <*>.<*>] <*> <*> [mem <*>,"['0.160120', 'node   0:', '0x0000000000001000-0x000000000009efff]']"
426,Mar,9,10:43:14,Client03,kernel,[    0.164077]   node   0: [mem 0x0000000000100000-0x000000003ffeffff],b6667f9b,[ <*>.<*>] <*> <*> [mem <*>,"['0.164077', 'node   0:', '0x0000000000100000-0x000000003ffeffff]']"
427,Mar,9,10:43:14,Client03,kernel,[    0.168219]   node   0: [mem 0x0000000100000000-0x00000002bfffffff],b6667f9b,[ <*>.<*>] <*> <*> [mem <*>,"['0.168219', 'node   0:', '0x0000000100000000-0x00000002bfffffff]']"
428,Mar,9,10:43:14,Client03,kernel,[    0.172079] Zeroed struct page in unavailable ranges: 114 pages,466785ab,[ <*>.<*>] Zeroed struct page in unavailable ranges: <*> pages,"['0.172079', '114']"
429,Mar,9,10:43:14,Client03,kernel,[    0.172081] Initmem setup node 0 [mem 0x0000000000001000-0x00000002bfffffff],9b9613f5,[ <*>.<*>] Initmem setup node <*> [mem 0x0000000000001000-0x00000002bfffffff],"['0.172081', '0']"
430,Mar,9,10:43:14,Client03,kernel,[    0.177730] On node 0 totalpages: 2097038,6d7e682c,[ <*>.<*>] On node <*> totalpages: <*>,"['0.177730', '0', '2097038']"
431,Mar,9,10:43:14,Client03,kernel,[    0.177732]   DMA zone: 64 pages used for memmap,8f605fdb,[ <*>.<*>] <*> zone: <*> pages used for memmap,"['0.177732', 'DMA', '64']"
432,Mar,9,10:43:14,Client03,kernel,[    0.177733]   DMA zone: 21 pages reserved,4f135b04,[ <*>.<*>] DMA zone: <*> pages reserved,"['0.177733', '21']"
433,Mar,9,10:43:14,Client03,kernel,"[    0.177734]   DMA zone: 3998 pages, LIFO batch:0",c61c09e1,"[ <*>.<*>] <*> zone: <*> pages, LIFO batch:<*>","['0.177734', 'DMA', '3998', '0']"
434,Mar,9,10:43:14,Client03,kernel,[    0.177874]   DMA32 zone: 4032 pages used for memmap,8f605fdb,[ <*>.<*>] <*> zone: <*> pages used for memmap,"['0.177874', 'DMA32', '4032']"
435,Mar,9,10:43:14,Client03,kernel,"[    0.177875]   DMA32 zone: 258032 pages, LIFO batch:63",c61c09e1,"[ <*>.<*>] <*> zone: <*> pages, LIFO batch:<*>","['0.177875', 'DMA32', '258032', '63']"
436,Mar,9,10:43:14,Client03,kernel,[    0.186426]   Normal zone: 28672 pages used for memmap,8f605fdb,[ <*>.<*>] <*> zone: <*> pages used for memmap,"['0.186426', 'Normal', '28672']"
437,Mar,9,10:43:14,Client03,kernel,"[    0.186427]   Normal zone: 1835008 pages, LIFO batch:63",c61c09e1,"[ <*>.<*>] <*> zone: <*> pages, LIFO batch:<*>","['0.186427', 'Normal', '1835008', '63']"
438,Mar,9,10:43:14,Client03,kernel,[    0.231267] ACPI: PM-Timer IO Port: 0x408,b78b9daf,[ <*>.<*>] ACPI: PM-Timer IO Port: 0x<*>,"['0.231267', '408']"
439,Mar,9,10:43:14,Client03,kernel,[    0.232702] ACPI: Local APIC address 0xfee00000,33c2304b,[ <*>.<*>] ACPI: Local APIC address 0xfee<*>,"['0.232702', '00000']"
440,Mar,9,10:43:14,Client03,kernel,[    0.232712] ACPI: LAPIC_NMI (acpi_id[0xff] dfl dfl lint[0x1]),dd7dce95,[ <*>.<*>] ACPI: LAPIC_NMI (acpi_id[0xff] dfl dfl lint[0x1]),['0.232712']
441,Mar,9,10:43:14,Client03,kernel,"[    0.235988] IOAPIC[0]: apic_id 0, version 17, address 0xfec00000, GSI 0-23",a7e15138,"[ <*>.<*>] IOAPIC[<*>]: apic_id <*>, version <*>, address 0xfec00000, GSI <*>-<*>","['0.235988', '0', '0', '17', '0-23']"
442,Mar,9,10:43:14,Client03,kernel,[    0.239240] ACPI: INT_SRC_OVR (bus 0 bus_irq 0 global_irq 2 dfl dfl),14e2150c,[ <*>.<*>] ACPI: INT_SRC_OVR (bus <*> bus_irq <*> global_irq <*> <*> <*>,"['0.239240', '0', '0', '2', 'dfl dfl)']"
443,Mar,9,10:43:14,Client03,kernel,[    0.243166] ACPI: INT_SRC_OVR (bus 0 bus_irq 9 global_irq 9 high level),14e2150c,[ <*>.<*>] ACPI: INT_SRC_OVR (bus <*> bus_irq <*> global_irq <*> <*> <*>,"['0.243166', '0', '9', '9', 'high level)']"
444,Mar,9,10:43:14,Client03,kernel,[    0.247412] ACPI: IRQ0 used by override.,908df579,[ <*>.<*>] ACPI: <*> used by override.,"['0.247412', 'IRQ0']"
445,Mar,9,10:43:14,Client03,kernel,[    0.247413] ACPI: IRQ9 used by override.,908df579,[ <*>.<*>] ACPI: <*> used by override.,"['0.247413', 'IRQ9']"
446,Mar,9,10:43:14,Client03,kernel,[    0.247416] Using ACPI (MADT) for SMP configuration information,2d06faa7,[ <*>.<*>] Using ACPI (MADT) for SMP configuration information,['0.247416']
447,Mar,9,10:43:14,Client03,kernel,"[    0.251045] smpboot: Allowing 128 CPUs, 126 hotplug CPUs",9b8c143d,"[ <*>.<*>] smpboot: Allowing <*> CPUs, <*> hotplug CPUs","['0.251045', '128', '126']"
448,Mar,9,10:43:14,Client03,kernel,[    0.254167] PM: Registered nosave memory: [mem 0x00000000-0x00000fff],adb3b7e0,[ <*>.<*>] PM: Registered nosave memory: [mem <*>,"['0.254167', '0x00000000-0x00000fff]']"
449,Mar,9,10:43:14,Client03,kernel,[    0.257507] PM: Registered nosave memory: [mem 0x0009f000-0x0009ffff],adb3b7e0,[ <*>.<*>] PM: Registered nosave memory: [mem <*>,"['0.257507', '0x0009f000-0x0009ffff]']"
450,Mar,9,10:43:14,Client03,kernel,[    0.261772] PM: Registered nosave memory: [mem 0x000a0000-0x000dffff],adb3b7e0,[ <*>.<*>] PM: Registered nosave memory: [mem <*>,"['0.261772', '0x000a0000-0x000dffff]']"
451,Mar,9,10:43:14,Client03,kernel,[    0.265838] PM: Registered nosave memory: [mem 0x000e0000-0x000fffff],adb3b7e0,[ <*>.<*>] PM: Registered nosave memory: [mem <*>,"['0.265838', '0x000e0000-0x000fffff]']"
452,Mar,9,10:43:14,Client03,kernel,[    0.269801] PM: Registered nosave memory: [mem 0x3fff0000-0x3fffefff],adb3b7e0,[ <*>.<*>] PM: Registered nosave memory: [mem <*>,"['0.269801', '0x3fff0000-0x3fffefff]']"
453,Mar,9,10:43:14,Client03,kernel,[    0.273787] PM: Registered nosave memory: [mem 0x3ffff000-0x3fffffff],adb3b7e0,[ <*>.<*>] PM: Registered nosave memory: [mem <*>,"['0.273787', '0x3ffff000-0x3fffffff]']"
454,Mar,9,10:43:14,Client03,kernel,[    0.277979] PM: Registered nosave memory: [mem 0x40000000-0xffffffff],adb3b7e0,[ <*>.<*>] PM: Registered nosave memory: [mem <*>,"['0.277979', '0x40000000-0xffffffff]']"
455,Mar,9,10:43:14,Client03,kernel,[    0.282432] [mem 0x40000000-0xffffffff] available for PCI devices,3f07a14b,[ <*>.<*>] [mem 0x40000000-0xffffffff] available for PCI devices,['0.282432']
456,Mar,9,10:43:14,Client03,kernel,[    0.286307] Booting paravirtualized kernel on bare hardware,8d50c11c,[ <*>.<*>] Booting paravirtualized kernel on bare hardware,['0.286307']
457,Mar,9,10:43:14,Client03,kernel,"[    0.289886] clocksource: refined-jiffies: mask: 0xffffffff max_cycles: 0xffffffff, max_idle_ns: 7645519600211568 ns",86aa80c1,[ <*>.<*>] clocksource: <*> mask: <*> max_cycles: <*> max_idle_ns: <*> ns,"['0.289886', 'refined-jiffies:', '0xffffffff', '0xffffffff,', '7645519600211568']"
458,Mar,9,10:43:14,Client03,kernel,[    0.296541] random: get_random_bytes called from start_kernel+0x93/0x503 with crng_init=0,443bf847,[ <*>.<*>] random: get_random_bytes called from start_kernel+0x93/0x503 with crng_init=<*>,"['0.296541', '0']"
459,Mar,9,10:43:14,Client03,kernel,[    0.301574] setup_percpu: NR_CPUS:8192 nr_cpumask_bits:128 nr_cpu_ids:128 nr_node_ids:1,179bb8e8,[ <*>.<*>] setup_percpu: NR_CPUS:<*> nr_cpumask_bits:<*> nr_cpu_ids:<*> nr_node_ids:<*>,"['0.301574', '8192', '128', '128', '1']"
460,Mar,9,10:43:14,Client03,kernel,[    0.314212] percpu: Embedded 45 pages/cpu s147456 r8192 d28672 u262144,e239aa8c,[ <*>.<*>] percpu: Embedded <*> pages/cpu s147456 r8192 d28672 u<*>,"['0.314212', '45', '262144']"
461,Mar,9,10:43:14,Client03,kernel,[    0.316917] pcpu-alloc: s147456 r8192 d28672 u262144 alloc=1*2097152,9389e3c2,[ <*>.<*>] pcpu-alloc: s147456 r8192 d28672 u262144 alloc=<*>*<*>,"['0.316917', '1*2097152']"
462,Mar,9,10:43:14,Client03,kernel,[    0.316918] pcpu-alloc: [0] 000 001 002 003 004 005 006 007,30022ec8,[ <*>.<*>] pcpu-alloc: [<*>] <*> <*> <*> <*> <*> <*> <*> <*>,"['0.316918', '0', '000', '001', '002', '003 004 005 006 007']"
463,Mar,9,10:43:14,Client03,kernel,[    0.316920] pcpu-alloc: [0] 008 009 010 011 012 013 014 015,30022ec8,[ <*>.<*>] pcpu-alloc: [<*>] <*> <*> <*> <*> <*> <*> <*> <*>,"['0.316920', '0', '008', '009', '010', '011 012 013 014 015']"
464,Mar,9,10:43:14,Client03,kernel,[    0.316922] pcpu-alloc: [0] 016 017 018 019 020 021 022 023,30022ec8,[ <*>.<*>] pcpu-alloc: [<*>] <*> <*> <*> <*> <*> <*> <*> <*>,"['0.316922', '0', '016', '017', '018', '019 020 021 022 023']"
465,Mar,9,10:43:14,Client03,kernel,[    0.316924] pcpu-alloc: [0] 024 025 026 027 028 029 030 031,30022ec8,[ <*>.<*>] pcpu-alloc: [<*>] <*> <*> <*> <*> <*> <*> <*> <*>,"['0.316924', '0', '024', '025', '026', '027 028 029 030 031']"
466,Mar,9,10:43:14,Client03,kernel,[    0.316926] pcpu-alloc: [0] 032 033 034 035 036 037 038 039,30022ec8,[ <*>.<*>] pcpu-alloc: [<*>] <*> <*> <*> <*> <*> <*> <*> <*>,"['0.316926', '0', '032', '033', '034', '035 036 037 038 039']"
467,Mar,9,10:43:14,Client03,kernel,[    0.316927] pcpu-alloc: [0] 040 041 042 043 044 045 046 047,30022ec8,[ <*>.<*>] pcpu-alloc: [<*>] <*> <*> <*> <*> <*> <*> <*> <*>,"['0.316927', '0', '040', '041', '042', '043 044 045 046 047']"
468,Mar,9,10:43:14,Client03,kernel,[    0.316929] pcpu-alloc: [0] 048 049 050 051 052 053 054 055,30022ec8,[ <*>.<*>] pcpu-alloc: [<*>] <*> <*> <*> <*> <*> <*> <*> <*>,"['0.316929', '0', '048', '049', '050', '051 052 053 054 055']"
469,Mar,9,10:43:14,Client03,kernel,[    0.316931] pcpu-alloc: [0] 056 057 058 059 060 061 062 063,30022ec8,[ <*>.<*>] pcpu-alloc: [<*>] <*> <*> <*> <*> <*> <*> <*> <*>,"['0.316931', '0', '056', '057', '058', '059 060 061 062 063']"
470,Mar,9,10:43:14,Client03,kernel,[    0.316932] pcpu-alloc: [0] 064 065 066 067 068 069 070 071,30022ec8,[ <*>.<*>] pcpu-alloc: [<*>] <*> <*> <*> <*> <*> <*> <*> <*>,"['0.316932', '0', '064', '065', '066', '067 068 069 070 071']"
471,Mar,9,10:43:14,Client03,kernel,[    0.316934] pcpu-alloc: [0] 072 073 074 075 076 077 078 079,30022ec8,[ <*>.<*>] pcpu-alloc: [<*>] <*> <*> <*> <*> <*> <*> <*> <*>,"['0.316934', '0', '072', '073', '074', '075 076 077 078 079']"
472,Mar,9,10:43:14,Client03,kernel,[    0.316936] pcpu-alloc: [0] 080 081 082 083 084 085 086 087,30022ec8,[ <*>.<*>] pcpu-alloc: [<*>] <*> <*> <*> <*> <*> <*> <*> <*>,"['0.316936', '0', '080', '081', '082', '083 084 085 086 087']"
473,Mar,9,10:43:14,Client03,kernel,[    0.316937] pcpu-alloc: [0] 088 089 090 091 092 093 094 095,30022ec8,[ <*>.<*>] pcpu-alloc: [<*>] <*> <*> <*> <*> <*> <*> <*> <*>,"['0.316937', '0', '088', '089', '090', '091 092 093 094 095']"
474,Mar,9,10:43:14,Client03,kernel,[    0.316939] pcpu-alloc: [0] 096 097 098 099 100 101 102 103,30022ec8,[ <*>.<*>] pcpu-alloc: [<*>] <*> <*> <*> <*> <*> <*> <*> <*>,"['0.316939', '0', '096', '097', '098', '099 100 101 102 103']"
475,Mar,9,10:43:14,Client03,kernel,[    0.316941] pcpu-alloc: [0] 104 105 106 107 108 109 110 111,30022ec8,[ <*>.<*>] pcpu-alloc: [<*>] <*> <*> <*> <*> <*> <*> <*> <*>,"['0.316941', '0', '104', '105', '106', '107 108 109 110 111']"
476,Mar,9,10:43:14,Client03,kernel,[    0.316943] pcpu-alloc: [0] 112 113 114 115 116 117 118 119,30022ec8,[ <*>.<*>] pcpu-alloc: [<*>] <*> <*> <*> <*> <*> <*> <*> <*>,"['0.316943', '0', '112', '113', '114', '115 116 117 118 119']"
477,Mar,9,10:43:14,Client03,kernel,[    0.316944] pcpu-alloc: [0] 120 121 122 123 124 125 126 127,30022ec8,[ <*>.<*>] pcpu-alloc: [<*>] <*> <*> <*> <*> <*> <*> <*> <*>,"['0.316944', '0', '120', '121', '122', '123 124 125 126 127']"
478,Mar,9,10:43:14,Client03,kernel,[    0.316980] Hyper-V: PV spinlocks enabled,8f72dbf6,[ <*>.<*>] <*> <*> <*> enabled,"['0.316980', 'Hyper-V:', 'PV spinlocks']"
479,Mar,9,10:43:14,Client03,kernel,"[    0.318658] PV qspinlock hash table entries: 512 (order: 1, 8192 bytes)",e2564448,"[ <*>.<*>] <*> <*> hash table entries: <*> <*> <*>, <*> bytes)","['0.318658', 'PV qspinlock', '512', '(order: 1', '8192']"
480,Mar,9,10:43:14,Client03,kernel,"[    0.322318] Built 1 zonelists, mobility grouping on.  Total pages: 2064249",6111a56b,"[ <*>.<*>] Built <*> zonelists, mobility grouping on. Total pages: <*>","['0.322318', '1', '2064249']"
481,Mar,9,10:43:14,Client03,kernel,[    0.325960] Policy zone: Normal,fea59dea,[ <*>.<*>] Policy zone: Normal,['0.325960']
482,Mar,9,10:43:14,Client03,kernel,[    0.327532] Kernel command line: BOOT_IMAGE=/boot/vmlinuz-5.0.0-1032-azure root=UUID=5604f71e-1e5f-443c-a99e-b82bb5c201df ro console=tty1 console=ttyS0 earlyprintk=ttyS0 rootdelay=300,96f4d3c0,[ <*>.<*>] Kernel command line: BOOT_IMAGE=/boot/vmlinuz-<*>.<*>.<*>-<*>-azure root=UUID=5604f71e-1e5f-443c-a99e-b82bb5c201df ro console=tty1 console=ttyS0 earlyprintk=ttyS0 rootdelay=<*>,"['0.327532', '5', '0.0-1032', '300']"
483,Mar,9,10:43:14,Client03,kernel,[    0.337102] printk: log_buf_len individual max cpu contribution: 4096 bytes,4bf266f9,[ <*>.<*>] printk: log_buf_len individual max cpu contribution: <*> bytes,"['0.337102', '4096']"
484,Mar,9,10:43:14,Client03,kernel,[    0.341484] printk: log_buf_len total cpu_extra contributions: 520192 bytes,eb09db24,[ <*>.<*>] printk: log_buf_len total cpu_extra contributions: <*> bytes,"['0.341484', '520192']"
485,Mar,9,10:43:14,Client03,kernel,[    0.345963] printk: log_buf_len min size: 262144 bytes,87a236f5,[ <*>.<*>] printk: log_buf_len min size: <*> bytes,"['0.345963', '262144']"
486,Mar,9,10:43:14,Client03,kernel,[    0.349321] printk: log_buf_len: 1048576 bytes,ae7520bd,[ <*>.<*>] printk: <*> <*> <*>,"['0.349321', 'log_buf_len:', '1048576 bytes']"
487,Mar,9,10:43:14,Client03,kernel,[    0.352129] printk: early log buf free: 251912(96%),3836433f,[ <*>.<*>] printk: early log buf free: <*>(<*>%),"['0.352129', '251912(96']"
488,Mar,9,10:43:14,Client03,kernel,[    0.376130] Calgary: detecting Calgary via BIOS EBDA area,0ab61629,[ <*>.<*>] Calgary: detecting Calgary via BIOS EBDA area,['0.376130']
489,Mar,9,10:43:14,Client03,kernel,[    0.376133] Calgary: Unable to locate Rio Grande table in EBDA - bailing!,610ef30a,[ <*>.<*>] Calgary: Unable to locate Rio Grande table in EBDA - bailing!,['0.376133']
490,Mar,9,10:43:14,Client03,kernel,"[    0.399000] Memory: 8118156K/8388152K available (12292K kernel code, 2233K rwdata, 3944K rodata, 2360K init, 5524K bss, 269996K reserved, 0K cma-reserved)",cebb4727,"[ <*>.<*>] Memory: <*> available (12292K kernel code, 2233K rwdata, 3944K rodata, 2360K init, 5524K bss, <*> reserved, 0K cma-reserved)","['0.399000', '8118156K/8388152K', '269996K']"
491,Mar,9,10:43:14,Client03,kernel,"[    0.405119] SLUB: HWalign=64, Order=0-3, MinObjects=0, CPUs=128, Nodes=1",0650e733,"[ <*>.<*>] SLUB: HWalign=<*>, Order=<*>-<*>, MinObjects=<*>, CPUs=<*>, Nodes=<*>","['0.405119', '64', '0-3', '0', '128', '1']"
492,Mar,9,10:43:14,Client03,kernel,[    0.407779] Kernel/User page tables isolation: enabled,1c356206,[ <*>.<*>] Kernel/User page tables isolation: enabled,['0.407779']
493,Mar,9,10:43:14,Client03,kernel,[    0.413511] ftrace: allocating 38709 entries in 152 pages,bff63748,[ <*>.<*>] ftrace: allocating <*> entries in <*> pages,"['0.413511', '38709', '152']"
494,Mar,9,10:43:14,Client03,kernel,[    0.433774] rcu: Hierarchical RCU implementation.,a4a8ef32,[ <*>.<*>] rcu: Hierarchical <*> implementation.,"['0.433774', 'RCU']"
495,Mar,9,10:43:14,Client03,kernel,[    0.436139] rcu: 	RCU restricting CPUs from NR_CPUS=8192 to nr_cpu_ids=128.,b21b8830,[ <*>.<*>] rcu: RCU restricting CPUs from NR_CPUS=<*> to nr_cpu_ids=<*>.,"['0.436139', '8192', '128']"
496,Mar,9,10:43:14,Client03,kernel,[    0.439366] 	Tasks RCU enabled.,0b9385e9,[ <*>.<*>] Tasks RCU enabled.,['0.439366']
497,Mar,9,10:43:14,Client03,kernel,[    0.440578] rcu: RCU calculated value of scheduler-enlistment delay is 25 jiffies.,47b028da,[ <*>.<*>] rcu: RCU calculated value of scheduler-enlistment delay is <*> jiffies.,"['0.440578', '25']"
498,Mar,9,10:43:14,Client03,kernel,"[    0.443652] rcu: Adjusting geometry for rcu_fanout_leaf=16, nr_cpu_ids=128",b2110681,"[ <*>.<*>] rcu: Adjusting geometry for rcu_fanout_leaf=<*>, nr_cpu_ids=<*>","['0.443652', '16', '128']"
499,Mar,9,10:43:14,Client03,kernel,"[    0.449731] NR_IRQS: 524544, nr_irqs: 1448, preallocated irqs: 16",448ffa05,"[ <*>.<*>] NR_IRQS: <*>, nr_irqs: <*>, preallocated irqs: <*>","['0.449731', '524544', '1448', '16']"
500,Mar,9,10:43:14,Client03,kernel,[    0.457557] Console: colour VGA+ 80x25,ba5a5b44,[ <*>.<*>] Console: colour VGA+ 80x<*>,"['0.457557', '25']"
501,Mar,9,10:43:14,Client03,kernel,[    1.001812] printk: console [tty1] enabled,8f72dbf6,[ <*>.<*>] <*> <*> <*> enabled,"['1.001812', 'printk:', 'console [tty1]']"
502,Mar,9,10:43:14,Client03,kernel,[    1.004970] printk: console [ttyS0] enabled,8f72dbf6,[ <*>.<*>] <*> <*> <*> enabled,"['1.004970', 'printk:', 'console [ttyS0]']"
503,Mar,9,10:43:14,Client03,kernel,[    1.010369] printk: bootconsole [earlyser0] disabled,ae7520bd,[ <*>.<*>] printk: <*> <*> <*>,"['1.010369', 'bootconsole', '[earlyser0] disabled']"
504,Mar,9,10:43:14,Client03,kernel,[    1.016490] ACPI: Core revision 20181213,384a7d61,[ <*>.<*>] ACPI: <*> <*> <*>,"['1.016490', 'Core', 'revision 20181213']"
505,Mar,9,10:43:14,Client03,kernel,[    1.019302] APIC: Switch to symmetric I/O mode setup,78932e3c,[ <*>.<*>] APIC: Switch to symmetric I/O mode setup,['1.019302']
506,Mar,9,10:43:14,Client03,kernel,[    1.022543] Switched APIC routing to physical flat.,e5c5d87b,[ <*>.<*>] Switched APIC routing to physical flat.,['1.022543']
507,Mar,9,10:43:14,Client03,kernel,[    1.025777] Hyper-V: Using IPI hypercalls,cc148139,[ <*>.<*>] Hyper-V: Using IPI hypercalls,['1.025777']
508,Mar,9,10:43:14,Client03,kernel,[    1.028453] Hyper-V: Using enlightened APIC (xapic mode),ce2a1825,[ <*>.<*>] Hyper-V: Using enlightened APIC (xapic mode),['1.028453']
509,Mar,9,10:43:14,Client03,kernel,"[    1.028460] clocksource: hyperv_clocksource_tsc_page: mask: 0xffffffffffffffff max_cycles: 0x24e6a1710, max_idle_ns: 440795202120 ns",86aa80c1,[ <*>.<*>] clocksource: <*> mask: <*> max_cycles: <*> max_idle_ns: <*> ns,"['1.028460', 'hyperv_clocksource_tsc_page:', '0xffffffffffffffff', '0x24e6a1710,', '440795202120']"
510,Mar,9,10:43:14,Client03,kernel,"[    1.058266] Calibrating delay loop (skipped), value calculated using timer frequency.. 4788.91 BogoMIPS (lpj=9577824)",21d515eb,"[ <*>.<*>] Calibrating delay loop (skipped), value calculated using timer frequency.. <*>.<*> BogoMIPS (lpj=<*>)","['1.058266', '4788.91', '9577824']"
511,Mar,9,10:43:14,Client03,kernel,[    1.062252] pid_max: default: 131072 minimum: 1024,f518058d,[ <*>.<*>] pid_max: default: <*> minimum: <*>,"['1.062252', '131072', '1024']"
512,Mar,9,10:43:14,Client03,kernel,[    1.062252] LSM: Security Framework initializing,4a44d82f,[ <*>.<*>] LSM: Security Framework initializing,['1.062252']
513,Mar,9,10:43:14,Client03,kernel,[    1.062252] Yama: becoming mindful.,2824e23c,[ <*>.<*>] Yama: becoming mindful.,['1.062252']
514,Mar,9,10:43:14,Client03,kernel,[    1.062252] AppArmor: AppArmor initialized,39dbb8e6,[ <*>.<*>] <*> <*> initialized,"['1.062252', 'AppArmor: AppArmor']"
515,Mar,9,10:43:14,Client03,kernel,"[    1.062252] Dentry cache hash table entries: 1048576 (order: 11, 8388608 bytes)",e2564448,"[ <*>.<*>] <*> <*> hash table entries: <*> <*> <*>, <*> bytes)","['1.062252', 'Dentry cache', '1048576', '(order: 11', '8388608']"
516,Mar,9,10:43:14,Client03,kernel,"[    1.062252] Inode-cache hash table entries: 524288 (order: 10, 4194304 bytes)",6a78c96c,"[ <*>.<*>] <*> hash table entries: <*> (order: <*>, <*> bytes)","['1.062252', 'Inode-cache', '524288', '10', '4194304']"
517,Mar,9,10:43:14,Client03,kernel,"[    1.062252] Mount-cache hash table entries: 16384 (order: 5, 131072 bytes)",6a78c96c,"[ <*>.<*>] <*> hash table entries: <*> (order: <*>, <*> bytes)","['1.062252', 'Mount-cache', '16384', '5', '131072']"
518,Mar,9,10:43:14,Client03,kernel,"[    1.062252] Mountpoint-cache hash table entries: 16384 (order: 5, 131072 bytes)",6a78c96c,"[ <*>.<*>] <*> hash table entries: <*> (order: <*>, <*> bytes)","['1.062252', 'Mountpoint-cache', '16384', '5', '131072']"
519,Mar,9,10:43:14,Client03,kernel,"[    1.062252] Last level iTLB entries: 4KB 1024, 2MB 1024, 4MB 1024",fd5fafaf,"[ <*>.<*>] Last level iTLB entries: 4KB <*>, 2MB <*>, 4MB <*>","['1.062252', '1024', '1024', '1024']"
520,Mar,9,10:43:14,Client03,kernel,"[    1.062252] Last level dTLB entries: 4KB 1024, 2MB 1024, 4MB 1024, 1GB 4",7e4285f0,"[ <*>.<*>] Last level dTLB entries: 4KB <*>, 2MB <*>, 4MB <*>, 1GB <*>","['1.062252', '1024', '1024', '1024', '4']"
521,Mar,9,10:43:14,Client03,kernel,[    1.062252] Spectre V1 : Mitigation: usercopy/swapgs barriers and __user pointer sanitization,0a5fefa9,[ <*>.<*>] Spectre V1 : Mitigation: usercopy/swapgs barriers and __user pointer sanitization,['1.062252']
522,Mar,9,10:43:14,Client03,kernel,[    1.062252] Spectre V2 : Mitigation: Full generic retpoline,2b81bf58,[ <*>.<*>] Spectre V2 : Mitigation: Full generic retpoline,['1.062252']
523,Mar,9,10:43:14,Client03,kernel,[    1.062252] Spectre V2 : Spectre v2 / SpectreRSB mitigation: Filling RSB on context switch,0b47a21f,[ <*>.<*>] Spectre V2 : Spectre v2 / SpectreRSB mitigation: Filling RSB on context switch,['1.062252']
524,Mar,9,10:43:14,Client03,kernel,[    1.062252] Speculative Store Bypass: Vulnerable,e996fac8,[ <*>.<*>] Speculative Store Bypass: Vulnerable,['1.062252']
525,Mar,9,10:43:14,Client03,kernel,[    1.062252] MDS: Mitigation: Clear CPU buffers,c336bf06,[ <*>.<*>] <*> Mitigation: Clear CPU buffers,"['1.062252', 'MDS:']"
526,Mar,9,10:43:14,Client03,kernel,[    1.062252] Freeing SMP alternatives memory: 36K,b69059a5,[ <*>.<*>] Freeing <*> <*> memory: <*>,"['1.062252', 'SMP alternatives', '36K']"
527,Mar,9,10:43:14,Client03,kernel,"[    1.062252] smpboot: CPU0: Intel(R) Xeon(R) CPU E5-2673 v3 @ 2.40GHz (family: 0x6, model: 0x3f, stepping: 0x2)",fdef78f3,"[ <*>.<*>] smpboot: CPU0: Intel(R) Xeon(R) CPU E5-<*> <*> @ <*> (family: 0x6, model: <*> stepping: <*>","['1.062252', '2673 v3', '2.40GHz', '0x3f,', '0x2)']"
528,Mar,9,10:43:14,Client03,kernel,"[    1.062445] Performance Events: unsupported p6 CPU model 63 no PMU driver, software events only.",af43d4d4,"[ <*>.<*>] Performance Events: unsupported p6 CPU model <*> no PMU driver, software events only.","['1.062445', '63']"
529,Mar,9,10:43:14,Client03,kernel,[    1.066300] rcu: Hierarchical SRCU implementation.,a4a8ef32,[ <*>.<*>] rcu: Hierarchical <*> implementation.,"['1.066300', 'SRCU']"
530,Mar,9,10:43:14,Client03,kernel,[    1.070627] random: crng done (trusting CPU's manufacturer),dcaf4674,[ <*>.<*>] random: crng done (trusting CPU's manufacturer),['1.070627']
531,Mar,9,10:43:14,Client03,kernel,[    1.074295] NMI watchdog: Perf NMI watchdog permanently disabled,5fbc9904,[ <*>.<*>] NMI watchdog: Perf NMI watchdog permanently disabled,['1.074295']
532,Mar,9,10:43:14,Client03,kernel,[    1.079620] smp: Bringing up secondary CPUs ...,b2081125,[ <*>.<*>] smp: Bringing up secondary CPUs ...,['1.079620']
533,Mar,9,10:43:14,Client03,kernel,[    1.082394] x86: Booting SMP configuration:,0a1ec610,[ <*>.<*>] x86: Booting SMP configuration:,['1.082394']
534,Mar,9,10:43:14,Client03,kernel,"[    1.086261] .... node  #0, CPUs:          #1",3388cb84,"[ <*>.<*>] .... node #<*>, CPUs: #<*>","['1.086261', '0', '1']"
535,Mar,9,10:43:14,Client03,kernel,"[    1.090672] MDS CPU bug present and SMT on, data leak possible. See https://www.kernel.org/doc/html/latest/admin-guide/hw-vuln/mds.html for more details.",2e12bf3b,"[ <*>.<*>] <*> CPU bug present and SMT on, data leak possible. See <*> for more details.","['1.090672', 'MDS', 'https://www.kernel.org/doc/html/latest/admin-guide/hw-vuln/mds.html']"
536,Mar,9,10:43:14,Client03,kernel,"[    1.098264] smp: Brought up 1 node, 2 CPUs",84ff81ae,"[ <*>.<*>] smp: Brought up <*> node, <*> CPUs","['1.098264', '1', '2']"
537,Mar,9,10:43:14,Client03,kernel,[    1.102258] smpboot: Max logical packages: 64,bb2b44d1,[ <*>.<*>] smpboot: Max logical packages: <*>,"['1.102258', '64']"
538,Mar,9,10:43:14,Client03,kernel,[    1.105249] smpboot: Total of 2 processors activated (9577.82 BogoMIPS),674ff42a,[ <*>.<*>] smpboot: Total of <*> processors activated (<*>.<*> BogoMIPS),"['1.105249', '2', '9577.82']"
539,Mar,9,10:43:14,Client03,kernel,[    1.107012] devtmpfs: initialized,936b8562,[ <*>.<*>] <*> <*>,"['1.107012', 'devtmpfs: initialized']"
540,Mar,9,10:43:14,Client03,kernel,[    1.107012] x86/mm: Memory block size: 128MB,515f329c,[ <*>.<*>] x86/mm: Memory block size: 128MB,['1.107012']
541,Mar,9,10:43:14,Client03,kernel,[    1.111000] PM: Registering ACPI NVS region [mem 0x3ffff000-0x3fffffff] (4096 bytes),5360d077,[ <*>.<*>] PM: Registering ACPI NVS region [mem 0x3ffff000-0x3fffffff] (<*> bytes),"['1.111000', '4096']"
542,Mar,9,10:43:14,Client03,kernel,"[    1.118397] clocksource: jiffies: mask: 0xffffffff max_cycles: 0xffffffff, max_idle_ns: 7645041785100000 ns",86aa80c1,[ <*>.<*>] clocksource: <*> mask: <*> max_cycles: <*> max_idle_ns: <*> ns,"['1.118397', 'jiffies:', '0xffffffff', '0xffffffff,', '7645041785100000']"
543,Mar,9,10:43:14,Client03,kernel,"[    1.122334] futex hash table entries: 32768 (order: 9, 2097152 bytes)",6a78c96c,"[ <*>.<*>] <*> hash table entries: <*> (order: <*>, <*> bytes)","['1.122334', 'futex', '32768', '9', '2097152']"
544,Mar,9,10:43:14,Client03,kernel,[    1.126859] pinctrl core: initialized pinctrl subsystem,09628428,[ <*>.<*>] pinctrl core: initialized pinctrl subsystem,['1.126859']
545,Mar,9,10:43:14,Client03,kernel,"[    1.130716] RTC time: 10:40:38, date: 2020-03-09",0b45c280,"[ <*>.<*>] RTC time: <*>:<*>:<*>, date: <*>-<*>-<*>","['1.130716', '10', '40:38', '2020', '03-09']"
546,Mar,9,10:43:14,Client03,kernel,[    1.134550] NET: Registered protocol family 16,87d471e6,[ <*>.<*>] NET: Registered protocol family <*>,"['1.134550', '16']"
547,Mar,9,10:43:14,Client03,kernel,[    1.138359] audit: initializing netlink subsys (disabled),4b0e5b36,[ <*>.<*>] audit: initializing netlink subsys (disabled),['1.138359']
548,Mar,9,10:43:14,Client03,kernel,[    1.142280] audit: type=2000 audit(1583750437.084:1): state=initialized audit_enabled=0 res=1,74417e93,[ <*>.<*>] audit: type=<*> audit(<*>.<*>:<*>): state=initialized audit_enabled=<*> res=<*>,"['1.142280', '2000', '1583750437.084', '1', '0', '1']"
549,Mar,9,10:43:14,Client03,kernel,[    1.142392] EISA bus registered,cd3fa45b,[ <*>.<*>] EISA bus registered,['1.142392']
550,Mar,9,10:43:14,Client03,kernel,[    1.150273] cpuidle: using governor ladder,ebf1d118,[ <*>.<*>] cpuidle: using governor <*>,"['1.150273', 'ladder']"
551,Mar,9,10:43:14,Client03,kernel,[    1.153586] cpuidle: using governor menu,ebf1d118,[ <*>.<*>] cpuidle: using governor <*>,"['1.153586', 'menu']"
552,Mar,9,10:43:14,Client03,kernel,[    1.154333] ACPI: bus type PCI registered,35356d63,[ <*>.<*>] ACPI: bus type PCI registered,['1.154333']
553,Mar,9,10:43:14,Client03,kernel,[    1.158254] acpiphp: ACPI Hot Plug PCI Controller Driver version: 0.5,572a6a6a,[ <*>.<*>] <*> <*> Hot Plug PCI Controller Driver version: <*>.<*>,"['1.158254', 'acpiphp: ACPI', '0.5']"
554,Mar,9,10:43:14,Client03,kernel,[    1.162799] PCI: Using configuration type 1 for base access,4e0fd40b,[ <*>.<*>] PCI: Using configuration type <*> for base access,"['1.162799', '1']"
555,Mar,9,10:43:14,Client03,kernel,"[    1.170373] HugeTLB registered 1.00 GiB page size, pre-allocated 0 pages",ed0c38b8,"[ <*>.<*>] HugeTLB registered <*>.<*> <*> page size, pre-allocated <*> pages","['1.170373', '1.00', 'GiB', '0']"
556,Mar,9,10:43:14,Client03,kernel,"[    1.174257] HugeTLB registered 2.00 MiB page size, pre-allocated 0 pages",ed0c38b8,"[ <*>.<*>] HugeTLB registered <*>.<*> <*> page size, pre-allocated <*> pages","['1.174257', '2.00', 'MiB', '0']"
557,Mar,9,10:43:14,Client03,kernel,[    1.182282] ACPI: Added _OSI(Module Device),384a7d61,[ <*>.<*>] ACPI: <*> <*> <*>,"['1.182282', 'Added', '_OSI(Module Device)']"
558,Mar,9,10:43:14,Client03,kernel,[    1.186262] ACPI: Added _OSI(Processor Device),384a7d61,[ <*>.<*>] ACPI: <*> <*> <*>,"['1.186262', 'Added', '_OSI(Processor Device)']"
559,Mar,9,10:43:14,Client03,kernel,[    1.190256] ACPI: Added _OSI(3.0 _SCP Extensions),382e1fc9,[ <*>.<*>] ACPI: Added <*> <*> <*>,"['1.190256', '_OSI(3.0', '_SCP Extensions)']"
560,Mar,9,10:43:14,Client03,kernel,[    1.198256] ACPI: Added _OSI(Processor Aggregator Device),382e1fc9,[ <*>.<*>] ACPI: Added <*> <*> <*>,"['1.198256', '_OSI(Processor', 'Aggregator Device)']"
561,Mar,9,10:43:14,Client03,kernel,[    1.206257] ACPI: Added _OSI(Linux-Dell-Video),c1870ad0,[ <*>.<*>] ACPI: <*> <*>,"['1.206257', 'Added _OSI(Linux-Dell-Video)']"
562,Mar,9,10:43:14,Client03,kernel,[    1.210256] ACPI: Added _OSI(Linux-Lenovo-NV-HDMI-Audio),c1870ad0,[ <*>.<*>] ACPI: <*> <*>,"['1.210256', 'Added _OSI(Linux-Lenovo-NV-HDMI-Audio)']"
563,Mar,9,10:43:14,Client03,kernel,[    1.214256] ACPI: Added _OSI(Linux-HPI-Hybrid-Graphics),c1870ad0,[ <*>.<*>] ACPI: <*> <*>,"['1.214256', 'Added _OSI(Linux-HPI-Hybrid-Graphics)']"
564,Mar,9,10:43:14,Client03,kernel,[    1.219751] ACPI: 1 ACPI AML tables successfully acquired and loaded,bfc45663,[ <*>.<*>] ACPI: <*> ACPI AML tables successfully acquired and loaded,"['1.219751', '1']"
565,Mar,9,10:43:14,Client03,kernel,[    1.227737] ACPI: Interpreter enabled,c1870ad0,[ <*>.<*>] ACPI: <*> <*>,"['1.227737', 'Interpreter enabled']"
566,Mar,9,10:43:14,Client03,kernel,[    1.230267] ACPI: (supports S0 S5),384a7d61,[ <*>.<*>] ACPI: <*> <*> <*>,"['1.230267', '(supports', 'S0 S5)']"
567,Mar,9,10:43:14,Client03,kernel,[    1.232958] ACPI: Using IOAPIC for interrupt routing,a19890d6,[ <*>.<*>] <*> Using <*> for <*> routing,"['1.232958', 'ACPI:', 'IOAPIC', 'interrupt']"
568,Mar,9,10:43:14,Client03,kernel,"[    1.238284] PCI: Using host bridge windows from ACPI; if necessary, use ""pci=nocrs"" and report a bug",7ca6598a,"[ <*>.<*>] PCI: Using host bridge windows from ACPI; if necessary, use ""pci=nocrs"" and report a bug",['1.238284']
569,Mar,9,10:43:14,Client03,kernel,[    1.242697] ACPI: Enabled 1 GPEs in block 00 to 0F,dd22b4d7,[ <*>.<*>] ACPI: Enabled <*> GPEs in block <*> to 0F,"['1.242697', '1', '00']"
570,Mar,9,10:43:14,Client03,kernel,[    1.266019] ACPI: PCI Root Bridge [PCI0] (domain 0000 [bus 00-ff]),4cc075f1,[ <*>.<*>] ACPI: PCI Root Bridge [PCI0] (domain <*> [bus <*>-ff]),"['1.266019', '0000', '00']"
571,Mar,9,10:43:14,Client03,kernel,[    1.270259] acpi PNP0A03:00: _OSC: OS supports [ASPM ClockPM Segments MSI],6a4e7cff,[ <*>.<*>] acpi PNP0A03:<*>: _OSC: OS supports [ASPM ClockPM Segments MSI],"['1.270259', '00']"
572,Mar,9,10:43:14,Client03,kernel,"[    1.274268] acpi PNP0A03:00: fail to add MMCONFIG information, can't access extended PCI configuration space under this bridge.",cfb932ab,"[ <*>.<*>] acpi PNP0A03:<*>: fail to add MMCONFIG information, can't access extended PCI configuration space under this bridge.","['1.274268', '00']"
573,Mar,9,10:43:14,Client03,kernel,[    1.282396] PCI host bridge to bus 0000:00,7c45b630,[ <*>.<*>] PCI host bridge to bus <*>:<*>,"['1.282396', '0000:00']"
574,Mar,9,10:43:14,Client03,kernel,[    1.282396] pci_bus 0000:00: root bus resource [mem 0xfe0000000-0xfffffffff window],6124e846,[ <*>.<*>] pci_bus <*>:<*>: root bus resource <*> <*> window],"['1.282396', '0000:00', '[mem 0xfe0000000-0xfffffffff']"
575,Mar,9,10:43:14,Client03,kernel,[    1.290256] pci_bus 0000:00: root bus resource [io  0x0000-0x0cf7 window],6124e846,[ <*>.<*>] pci_bus <*>:<*>: root bus resource <*> <*> window],"['1.290256', '0000:00', '[io  0x0000-0x0cf7']"
576,Mar,9,10:43:14,Client03,kernel,[    1.294262] pci_bus 0000:00: root bus resource [io  0x0d00-0xffff window],6124e846,[ <*>.<*>] pci_bus <*>:<*>: root bus resource <*> <*> window],"['1.294262', '0000:00', '[io  0x0d00-0xffff']"
577,Mar,9,10:43:14,Client03,kernel,[    1.298256] pci_bus 0000:00: root bus resource [mem 0x000a0000-0x000bffff window],6124e846,[ <*>.<*>] pci_bus <*>:<*>: root bus resource <*> <*> window],"['1.298256', '0000:00', '[mem 0x000a0000-0x000bffff']"
578,Mar,9,10:43:14,Client03,kernel,[    1.302254] pci_bus 0000:00: root bus resource [mem 0x40000000-0xfffbffff window],6124e846,[ <*>.<*>] pci_bus <*>:<*>: root bus resource <*> <*> window],"['1.302254', '0000:00', '[mem 0x40000000-0xfffbffff']"
579,Mar,9,10:43:14,Client03,kernel,[    1.310256] pci_bus 0000:00: root bus resource [bus 00-ff],5a1ebdfa,[ <*>.<*>] pci_bus <*>:<*>: root bus resource [bus <*>-ff],"['1.310256', '0000:00', '00']"
580,Mar,9,10:43:14,Client03,kernel,[    1.314432] pci 0000:00:00.0: [8086:7192] type 00 class 0x060000,8d015fe4,[ <*>.<*>] pci <*>:<*>:<*>.<*>: [<*>:<*>] type <*> class 0x<*>,"['1.314432', '0000', '00:00.0', '8086:7192', '00', '060000']"
581,Mar,9,10:43:14,Client03,kernel,[    1.316154] pci 0000:00:07.0: [8086:7110] type 00 class 0x060100,8d015fe4,[ <*>.<*>] pci <*>:<*>:<*>.<*>: [<*>:<*>] type <*> class 0x<*>,"['1.316154', '0000', '00:07.0', '8086:7110', '00', '060100']"
582,Mar,9,10:43:14,Client03,kernel,[    1.318231] pci 0000:00:07.1: [8086:7111] type 00 class 0x010180,8d015fe4,[ <*>.<*>] pci <*>:<*>:<*>.<*>: [<*>:<*>] type <*> class 0x<*>,"['1.318231', '0000', '00:07.1', '8086:7111', '00', '010180']"
583,Mar,9,10:43:14,Client03,kernel,[    1.320216] pci 0000:00:07.1: reg 0x20: [io  0xffa0-0xffaf],32a4060e,[ <*>.<*>] pci <*>:<*>:<*>.<*>: <*> <*> <*> <*>,"['1.320216', '0000', '00:07.1', 'reg', '0x20: [io  0xffa0-0xffaf]']"
