LineId,Month,Date,Time,Type,Component,Content,EventId,EventTemplate,ParameterList
1,Mar,11,09:58:11,UbuntuApp,rsyslogd,"[origin software=""rsyslogd"" swVersion=""8.32.0"" x-pid=""1475"" x-info=""http://www.rsyslog.com""] rsyslogd was HUPed",f11daa49,"[origin software=""rsyslogd"" swVersion=""<*>.<*>.<*>"" x-pid=""<*>"" x-info=""http://www.rsyslog.com""] rsyslogd was HUPed","['8', '32.0', '1475']"
2,Mar,11,09:58:16,UbuntuApp,python3[1825],"2020-03-11T08:58:16.819921Z INFO ExtHandler Stopped tracking cgroup: Microsoft.OSTCExtensions.VMAccessForLinux-1.5.4, path: /sys/fs/cgroup/cpu/system.slice/Microsoft.OSTCExtensions.VMAccessForLinux_1.5.4_b5ee727e-9722-4cc9-93d1-519758a1f774.scope",a1ea949a,"<*> INFO ExtHandler Stopped tracking cgroup: Microsoft.OSTCExtensions.VMAccessForLinux-<*>.<*>.<*>, path: <*>","['2020-03-11T08:58:16.819921Z', '1', '5.4', '/sys/fs/cgroup/cpu/system.slice/Microsoft.OSTCExtensions.VMAccessForLinux_1.5.4_b5ee727e-9722-4cc9-93d1-519758a1f774.scope']"
3,Mar,11,09:58:16,UbuntuApp,python3[1825],"2020-03-11T08:58:16.820504Z INFO ExtHandler Stopped tracking cgroup: Microsoft.OSTCExtensions.VMAccessForLinux-1.5.4, path: /sys/fs/cgroup/memory/system.slice/Microsoft.OSTCExtensions.VMAccessForLinux_1.5.4_b5ee727e-9722-4cc9-93d1-519758a1f774.scope",a1ea949a,"<*> INFO ExtHandler Stopped tracking cgroup: Microsoft.OSTCExtensions.VMAccessForLinux-<*>.<*>.<*>, path: <*>","['2020-03-11T08:58:16.820504Z', '1', '5.4', '/sys/fs/cgroup/memory/system.slice/Microsoft.OSTCExtensions.VMAccessForLinux_1.5.4_b5ee727e-9722-4cc9-93d1-519758a1f774.scope']"
4,Mar,11,09:58:18,UbuntuApp,anacron[1455],Job `cron.daily' terminated,4994b3db,Job <*> terminated,"[""`cron.daily'""]"
5,Mar,11,10:02:39,UbuntuApp,systemd-resolved[1167],"Server returned error NXDOMAIN, mitigating potential DNS violation DVE-2018-0001, retrying transaction with reduced feature level UDP.",8e99a18f,"Server returned error NXDOMAIN, mitigating potential DNS violation DVE-<*>-<*>, retrying transaction with reduced feature level UDP.",['2018-0001']
6,Mar,11,10:02:50,UbuntuApp,systemd-resolved[1167],"message repeated 2 times: [ Server returned error NXDOMAIN, mitigating potential DNS violation DVE-2018-0001, retrying transaction with reduced feature level UDP.]",3035b695,"message repeated <*> times: [ Server returned error NXDOMAIN, mitigating potential DNS violation DVE-<*>-<*>, retrying transaction with reduced feature level UDP.]","['2', '2018-0001']"
7,Mar,11,10:03:10,UbuntuApp,anacron[1455],Job `cron.weekly' started,6e5dbedf,Job <*> started,"[""`cron.weekly'""]"
8,Mar,11,10:03:10,UbuntuApp,anacron[4609],Updated timestamp for job `cron.weekly' to 2020-03-11,9a1114e7,Updated timestamp for job <*> to <*>-<*>-<*>,"[""`cron.weekly'"", '2020', '03-11']"
9,Mar,11,10:03:11,UbuntuApp,anacron[1455],Job `cron.weekly' terminated,4994b3db,Job <*> terminated,"[""`cron.weekly'""]"
10,Mar,11,10:03:11,UbuntuApp,anacron[1455],Normal exit (2 jobs run),a4e1edf1,Normal exit (<*> <*> run),['2 jobs']
11,Mar,11,10:03:11,UbuntuApp,systemd[1],Started Run anacron jobs.,c56374aa,Started Run anacron jobs.,[]
12,Mar,11,10:03:11,UbuntuApp,anacron[4620],Anacron 2.3 started on 2020-03-11,a411189a,Anacron <*>.<*> started on <*>-<*>-<*>,"['2.3', '2020', '03-11']"
13,Mar,11,10:03:11,UbuntuApp,anacron[4620],Normal exit (0 jobs run),a4e1edf1,Normal exit (<*> <*> run),['0 jobs']
14,Mar,11,10:08:13,UbuntuApp,systemd[1],Starting Cleanup of Temporary Directories...,038a758d,Starting Cleanup of Temporary Directories...,[]
15,Mar,11,10:08:13,UbuntuApp,systemd[1],Started Cleanup of Temporary Directories.,20447797,Started Cleanup of Temporary Directories.,[]
16,Mar,11,10:08:15,UbuntuApp,python3[1825],2020/03/11 10:08:15.147740 INFO Daemon Agent WALinuxAgent-2.2.46 launched with command 'python3 -u bin/WALinuxAgent-2.2.46-py2.7.egg -run-exthandlers' is successfully running,56c29b88,2020/<*>/<*> <*>:<*>:<*>.<*> INFO Daemon Agent WALinuxAgent-<*>.<*>.<*> launched with command 'python3 -u bin/WALinuxAgent-<*>.<*>.<*>-py2.<*>.egg -run-exthandlers' is successfully running,"['03/11', '10', '08:15.147740', '2', '2.46', '2', '2.46', '7']"
17,Mar,11,10:09:01,UbuntuApp,systemd[1],Starting Clean php session files...,73f564e0,Starting Clean php session files...,[]
18,Mar,11,10:09:01,UbuntuApp,CRON[5068],(root) CMD (  [ -x /usr/lib/php/sessionclean ] && if [ ! -d /run/systemd/system ]; then /usr/lib/php/sessionclean; fi),7f28379d,(root) CMD ( [ -x /usr/lib/php/sessionclean ] && if [ ! -d /run/systemd/system ]; then /usr/lib/php/sessionclean; fi),[]
19,Mar,11,10:09:01,UbuntuApp,systemd[1],Started Clean php session files.,6d8806bb,Started Clean php session files.,[]
20,Mar,11,10:17:01,UbuntuApp,CRON[5619],(root) CMD (   cd / && run-parts --report /etc/cron.hourly),c8b6b98e,(root) CMD ( cd / && run-parts --report /etc/cron.hourly),[]
21,Mar,11,10:24:25,UbuntuApp,xrdp[1823],(1823)(140114419967808)[INFO ] Socket 12: AF_INET6 connection received from ::ffff:13.94.132.146 port 1792,4bb3c20f,(<*>)(<*>)[INFO ] Socket <*>: AF_INET6 connection received from ::ffff:<*> port <*>,"['1823', '140114419967808', '12', '13.94.132.146', '1792']"
22,Mar,11,10:24:25,UbuntuApp,xrdp[1823],(1823)(140114419967808)[DEBUG] Closed socket 12 (AF_INET6 ::ffff:10.0.0.7 port 3389),53cf6e25,(<*>)(<*>)[DEBUG] Closed socket <*> (AF_INET6 <*> port <*>),"['1823', '140114419967808', '12', '::ffff:10.0.0.7', '3389']"
23,Mar,11,10:24:25,UbuntuApp,xrdp[6132],(6132)(140114419967808)[DEBUG] Closed socket 11 (AF_INET6 :: port 3389),53cf6e25,(<*>)(<*>)[DEBUG] Closed socket <*> (AF_INET6 <*> port <*>),"['6132', '140114419967808', '11', '::', '3389']"
24,Mar,11,10:24:25,UbuntuApp,xrdp[6132],(6132)(140114419967808)[INFO ] Using default X.509 certificate: /etc/xrdp/cert.pem,62d75164,(<*>)(<*>)[INFO ] Using default X.<*> certificate: /etc/xrdp/cert.pem,"['6132', '140114419967808', '509']"
25,Mar,11,10:24:25,UbuntuApp,xrdp[6132],(6132)(140114419967808)[INFO ] Using default X.509 key file: /etc/xrdp/key.pem,ae4159dc,(<*>)(<*>)[INFO ] Using default X.<*> key file: /etc/xrdp/key.pem,"['6132', '140114419967808', '509']"
26,Mar,11,10:24:25,UbuntuApp,xrdp[6132],(6132)(140114419967808)[ERROR] Cannot read private key file /etc/xrdp/key.pem: Permission denied,fcb7dfb9,(<*>)(<*>)[ERROR] Cannot read private key file /etc/xrdp/key.pem: Permission denied,"['6132', '140114419967808']"
27,Mar,11,10:24:25,UbuntuApp,xrdp[6132],(6132)(140114419967808)[DEBUG] TLSv1.2 enabled,aaa1d0ce,(<*>)(<*>)[DEBUG] <*> enabled,"['6132', '140114419967808', 'TLSv1.2']"
28,Mar,11,10:24:25,UbuntuApp,xrdp[6132],(6132)(140114419967808)[DEBUG] TLSv1.1 enabled,aaa1d0ce,(<*>)(<*>)[DEBUG] <*> enabled,"['6132', '140114419967808', 'TLSv1.1']"
29,Mar,11,10:24:25,UbuntuApp,xrdp[6132],(6132)(140114419967808)[DEBUG] TLSv1 enabled,aaa1d0ce,(<*>)(<*>)[DEBUG] <*> enabled,"['6132', '140114419967808', 'TLSv1']"
30,Mar,11,10:24:25,UbuntuApp,xrdp[6132],(6132)(140114419967808)[DEBUG] Closed socket 12 (AF_INET6 ::ffff:10.0.0.7 port 3389),53cf6e25,(<*>)(<*>)[DEBUG] Closed socket <*> (AF_INET6 <*> port <*>),"['6132', '140114419967808', '12', '::ffff:10.0.0.7', '3389']"
31,Mar,11,10:24:29,UbuntuApp,xrdp[1823],(1823)(140114419967808)[INFO ] Socket 12: AF_INET6 connection received from ::ffff:13.94.132.146 port 1793,4bb3c20f,(<*>)(<*>)[INFO ] Socket <*>: AF_INET6 connection received from ::ffff:<*> port <*>,"['1823', '140114419967808', '12', '13.94.132.146', '1793']"
32,Mar,11,10:24:29,UbuntuApp,xrdp[1823],(1823)(140114419967808)[DEBUG] Closed socket 12 (AF_INET6 ::ffff:10.0.0.7 port 3389),53cf6e25,(<*>)(<*>)[DEBUG] Closed socket <*> (AF_INET6 <*> port <*>),"['1823', '140114419967808', '12', '::ffff:10.0.0.7', '3389']"
33,Mar,11,10:24:29,UbuntuApp,xrdp[6146],(6146)(140114419967808)[DEBUG] Closed socket 11 (AF_INET6 :: port 3389),53cf6e25,(<*>)(<*>)[DEBUG] Closed socket <*> (AF_INET6 <*> port <*>),"['6146', '140114419967808', '11', '::', '3389']"
34,Mar,11,10:24:29,UbuntuApp,xrdp[6146],(6146)(140114419967808)[INFO ] Using default X.509 certificate: /etc/xrdp/cert.pem,62d75164,(<*>)(<*>)[INFO ] Using default X.<*> certificate: /etc/xrdp/cert.pem,"['6146', '140114419967808', '509']"
35,Mar,11,10:24:29,UbuntuApp,xrdp[6146],(6146)(140114419967808)[INFO ] Using default X.509 key file: /etc/xrdp/key.pem,ae4159dc,(<*>)(<*>)[INFO ] Using default X.<*> key file: /etc/xrdp/key.pem,"['6146', '140114419967808', '509']"
36,Mar,11,10:24:29,UbuntuApp,xrdp[6146],(6146)(140114419967808)[ERROR] Cannot read private key file /etc/xrdp/key.pem: Permission denied,fcb7dfb9,(<*>)(<*>)[ERROR] Cannot read private key file /etc/xrdp/key.pem: Permission denied,"['6146', '140114419967808']"
37,Mar,11,10:24:29,UbuntuApp,xrdp[6146],(6146)(140114419967808)[DEBUG] TLSv1.2 enabled,aaa1d0ce,(<*>)(<*>)[DEBUG] <*> enabled,"['6146', '140114419967808', 'TLSv1.2']"
38,Mar,11,10:24:29,UbuntuApp,xrdp[6146],(6146)(140114419967808)[DEBUG] TLSv1.1 enabled,aaa1d0ce,(<*>)(<*>)[DEBUG] <*> enabled,"['6146', '140114419967808', 'TLSv1.1']"
39,Mar,11,10:24:29,UbuntuApp,xrdp[6146],(6146)(140114419967808)[DEBUG] TLSv1 enabled,aaa1d0ce,(<*>)(<*>)[DEBUG] <*> enabled,"['6146', '140114419967808', 'TLSv1']"
40,Mar,11,10:24:29,UbuntuApp,xrdp[6146],(6146)(140114419967808)[DEBUG] Closed socket 12 (AF_INET6 ::ffff:10.0.0.7 port 3389),53cf6e25,(<*>)(<*>)[DEBUG] Closed socket <*> (AF_INET6 <*> port <*>),"['6146', '140114419967808', '12', '::ffff:10.0.0.7', '3389']"
41,Mar,11,10:24:29,UbuntuApp,xrdp[1823],(1823)(140114419967808)[INFO ] Socket 12: AF_INET6 connection received from ::ffff:13.94.132.146 port 1794,4bb3c20f,(<*>)(<*>)[INFO ] Socket <*>: AF_INET6 connection received from ::ffff:<*> port <*>,"['1823', '140114419967808', '12', '13.94.132.146', '1794']"
42,Mar,11,10:24:29,UbuntuApp,xrdp[1823],(1823)(140114419967808)[DEBUG] Closed socket 12 (AF_INET6 ::ffff:10.0.0.7 port 3389),53cf6e25,(<*>)(<*>)[DEBUG] Closed socket <*> (AF_INET6 <*> port <*>),"['1823', '140114419967808', '12', '::ffff:10.0.0.7', '3389']"
43,Mar,11,10:24:29,UbuntuApp,xrdp[6147],(6147)(140114419967808)[DEBUG] Closed socket 11 (AF_INET6 :: port 3389),53cf6e25,(<*>)(<*>)[DEBUG] Closed socket <*> (AF_INET6 <*> port <*>),"['6147', '140114419967808', '11', '::', '3389']"
44,Mar,11,10:24:29,UbuntuApp,xrdp[6147],(6147)(140114419967808)[INFO ] Using default X.509 certificate: /etc/xrdp/cert.pem,62d75164,(<*>)(<*>)[INFO ] Using default X.<*> certificate: /etc/xrdp/cert.pem,"['6147', '140114419967808', '509']"
45,Mar,11,10:24:29,UbuntuApp,xrdp[6147],(6147)(140114419967808)[INFO ] Using default X.509 key file: /etc/xrdp/key.pem,ae4159dc,(<*>)(<*>)[INFO ] Using default X.<*> key file: /etc/xrdp/key.pem,"['6147', '140114419967808', '509']"
46,Mar,11,10:24:29,UbuntuApp,xrdp[6147],(6147)(140114419967808)[ERROR] Cannot read private key file /etc/xrdp/key.pem: Permission denied,fcb7dfb9,(<*>)(<*>)[ERROR] Cannot read private key file /etc/xrdp/key.pem: Permission denied,"['6147', '140114419967808']"
47,Mar,11,10:24:29,UbuntuApp,xrdp[6147],(6147)(140114419967808)[DEBUG] TLSv1.2 enabled,aaa1d0ce,(<*>)(<*>)[DEBUG] <*> enabled,"['6147', '140114419967808', 'TLSv1.2']"
48,Mar,11,10:24:29,UbuntuApp,xrdp[6147],(6147)(140114419967808)[DEBUG] TLSv1.1 enabled,aaa1d0ce,(<*>)(<*>)[DEBUG] <*> enabled,"['6147', '140114419967808', 'TLSv1.1']"
49,Mar,11,10:24:29,UbuntuApp,xrdp[6147],(6147)(140114419967808)[DEBUG] TLSv1 enabled,aaa1d0ce,(<*>)(<*>)[DEBUG] <*> enabled,"['6147', '140114419967808', 'TLSv1']"
50,Mar,11,10:24:29,UbuntuApp,xrdp[6147],"(6147)(140114419967808)[DEBUG] Security layer: requested 0, selected 0",773b5f7d,"(<*>)(<*>)[DEBUG] Security layer: requested <*>, selected <*>","['6147', '140114419967808', '0', '0']"
51,Mar,11,10:24:29,UbuntuApp,xrdp[6147],(6147)(140114419967808)[DEBUG] Closed socket 12 (AF_INET6 ::ffff:10.0.0.7 port 3389),53cf6e25,(<*>)(<*>)[DEBUG] Closed socket <*> (AF_INET6 <*> port <*>),"['6147', '140114419967808', '12', '::ffff:10.0.0.7', '3389']"
52,Mar,11,10:24:29,UbuntuApp,xrdp[1823],(1823)(140114419967808)[INFO ] Socket 12: AF_INET6 connection received from ::ffff:13.94.132.146 port 1795,4bb3c20f,(<*>)(<*>)[INFO ] Socket <*>: AF_INET6 connection received from ::ffff:<*> port <*>,"['1823', '140114419967808', '12', '13.94.132.146', '1795']"
53,Mar,11,10:24:29,UbuntuApp,xrdp[1823],(1823)(140114419967808)[DEBUG] Closed socket 12 (AF_INET6 ::ffff:10.0.0.7 port 3389),53cf6e25,(<*>)(<*>)[DEBUG] Closed socket <*> (AF_INET6 <*> port <*>),"['1823', '140114419967808', '12', '::ffff:10.0.0.7', '3389']"
54,Mar,11,10:24:29,UbuntuApp,xrdp[6148],(6148)(140114419967808)[DEBUG] Closed socket 11 (AF_INET6 :: port 3389),53cf6e25,(<*>)(<*>)[DEBUG] Closed socket <*> (AF_INET6 <*> port <*>),"['6148', '140114419967808', '11', '::', '3389']"
55,Mar,11,10:24:29,UbuntuApp,xrdp[6148],(6148)(140114419967808)[INFO ] Using default X.509 certificate: /etc/xrdp/cert.pem,62d75164,(<*>)(<*>)[INFO ] Using default X.<*> certificate: /etc/xrdp/cert.pem,"['6148', '140114419967808', '509']"
56,Mar,11,10:24:29,UbuntuApp,xrdp[6148],(6148)(140114419967808)[INFO ] Using default X.509 key file: /etc/xrdp/key.pem,ae4159dc,(<*>)(<*>)[INFO ] Using default X.<*> key file: /etc/xrdp/key.pem,"['6148', '140114419967808', '509']"
57,Mar,11,10:24:29,UbuntuApp,xrdp[6148],(6148)(140114419967808)[ERROR] Cannot read private key file /etc/xrdp/key.pem: Permission denied,fcb7dfb9,(<*>)(<*>)[ERROR] Cannot read private key file /etc/xrdp/key.pem: Permission denied,"['6148', '140114419967808']"
58,Mar,11,10:24:29,UbuntuApp,xrdp[6148],(6148)(140114419967808)[DEBUG] TLSv1.2 enabled,aaa1d0ce,(<*>)(<*>)[DEBUG] <*> enabled,"['6148', '140114419967808', 'TLSv1.2']"
59,Mar,11,10:24:29,UbuntuApp,xrdp[6148],(6148)(140114419967808)[DEBUG] TLSv1.1 enabled,aaa1d0ce,(<*>)(<*>)[DEBUG] <*> enabled,"['6148', '140114419967808', 'TLSv1.1']"
60,Mar,11,10:24:29,UbuntuApp,xrdp[6148],(6148)(140114419967808)[DEBUG] TLSv1 enabled,aaa1d0ce,(<*>)(<*>)[DEBUG] <*> enabled,"['6148', '140114419967808', 'TLSv1']"
61,Mar,11,10:24:29,UbuntuApp,xrdp[6148],(6148)(140114419967808)[DEBUG] Closed socket 12 (AF_INET6 ::ffff:10.0.0.7 port 3389),53cf6e25,(<*>)(<*>)[DEBUG] Closed socket <*> (AF_INET6 <*> port <*>),"['6148', '140114419967808', '12', '::ffff:10.0.0.7', '3389']"
62,Mar,11,10:24:29,UbuntuApp,xrdp[1823],(1823)(140114419967808)[INFO ] Socket 12: AF_INET6 connection received from ::ffff:13.94.132.146 port 1796,4bb3c20f,(<*>)(<*>)[INFO ] Socket <*>: AF_INET6 connection received from ::ffff:<*> port <*>,"['1823', '140114419967808', '12', '13.94.132.146', '1796']"
63,Mar,11,10:24:29,UbuntuApp,xrdp[1823],(1823)(140114419967808)[DEBUG] Closed socket 12 (AF_INET6 ::ffff:10.0.0.7 port 3389),53cf6e25,(<*>)(<*>)[DEBUG] Closed socket <*> (AF_INET6 <*> port <*>),"['1823', '140114419967808', '12', '::ffff:10.0.0.7', '3389']"
64,Mar,11,10:24:29,UbuntuApp,xrdp[6149],(6149)(140114419967808)[DEBUG] Closed socket 11 (AF_INET6 :: port 3389),53cf6e25,(<*>)(<*>)[DEBUG] Closed socket <*> (AF_INET6 <*> port <*>),"['6149', '140114419967808', '11', '::', '3389']"
65,Mar,11,10:24:29,UbuntuApp,xrdp[6149],(6149)(140114419967808)[INFO ] Using default X.509 certificate: /etc/xrdp/cert.pem,62d75164,(<*>)(<*>)[INFO ] Using default X.<*> certificate: /etc/xrdp/cert.pem,"['6149', '140114419967808', '509']"
66,Mar,11,10:24:29,UbuntuApp,xrdp[6149],(6149)(140114419967808)[INFO ] Using default X.509 key file: /etc/xrdp/key.pem,ae4159dc,(<*>)(<*>)[INFO ] Using default X.<*> key file: /etc/xrdp/key.pem,"['6149', '140114419967808', '509']"
67,Mar,11,10:24:29,UbuntuApp,xrdp[6149],(6149)(140114419967808)[ERROR] Cannot read private key file /etc/xrdp/key.pem: Permission denied,fcb7dfb9,(<*>)(<*>)[ERROR] Cannot read private key file /etc/xrdp/key.pem: Permission denied,"['6149', '140114419967808']"
68,Mar,11,10:24:29,UbuntuApp,xrdp[6149],(6149)(140114419967808)[DEBUG] TLSv1.2 enabled,aaa1d0ce,(<*>)(<*>)[DEBUG] <*> enabled,"['6149', '140114419967808', 'TLSv1.2']"
69,Mar,11,10:24:29,UbuntuApp,xrdp[6149],(6149)(140114419967808)[DEBUG] TLSv1.1 enabled,aaa1d0ce,(<*>)(<*>)[DEBUG] <*> enabled,"['6149', '140114419967808', 'TLSv1.1']"
70,Mar,11,10:24:29,UbuntuApp,xrdp[6149],(6149)(140114419967808)[DEBUG] TLSv1 enabled,aaa1d0ce,(<*>)(<*>)[DEBUG] <*> enabled,"['6149', '140114419967808', 'TLSv1']"
71,Mar,11,10:24:29,UbuntuApp,xrdp[6149],(6149)(140114419967808)[DEBUG] Closed socket 12 (AF_INET6 ::ffff:10.0.0.7 port 3389),53cf6e25,(<*>)(<*>)[DEBUG] Closed socket <*> (AF_INET6 <*> port <*>),"['6149', '140114419967808', '12', '::ffff:10.0.0.7', '3389']"
72,Mar,11,10:25:19,UbuntuApp,xrdp[1823],(1823)(140114419967808)[INFO ] Socket 12: AF_INET6 connection received from ::ffff:13.94.132.146 port 1792,4bb3c20f,(<*>)(<*>)[INFO ] Socket <*>: AF_INET6 connection received from ::ffff:<*> port <*>,"['1823', '140114419967808', '12', '13.94.132.146', '1792']"
73,Mar,11,10:25:19,UbuntuApp,xrdp[1823],(1823)(140114419967808)[DEBUG] Closed socket 12 (AF_INET6 ::ffff:10.0.0.7 port 3389),53cf6e25,(<*>)(<*>)[DEBUG] Closed socket <*> (AF_INET6 <*> port <*>),"['1823', '140114419967808', '12', '::ffff:10.0.0.7', '3389']"
74,Mar,11,10:25:19,UbuntuApp,xrdp[6244],(6244)(140114419967808)[DEBUG] Closed socket 11 (AF_INET6 :: port 3389),53cf6e25,(<*>)(<*>)[DEBUG] Closed socket <*> (AF_INET6 <*> port <*>),"['6244', '140114419967808', '11', '::', '3389']"
75,Mar,11,10:25:19,UbuntuApp,xrdp[6244],(6244)(140114419967808)[INFO ] Using default X.509 certificate: /etc/xrdp/cert.pem,62d75164,(<*>)(<*>)[INFO ] Using default X.<*> certificate: /etc/xrdp/cert.pem,"['6244', '140114419967808', '509']"
76,Mar,11,10:25:19,UbuntuApp,xrdp[6244],(6244)(140114419967808)[INFO ] Using default X.509 key file: /etc/xrdp/key.pem,ae4159dc,(<*>)(<*>)[INFO ] Using default X.<*> key file: /etc/xrdp/key.pem,"['6244', '140114419967808', '509']"
77,Mar,11,10:25:19,UbuntuApp,xrdp[6244],(6244)(140114419967808)[ERROR] Cannot read private key file /etc/xrdp/key.pem: Permission denied,fcb7dfb9,(<*>)(<*>)[ERROR] Cannot read private key file /etc/xrdp/key.pem: Permission denied,"['6244', '140114419967808']"
78,Mar,11,10:25:19,UbuntuApp,xrdp[6244],(6244)(140114419967808)[DEBUG] TLSv1.2 enabled,aaa1d0ce,(<*>)(<*>)[DEBUG] <*> enabled,"['6244', '140114419967808', 'TLSv1.2']"
79,Mar,11,10:25:19,UbuntuApp,xrdp[6244],(6244)(140114419967808)[DEBUG] TLSv1.1 enabled,aaa1d0ce,(<*>)(<*>)[DEBUG] <*> enabled,"['6244', '140114419967808', 'TLSv1.1']"
80,Mar,11,10:25:19,UbuntuApp,xrdp[6244],(6244)(140114419967808)[DEBUG] TLSv1 enabled,aaa1d0ce,(<*>)(<*>)[DEBUG] <*> enabled,"['6244', '140114419967808', 'TLSv1']"
81,Mar,11,10:25:25,UbuntuApp,xrdp[1823],(1823)(140114419967808)[INFO ] Socket 12: AF_INET6 connection received from ::ffff:13.94.132.146 port 1793,4bb3c20f,(<*>)(<*>)[INFO ] Socket <*>: AF_INET6 connection received from ::ffff:<*> port <*>,"['1823', '140114419967808', '12', '13.94.132.146', '1793']"
82,Mar,11,10:25:25,UbuntuApp,xrdp[1823],(1823)(140114419967808)[DEBUG] Closed socket 12 (AF_INET6 ::ffff:10.0.0.7 port 3389),53cf6e25,(<*>)(<*>)[DEBUG] Closed socket <*> (AF_INET6 <*> port <*>),"['1823', '140114419967808', '12', '::ffff:10.0.0.7', '3389']"
83,Mar,11,10:25:25,UbuntuApp,xrdp[6256],(6256)(140114419967808)[DEBUG] Closed socket 11 (AF_INET6 :: port 3389),53cf6e25,(<*>)(<*>)[DEBUG] Closed socket <*> (AF_INET6 <*> port <*>),"['6256', '140114419967808', '11', '::', '3389']"
84,Mar,11,10:25:25,UbuntuApp,xrdp[6256],(6256)(140114419967808)[INFO ] Using default X.509 certificate: /etc/xrdp/cert.pem,62d75164,(<*>)(<*>)[INFO ] Using default X.<*> certificate: /etc/xrdp/cert.pem,"['6256', '140114419967808', '509']"
85,Mar,11,10:25:25,UbuntuApp,xrdp[6256],(6256)(140114419967808)[INFO ] Using default X.509 key file: /etc/xrdp/key.pem,ae4159dc,(<*>)(<*>)[INFO ] Using default X.<*> key file: /etc/xrdp/key.pem,"['6256', '140114419967808', '509']"
86,Mar,11,10:25:25,UbuntuApp,xrdp[6256],(6256)(140114419967808)[ERROR] Cannot read private key file /etc/xrdp/key.pem: Permission denied,fcb7dfb9,(<*>)(<*>)[ERROR] Cannot read private key file /etc/xrdp/key.pem: Permission denied,"['6256', '140114419967808']"
87,Mar,11,10:25:25,UbuntuApp,xrdp[6256],(6256)(140114419967808)[DEBUG] TLSv1.2 enabled,aaa1d0ce,(<*>)(<*>)[DEBUG] <*> enabled,"['6256', '140114419967808', 'TLSv1.2']"
88,Mar,11,10:25:25,UbuntuApp,xrdp[6256],(6256)(140114419967808)[DEBUG] TLSv1.1 enabled,aaa1d0ce,(<*>)(<*>)[DEBUG] <*> enabled,"['6256', '140114419967808', 'TLSv1.1']"
89,Mar,11,10:25:25,UbuntuApp,xrdp[6256],(6256)(140114419967808)[DEBUG] TLSv1 enabled,aaa1d0ce,(<*>)(<*>)[DEBUG] <*> enabled,"['6256', '140114419967808', 'TLSv1']"
90,Mar,11,10:25:25,UbuntuApp,xrdp[6256],(6256)(140114419967808)[DEBUG] Closed socket 12 (AF_INET6 ::ffff:10.0.0.7 port 3389),53cf6e25,(<*>)(<*>)[DEBUG] Closed socket <*> (AF_INET6 <*> port <*>),"['6256', '140114419967808', '12', '::ffff:10.0.0.7', '3389']"
91,Mar,11,10:25:29,UbuntuApp,xrdp[6244],(6244)(140114419967808)[DEBUG] Closed socket 12 (AF_INET6 ::ffff:10.0.0.7 port 3389),53cf6e25,(<*>)(<*>)[DEBUG] Closed socket <*> (AF_INET6 <*> port <*>),"['6244', '140114419967808', '12', '::ffff:10.0.0.7', '3389']"
92,Mar,11,10:25:29,UbuntuApp,xrdp[1823],(1823)(140114419967808)[INFO ] Socket 12: AF_INET6 connection received from ::ffff:13.94.132.146 port 1794,4bb3c20f,(<*>)(<*>)[INFO ] Socket <*>: AF_INET6 connection received from ::ffff:<*> port <*>,"['1823', '140114419967808', '12', '13.94.132.146', '1794']"
93,Mar,11,10:25:29,UbuntuApp,xrdp[1823],(1823)(140114419967808)[DEBUG] Closed socket 12 (AF_INET6 ::ffff:10.0.0.7 port 3389),53cf6e25,(<*>)(<*>)[DEBUG] Closed socket <*> (AF_INET6 <*> port <*>),"['1823', '140114419967808', '12', '::ffff:10.0.0.7', '3389']"
94,Mar,11,10:25:29,UbuntuApp,xrdp[6261],(6261)(140114419967808)[DEBUG] Closed socket 11 (AF_INET6 :: port 3389),53cf6e25,(<*>)(<*>)[DEBUG] Closed socket <*> (AF_INET6 <*> port <*>),"['6261', '140114419967808', '11', '::', '3389']"
95,Mar,11,10:25:29,UbuntuApp,xrdp[6261],(6261)(140114419967808)[INFO ] Using default X.509 certificate: /etc/xrdp/cert.pem,62d75164,(<*>)(<*>)[INFO ] Using default X.<*> certificate: /etc/xrdp/cert.pem,"['6261', '140114419967808', '509']"
96,Mar,11,10:25:29,UbuntuApp,xrdp[6261],(6261)(140114419967808)[INFO ] Using default X.509 key file: /etc/xrdp/key.pem,ae4159dc,(<*>)(<*>)[INFO ] Using default X.<*> key file: /etc/xrdp/key.pem,"['6261', '140114419967808', '509']"
97,Mar,11,10:25:29,UbuntuApp,xrdp[6261],(6261)(140114419967808)[ERROR] Cannot read private key file /etc/xrdp/key.pem: Permission denied,fcb7dfb9,(<*>)(<*>)[ERROR] Cannot read private key file /etc/xrdp/key.pem: Permission denied,"['6261', '140114419967808']"
98,Mar,11,10:25:29,UbuntuApp,xrdp[6261],(6261)(140114419967808)[DEBUG] TLSv1.2 enabled,aaa1d0ce,(<*>)(<*>)[DEBUG] <*> enabled,"['6261', '140114419967808', 'TLSv1.2']"
99,Mar,11,10:25:29,UbuntuApp,xrdp[6261],(6261)(140114419967808)[DEBUG] TLSv1.1 enabled,aaa1d0ce,(<*>)(<*>)[DEBUG] <*> enabled,"['6261', '140114419967808', 'TLSv1.1']"
100,Mar,11,10:25:30,UbuntuApp,xrdp[6261],(6261)(140114419967808)[DEBUG] TLSv1 enabled,aaa1d0ce,(<*>)(<*>)[DEBUG] <*> enabled,"['6261', '140114419967808', 'TLSv1']"
101,Mar,11,10:25:39,UbuntuApp,xrdp[6261],(6261)(140114419967808)[DEBUG] Closed socket 12 (AF_INET6 ::ffff:10.0.0.7 port 3389),53cf6e25,(<*>)(<*>)[DEBUG] Closed socket <*> (AF_INET6 <*> port <*>),"['6261', '140114419967808', '12', '::ffff:10.0.0.7', '3389']"
102,Mar,11,10:25:40,UbuntuApp,xrdp[1823],(1823)(140114419967808)[INFO ] Socket 12: AF_INET6 connection received from ::ffff:13.94.132.146 port 1795,4bb3c20f,(<*>)(<*>)[INFO ] Socket <*>: AF_INET6 connection received from ::ffff:<*> port <*>,"['1823', '140114419967808', '12', '13.94.132.146', '1795']"
103,Mar,11,10:25:40,UbuntuApp,xrdp[1823],(1823)(140114419967808)[DEBUG] Closed socket 12 (AF_INET6 ::ffff:10.0.0.7 port 3389),53cf6e25,(<*>)(<*>)[DEBUG] Closed socket <*> (AF_INET6 <*> port <*>),"['1823', '140114419967808', '12', '::ffff:10.0.0.7', '3389']"
104,Mar,11,10:25:40,UbuntuApp,xrdp[6278],(6278)(140114419967808)[DEBUG] Closed socket 11 (AF_INET6 :: port 3389),53cf6e25,(<*>)(<*>)[DEBUG] Closed socket <*> (AF_INET6 <*> port <*>),"['6278', '140114419967808', '11', '::', '3389']"
105,Mar,11,10:25:41,UbuntuApp,xrdp[6278],(6278)(140114419967808)[INFO ] Using default X.509 certificate: /etc/xrdp/cert.pem,62d75164,(<*>)(<*>)[INFO ] Using default X.<*> certificate: /etc/xrdp/cert.pem,"['6278', '140114419967808', '509']"
106,Mar,11,10:25:41,UbuntuApp,xrdp[6278],(6278)(140114419967808)[INFO ] Using default X.509 key file: /etc/xrdp/key.pem,ae4159dc,(<*>)(<*>)[INFO ] Using default X.<*> key file: /etc/xrdp/key.pem,"['6278', '140114419967808', '509']"
107,Mar,11,10:25:41,UbuntuApp,xrdp[6278],(6278)(140114419967808)[ERROR] Cannot read private key file /etc/xrdp/key.pem: Permission denied,fcb7dfb9,(<*>)(<*>)[ERROR] Cannot read private key file /etc/xrdp/key.pem: Permission denied,"['6278', '140114419967808']"
108,Mar,11,10:25:41,UbuntuApp,xrdp[6278],(6278)(140114419967808)[DEBUG] TLSv1.2 enabled,aaa1d0ce,(<*>)(<*>)[DEBUG] <*> enabled,"['6278', '140114419967808', 'TLSv1.2']"
109,Mar,11,10:25:41,UbuntuApp,xrdp[6278],(6278)(140114419967808)[DEBUG] TLSv1.1 enabled,aaa1d0ce,(<*>)(<*>)[DEBUG] <*> enabled,"['6278', '140114419967808', 'TLSv1.1']"
110,Mar,11,10:25:41,UbuntuApp,xrdp[6278],(6278)(140114419967808)[DEBUG] TLSv1 enabled,aaa1d0ce,(<*>)(<*>)[DEBUG] <*> enabled,"['6278', '140114419967808', 'TLSv1']"
111,Mar,11,10:25:41,UbuntuApp,xrdp[6278],"(6278)(140114419967808)[DEBUG] Security layer: requested 1, selected 0",773b5f7d,"(<*>)(<*>)[DEBUG] Security layer: requested <*>, selected <*>","['6278', '140114419967808', '1', '0']"
112,Mar,11,10:25:41,UbuntuApp,xrdp[6278],(6278)(140114419967808)[INFO ] connected client computer name: x1810,53090dd3,(<*>)(<*>)[INFO ] connected client computer name: <*>,"['6278', '140114419967808', 'x1810']"
113,Mar,11,10:25:41,UbuntuApp,xrdp[6278],(6278)(140114419967808)[INFO ] Non-TLS connection established from ::ffff:13.94.132.146 port 1795: encrypted with standard RDP security,24641664,(<*>)(<*>)[INFO ] Non-TLS connection established from ::ffff:<*> port <*>: encrypted with standard RDP security,"['6278', '140114419967808', '13.94.132.146', '1795']"
114,Mar,11,10:25:44,UbuntuApp,xrdp[6278],(6278)(140114419967808)[DEBUG] xrdp_00001886_wm_login_mode_event_00000001,187f8360,(<*>)(<*>)[DEBUG] <*>,"['6278', '140114419967808', 'xrdp_00001886_wm_login_mode_event_00000001']"
115,Mar,11,10:25:44,UbuntuApp,xrdp[6278],(6278)(140114419967808)[INFO ] Loading keymap file /etc/xrdp/km-00000409.ini,ccdfab1f,(<*>)(<*>)[INFO ] Loading keymap file /etc/xrdp/km-<*>.ini,"['6278', '140114419967808', '00000409']"
116,Mar,11,10:25:44,UbuntuApp,xrdp[6278],"(6278)(140114419967808)[WARN ] local keymap file for 0x00000409 found and doesn't match built in keymap, using local keymap file",e0a1579b,"(<*>)(<*>)[WARN ] local keymap file for <*> found and doesn't match built in keymap, using local keymap file","['6278', '140114419967808', '0x00000409']"
117,Mar,11,10:25:59,UbuntuApp,xrdp[6278],(6278)(140114419967808)[DEBUG] Closed socket 12 (AF_INET6 ::ffff:10.0.0.7 port 3389),53cf6e25,(<*>)(<*>)[DEBUG] Closed socket <*> (AF_INET6 <*> port <*>),"['6278', '140114419967808', '12', '::ffff:10.0.0.7', '3389']"
118,Mar,11,10:25:59,UbuntuApp,xrdp[6278],(6278)(140114419967808)[DEBUG] xrdp_mm_module_cleanup,187f8360,(<*>)(<*>)[DEBUG] <*>,"['6278', '140114419967808', 'xrdp_mm_module_cleanup']"
119,Mar,11,10:26:00,UbuntuApp,xrdp[1823],(1823)(140114419967808)[INFO ] Socket 12: AF_INET6 connection received from ::ffff:13.94.132.146 port 1792,4bb3c20f,(<*>)(<*>)[INFO ] Socket <*>: AF_INET6 connection received from ::ffff:<*> port <*>,"['1823', '140114419967808', '12', '13.94.132.146', '1792']"
120,Mar,11,10:26:00,UbuntuApp,xrdp[1823],(1823)(140114419967808)[DEBUG] Closed socket 12 (AF_INET6 ::ffff:10.0.0.7 port 3389),53cf6e25,(<*>)(<*>)[DEBUG] Closed socket <*> (AF_INET6 <*> port <*>),"['1823', '140114419967808', '12', '::ffff:10.0.0.7', '3389']"
121,Mar,11,10:26:00,UbuntuApp,xrdp[6303],(6303)(140114419967808)[DEBUG] Closed socket 11 (AF_INET6 :: port 3389),53cf6e25,(<*>)(<*>)[DEBUG] Closed socket <*> (AF_INET6 <*> port <*>),"['6303', '140114419967808', '11', '::', '3389']"
122,Mar,11,10:26:00,UbuntuApp,xrdp[6303],(6303)(140114419967808)[INFO ] Using default X.509 certificate: /etc/xrdp/cert.pem,62d75164,(<*>)(<*>)[INFO ] Using default X.<*> certificate: /etc/xrdp/cert.pem,"['6303', '140114419967808', '509']"
123,Mar,11,10:26:00,UbuntuApp,xrdp[6303],(6303)(140114419967808)[INFO ] Using default X.509 key file: /etc/xrdp/key.pem,ae4159dc,(<*>)(<*>)[INFO ] Using default X.<*> key file: /etc/xrdp/key.pem,"['6303', '140114419967808', '509']"
124,Mar,11,10:26:00,UbuntuApp,xrdp[6303],(6303)(140114419967808)[ERROR] Cannot read private key file /etc/xrdp/key.pem: Permission denied,fcb7dfb9,(<*>)(<*>)[ERROR] Cannot read private key file /etc/xrdp/key.pem: Permission denied,"['6303', '140114419967808']"
125,Mar,11,10:26:00,UbuntuApp,xrdp[6303],(6303)(140114419967808)[DEBUG] TLSv1.2 enabled,aaa1d0ce,(<*>)(<*>)[DEBUG] <*> enabled,"['6303', '140114419967808', 'TLSv1.2']"
126,Mar,11,10:26:00,UbuntuApp,xrdp[6303],(6303)(140114419967808)[DEBUG] TLSv1.1 enabled,aaa1d0ce,(<*>)(<*>)[DEBUG] <*> enabled,"['6303', '140114419967808', 'TLSv1.1']"
127,Mar,11,10:26:00,UbuntuApp,xrdp[6303],(6303)(140114419967808)[DEBUG] TLSv1 enabled,aaa1d0ce,(<*>)(<*>)[DEBUG] <*> enabled,"['6303', '140114419967808', 'TLSv1']"
128,Mar,11,10:26:00,UbuntuApp,xrdp[6303],"(6303)(140114419967808)[DEBUG] Security layer: requested 0, selected 0",773b5f7d,"(<*>)(<*>)[DEBUG] Security layer: requested <*>, selected <*>","['6303', '140114419967808', '0', '0']"
129,Mar,11,10:26:00,UbuntuApp,xrdp[6303],(6303)(140114419967808)[DEBUG] Closed socket 12 (AF_INET6 ::ffff:10.0.0.7 port 3389),53cf6e25,(<*>)(<*>)[DEBUG] Closed socket <*> (AF_INET6 <*> port <*>),"['6303', '140114419967808', '12', '::ffff:10.0.0.7', '3389']"
130,Mar,11,10:26:25,UbuntuApp,xrdp[1823],(1823)(140114419967808)[INFO ] Socket 12: AF_INET6 connection received from ::ffff:13.94.132.146 port 1792,4bb3c20f,(<*>)(<*>)[INFO ] Socket <*>: AF_INET6 connection received from ::ffff:<*> port <*>,"['1823', '140114419967808', '12', '13.94.132.146', '1792']"
131,Mar,11,10:26:25,UbuntuApp,xrdp[1823],(1823)(140114419967808)[DEBUG] Closed socket 12 (AF_INET6 ::ffff:10.0.0.7 port 3389),53cf6e25,(<*>)(<*>)[DEBUG] Closed socket <*> (AF_INET6 <*> port <*>),"['1823', '140114419967808', '12', '::ffff:10.0.0.7', '3389']"
132,Mar,11,10:26:25,UbuntuApp,xrdp[6339],(6339)(140114419967808)[DEBUG] Closed socket 11 (AF_INET6 :: port 3389),53cf6e25,(<*>)(<*>)[DEBUG] Closed socket <*> (AF_INET6 <*> port <*>),"['6339', '140114419967808', '11', '::', '3389']"
133,Mar,11,10:26:25,UbuntuApp,xrdp[6339],(6339)(140114419967808)[INFO ] Using default X.509 certificate: /etc/xrdp/cert.pem,62d75164,(<*>)(<*>)[INFO ] Using default X.<*> certificate: /etc/xrdp/cert.pem,"['6339', '140114419967808', '509']"
134,Mar,11,10:26:25,UbuntuApp,xrdp[6339],(6339)(140114419967808)[INFO ] Using default X.509 key file: /etc/xrdp/key.pem,ae4159dc,(<*>)(<*>)[INFO ] Using default X.<*> key file: /etc/xrdp/key.pem,"['6339', '140114419967808', '509']"
135,Mar,11,10:26:25,UbuntuApp,xrdp[6339],(6339)(140114419967808)[ERROR] Cannot read private key file /etc/xrdp/key.pem: Permission denied,fcb7dfb9,(<*>)(<*>)[ERROR] Cannot read private key file /etc/xrdp/key.pem: Permission denied,"['6339', '140114419967808']"
136,Mar,11,10:26:25,UbuntuApp,xrdp[6339],(6339)(140114419967808)[DEBUG] TLSv1.2 enabled,aaa1d0ce,(<*>)(<*>)[DEBUG] <*> enabled,"['6339', '140114419967808', 'TLSv1.2']"
137,Mar,11,10:26:25,UbuntuApp,xrdp[6339],(6339)(140114419967808)[DEBUG] TLSv1.1 enabled,aaa1d0ce,(<*>)(<*>)[DEBUG] <*> enabled,"['6339', '140114419967808', 'TLSv1.1']"
138,Mar,11,10:26:25,UbuntuApp,xrdp[6339],(6339)(140114419967808)[DEBUG] TLSv1 enabled,aaa1d0ce,(<*>)(<*>)[DEBUG] <*> enabled,"['6339', '140114419967808', 'TLSv1']"
139,Mar,11,10:26:25,UbuntuApp,xrdp[6339],(6339)(140114419967808)[DEBUG] Closed socket 12 (AF_INET6 ::ffff:10.0.0.7 port 3389),53cf6e25,(<*>)(<*>)[DEBUG] Closed socket <*> (AF_INET6 <*> port <*>),"['6339', '140114419967808', '12', '::ffff:10.0.0.7', '3389']"
140,Mar,11,10:39:01,UbuntuApp,CRON[7253],(root) CMD (  [ -x /usr/lib/php/sessionclean ] && if [ ! -d /run/systemd/system ]; then /usr/lib/php/sessionclean; fi),7f28379d,(root) CMD ( [ -x /usr/lib/php/sessionclean ] && if [ ! -d /run/systemd/system ]; then /usr/lib/php/sessionclean; fi),[]
141,Mar,11,10:39:13,UbuntuApp,systemd[1],Starting Clean php session files...,73f564e0,Starting Clean php session files...,[]
142,Mar,11,10:39:14,UbuntuApp,systemd[1],Started Clean php session files.,6d8806bb,Started Clean php session files.,[]
143,Mar,11,10:53:41,UbuntuApp,xrdp[3095],(3095)(140114419967808)[DEBUG] Closed socket 12 (AF_INET6 ::ffff:10.0.0.7 port 3389),53cf6e25,(<*>)(<*>)[DEBUG] Closed socket <*> (AF_INET6 <*> port <*>),"['3095', '140114419967808', '12', '::ffff:10.0.0.7', '3389']"
144,Mar,11,10:53:41,UbuntuApp,xrdp[3095],(3095)(140114419967808)[DEBUG] xrdp_mm_module_cleanup,187f8360,(<*>)(<*>)[DEBUG] <*>,"['3095', '140114419967808', 'xrdp_mm_module_cleanup']"
145,Mar,11,10:53:41,UbuntuApp,xrdp[3095],(3095)(140114419967808)[DEBUG] Closed socket 17 (AF_UNIX),b425e8bd,(<*>)(<*>)[DEBUG] Closed socket <*> (AF_UNIX),"['3095', '140114419967808', '17']"
146,Mar,11,10:53:41,UbuntuApp,xrdp[3095],(3095)(140114419967808)[DEBUG] Closed socket 18 (AF_UNIX),b425e8bd,(<*>)(<*>)[DEBUG] Closed socket <*> (AF_UNIX),"['3095', '140114419967808', '18']"
147,Mar,11,10:53:52,UbuntuApp,kernel,[ 3663.617305] hv_utils: Shutdown request received - graceful shutdown initiated,fed60bb0,[ <*>.<*>] hv_utils: Shutdown request received - graceful shutdown initiated,['3663.617305']
148,Mar,11,10:53:52,UbuntuApp,systemd[1],Stopped target Cloud-init target.,990f29b7,Stopped target <*> <*>,['Cloud-init target.']
149,Mar,11,10:53:52,UbuntuApp,systemd[1],Stopping User Manager for UID 1000...,f7b4ee4f,Stopping User Manager for UID <*>...,['1000']
150,Mar,11,10:53:52,UbuntuApp,systemd[1],Stopping ACPI event daemon...,77057d76,Stopping ACPI event daemon...,[]
151,Mar,11,10:53:52,UbuntuApp,systemd[1],Closed Load/Save RF Kill Switch Status /dev/rfkill Watch.,9ff97048,Closed Load/Save RF Kill Switch Status /dev/rfkill Watch.,[]
152,Mar,11,10:53:52,UbuntuApp,systemd[3113],Stopping Accessibility services bus...,fa7ab593,Stopping Accessibility services bus...,[]
153,Mar,11,10:53:52,UbuntuApp,kernel,[ 3663.662551] rfkill: input handler enabled,8f72dbf6,[ <*>.<*>] <*> <*> <*> enabled,"['3663.662551', 'rfkill:', 'input handler']"
154,Mar,11,10:53:52,UbuntuApp,gnome-session-binary[3125],WARNING: Lost name on bus: org.gnome.SessionManager,b34d9d24,WARNING: Lost name on bus: org.gnome.SessionManager,[]
155,Mar,11,10:53:52,UbuntuApp,gnome-session[3125],gnome-session-binary[3125]: WARNING: Lost name on bus: org.gnome.SessionManager,ab6c9ed8,gnome-session-binary[<*>]: WARNING: Lost name on bus: org.gnome.SessionManager,['3125']
156,Mar,11,10:53:52,UbuntuApp,gnome-session[3125],"gnome-session-binary[3125]: CRITICAL: We failed, but the fail whale is dead. Sorry....",35f6490a,"gnome-session-binary[<*>]: CRITICAL: We failed, but the fail whale is dead. Sorry....",['3125']
157,Mar,11,10:53:52,UbuntuApp,systemd[3113],Stopping Evolution calendar service...,230a32b4,Stopping Evolution <*> <*>,['calendar service...']
158,Mar,11,10:53:52,UbuntuApp,gnome-session-binary[3125],"CRITICAL: We failed, but the fail whale is dead. Sorry....",dde01ef5,"CRITICAL: We failed, but the fail whale is dead. Sorry....",[]
159,Mar,11,10:53:52,UbuntuApp,systemd[3113],Stopping Evolution address book service...,44cfa83c,Stopping Evolution address book service...,[]
160,Mar,11,10:53:52,UbuntuApp,systemd[3113],Stopping Virtual filesystem service - Apple File Conduit monitor...,ecfc528e,Stopping Virtual filesystem service - <*> <*> <*> monitor...,"['Apple', 'File Conduit']"
161,Mar,11,10:53:52,UbuntuApp,systemd[3113],Stopping Virtual filesystem service - disk device monitor...,3e8d2473,Stopping Virtual filesystem service - <*> <*> monitor...,['disk device']
162,Mar,11,10:53:52,UbuntuApp,systemd[3113],Stopping Virtual filesystem service - GNOME Online Accounts monitor...,ecfc528e,Stopping Virtual filesystem service - <*> <*> <*> monitor...,"['GNOME', 'Online Accounts']"
163,Mar,11,10:53:52,UbuntuApp,systemd[3113],Stopping Evolution source registry...,230a32b4,Stopping Evolution <*> <*>,['source registry...']
164,Mar,11,10:53:52,UbuntuApp,systemd[3113],Stopping GNOME Terminal Server...,a5027086,Stopping GNOME <*> <*>,['Terminal Server...']
165,Mar,11,10:53:52,UbuntuApp,systemd[3113],Stopped target Default.,6b3c4980,Stopped target <*>,['Default.']
166,Mar,11,10:53:52,UbuntuApp,systemd[3113],Stopping Virtual filesystem service - Media Transfer Protocol monitor...,ecfc528e,Stopping Virtual filesystem service - <*> <*> <*> monitor...,"['Media', 'Transfer Protocol']"
167,Mar,11,10:53:52,UbuntuApp,systemd[3113],Stopping sandboxed app permission store...,92bc8043,Stopping sandboxed app permission store...,[]
168,Mar,11,10:53:52,UbuntuApp,systemd[3113],Stopping Virtual filesystem service...,197ae733,Stopping <*> <*> service...,['Virtual filesystem']
169,Mar,11,10:53:52,UbuntuApp,systemd[1],Removed slice system-getty.slice.,39552eb9,Removed slice system-getty.slice.,[]
170,Mar,11,10:53:52,UbuntuApp,deja-dup-monito[4005],Owner of volume monitor org.gtk.vfs.UDisks2VolumeMonitor disconnected from the bus; removing drives/volumes/mounts,f82c86ce,Owner of volume monitor <*> disconnected from the bus; removing drives/volumes/mounts,['org.gtk.vfs.UDisks2VolumeMonitor']
171,Mar,11,10:53:52,UbuntuApp,systemd[1],Stopping /var/lib/waagent/Microsoft.Azure.NetworkWatcher.NetworkWatcherAgentLinux-1.4.1421.1/./install.sh enable.,1df66539,Stopping /var/lib/waagent/Microsoft.Azure.NetworkWatcher.NetworkWatcherAgentLinux-<*>/./install.sh enable.,['1.4.1421.1']
172,Mar,11,10:53:52,UbuntuApp,[3282],Error releasing name org.freedesktop.portal.IBus: The connection is closed,5db5c99d,Error releasing name org.freedesktop.portal.IBus: The connection is closed,[]
173,Mar,11,10:53:52,UbuntuApp,systemd[3113],Stopping D-Bus User Message Bus...,4cf1dc97,Stopping D-Bus User Message Bus...,[]
174,Mar,11,10:53:52,UbuntuApp,systemd[3113],Stopping Virtual filesystem service - digital camera monitor...,3e8d2473,Stopping Virtual filesystem service - <*> <*> monitor...,['digital camera']
175,Mar,11,10:53:52,UbuntuApp,systemd[3113],Stopped sandboxed app permission store.,a0df826e,Stopped sandboxed app permission store.,[]
176,Mar,11,10:53:52,UbuntuApp,systemd[3113],Stopped Virtual filesystem service - GNOME Online Accounts monitor.,5678e0c3,Stopped Virtual filesystem service - <*> <*> <*> monitor.,"['GNOME', 'Online Accounts']"
177,Mar,11,10:53:52,UbuntuApp,systemd[3113],Stopped Virtual filesystem service - Media Transfer Protocol monitor.,5678e0c3,Stopped Virtual filesystem service - <*> <*> <*> monitor.,"['Media', 'Transfer Protocol']"
178,Mar,11,10:53:52,UbuntuApp,deja-dup-monito[4005],Owner of volume monitor org.gtk.vfs.GoaVolumeMonitor disconnected from the bus; removing drives/volumes/mounts,f82c86ce,Owner of volume monitor <*> disconnected from the bus; removing drives/volumes/mounts,['org.gtk.vfs.GoaVolumeMonitor']
179,Mar,11,10:53:52,UbuntuApp,deja-dup-monito[4005],Owner of volume monitor org.gtk.vfs.MTPVolumeMonitor disconnected from the bus; removing drives/volumes/mounts,f82c86ce,Owner of volume monitor <*> disconnected from the bus; removing drives/volumes/mounts,['org.gtk.vfs.MTPVolumeMonitor']
180,Mar,11,10:53:52,UbuntuApp,deja-dup-monito[4005],Owner of volume monitor org.gtk.vfs.AfcVolumeMonitor disconnected from the bus; removing drives/volumes/mounts,f82c86ce,Owner of volume monitor <*> disconnected from the bus; removing drives/volumes/mounts,['org.gtk.vfs.AfcVolumeMonitor']
181,Mar,11,10:53:52,UbuntuApp,deja-dup-monito[4005],Owner of volume monitor org.gtk.vfs.GPhoto2VolumeMonitor disconnected from the bus; removing drives/volumes/mounts,f82c86ce,Owner of volume monitor <*> disconnected from the bus; removing drives/volumes/mounts,['org.gtk.vfs.GPhoto2VolumeMonitor']
182,Mar,11,10:53:52,UbuntuApp,systemd[1],Stopping Thunderbolt system service...,197ae733,Stopping <*> <*> service...,['Thunderbolt system']
183,Mar,11,10:53:52,UbuntuApp,systemd[3113],Stopped Virtual filesystem service - digital camera monitor.,7da76490,Stopped Virtual filesystem service - <*> <*> monitor.,['digital camera']
184,Mar,11,10:53:52,UbuntuApp,systemd[3113],Stopped Virtual filesystem service - disk device monitor.,7da76490,Stopped Virtual filesystem service - <*> <*> monitor.,['disk device']
185,Mar,11,10:53:52,UbuntuApp,systemd[1],Unmounting /mnt...,450fc14c,Unmounting /mnt...,[]
186,Mar,11,10:53:52,UbuntuApp,systemd[1],Stopping Session c4 of user sepses.,2449c013,Stopping Session <*> of user <*>,"['c4', 'sepses.']"
187,Mar,11,10:53:52,UbuntuApp,xrdp-sesman[3111],(3111)(139680394335552)[INFO ] shutting down sesman 1,6864f900,(<*>)(<*>)[INFO ] shutting down sesman <*>,"['3111', '139680394335552', '1']"
188,Mar,11,10:53:52,UbuntuApp,systemd[1],Stopping RealtimeKit Scheduling Policy Service...,cf4b3a36,Stopping RealtimeKit Scheduling Policy Service...,[]
189,Mar,11,10:53:52,UbuntuApp,systemd[1],Stopping Daemon for power management...,e2d83938,Stopping Daemon for power management...,[]
190,Mar,11,10:53:52,UbuntuApp,gsd-media-keys[2800],g_object_notify: object class 'UpDevice' has no property named 'g-name-owner',ad11fb61,g_object_notify: object class <*> has no property named 'g-name-owner',"[""'UpDevice'""]"
191,Mar,11,10:53:52,UbuntuApp,systemd[1],Stopped Execute cloud user/final scripts.,f0b48134,Stopped Execute cloud user/final scripts.,[]
192,Mar,11,10:53:52,UbuntuApp,systemd[3113],Stopped Virtual filesystem service - Apple File Conduit monitor.,5678e0c3,Stopped Virtual filesystem service - <*> <*> <*> monitor.,"['Apple', 'File Conduit']"
193,Mar,11,10:53:52,UbuntuApp,gnome-shell[2652],g_object_notify: object class 'UpClient' has no property named 'g-name-owner',ad11fb61,g_object_notify: object class <*> has no property named 'g-name-owner',"[""'UpClient'""]"
194,Mar,11,10:53:52,UbuntuApp,systemd[1],Stopping PackageKit Daemon...,97678628,Stopping PackageKit Daemon...,[]
195,Mar,11,10:53:52,UbuntuApp,gnome-shell[2652],g_object_notify: object class 'UpClient' has no property named 'g-name-owner',ad11fb61,g_object_notify: object class <*> has no property named 'g-name-owner',"[""'UpClient'""]"
196,Mar,11,10:53:52,UbuntuApp,systemd[1],Stopping User Manager for UID 126...,f7b4ee4f,Stopping User Manager for UID <*>...,['126']
197,Mar,11,10:53:52,UbuntuApp,systemd[1],Stopping Session c3 of user gdm.,2449c013,Stopping Session <*> of user <*>,"['c3', 'gdm.']"
198,Mar,11,10:53:52,UbuntuApp,systemd[1],"Stopping Manage, Install and Generate Color Profiles...",62368ab6,"Stopping Manage, Install and Generate Color Profiles...",[]
199,Mar,11,10:53:52,UbuntuApp,systemd[1],Stopped target Graphical Interface.,990f29b7,Stopped target <*> <*>,['Graphical Interface.']
200,Mar,11,10:53:52,UbuntuApp,systemd[2599],Stopped target Default.,6b3c4980,Stopped target <*>,['Default.']
201,Mar,11,10:53:52,UbuntuApp,systemd[1],Stopping Disk Manager...,c48f9811,Stopping Disk Manager...,[]
202,Mar,11,10:53:52,UbuntuApp,systemd[1],Stopping GNOME Display Manager...,a5027086,Stopping GNOME <*> <*>,['Display Manager...']
203,Mar,11,10:53:52,UbuntuApp,systemd[2599],Stopping Sound Service...,2bf3ca8b,Stopping Sound Service...,[]
204,Mar,11,10:53:52,UbuntuApp,xrdp-sesman[3111],(3111)(139680394335552)[WARN ] receiving SIGHUP 1,938d1c42,(<*>)(<*>)[WARN ] receiving SIGHUP <*>,"['3111', '139680394335552', '1']"
205,Mar,11,10:53:52,UbuntuApp,systemd[1],Stopped target Multi-User System.,990f29b7,Stopped target <*> <*>,['Multi-User System.']
206,Mar,11,10:53:52,UbuntuApp,udisksd[1439],udisks daemon version 2.7.6 exiting,96c24eaa,udisks daemon version <*>.<*>.<*> <*>,"['2', '7.6 exiting']"
207,Mar,11,10:53:52,UbuntuApp,systemd[1],Stopping OpenBSD Secure Shell server...,2af85575,Stopping OpenBSD Secure Shell server...,[]
208,Mar,11,10:53:52,UbuntuApp,systemd[1],Stopping LXD - container startup/shutdown...,5443a48e,Stopping LXD - container startup/shutdown...,[]
209,Mar,11,10:53:52,UbuntuApp,/usr/lib/gdm3/gdm-x-session[2611],"(**) Option ""fd"" ""22""",8fd364c5,(**) Option <*> <*>,"['""fd"" ""22""']"
210,Mar,11,10:53:52,UbuntuApp,/usr/lib/gdm3/gdm-x-session[2611],(II) event3  - Microsoft Vmbus HID-compliant Mouse: device removed,08a1f5f9,(II) event3 - Microsoft Vmbus HID-compliant Mouse: device removed,[]
211,Mar,11,10:53:52,UbuntuApp,/usr/lib/gdm3/gdm-x-session[2611],"(**) Option ""fd"" ""25""",8fd364c5,(**) Option <*> <*>,"['""fd"" ""25""']"
212,Mar,11,10:53:52,UbuntuApp,/usr/lib/gdm3/gdm-x-session[2611],(II) event0  - Power Button: device removed,f18e26c4,(II) event0 - Power Button: device removed,[]
213,Mar,11,10:53:52,UbuntuApp,/usr/lib/gdm3/gdm-x-session[2611],"(**) Option ""fd"" ""26""",8fd364c5,(**) Option <*> <*>,"['""fd"" ""26""']"
214,Mar,11,10:53:52,UbuntuApp,/usr/lib/gdm3/gdm-x-session[2611],(II) event2  - AT Translated Set 2 keyboard: device removed,ea108826,(II) <*> - AT Translated Set <*> keyboard: device removed,"['event2', '2']"
215,Mar,11,10:53:52,UbuntuApp,/usr/lib/gdm3/gdm-x-session[2611],"(**) Option ""fd"" ""27""",8fd364c5,(**) Option <*> <*>,"['""fd"" ""27""']"
216,Mar,11,10:53:52,UbuntuApp,/usr/lib/gdm3/gdm-x-session[2611],(II) event1  - AT Translated Set 2 keyboard: device removed,ea108826,(II) <*> - AT Translated Set <*> keyboard: device removed,"['event1', '2']"
217,Mar,11,10:53:52,UbuntuApp,systemd[2599],Stopping D-Bus User Message Bus...,4cf1dc97,Stopping D-Bus User Message Bus...,[]
218,Mar,11,10:53:52,UbuntuApp,systemd[2599],Stopping sandboxed app permission store...,92bc8043,Stopping sandboxed app permission store...,[]
219,Mar,11,10:53:52,UbuntuApp,systemd[2599],Stopping Accessibility services bus...,fa7ab593,Stopping Accessibility services bus...,[]
220,Mar,11,10:53:52,UbuntuApp,systemd[1],Stopping vsftpd FTP server...,401d81e4,Stopping vsftpd FTP server...,[]
221,Mar,11,10:53:52,UbuntuApp,/usr/lib/gdm3/gdm-x-session[2611],"(II) UnloadModule: ""libinput""",7dd66087,(II) UnloadModule: <*>,"['""libinput""']"
222,Mar,11,10:53:52,UbuntuApp,/usr/lib/gdm3/gdm-x-session[2611],(II) systemd-logind: releasing fd for 13:65,2758b416,(II) systemd-logind: releasing fd for <*>:<*>,['13:65']
223,Mar,11,10:53:52,UbuntuApp,xrdp-sesman[3111],"(3111)(139680394335552)[CORE ] window manager (pid 3125) did exit, cleaning up session",417f62b7,"(<*>)(<*>)[CORE ] window manager (pid <*>) did exit, cleaning up session","['3111', '139680394335552', '3125']"
224,Mar,11,10:53:52,UbuntuApp,systemd[1],Stopped target Login Prompts.,990f29b7,Stopped target <*> <*>,['Login Prompts.']
225,Mar,11,10:53:52,UbuntuApp,xrdp-sesman[3111],(3111)(139680394335552)[INFO ] calling auth_stop_session and auth_end from pid 3111,484dc364,(<*>)(<*>)[INFO ] calling auth_stop_session and auth_end from pid <*>,"['3111', '139680394335552', '3111']"
226,Mar,11,10:53:52,UbuntuApp,systemd[1],Stopping LSB: Record successful boot for GRUB...,e5432bfb,Stopping LSB: Record successful boot for GRUB...,[]
227,Mar,11,10:53:52,UbuntuApp,systemd[2599],Stopped Sound Service.,dbdfd833,Stopped Sound Service.,[]
228,Mar,11,10:53:52,UbuntuApp,systemd[2599],"xdg-permission-store.service: Main process exited, code=exited, status=1/FAILURE",a8f51090,"xdg-permission-store.service: Main process exited, code=exited, status=<*>/FAILURE",['1']
229,Mar,11,10:53:52,UbuntuApp,systemd[2599],xdg-permission-store.service: Failed with result 'exit-code'.,6db65356,xdg-permission-store.service: Failed with result 'exit-code'.,[]
230,Mar,11,10:53:52,UbuntuApp,systemd[2599],Stopped sandboxed app permission store.,a0df826e,Stopped sandboxed app permission store.,[]
231,Mar,11,10:53:52,UbuntuApp,systemd[2599],Stopped D-Bus User Message Bus.,331a04d5,Stopped D-Bus User Message Bus.,[]
232,Mar,11,10:53:52,UbuntuApp,systemd[1],Stopping MySQL Community Server...,a229b9dc,Stopping MySQL Community Server...,[]
233,Mar,11,10:53:52,UbuntuApp,systemd[1],Stopping The Apache HTTP Server...,bf176dbe,Stopping The Apache HTTP Server...,[]
234,Mar,11,10:53:52,UbuntuApp,systemd[1],Stopping Dispatcher daemon for systemd-networkd...,4ac826c0,Stopping Dispatcher daemon for systemd-networkd...,[]
235,Mar,11,10:53:52,UbuntuApp,systemd[3113],Stopped D-Bus User Message Bus.,331a04d5,Stopped D-Bus User Message Bus.,[]
236,Mar,11,10:53:52,UbuntuApp,systemd[3113],Stopped Evolution source registry.,a48f7573,Stopped Evolution <*> <*>,['source registry.']
237,Mar,11,10:53:52,UbuntuApp,systemd[3113],Stopped Evolution calendar service.,a48f7573,Stopped Evolution <*> <*>,['calendar service.']
238,Mar,11,10:53:52,UbuntuApp,systemd[3113],Stopped Evolution address book service.,e8f3f924,Stopped Evolution address book service.,[]
239,Mar,11,10:53:52,UbuntuApp,systemd[3113],Stopped GNOME Terminal Server.,1757d236,Stopped GNOME Terminal Server.,[]
240,Mar,11,10:53:52,UbuntuApp,systemd[3113],Stopped Virtual filesystem service.,c3655409,Stopped Virtual filesystem service.,[]
241,Mar,11,10:53:52,UbuntuApp,systemd[1],Stopping Azure Linux Agent...,ccd65f81,Stopping Azure Linux Agent...,[]
242,Mar,11,10:53:52,UbuntuApp,python3[1825],2020/03/11 10:53:52.432331 INFO Daemon Agent WALinuxAgent-2.2.45 forwarding signal 15 to WALinuxAgent-2.2.46,60eafebc,2020/<*>/<*> <*>:<*>:<*>.<*> INFO Daemon Agent WALinuxAgent-<*>.<*>.<*> forwarding signal <*> to WALinuxAgent-<*>.<*>.<*>,"['03/11', '10', '53:52.432331', '2', '2.45', '15', '2', '2.46']"
243,Mar,11,10:53:52,UbuntuApp,systemd[1],Stopping FUSE filesystem for LXC...,01b25ed8,Stopping FUSE filesystem for LXC...,[]
244,Mar,11,10:53:52,UbuntuApp,systemd[1],Stopping Make remote CUPS printers available locally...,472fd622,Stopping Make remote CUPS printers available locally...,[]
245,Mar,14,11:37:55,UbuntuApp,systemd-modules-load[499],Inserted module 'lp',e2d09e15,Inserted module <*>,"[""'lp'""]"
246,Mar,14,11:37:55,UbuntuApp,systemd-modules-load[499],Inserted module 'ppdev',e2d09e15,Inserted module <*>,"[""'ppdev'""]"
247,Mar,14,11:37:55,UbuntuApp,systemd-modules-load[499],Inserted module 'parport_pc',e2d09e15,Inserted module <*>,"[""'parport_pc'""]"
248,Mar,14,11:37:55,UbuntuApp,keyboard-setup.sh[493],cannot open file /run/tmpkbd.DULnWm,f844a46d,cannot open file /run/tmpkbd.DULnWm,[]
249,Mar,14,11:37:55,UbuntuApp,kernel,[    0.000000] Linux version 5.0.0-1032-azure (buildd@lcy01-amd64-016) (gcc version 7.4.0 (Ubuntu 7.4.0-1ubuntu1~18.04.1)) #34-Ubuntu SMP Mon Feb 10 19:37:25 UTC 2020 (Ubuntu 5.0.0-1032.34-azure 5.0.21),be94182a,[ <*>.<*>] Linux version <*>.<*>.<*>-<*>-azure (buildd@lcy01-amd64-<*>) (gcc version <*>.<*>.<*> (Ubuntu <*>.<*>.<*>-1ubuntu1~<*>.<*>.<*>)) #<*>-Ubuntu SMP Mon Feb <*> <*>:<*>:<*> UTC <*> (Ubuntu <*>.<*>.<*>-<*>.<*>-azure <*>.<*>.<*>),"['0.000000', '5', '0.0-1032', '016', '7', '4.0', '7', '4.0', '18', '04.1', '34', '10 19', '37:25', '2020', '5', '0', '0-1032.34', '5', '0.21']"
250,Mar,14,11:37:55,UbuntuApp,kernel,[    0.000000] Command line: BOOT_IMAGE=/boot/vmlinuz-5.0.0-1032-azure root=UUID=5604f71e-1e5f-443c-a99e-b82bb5c201df ro console=tty1 console=ttyS0 earlyprintk=ttyS0 rootdelay=300,114429ff,[ <*>.<*>] Command line: BOOT_IMAGE=/boot/vmlinuz-<*>.<*>.<*>-<*>-azure root=UUID=5604f71e-1e5f-443c-a99e-b82bb5c201df ro console=tty1 console=ttyS0 earlyprintk=ttyS0 rootdelay=<*>,"['0.000000', '5', '0.0-1032', '300']"
251,Mar,14,11:37:55,UbuntuApp,kernel,[    0.000000] KERNEL supported cpus:,965b1ec6,[ <*>.<*>] KERNEL supported cpus:,['0.000000']
252,Mar,14,11:37:55,UbuntuApp,kernel,[    0.000000]   Intel GenuineIntel,936b8562,[ <*>.<*>] <*> <*>,"['0.000000', 'Intel GenuineIntel']"
253,Mar,14,11:37:55,UbuntuApp,kernel,[    0.000000]   AMD AuthenticAMD,936b8562,[ <*>.<*>] <*> <*>,"['0.000000', 'AMD AuthenticAMD']"
254,Mar,14,11:37:55,UbuntuApp,kernel,[    0.000000]   Hygon HygonGenuine,936b8562,[ <*>.<*>] <*> <*>,"['0.000000', 'Hygon HygonGenuine']"
255,Mar,14,11:37:55,UbuntuApp,kernel,[    0.000000]   Centaur CentaurHauls,936b8562,[ <*>.<*>] <*> <*>,"['0.000000', 'Centaur CentaurHauls']"
256,Mar,14,11:37:55,UbuntuApp,kernel,[    0.000000] x86/fpu: Supporting XSAVE feature 0x001: 'x87 floating point registers',fde341ba,[ <*>.<*>] x86/fpu: Supporting XSAVE feature 0x001: 'x87 floating point registers',['0.000000']
257,Mar,14,11:37:55,UbuntuApp,kernel,[    0.000000] x86/fpu: Supporting XSAVE feature 0x002: 'SSE registers',c809b8c8,[ <*>.<*>] x86/fpu: Supporting XSAVE feature <*> <*> registers',"['0.000000', ""0x002: 'SSE""]"
258,Mar,14,11:37:55,UbuntuApp,kernel,[    0.000000] x86/fpu: Supporting XSAVE feature 0x004: 'AVX registers',c809b8c8,[ <*>.<*>] x86/fpu: Supporting XSAVE feature <*> <*> registers',"['0.000000', ""0x004: 'AVX""]"
259,Mar,14,11:37:55,UbuntuApp,kernel,"[    0.000000] x86/fpu: xstate_offset[2]:  576, xstate_sizes[2]:  256",94e7a6df,"[ <*>.<*>] x86/fpu: xstate_offset[<*>]: <*>, xstate_sizes[<*>]: <*>","['0.000000', '2', '576', '2', '256']"
260,Mar,14,11:37:55,UbuntuApp,kernel,"[    0.000000] x86/fpu: Enabled xstate features 0x7, context size is 832 bytes, using 'standard' format.",37817a0a,"[ <*>.<*>] x86/fpu: Enabled xstate features 0x7, context size is <*> bytes, using 'standard' format.","['0.000000', '832']"
261,Mar,14,11:37:55,UbuntuApp,kernel,[    0.000000] BIOS-provided physical RAM map:,679f5927,[ <*>.<*>] BIOS-provided physical RAM map:,['0.000000']
262,Mar,14,11:37:55,UbuntuApp,kernel,[    0.000000] BIOS-e820: [mem 0x0000000000000000-0x000000000009fbff] usable,d4d60197,[ <*>.<*>] BIOS-e820: [mem <*> <*>,"['0.000000', '0x0000000000000000-0x000000000009fbff] usable']"
263,Mar,14,11:37:55,UbuntuApp,kernel,[    0.000000] BIOS-e820: [mem 0x000000000009fc00-0x000000000009ffff] reserved,d4d60197,[ <*>.<*>] BIOS-e820: [mem <*> <*>,"['0.000000', '0x000000000009fc00-0x000000000009ffff] reserved']"
264,Mar,14,11:37:55,UbuntuApp,kernel,[    0.000000] BIOS-e820: [mem 0x00000000000e0000-0x00000000000fffff] reserved,d4d60197,[ <*>.<*>] BIOS-e820: [mem <*> <*>,"['0.000000', '0x00000000000e0000-0x00000000000fffff] reserved']"
265,Mar,14,11:37:55,UbuntuApp,kernel,[    0.000000] BIOS-e820: [mem 0x0000000000100000-0x000000003ffeffff] usable,d4d60197,[ <*>.<*>] BIOS-e820: [mem <*> <*>,"['0.000000', '0x0000000000100000-0x000000003ffeffff] usable']"
266,Mar,14,11:37:55,UbuntuApp,kernel,[    0.000000] BIOS-e820: [mem 0x000000003fff0000-0x000000003fffefff] ACPI data,976560cf,[ <*>.<*>] BIOS-e820: [mem <*> ACPI <*>,"['0.000000', '0x000000003fff0000-0x000000003fffefff]', 'data']"
267,Mar,14,11:37:55,UbuntuApp,kernel,[    0.000000] BIOS-e820: [mem 0x000000003ffff000-0x000000003fffffff] ACPI NVS,976560cf,[ <*>.<*>] BIOS-e820: [mem <*> ACPI <*>,"['0.000000', '0x000000003ffff000-0x000000003fffffff]', 'NVS']"
268,Mar,14,11:37:55,UbuntuApp,kernel,[    0.000000] BIOS-e820: [mem 0x0000000100000000-0x00000002bfffffff] usable,d4d60197,[ <*>.<*>] BIOS-e820: [mem <*> <*>,"['0.000000', '0x0000000100000000-0x00000002bfffffff] usable']"
269,Mar,14,11:37:55,UbuntuApp,kernel,[    0.000000] printk: bootconsole [earlyser0] enabled,8f72dbf6,[ <*>.<*>] <*> <*> <*> enabled,"['0.000000', 'printk:', 'bootconsole [earlyser0]']"
270,Mar,14,11:37:55,UbuntuApp,kernel,[    0.000000] NX (Execute Disable) protection: active,a2cd9fdb,[ <*>.<*>] NX (Execute Disable) protection: active,['0.000000']
271,Mar,14,11:37:55,UbuntuApp,kernel,[    0.000000] SMBIOS 2.3 present.,271e8bd5,[ <*>.<*>] SMBIOS <*>.<*> present.,"['0.000000', '2.3']"
272,Mar,14,11:37:55,UbuntuApp,kernel,"[    0.000000] DMI: Microsoft Corporation Virtual Machine/Virtual Machine, BIOS 090007  06/02/2017",b20e8a2e,"[ <*>.<*>] DMI: Microsoft Corporation Virtual Machine/Virtual Machine, BIOS <*> <*>/<*>/<*>","['0.000000', '090007  06', '02/2017']"
273,Mar,14,11:37:55,UbuntuApp,kernel,[    0.000000] Hypervisor detected: Microsoft Hyper-V,91ab13e8,[ <*>.<*>] Hypervisor detected: Microsoft Hyper-V,['0.000000']
274,Mar,14,11:37:55,UbuntuApp,kernel,"[    0.000000] Hyper-V: features 0x2e7f, hints 0x44c2c",9d9bfdd0,"[ <*>.<*>] Hyper-V: features 0x2e7f, hints 0x44c2c",['0.000000']
275,Mar,14,11:37:55,UbuntuApp,kernel,[    0.000000] Hyper-V Host Build:14393-10.0-0-0.305,e41e7a65,[ <*>.<*>] Hyper-V Host Build:<*>-<*>.<*>-<*>-<*>.<*>,"['0.000000', '14393-10', '0', '0-0.305']"
276,Mar,14,11:37:55,UbuntuApp,kernel,[    0.000000] Hyper-V: LAPIC Timer Frequency: 0xc3500,14bf15a5,[ <*>.<*>] Hyper-V: LAPIC Timer Frequency: 0xc<*>,"['0.000000', '3500']"
277,Mar,14,11:37:55,UbuntuApp,kernel,[    0.000000] tsc: Marking TSC unstable due to running on Hyper-V,eaf7708b,[ <*>.<*>] tsc: Marking TSC unstable due to running on Hyper-V,['0.000000']
278,Mar,14,11:37:55,UbuntuApp,kernel,[    0.000000] Hyper-V: Using hypercall for remote TLB flush,db4f6103,[ <*>.<*>] Hyper-V: Using hypercall for remote TLB flush,['0.000000']
279,Mar,14,11:37:55,UbuntuApp,kernel,[    0.000000] tsc: Detected 2294.684 MHz processor,835ab552,[ <*>.<*>] tsc: Detected <*>.<*> MHz processor,"['0.000000', '2294.684']"
280,Mar,14,11:37:55,UbuntuApp,kernel,[    0.001605] e820: update [mem 0x00000000-0x00000fff] usable ==> reserved,7f8f754f,[ <*>.<*>] e820: update [mem <*> usable ==> reserved,"['0.001605', '0x00000000-0x00000fff]']"
281,Mar,14,11:37:55,UbuntuApp,kernel,[    0.001608] e820: remove [mem 0x000a0000-0x000fffff] usable,1f70e9aa,[ <*>.<*>] e820: remove [mem 0x000a0000-0x000fffff] usable,['0.001608']
282,Mar,14,11:37:55,UbuntuApp,kernel,[    0.001612] last_pfn = 0x2c0000 max_arch_pfn = 0x400000000,893b62e4,[ <*>.<*>] last_pfn = <*> max_arch_pfn = 0x<*>,"['0.001612', '0x2c0000', '400000000']"
283,Mar,14,11:37:55,UbuntuApp,kernel,[    0.014359] MTRR default type: uncachable,1dbe8e7a,[ <*>.<*>] MTRR <*> <*> <*>,"['0.014359', 'default', 'type: uncachable']"
284,Mar,14,11:37:55,UbuntuApp,kernel,[    0.014360] MTRR fixed ranges enabled:,1dbe8e7a,[ <*>.<*>] MTRR <*> <*> <*>,"['0.014360', 'fixed', 'ranges enabled:']"
285,Mar,14,11:37:55,UbuntuApp,kernel,[    0.014361]   00000-9FFFF write-back,936b8562,[ <*>.<*>] <*> <*>,"['0.014361', '00000-9FFFF write-back']"
286,Mar,14,11:37:55,UbuntuApp,kernel,[    0.014362]   A0000-DFFFF uncachable,936b8562,[ <*>.<*>] <*> <*>,"['0.014362', 'A0000-DFFFF uncachable']"
287,Mar,14,11:37:55,UbuntuApp,kernel,[    0.014363]   E0000-FFFFF write-back,936b8562,[ <*>.<*>] <*> <*>,"['0.014363', 'E0000-FFFFF write-back']"
288,Mar,14,11:37:55,UbuntuApp,kernel,[    0.014363] MTRR variable ranges enabled:,1dbe8e7a,[ <*>.<*>] MTRR <*> <*> <*>,"['0.014363', 'variable', 'ranges enabled:']"
289,Mar,14,11:37:55,UbuntuApp,kernel,[    0.014365]   0 base 00000000000 mask FFFC0000000 write-back,d1b7c0bc,[ <*>.<*>] <*> base <*> mask <*> write-back,"['0.014365', '0', '00000000000', 'FFFC0000000']"
290,Mar,14,11:37:55,UbuntuApp,kernel,[    0.014366]   1 base 00100000000 mask FF000000000 write-back,d1b7c0bc,[ <*>.<*>] <*> base <*> mask <*> write-back,"['0.014366', '1', '00100000000', 'FF000000000']"
291,Mar,14,11:37:55,UbuntuApp,kernel,[    0.014366]   2 disabled,936b8562,[ <*>.<*>] <*> <*>,"['0.014366', '2 disabled']"
292,Mar,14,11:37:55,UbuntuApp,kernel,[    0.014367]   3 disabled,936b8562,[ <*>.<*>] <*> <*>,"['0.014367', '3 disabled']"
293,Mar,14,11:37:55,UbuntuApp,kernel,[    0.014367]   4 disabled,936b8562,[ <*>.<*>] <*> <*>,"['0.014367', '4 disabled']"
294,Mar,14,11:37:55,UbuntuApp,kernel,[    0.014367]   5 disabled,936b8562,[ <*>.<*>] <*> <*>,"['0.014367', '5 disabled']"
295,Mar,14,11:37:55,UbuntuApp,kernel,[    0.014368]   6 disabled,936b8562,[ <*>.<*>] <*> <*>,"['0.014368', '6 disabled']"
296,Mar,14,11:37:55,UbuntuApp,kernel,[    0.014368]   7 disabled,936b8562,[ <*>.<*>] <*> <*>,"['0.014368', '7 disabled']"
297,Mar,14,11:37:55,UbuntuApp,kernel,[    0.014379] x86/PAT: Configuration [0-7]: WB  WC  UC- UC  WB  WP  UC- WT,5414a551,[ <*>.<*>] x86/PAT: Configuration [<*>-<*>]: WB WC UC- UC WB WP UC- WT,"['0.014379', '0-7']"
298,Mar,14,11:37:55,UbuntuApp,kernel,[    0.019213] e820: update [mem 0x40000000-0xffffffff] usable ==> reserved,7f8f754f,[ <*>.<*>] e820: update [mem <*> usable ==> reserved,"['0.019213', '0x40000000-0xffffffff]']"
299,Mar,14,11:37:55,UbuntuApp,kernel,[    0.021770] last_pfn = 0x3fff0 max_arch_pfn = 0x400000000,893b62e4,[ <*>.<*>] last_pfn = <*> max_arch_pfn = 0x<*>,"['0.021770', '0x3fff0', '400000000']"
300,Mar,14,11:37:55,UbuntuApp,kernel,[    0.038312] found SMP MP-table at [mem 0x000ff780-0x000ff78f],849f346f,[ <*>.<*>] found SMP MP-table at [mem 0x000ff780-0x000ff78f],['0.038312']
301,Mar,14,11:37:55,UbuntuApp,kernel,[    0.042025] check: Scanning 1 areas for low memory corruption,5b3d4674,[ <*>.<*>] check: Scanning <*> areas for low memory corruption,"['0.042025', '1']"
302,Mar,14,11:37:55,UbuntuApp,kernel,[    0.045746] Using GB pages for direct mapping,f6c22858,[ <*>.<*>] Using GB pages for direct mapping,['0.045746']
303,Mar,14,11:37:55,UbuntuApp,systemd[1],Starting Flush Journal to Persistent Storage...,e1db1317,Starting Flush Journal to Persistent Storage...,[]
304,Mar,14,11:37:55,UbuntuApp,kernel,"[    0.048219] BRK [0x126a02000, 0x126a02fff] PGTABLE",bd206d38,[ <*>.<*>] BRK <*> <*> PGTABLE,"['0.048219', '[0x126a02000, 0x126a02fff]']"
305,Mar,14,11:37:55,UbuntuApp,kernel,"[    0.048221] BRK [0x126a03000, 0x126a03fff] PGTABLE",bd206d38,[ <*>.<*>] BRK <*> <*> PGTABLE,"['0.048221', '[0x126a03000, 0x126a03fff]']"
306,Mar,14,11:37:55,UbuntuApp,kernel,"[    0.048222] BRK [0x126a04000, 0x126a04fff] PGTABLE",bd206d38,[ <*>.<*>] BRK <*> <*> PGTABLE,"['0.048222', '[0x126a04000, 0x126a04fff]']"
307,Mar,14,11:37:55,UbuntuApp,kernel,"[    0.048245] BRK [0x126a05000, 0x126a05fff] PGTABLE",bd206d38,[ <*>.<*>] BRK <*> <*> PGTABLE,"['0.048245', '[0x126a05000, 0x126a05fff]']"
308,Mar,14,11:37:55,UbuntuApp,kernel,"[    0.048282] BRK [0x126a06000, 0x126a06fff] PGTABLE",bd206d38,[ <*>.<*>] BRK <*> <*> PGTABLE,"['0.048282', '[0x126a06000, 0x126a06fff]']"
309,Mar,14,11:37:55,UbuntuApp,kernel,[    0.048300] RAMDISK: [mem 0x351e7000-0x368eafff],1c598435,[ <*>.<*>] <*> [mem <*>,"['0.048300', 'RAMDISK:', '0x351e7000-0x368eafff]']"
310,Mar,14,11:37:55,UbuntuApp,kernel,[    0.052293] ACPI: Early table checksum verification disabled,5e4615b4,[ <*>.<*>] ACPI: Early table checksum verification disabled,['0.052293']
311,Mar,14,11:37:55,UbuntuApp,kernel,[    0.055886] ACPI: RSDP 0x00000000000F5BF0 000014 (v00 ACPIAM),ef90a7c4,[ <*>.<*>] ACPI: RSDP 0x00000000000F5BF0 <*> (v00 ACPIAM),"['0.055886', '000014']"
312,Mar,14,11:37:55,UbuntuApp,kernel,[    0.059454] ACPI: RSDT 0x000000003FFF0000 000040 (v01 VRTUAL MICROSFT 06001702 MSFT 00000097),99b568dc,[ <*>.<*>] ACPI: <*> <*> <*> <*> VRTUAL MICROSFT <*> MSFT <*>),"['0.059454', 'RSDT', '0x000000003FFF0000 000040 (v01', '06001702', '00000097']"
313,Mar,14,11:37:55,UbuntuApp,systemd-modules-load[499],Inserted module 'iscsi_tcp',e2d09e15,Inserted module <*>,"[""'iscsi_tcp'""]"
314,Mar,14,11:37:55,UbuntuApp,kernel,[    0.064698] ACPI: FACP 0x000000003FFF0200 000081 (v02 VRTUAL MICROSFT 06001702 MSFT 00000097),99b568dc,[ <*>.<*>] ACPI: <*> <*> <*> <*> VRTUAL MICROSFT <*> MSFT <*>),"['0.064698', 'FACP', '0x000000003FFF0200 000081 (v02', '06001702', '00000097']"
315,Mar,14,11:37:55,UbuntuApp,kernel,[    0.069893] ACPI: DSDT 0x000000003FFF1D24 003CBE (v01 MSFTVM MSFTVM02 00000002 INTL 02002026),55f70f8e,[ <*>.<*>] ACPI: DSDT 0x000000003FFF1D24 003CBE (v01 MSFTVM MSFTVM02 <*> INTL <*>),"['0.069893', '00000002', '02002026']"
316,Mar,14,11:37:55,UbuntuApp,kernel,[    0.075628] ACPI: FACS 0x000000003FFFF000 000040,384a7d61,[ <*>.<*>] ACPI: <*> <*> <*>,"['0.075628', 'FACS', '0x000000003FFFF000 000040']"
317,Mar,14,11:37:55,UbuntuApp,kernel,[    0.078480] ACPI: WAET 0x000000003FFF1A80 000028 (v01 VRTUAL MICROSFT 06001702 MSFT 00000097),99b568dc,[ <*>.<*>] ACPI: <*> <*> <*> <*> VRTUAL MICROSFT <*> MSFT <*>),"['0.078480', 'WAET', '0x000000003FFF1A80 000028 (v01', '06001702', '00000097']"
318,Mar,14,11:37:55,UbuntuApp,kernel,[    0.083495] ACPI: SLIC 0x000000003FFF1AC0 000176 (v01 VRTUAL MICROSFT 06001702 MSFT 00000097),99b568dc,[ <*>.<*>] ACPI: <*> <*> <*> <*> VRTUAL MICROSFT <*> MSFT <*>),"['0.083495', 'SLIC', '0x000000003FFF1AC0 000176 (v01', '06001702', '00000097']"
319,Mar,14,11:37:55,UbuntuApp,kernel,[    0.089715] ACPI: OEM0 0x000000003FFF1CC0 000064 (v01 VRTUAL MICROSFT 06001702 MSFT 00000097),99b568dc,[ <*>.<*>] ACPI: <*> <*> <*> <*> VRTUAL MICROSFT <*> MSFT <*>),"['0.089715', 'OEM0', '0x000000003FFF1CC0 000064 (v01', '06001702', '00000097']"
320,Mar,14,11:37:55,UbuntuApp,kernel,[    0.094704] ACPI: SRAT 0x000000003FFF0800 000140 (v02 VRTUAL MICROSFT 00000001 MSFT 00000001),99b568dc,[ <*>.<*>] ACPI: <*> <*> <*> <*> VRTUAL MICROSFT <*> MSFT <*>),"['0.094704', 'SRAT', '0x000000003FFF0800 000140 (v02', '00000001', '00000001']"
321,Mar,14,11:37:55,UbuntuApp,systemd[1],Started udev Coldplug all Devices.,2ac0e54c,Started udev Coldplug all Devices.,[]
322,Mar,14,11:37:55,UbuntuApp,kernel,[    0.100234] ACPI: APIC 0x000000003FFF0300 000452 (v01 VRTUAL MICROSFT 06001702 MSFT 00000097),99b568dc,[ <*>.<*>] ACPI: <*> <*> <*> <*> VRTUAL MICROSFT <*> MSFT <*>),"['0.100234', 'APIC', '0x000000003FFF0300 000452 (v01', '06001702', '00000097']"
323,Mar,14,11:37:55,UbuntuApp,kernel,[    0.105931] ACPI: OEMB 0x000000003FFFF040 000064 (v01 VRTUAL MICROSFT 06001702 MSFT 00000097),99b568dc,[ <*>.<*>] ACPI: <*> <*> <*> <*> VRTUAL MICROSFT <*> MSFT <*>),"['0.105931', 'OEMB', '0x000000003FFFF040 000064 (v01', '06001702', '00000097']"
324,Mar,14,11:37:55,UbuntuApp,kernel,[    0.111103] ACPI: Local APIC address 0xfee00000,33c2304b,[ <*>.<*>] ACPI: Local APIC address 0xfee<*>,"['0.111103', '00000']"
325,Mar,14,11:37:55,UbuntuApp,kernel,[    0.111143] SRAT: PXM 0 -> APIC 0x00 -> Node 0,3a0052b7,[ <*>.<*>] SRAT: PXM <*> -> APIC <*> -> Node <*>,"['0.111143', '0 ->', '0x00 ->', '0']"
326,Mar,14,11:37:55,UbuntuApp,kernel,[    0.113890] SRAT: PXM 0 -> APIC 0x01 -> Node 0,3a0052b7,[ <*>.<*>] SRAT: PXM <*> -> APIC <*> -> Node <*>,"['0.113890', '0 ->', '0x01 ->', '0']"
327,Mar,14,11:37:55,UbuntuApp,kernel,[    0.116787] ACPI: SRAT: Node 0 PXM 0 [mem 0x00000000-0x3fffffff] hotplug,59806dab,[ <*>.<*>] ACPI: SRAT: Node <*> PXM <*> [mem <*> hotplug,"['0.116787', '0', '0', '0x00000000-0x3fffffff]']"
328,Mar,14,11:37:55,UbuntuApp,systemd[1],"Started Monitoring of LVM2 mirrors, snapshots etc. using dmeventd or progress polling.",92499399,"Started Monitoring of LVM2 mirrors, snapshots etc. using dmeventd or progress polling.",[]
329,Mar,14,11:37:55,UbuntuApp,kernel,[    0.121103] ACPI: SRAT: Node 0 PXM 0 [mem 0x100000000-0x2bfffffff] hotplug,59806dab,[ <*>.<*>] ACPI: SRAT: Node <*> PXM <*> [mem <*> hotplug,"['0.121103', '0', '0', '0x100000000-0x2bfffffff]']"
330,Mar,14,11:37:55,UbuntuApp,kernel,[    0.125442] ACPI: SRAT: Node 0 PXM 0 [mem 0x2c0200000-0xfdfffffff] hotplug,59806dab,[ <*>.<*>] ACPI: SRAT: Node <*> PXM <*> [mem <*> hotplug,"['0.125442', '0', '0', '0x2c0200000-0xfdfffffff]']"
331,Mar,14,11:37:55,UbuntuApp,kernel,[    0.129664] ACPI: SRAT: Node 0 PXM 0 [mem 0x1000000000-0xffffffffff] hotplug,59806dab,[ <*>.<*>] ACPI: SRAT: Node <*> PXM <*> [mem <*> hotplug,"['0.129664', '0', '0', '0x1000000000-0xffffffffff]']"
332,Mar,14,11:37:55,UbuntuApp,kernel,[    0.135266] ACPI: SRAT: Node 0 PXM 0 [mem 0x10000200000-0x1ffffffffff] hotplug,59806dab,[ <*>.<*>] ACPI: SRAT: Node <*> PXM <*> [mem <*> hotplug,"['0.135266', '0', '0', '0x10000200000-0x1ffffffffff]']"
333,Mar,14,11:37:55,UbuntuApp,systemd[1],Started Create Static Device Nodes in /dev.,11aa1702,Started Create Static Device Nodes in /dev.,[]
334,Mar,14,11:37:55,UbuntuApp,kernel,[    0.139510] ACPI: SRAT: Node 0 PXM 0 [mem 0x20000200000-0x3ffffffffff] hotplug,59806dab,[ <*>.<*>] ACPI: SRAT: Node <*> PXM <*> [mem <*> hotplug,"['0.139510', '0', '0', '0x20000200000-0x3ffffffffff]']"
335,Mar,14,11:37:55,UbuntuApp,kernel,[    0.143612] NUMA: Node 0 [mem 0x00000000-0x3fffffff] + [mem 0x100000000-0x2bfffffff] -> [mem 0x00000000-0x2bfffffff],2149b3b0,[ <*>.<*>] NUMA: Node <*> [mem 0x00000000-0x3fffffff] + [mem 0x100000000-0x2bfffffff] -> [mem 0x00000000-0x2bfffffff],"['0.143612', '0']"
336,Mar,14,11:37:55,UbuntuApp,kernel,[    0.150019] NODE_DATA(0) allocated [mem 0x2bffd5000-0x2bfffffff],b6667f9b,[ <*>.<*>] <*> <*> [mem <*>,"['0.150019', 'NODE_DATA(0) allocated', '0x2bffd5000-0x2bfffffff]']"
337,Mar,14,11:37:55,UbuntuApp,systemd[1],Starting udev Kernel Device Manager...,22110ed5,Starting udev Kernel Device Manager...,[]
338,Mar,14,11:37:55,UbuntuApp,kernel,[    0.154068] Zone ranges:,936b8562,[ <*>.<*>] <*> <*>,"['0.154068', 'Zone ranges:']"
339,Mar,14,11:37:55,UbuntuApp,kernel,[    0.155893]   DMA      [mem 0x0000000000001000-0x0000000000ffffff],1c598435,[ <*>.<*>] <*> [mem <*>,"['0.155893', 'DMA', '0x0000000000001000-0x0000000000ffffff]']"
340,Mar,14,11:37:55,UbuntuApp,kernel,[    0.159359]   DMA32    [mem 0x0000000001000000-0x00000000ffffffff],1c598435,[ <*>.<*>] <*> [mem <*>,"['0.159359', 'DMA32', '0x0000000001000000-0x00000000ffffffff]']"
341,Mar,14,11:37:55,UbuntuApp,kernel,[    0.163063]   Normal   [mem 0x0000000100000000-0x00000002bfffffff],1c598435,[ <*>.<*>] <*> [mem <*>,"['0.163063', 'Normal', '0x0000000100000000-0x00000002bfffffff]']"
342,Mar,14,11:37:55,UbuntuApp,kernel,[    0.166826]   Device   empty,936b8562,[ <*>.<*>] <*> <*>,"['0.166826', 'Device   empty']"
343,Mar,14,11:37:55,UbuntuApp,kernel,[    0.168497] Movable zone start for each node,64c52242,[ <*>.<*>] Movable zone start for each node,['0.168497']
344,Mar,14,11:37:55,UbuntuApp,systemd-modules-load[499],Inserted module 'ib_iser',e2d09e15,Inserted module <*>,"[""'ib_iser'""]"
345,Mar,14,11:37:55,UbuntuApp,kernel,[    0.170991] Early memory node ranges,a091d2c8,[ <*>.<*>] Early memory node ranges,['0.170991']
346,Mar,14,11:37:55,UbuntuApp,kernel,[    0.173102]   node   0: [mem 0x0000000000001000-0x000000000009efff],b6667f9b,[ <*>.<*>] <*> <*> [mem <*>,"['0.173102', 'node   0:', '0x0000000000001000-0x000000000009efff]']"
347,Mar,14,11:37:55,UbuntuApp,kernel,[    0.176751]   node   0: [mem 0x0000000000100000-0x000000003ffeffff],b6667f9b,[ <*>.<*>] <*> <*> [mem <*>,"['0.176751', 'node   0:', '0x0000000000100000-0x000000003ffeffff]']"
348,Mar,14,11:37:55,UbuntuApp,kernel,[    0.180722]   node   0: [mem 0x0000000100000000-0x00000002bfffffff],b6667f9b,[ <*>.<*>] <*> <*> [mem <*>,"['0.180722', 'node   0:', '0x0000000100000000-0x00000002bfffffff]']"
349,Mar,14,11:37:55,UbuntuApp,kernel,[    0.184458] Zeroed struct page in unavailable ranges: 114 pages,466785ab,[ <*>.<*>] Zeroed struct page in unavailable ranges: <*> pages,"['0.184458', '114']"
350,Mar,14,11:37:55,UbuntuApp,kernel,[    0.184460] Initmem setup node 0 [mem 0x0000000000001000-0x00000002bfffffff],9b9613f5,[ <*>.<*>] Initmem setup node <*> [mem 0x0000000000001000-0x00000002bfffffff],"['0.184460', '0']"
351,Mar,14,11:37:55,UbuntuApp,kernel,[    0.192028] On node 0 totalpages: 2097038,6d7e682c,[ <*>.<*>] On node <*> totalpages: <*>,"['0.192028', '0', '2097038']"
352,Mar,14,11:37:55,UbuntuApp,systemd[1],Started Load Kernel Modules.,f95692bb,Started <*> Kernel <*>,"['Load', 'Modules.']"
353,Mar,14,11:37:55,UbuntuApp,kernel,[    0.192029]   DMA zone: 64 pages used for memmap,8f605fdb,[ <*>.<*>] <*> zone: <*> pages used for memmap,"['0.192029', 'DMA', '64']"
354,Mar,14,11:37:55,UbuntuApp,kernel,[    0.192030]   DMA zone: 21 pages reserved,4f135b04,[ <*>.<*>] DMA zone: <*> pages reserved,"['0.192030', '21']"
355,Mar,14,11:37:55,UbuntuApp,kernel,"[    0.192031]   DMA zone: 3998 pages, LIFO batch:0",c61c09e1,"[ <*>.<*>] <*> zone: <*> pages, LIFO batch:<*>","['0.192031', 'DMA', '3998', '0']"
356,Mar,14,11:37:55,UbuntuApp,kernel,[    0.192168]   DMA32 zone: 4032 pages used for memmap,8f605fdb,[ <*>.<*>] <*> zone: <*> pages used for memmap,"['0.192168', 'DMA32', '4032']"
357,Mar,14,11:37:55,UbuntuApp,kernel,"[    0.192169]   DMA32 zone: 258032 pages, LIFO batch:63",c61c09e1,"[ <*>.<*>] <*> zone: <*> pages, LIFO batch:<*>","['0.192169', 'DMA32', '258032', '63']"
358,Mar,14,11:37:55,UbuntuApp,kernel,[    0.200538]   Normal zone: 28672 pages used for memmap,8f605fdb,[ <*>.<*>] <*> zone: <*> pages used for memmap,"['0.200538', 'Normal', '28672']"
359,Mar,14,11:37:55,UbuntuApp,systemd[1],Mounting Kernel Configuration File System...,40de610b,Mounting <*> <*> File System...,['Kernel Configuration']
360,Mar,14,11:37:55,UbuntuApp,kernel,"[    0.200540]   Normal zone: 1835008 pages, LIFO batch:63",c61c09e1,"[ <*>.<*>] <*> zone: <*> pages, LIFO batch:<*>","['0.200540', 'Normal', '1835008', '63']"
361,Mar,14,11:37:55,UbuntuApp,kernel,[    0.245271] ACPI: PM-Timer IO Port: 0x408,b78b9daf,[ <*>.<*>] ACPI: PM-Timer IO Port: 0x<*>,"['0.245271', '408']"
362,Mar,14,11:37:55,UbuntuApp,kernel,[    0.247278] ACPI: Local APIC address 0xfee00000,33c2304b,[ <*>.<*>] ACPI: Local APIC address 0xfee<*>,"['0.247278', '00000']"
363,Mar,14,11:37:55,UbuntuApp,systemd[1],Mounting FUSE Control File System...,40de610b,Mounting <*> <*> File System...,['FUSE Control']
364,Mar,14,11:37:55,UbuntuApp,kernel,[    0.247288] ACPI: LAPIC_NMI (acpi_id[0xff] dfl dfl lint[0x1]),dd7dce95,[ <*>.<*>] ACPI: LAPIC_NMI (acpi_id[0xff] dfl dfl lint[0x1]),['0.247288']
365,Mar,14,11:37:55,UbuntuApp,kernel,"[    0.251244] IOAPIC[0]: apic_id 0, version 17, address 0xfec00000, GSI 0-23",a7e15138,"[ <*>.<*>] IOAPIC[<*>]: apic_id <*>, version <*>, address 0xfec00000, GSI <*>-<*>","['0.251244', '0', '0', '17', '0-23']"
366,Mar,14,11:37:55,UbuntuApp,kernel,[    0.255593] ACPI: INT_SRC_OVR (bus 0 bus_irq 0 global_irq 2 dfl dfl),14e2150c,[ <*>.<*>] ACPI: INT_SRC_OVR (bus <*> bus_irq <*> global_irq <*> <*> <*>,"['0.255593', '0', '0', '2', 'dfl dfl)']"
367,Mar,14,11:37:55,UbuntuApp,kernel,[    0.258780] ACPI: INT_SRC_OVR (bus 0 bus_irq 9 global_irq 9 high level),14e2150c,[ <*>.<*>] ACPI: INT_SRC_OVR (bus <*> bus_irq <*> global_irq <*> <*> <*>,"['0.258780', '0', '9', '9', 'high level)']"
368,Mar,14,11:37:55,UbuntuApp,systemd[1],Starting Apply Kernel Variables...,96c375ea,Starting Apply Kernel Variables...,[]
369,Mar,14,11:37:55,UbuntuApp,kernel,[    0.262365] ACPI: IRQ0 used by override.,908df579,[ <*>.<*>] ACPI: <*> used by override.,"['0.262365', 'IRQ0']"
370,Mar,14,11:37:55,UbuntuApp,kernel,[    0.262365] ACPI: IRQ9 used by override.,908df579,[ <*>.<*>] ACPI: <*> used by override.,"['0.262365', 'IRQ9']"
371,Mar,14,11:37:55,UbuntuApp,kernel,[    0.262368] Using ACPI (MADT) for SMP configuration information,2d06faa7,[ <*>.<*>] Using ACPI (MADT) for SMP configuration information,['0.262368']
372,Mar,14,11:37:55,UbuntuApp,kernel,"[    0.265608] smpboot: Allowing 128 CPUs, 126 hotplug CPUs",9b8c143d,"[ <*>.<*>] smpboot: Allowing <*> CPUs, <*> hotplug CPUs","['0.265608', '128', '126']"
373,Mar,14,11:37:55,UbuntuApp,kernel,[    0.268465] PM: Registered nosave memory: [mem 0x00000000-0x00000fff],adb3b7e0,[ <*>.<*>] PM: Registered nosave memory: [mem <*>,"['0.268465', '0x00000000-0x00000fff]']"
374,Mar,14,11:37:55,UbuntuApp,kernel,[    0.272017] PM: Registered nosave memory: [mem 0x0009f000-0x0009ffff],adb3b7e0,[ <*>.<*>] PM: Registered nosave memory: [mem <*>,"['0.272017', '0x0009f000-0x0009ffff]']"
375,Mar,14,11:37:55,UbuntuApp,kernel,[    0.275843] PM: Registered nosave memory: [mem 0x000a0000-0x000dffff],adb3b7e0,[ <*>.<*>] PM: Registered nosave memory: [mem <*>,"['0.275843', '0x000a0000-0x000dffff]']"
376,Mar,14,11:37:55,UbuntuApp,kernel,[    0.279599] PM: Registered nosave memory: [mem 0x000e0000-0x000fffff],adb3b7e0,[ <*>.<*>] PM: Registered nosave memory: [mem <*>,"['0.279599', '0x000e0000-0x000fffff]']"
377,Mar,14,11:37:55,UbuntuApp,kernel,[    0.283176] PM: Registered nosave memory: [mem 0x3fff0000-0x3fffefff],adb3b7e0,[ <*>.<*>] PM: Registered nosave memory: [mem <*>,"['0.283176', '0x3fff0000-0x3fffefff]']"
378,Mar,14,11:37:55,UbuntuApp,kernel,[    0.286954] PM: Registered nosave memory: [mem 0x3ffff000-0x3fffffff],adb3b7e0,[ <*>.<*>] PM: Registered nosave memory: [mem <*>,"['0.286954', '0x3ffff000-0x3fffffff]']"
379,Mar,14,11:37:55,UbuntuApp,systemd[1],Mounted Kernel Configuration File System.,737d7ce7,Mounted <*> <*> File System.,['Kernel Configuration']
380,Mar,14,11:37:55,UbuntuApp,systemd[1],Mounted FUSE Control File System.,737d7ce7,Mounted <*> <*> File System.,['FUSE Control']
381,Mar,14,11:37:55,UbuntuApp,systemd[1],Started Apply Kernel Variables.,f95692bb,Started <*> Kernel <*>,"['Apply', 'Variables.']"
382,Mar,14,11:37:55,UbuntuApp,systemd[1],Started udev Kernel Device Manager.,0964e582,Started udev Kernel Device Manager.,[]
383,Mar,14,11:37:55,UbuntuApp,systemd[1],Started Flush Journal to Persistent Storage.,7a4412e1,Started Flush Journal to Persistent Storage.,[]
384,Mar,14,11:37:55,UbuntuApp,systemd-udevd[553],"link_config: autonegotiation is unset or enabled, the speed and duplex are not writable.",b4c65ba8,"link_config: autonegotiation is unset or enabled, the speed and duplex are not writable.",[]
385,Mar,14,11:37:55,UbuntuApp,systemd-udevd[553],Could not set WakeOnLan of eth0 to off: Operation not supported,1d8dc2ea,Could not set WakeOnLan of eth0 to off: Operation not supported,[]
386,Mar,14,11:37:55,UbuntuApp,systemd[1],Found device /dev/ttyS0.,07b8c44b,Found device <*>,['/dev/ttyS0.']
387,Mar,14,11:37:55,UbuntuApp,systemd[1],Started Set the console keyboard layout.,046d6255,Started Set the console keyboard layout.,[]
388,Mar,14,11:37:55,UbuntuApp,systemd[1],Reached target Local File Systems (Pre).,46c291bc,Reached target <*> File Systems (Pre).,['Local']
389,Mar,14,11:37:55,UbuntuApp,systemd-udevd[558],"link_config: autonegotiation is unset or enabled, the speed and duplex are not writable.",b4c65ba8,"link_config: autonegotiation is unset or enabled, the speed and duplex are not writable.",[]
390,Mar,14,11:37:55,UbuntuApp,systemd[1],"Mounting Mount unit for core18, revision 1668...",13fc357c,Mounting Mount unit for <*> revision <*>...,"['core18,', '1668']"
391,Mar,14,11:37:55,UbuntuApp,kernel,[    0.290235] PM: Registered nosave memory: [mem 0x40000000-0xffffffff],adb3b7e0,[ <*>.<*>] PM: Registered nosave memory: [mem <*>,"['0.290235', '0x40000000-0xffffffff]']"
392,Mar,14,11:37:55,UbuntuApp,systemd[1],"Mounting Mount unit for cmake, revision 283...",13fc357c,Mounting Mount unit for <*> revision <*>...,"['cmake,', '283']"
393,Mar,14,11:37:55,UbuntuApp,kernel,[    0.294293] [mem 0x40000000-0xffffffff] available for PCI devices,3f07a14b,[ <*>.<*>] [mem 0x40000000-0xffffffff] available for PCI devices,['0.294293']
394,Mar,14,11:37:55,UbuntuApp,kernel,[    0.297646] Booting paravirtualized kernel on bare hardware,8d50c11c,[ <*>.<*>] Booting paravirtualized kernel on bare hardware,['0.297646']
395,Mar,14,11:37:55,UbuntuApp,kernel,"[    0.301101] clocksource: refined-jiffies: mask: 0xffffffff max_cycles: 0xffffffff, max_idle_ns: 7645519600211568 ns",86aa80c1,[ <*>.<*>] clocksource: <*> mask: <*> max_cycles: <*> max_idle_ns: <*> ns,"['0.301101', 'refined-jiffies:', '0xffffffff', '0xffffffff,', '7645519600211568']"
396,Mar,14,11:37:55,UbuntuApp,systemd[1],"Mounting Mount unit for snapd, revision 6434...",13fc357c,Mounting Mount unit for <*> revision <*>...,"['snapd,', '6434']"
397,Mar,14,11:37:55,UbuntuApp,kernel,[    0.307784] random: get_random_bytes called from start_kernel+0x93/0x503 with crng_init=0,443bf847,[ <*>.<*>] random: get_random_bytes called from start_kernel+0x93/0x503 with crng_init=<*>,"['0.307784', '0']"
398,Mar,14,11:37:55,UbuntuApp,kernel,[    0.312043] setup_percpu: NR_CPUS:8192 nr_cpumask_bits:128 nr_cpu_ids:128 nr_node_ids:1,179bb8e8,[ <*>.<*>] setup_percpu: NR_CPUS:<*> nr_cpumask_bits:<*> nr_cpu_ids:<*> nr_node_ids:<*>,"['0.312043', '8192', '128', '128', '1']"
399,Mar,14,11:37:55,UbuntuApp,kernel,[    0.325395] percpu: Embedded 45 pages/cpu s147456 r8192 d28672 u262144,e239aa8c,[ <*>.<*>] percpu: Embedded <*> pages/cpu s147456 r8192 d28672 u<*>,"['0.325395', '45', '262144']"
400,Mar,14,11:37:55,UbuntuApp,kernel,[    0.329549] pcpu-alloc: s147456 r8192 d28672 u262144 alloc=1*2097152,9389e3c2,[ <*>.<*>] pcpu-alloc: s147456 r8192 d28672 u262144 alloc=<*>*<*>,"['0.329549', '1*2097152']"
401,Mar,14,11:37:55,UbuntuApp,kernel,[    0.329550] pcpu-alloc: [0] 000 001 002 003 004 005 006 007,30022ec8,[ <*>.<*>] pcpu-alloc: [<*>] <*> <*> <*> <*> <*> <*> <*> <*>,"['0.329550', '0', '000', '001', '002', '003 004 005 006 007']"
402,Mar,14,11:37:55,UbuntuApp,systemd[1],Started Dispatch Password Requests to Console Directory Watch.,2e7c532c,Started Dispatch Password Requests to Console Directory Watch.,[]
403,Mar,14,11:37:55,UbuntuApp,kernel,[    0.329552] pcpu-alloc: [0] 008 009 010 011 012 013 014 015,30022ec8,[ <*>.<*>] pcpu-alloc: [<*>] <*> <*> <*> <*> <*> <*> <*> <*>,"['0.329552', '0', '008', '009', '010', '011 012 013 014 015']"
404,Mar,14,11:37:55,UbuntuApp,kernel,[    0.329554] pcpu-alloc: [0] 016 017 018 019 020 021 022 023,30022ec8,[ <*>.<*>] pcpu-alloc: [<*>] <*> <*> <*> <*> <*> <*> <*> <*>,"['0.329554', '0', '016', '017', '018', '019 020 021 022 023']"
405,Mar,14,11:37:55,UbuntuApp,kernel,[    0.329556] pcpu-alloc: [0] 024 025 026 027 028 029 030 031,30022ec8,[ <*>.<*>] pcpu-alloc: [<*>] <*> <*> <*> <*> <*> <*> <*> <*>,"['0.329556', '0', '024', '025', '026', '027 028 029 030 031']"
406,Mar,14,11:37:55,UbuntuApp,kernel,[    0.329557] pcpu-alloc: [0] 032 033 034 035 036 037 038 039,30022ec8,[ <*>.<*>] pcpu-alloc: [<*>] <*> <*> <*> <*> <*> <*> <*> <*>,"['0.329557', '0', '032', '033', '034', '035 036 037 038 039']"
407,Mar,14,11:37:55,UbuntuApp,kernel,[    0.329559] pcpu-alloc: [0] 040 041 042 043 044 045 046 047,30022ec8,[ <*>.<*>] pcpu-alloc: [<*>] <*> <*> <*> <*> <*> <*> <*> <*>,"['0.329559', '0', '040', '041', '042', '043 044 045 046 047']"
408,Mar,14,11:37:55,UbuntuApp,kernel,[    0.329561] pcpu-alloc: [0] 048 049 050 051 052 053 054 055,30022ec8,[ <*>.<*>] pcpu-alloc: [<*>] <*> <*> <*> <*> <*> <*> <*> <*>,"['0.329561', '0', '048', '049', '050', '051 052 053 054 055']"
409,Mar,14,11:37:55,UbuntuApp,kernel,[    0.329562] pcpu-alloc: [0] 056 057 058 059 060 061 062 063,30022ec8,[ <*>.<*>] pcpu-alloc: [<*>] <*> <*> <*> <*> <*> <*> <*> <*>,"['0.329562', '0', '056', '057', '058', '059 060 061 062 063']"
410,Mar,14,11:37:55,UbuntuApp,systemd[1],Reached target Local Encrypted Volumes.,34b1ff8d,Reached target Local <*> <*>,['Encrypted Volumes.']
411,Mar,14,11:37:55,UbuntuApp,kernel,[    0.329564] pcpu-alloc: [0] 064 065 066 067 068 069 070 071,30022ec8,[ <*>.<*>] pcpu-alloc: [<*>] <*> <*> <*> <*> <*> <*> <*> <*>,"['0.329564', '0', '064', '065', '066', '067 068 069 070 071']"
412,Mar,14,11:37:55,UbuntuApp,kernel,[    0.329565] pcpu-alloc: [0] 072 073 074 075 076 077 078 079,30022ec8,[ <*>.<*>] pcpu-alloc: [<*>] <*> <*> <*> <*> <*> <*> <*> <*>,"['0.329565', '0', '072', '073', '074', '075 076 077 078 079']"
413,Mar,14,11:37:55,UbuntuApp,kernel,[    0.329567] pcpu-alloc: [0] 080 081 082 083 084 085 086 087,30022ec8,[ <*>.<*>] pcpu-alloc: [<*>] <*> <*> <*> <*> <*> <*> <*> <*>,"['0.329567', '0', '080', '081', '082', '083 084 085 086 087']"
414,Mar,14,11:37:55,UbuntuApp,kernel,[    0.329568] pcpu-alloc: [0] 088 089 090 091 092 093 094 095,30022ec8,[ <*>.<*>] pcpu-alloc: [<*>] <*> <*> <*> <*> <*> <*> <*> <*>,"['0.329568', '0', '088', '089', '090', '091 092 093 094 095']"
415,Mar,14,11:37:55,UbuntuApp,kernel,[    0.329570] pcpu-alloc: [0] 096 097 098 099 100 101 102 103,30022ec8,[ <*>.<*>] pcpu-alloc: [<*>] <*> <*> <*> <*> <*> <*> <*> <*>,"['0.329570', '0', '096', '097', '098', '099 100 101 102 103']"
416,Mar,14,11:37:55,UbuntuApp,kernel,[    0.329572] pcpu-alloc: [0] 104 105 106 107 108 109 110 111,30022ec8,[ <*>.<*>] pcpu-alloc: [<*>] <*> <*> <*> <*> <*> <*> <*> <*>,"['0.329572', '0', '104', '105', '106', '107 108 109 110 111']"
417,Mar,14,11:37:55,UbuntuApp,systemd[1],Found device /sys/devices/virtual/misc/vmbus!hv_kvp.,07b8c44b,Found device <*>,['/sys/devices/virtual/misc/vmbus!hv_kvp.']
418,Mar,14,11:37:55,UbuntuApp,kernel,[    0.329573] pcpu-alloc: [0] 112 113 114 115 116 117 118 119,30022ec8,[ <*>.<*>] pcpu-alloc: [<*>] <*> <*> <*> <*> <*> <*> <*> <*>,"['0.329573', '0', '112', '113', '114', '115 116 117 118 119']"
419,Mar,14,11:37:55,UbuntuApp,kernel,[    0.329575] pcpu-alloc: [0] 120 121 122 123 124 125 126 127,30022ec8,[ <*>.<*>] pcpu-alloc: [<*>] <*> <*> <*> <*> <*> <*> <*> <*>,"['0.329575', '0', '120', '121', '122', '123 124 125 126 127']"
420,Mar,14,11:37:55,UbuntuApp,kernel,[    0.329601] Hyper-V: PV spinlocks enabled,8f72dbf6,[ <*>.<*>] <*> <*> <*> enabled,"['0.329601', 'Hyper-V:', 'PV spinlocks']"
421,Mar,14,11:37:55,UbuntuApp,kernel,"[    0.331647] PV qspinlock hash table entries: 512 (order: 1, 8192 bytes)",e2564448,"[ <*>.<*>] <*> <*> hash table entries: <*> <*> <*>, <*> bytes)","['0.331647', 'PV qspinlock', '512', '(order: 1', '8192']"
422,Mar,14,11:37:55,UbuntuApp,kernel,"[    0.335394] Built 1 zonelists, mobility grouping on.  Total pages: 2064249",6111a56b,"[ <*>.<*>] Built <*> zonelists, mobility grouping on. Total pages: <*>","['0.335394', '1', '2064249']"
423,Mar,14,11:37:55,UbuntuApp,systemd[1],Started Hyper-V KVP Protocol Daemon.,af718609,Started Hyper-V <*> Protocol Daemon.,['KVP']
424,Mar,14,11:37:55,UbuntuApp,kernel,[    0.339118] Policy zone: Normal,fea59dea,[ <*>.<*>] Policy zone: Normal,['0.339118']
425,Mar,14,11:37:55,UbuntuApp,kernel,[    0.341345] Kernel command line: BOOT_IMAGE=/boot/vmlinuz-5.0.0-1032-azure root=UUID=5604f71e-1e5f-443c-a99e-b82bb5c201df ro console=tty1 console=ttyS0 earlyprintk=ttyS0 rootdelay=300,96f4d3c0,[ <*>.<*>] Kernel command line: BOOT_IMAGE=/boot/vmlinuz-<*>.<*>.<*>-<*>-azure root=UUID=5604f71e-1e5f-443c-a99e-b82bb5c201df ro console=tty1 console=ttyS0 earlyprintk=ttyS0 rootdelay=<*>,"['0.341345', '5', '0.0-1032', '300']"
426,Mar,14,11:37:55,UbuntuApp,kernel,[    0.350624] printk: log_buf_len individual max cpu contribution: 4096 bytes,4bf266f9,[ <*>.<*>] printk: log_buf_len individual max cpu contribution: <*> bytes,"['0.350624', '4096']"
427,Mar,14,11:37:55,UbuntuApp,kernel,[    0.354296] printk: log_buf_len total cpu_extra contributions: 520192 bytes,eb09db24,[ <*>.<*>] printk: log_buf_len total cpu_extra contributions: <*> bytes,"['0.354296', '520192']"
428,Mar,14,11:37:55,UbuntuApp,systemd[1],Listening on Load/Save RF Kill Switch Status /dev/rfkill Watch.,5ca53dd5,Listening on Load/Save RF Kill Switch Status /dev/rfkill Watch.,[]
429,Mar,14,11:37:55,UbuntuApp,kernel,[    0.358693] printk: log_buf_len min size: 262144 bytes,87a236f5,[ <*>.<*>] printk: log_buf_len min size: <*> bytes,"['0.358693', '262144']"
430,Mar,14,11:37:55,UbuntuApp,kernel,[    0.361912] printk: log_buf_len: 1048576 bytes,ae7520bd,[ <*>.<*>] printk: <*> <*> <*>,"['0.361912', 'log_buf_len:', '1048576 bytes']"
431,Mar,14,11:37:55,UbuntuApp,kernel,[    0.365161] printk: early log buf free: 251912(96%),3836433f,[ <*>.<*>] printk: early log buf free: <*>(<*>%),"['0.365161', '251912(96']"
432,Mar,14,11:37:55,UbuntuApp,kernel,[    0.382947] Calgary: detecting Calgary via BIOS EBDA area,0ab61629,[ <*>.<*>] Calgary: detecting Calgary via BIOS EBDA area,['0.382947']
433,Mar,14,11:37:55,UbuntuApp,systemd[1],"Mounted Mount unit for core18, revision 1668.",06fa2137,Mounted Mount unit for <*> revision <*>.,"['core18,', '1668']"
434,Mar,14,11:37:55,UbuntuApp,kernel,[    0.382949] Calgary: Unable to locate Rio Grande table in EBDA - bailing!,610ef30a,[ <*>.<*>] Calgary: Unable to locate Rio Grande table in EBDA - bailing!,['0.382949']
435,Mar,14,11:37:55,UbuntuApp,kernel,"[    0.407905] Memory: 8114236K/8388152K available (12292K kernel code, 2233K rwdata, 3944K rodata, 2360K init, 5524K bss, 273916K reserved, 0K cma-reserved)",ee5e35c9,"[ <*>.<*>] Memory: 8114236K/8388152K available (12292K kernel code, 2233K rwdata, 3944K rodata, 2360K init, 5524K bss, 273916K reserved, 0K cma-reserved)",['0.407905']
436,Mar,14,11:37:55,UbuntuApp,kernel,"[    0.417629] SLUB: HWalign=64, Order=0-3, MinObjects=0, CPUs=128, Nodes=1",0650e733,"[ <*>.<*>] SLUB: HWalign=<*>, Order=<*>-<*>, MinObjects=<*>, CPUs=<*>, Nodes=<*>","['0.417629', '64', '0-3', '0', '128', '1']"
437,Mar,14,11:37:55,UbuntuApp,kernel,[    0.422094] Kernel/User page tables isolation: enabled,1c356206,[ <*>.<*>] Kernel/User page tables isolation: enabled,['0.422094']
438,Mar,14,11:37:55,UbuntuApp,systemd[1],"Mounted Mount unit for cmake, revision 283.",06fa2137,Mounted Mount unit for <*> revision <*>.,"['cmake,', '283']"
439,Mar,14,11:37:55,UbuntuApp,kernel,[    0.424883] ftrace: allocating 38709 entries in 152 pages,bff63748,[ <*>.<*>] ftrace: allocating <*> entries in <*> pages,"['0.424883', '38709', '152']"
440,Mar,14,11:37:55,UbuntuApp,kernel,[    0.445067] rcu: Hierarchical RCU implementation.,a4a8ef32,[ <*>.<*>] rcu: Hierarchical <*> implementation.,"['0.445067', 'RCU']"
441,Mar,14,11:37:55,UbuntuApp,kernel,[    0.447948] rcu: 	RCU restricting CPUs from NR_CPUS=8192 to nr_cpu_ids=128.,b21b8830,[ <*>.<*>] rcu: RCU restricting CPUs from NR_CPUS=<*> to nr_cpu_ids=<*>.,"['0.447948', '8192', '128']"
442,Mar,14,11:37:55,UbuntuApp,kernel,[    0.452646] 	Tasks RCU enabled.,0b9385e9,[ <*>.<*>] Tasks RCU enabled.,['0.452646']
443,Mar,14,11:37:55,UbuntuApp,kernel,[    0.454448] rcu: RCU calculated value of scheduler-enlistment delay is 25 jiffies.,47b028da,[ <*>.<*>] rcu: RCU calculated value of scheduler-enlistment delay is <*> jiffies.,"['0.454448', '25']"
444,Mar,14,11:37:55,UbuntuApp,kernel,"[    0.458394] rcu: Adjusting geometry for rcu_fanout_leaf=16, nr_cpu_ids=128",b2110681,"[ <*>.<*>] rcu: Adjusting geometry for rcu_fanout_leaf=<*>, nr_cpu_ids=<*>","['0.458394', '16', '128']"
445,Mar,14,11:37:55,UbuntuApp,kernel,"[    0.466335] NR_IRQS: 524544, nr_irqs: 1448, preallocated irqs: 16",448ffa05,"[ <*>.<*>] NR_IRQS: <*>, nr_irqs: <*>, preallocated irqs: <*>","['0.466335', '524544', '1448', '16']"
446,Mar,14,11:37:55,UbuntuApp,kernel,[    0.475536] Console: colour VGA+ 80x25,ba5a5b44,[ <*>.<*>] Console: colour VGA+ 80x<*>,"['0.475536', '25']"
447,Mar,14,11:37:55,UbuntuApp,systemd[1],"Mounted Mount unit for snapd, revision 6434.",06fa2137,Mounted Mount unit for <*> revision <*>.,"['snapd,', '6434']"
448,Mar,14,11:37:55,UbuntuApp,kernel,[    0.957530] printk: console [tty1] enabled,8f72dbf6,[ <*>.<*>] <*> <*> <*> enabled,"['0.957530', 'printk:', 'console [tty1]']"
449,Mar,14,11:37:55,UbuntuApp,kernel,[    0.960571] printk: console [ttyS0] enabled,8f72dbf6,[ <*>.<*>] <*> <*> <*> enabled,"['0.960571', 'printk:', 'console [ttyS0]']"
450,Mar,14,11:37:55,UbuntuApp,kernel,[    0.966126] printk: bootconsole [earlyser0] disabled,ae7520bd,[ <*>.<*>] printk: <*> <*> <*>,"['0.966126', 'bootconsole', '[earlyser0] disabled']"
451,Mar,14,11:37:55,UbuntuApp,kernel,[    0.972919] ACPI: Core revision 20181213,384a7d61,[ <*>.<*>] ACPI: <*> <*> <*>,"['0.972919', 'Core', 'revision 20181213']"
452,Mar,14,11:37:55,UbuntuApp,kernel,[    0.976183] APIC: Switch to symmetric I/O mode setup,78932e3c,[ <*>.<*>] APIC: Switch to symmetric I/O mode setup,['0.976183']
453,Mar,14,11:37:55,UbuntuApp,KVP,KVP starting; pid is:612,5c47e00b,KVP starting; pid is:<*>,['612']
454,Mar,14,11:37:55,UbuntuApp,kernel,[    0.980076] Switched APIC routing to physical flat.,e5c5d87b,[ <*>.<*>] Switched APIC routing to physical flat.,['0.980076']
455,Mar,14,11:37:55,UbuntuApp,kernel,[    0.984086] Hyper-V: Using IPI hypercalls,cc148139,[ <*>.<*>] Hyper-V: Using IPI hypercalls,['0.984086']
456,Mar,14,11:37:55,UbuntuApp,kernel,[    0.986759] Hyper-V: Using enlightened APIC (xapic mode),ce2a1825,[ <*>.<*>] Hyper-V: Using enlightened APIC (xapic mode),['0.986759']
457,Mar,14,11:37:55,UbuntuApp,kernel,"[    0.986766] clocksource: hyperv_clocksource_tsc_page: mask: 0xffffffffffffffff max_cycles: 0x24e6a1710, max_idle_ns: 440795202120 ns",86aa80c1,[ <*>.<*>] clocksource: <*> mask: <*> max_cycles: <*> max_idle_ns: <*> ns,"['0.986766', 'hyperv_clocksource_tsc_page:', '0xffffffffffffffff', '0x24e6a1710,', '440795202120']"
458,Mar,14,11:37:55,UbuntuApp,kernel,"[    1.025770] Calibrating delay loop (skipped), value calculated using timer frequency.. 4589.36 BogoMIPS (lpj=9178736)",21d515eb,"[ <*>.<*>] Calibrating delay loop (skipped), value calculated using timer frequency.. <*>.<*> BogoMIPS (lpj=<*>)","['1.025770', '4589.36', '9178736']"
459,Mar,14,11:37:55,UbuntuApp,KVP,KVP LIC Version: 3.1,ab48c2c2,KVP LIC Version: <*>.<*>,['3.1']
460,Mar,14,11:37:55,UbuntuApp,kernel,[    1.029757] pid_max: default: 131072 minimum: 1024,f518058d,[ <*>.<*>] pid_max: default: <*> minimum: <*>,"['1.029757', '131072', '1024']"
461,Mar,14,11:37:55,UbuntuApp,kernel,[    1.029757] LSM: Security Framework initializing,4a44d82f,[ <*>.<*>] LSM: Security Framework initializing,['1.029757']
462,Mar,14,11:37:55,UbuntuApp,kernel,[    1.029757] Yama: becoming mindful.,2824e23c,[ <*>.<*>] Yama: becoming mindful.,['1.029757']
463,Mar,14,11:37:55,UbuntuApp,kernel,[    1.029757] AppArmor: AppArmor initialized,39dbb8e6,[ <*>.<*>] <*> <*> initialized,"['1.029757', 'AppArmor: AppArmor']"
464,Mar,14,11:37:55,UbuntuApp,kernel,"[    1.029757] Dentry cache hash table entries: 1048576 (order: 11, 8388608 bytes)",e2564448,"[ <*>.<*>] <*> <*> hash table entries: <*> <*> <*>, <*> bytes)","['1.029757', 'Dentry cache', '1048576', '(order: 11', '8388608']"
465,Mar,14,11:37:55,UbuntuApp,systemd[1],Found device Virtual_Disk Temporary_Storage.,aba829c1,Found device Virtual_Disk <*>,['Temporary_Storage.']
466,Mar,14,11:37:55,UbuntuApp,kernel,"[    1.029757] Inode-cache hash table entries: 524288 (order: 10, 4194304 bytes)",6a78c96c,"[ <*>.<*>] <*> hash table entries: <*> (order: <*>, <*> bytes)","['1.029757', 'Inode-cache', '524288', '10', '4194304']"
467,Mar,14,11:37:55,UbuntuApp,kernel,"[    1.029757] Mount-cache hash table entries: 16384 (order: 5, 131072 bytes)",6a78c96c,"[ <*>.<*>] <*> hash table entries: <*> (order: <*>, <*> bytes)","['1.029757', 'Mount-cache', '16384', '5', '131072']"
468,Mar,14,11:37:55,UbuntuApp,kernel,"[    1.029757] Mountpoint-cache hash table entries: 16384 (order: 5, 131072 bytes)",6a78c96c,"[ <*>.<*>] <*> hash table entries: <*> (order: <*>, <*> bytes)","['1.029757', 'Mountpoint-cache', '16384', '5', '131072']"
469,Mar,14,11:37:55,UbuntuApp,kernel,"[    1.029757] Last level iTLB entries: 4KB 64, 2MB 8, 4MB 8",fd5fafaf,"[ <*>.<*>] Last level iTLB entries: 4KB <*>, 2MB <*>, 4MB <*>","['1.029757', '64', '8', '8']"
470,Mar,14,11:37:55,UbuntuApp,kernel,"[    1.029757] Last level dTLB entries: 4KB 64, 2MB 0, 4MB 0, 1GB 4",7e4285f0,"[ <*>.<*>] Last level dTLB entries: 4KB <*>, 2MB <*>, 4MB <*>, 1GB <*>","['1.029757', '64', '0', '0', '4']"
471,Mar,14,11:37:55,UbuntuApp,systemd[1],Found device Virtual_Disk UEFI.,aba829c1,Found device Virtual_Disk <*>,['UEFI.']
472,Mar,14,11:37:55,UbuntuApp,kernel,[    1.029757] Spectre V1 : Mitigation: usercopy/swapgs barriers and __user pointer sanitization,0a5fefa9,[ <*>.<*>] Spectre V1 : Mitigation: usercopy/swapgs barriers and __user pointer sanitization,['1.029757']
473,Mar,14,11:37:55,UbuntuApp,kernel,[    1.029757] Spectre V2 : Mitigation: Full generic retpoline,2b81bf58,[ <*>.<*>] Spectre V2 : Mitigation: Full generic retpoline,['1.029757']
474,Mar,14,11:37:55,UbuntuApp,kernel,[    1.029757] Spectre V2 : Spectre v2 / SpectreRSB mitigation: Filling RSB on context switch,0b47a21f,[ <*>.<*>] Spectre V2 : Spectre v2 / SpectreRSB mitigation: Filling RSB on context switch,['1.029757']
475,Mar,14,11:37:55,UbuntuApp,kernel,[    1.029757] Speculative Store Bypass: Vulnerable,e996fac8,[ <*>.<*>] Speculative Store Bypass: Vulnerable,['1.029757']
476,Mar,14,11:37:55,UbuntuApp,kernel,"[    1.029757] TAA: Vulnerable: Clear CPU buffers attempted, no microcode",3233ab26,"[ <*>.<*>] <*> Vulnerable: Clear CPU buffers attempted, no microcode","['1.029757', 'TAA:']"
477,Mar,14,11:37:55,UbuntuApp,kernel,"[    1.029757] MDS: Vulnerable: Clear CPU buffers attempted, no microcode",3233ab26,"[ <*>.<*>] <*> Vulnerable: Clear CPU buffers attempted, no microcode","['1.029757', 'MDS:']"
478,Mar,14,11:37:55,UbuntuApp,kernel,[    1.029757] Freeing SMP alternatives memory: 36K,b69059a5,[ <*>.<*>] Freeing <*> <*> memory: <*>,"['1.029757', 'SMP alternatives', '36K']"
479,Mar,14,11:37:55,UbuntuApp,systemd[1],Mounting /boot/efi...,4b01651f,Mounting /boot/efi...,[]
480,Mar,14,11:37:55,UbuntuApp,kernel,"[    1.029757] smpboot: CPU0: Intel(R) Xeon(R) CPU E5-2673 v4 @ 2.30GHz (family: 0x6, model: 0x4f, stepping: 0x1)",34ff5c1b,"[ <*>.<*>] smpboot: CPU0: Intel(R) Xeon(R) CPU E5-<*> v4 @ <*>.30GHz (family: 0x6, model: 0x4f, stepping: 0x1)","['1.029757', '2673', '2']"
481,Mar,14,11:37:55,UbuntuApp,kernel,"[    1.029972] Performance Events: unsupported p6 CPU model 79 no PMU driver, software events only.",af43d4d4,"[ <*>.<*>] Performance Events: unsupported p6 CPU model <*> no PMU driver, software events only.","['1.029972', '79']"
482,Mar,14,11:37:55,UbuntuApp,kernel,[    1.033810] rcu: Hierarchical SRCU implementation.,a4a8ef32,[ <*>.<*>] rcu: Hierarchical <*> implementation.,"['1.033810', 'SRCU']"
483,Mar,14,11:37:55,UbuntuApp,systemd[1],Starting File System Check on /dev/disk/cloud/azure_resource-part1...,248bb0ec,Starting File System Check on /dev/disk/cloud/azure_resource-part1...,[]
484,Mar,14,11:37:55,UbuntuApp,kernel,[    1.038355] random: crng done (trusting CPU's manufacturer),dcaf4674,[ <*>.<*>] random: crng done (trusting CPU's manufacturer),['1.038355']
485,Mar,14,11:37:55,UbuntuApp,kernel,[    1.041803] NMI watchdog: Perf NMI watchdog permanently disabled,5fbc9904,[ <*>.<*>] NMI watchdog: Perf NMI watchdog permanently disabled,['1.041803']
486,Mar,14,11:37:55,UbuntuApp,kernel,[    1.047431] smp: Bringing up secondary CPUs ...,b2081125,[ <*>.<*>] smp: Bringing up secondary CPUs ...,['1.047431']
487,Mar,14,11:37:55,UbuntuApp,systemd-fsck[742],"fsck.ntfs doesn't exist, not checking file system on /dev/disk/cloud/azure_resource-part1.",3c336fae,"fsck.ntfs doesn't exist, not checking file system on /dev/disk/cloud/azure_resource-part1.",[]
488,Mar,14,11:37:55,UbuntuApp,kernel,[    1.049890] x86: Booting SMP configuration:,0a1ec610,[ <*>.<*>] x86: Booting SMP configuration:,['1.049890']
489,Mar,14,11:37:55,UbuntuApp,kernel,"[    1.053762] .... node  #0, CPUs:          #1",3388cb84,"[ <*>.<*>] .... node #<*>, CPUs: #<*>","['1.053762', '0', '1']"
490,Mar,14,11:37:55,UbuntuApp,kernel,"[    1.057778] MDS CPU bug present and SMT on, data leak possible. See https://www.kernel.org/doc/html/latest/admin-guide/hw-vuln/mds.html for more details.",2e12bf3b,"[ <*>.<*>] <*> CPU bug present and SMT on, data leak possible. See <*> for more details.","['1.057778', 'MDS', 'https://www.kernel.org/doc/html/latest/admin-guide/hw-vuln/mds.html']"
491,Mar,14,11:37:55,UbuntuApp,kernel,"[    1.061762] TAA CPU bug present and SMT on, data leak possible. See https://www.kernel.org/doc/html/latest/admin-guide/hw-vuln/tsx_async_abort.html for more details.",2e12bf3b,"[ <*>.<*>] <*> CPU bug present and SMT on, data leak possible. See <*> for more details.","['1.061762', 'TAA', 'https://www.kernel.org/doc/html/latest/admin-guide/hw-vuln/tsx_async_abort.html']"
492,Mar,14,11:37:55,UbuntuApp,kernel,"[    1.065762] smp: Brought up 1 node, 2 CPUs",84ff81ae,"[ <*>.<*>] smp: Brought up <*> node, <*> CPUs","['1.065762', '1', '2']"
493,Mar,14,11:37:55,UbuntuApp,kernel,[    1.069009] smpboot: Max logical packages: 64,bb2b44d1,[ <*>.<*>] smpboot: Max logical packages: <*>,"['1.069009', '64']"
494,Mar,14,11:37:55,UbuntuApp,systemd[1],Started File System Check on /dev/disk/cloud/azure_resource-part1.,d76bdcad,Started File System Check on /dev/disk/cloud/azure_resource-part1.,[]
495,Mar,14,11:37:55,UbuntuApp,kernel,[    1.069761] smpboot: Total of 2 processors activated (9178.73 BogoMIPS),674ff42a,[ <*>.<*>] smpboot: Total of <*> processors activated (<*>.<*> BogoMIPS),"['1.069761', '2', '9178.73']"
496,Mar,14,11:37:55,UbuntuApp,kernel,[    1.074616] devtmpfs: initialized,936b8562,[ <*>.<*>] <*> <*>,"['1.074616', 'devtmpfs: initialized']"
497,Mar,14,11:37:55,UbuntuApp,systemd[1],Mounted /boot/efi.,eb46e2d7,Mounted /boot/efi.,[]
498,Mar,14,11:37:55,UbuntuApp,kernel,[    1.074616] x86/mm: Memory block size: 128MB,515f329c,[ <*>.<*>] x86/mm: Memory block size: 128MB,['1.074616']
